ARM GAS  /tmp/ccJv9JVV.s 			page 1


   1              		.cpu cortex-m4
   2              		.eabi_attribute 27, 1
   3              		.eabi_attribute 28, 1
   4              		.eabi_attribute 20, 1
   5              		.eabi_attribute 21, 1
   6              		.eabi_attribute 23, 3
   7              		.eabi_attribute 24, 1
   8              		.eabi_attribute 25, 1
   9              		.eabi_attribute 26, 1
  10              		.eabi_attribute 30, 1
  11              		.eabi_attribute 34, 1
  12              		.eabi_attribute 18, 4
  13              		.file	"adc.c"
  14              		.text
  15              	.Ltext0:
  16              		.cfi_sections	.debug_frame
  17              		.section	.text.MX_ADC1_Init,"ax",%progbits
  18              		.align	1
  19              		.global	MX_ADC1_Init
  20              		.arch armv7e-m
  21              		.syntax unified
  22              		.thumb
  23              		.thumb_func
  24              		.fpu fpv4-sp-d16
  26              	MX_ADC1_Init:
  27              	.LFB235:
  28              		.file 1 "Core/Src/adc.c"
   1:Core/Src/adc.c **** /* USER CODE BEGIN Header */
   2:Core/Src/adc.c **** /**
   3:Core/Src/adc.c ****   ******************************************************************************
   4:Core/Src/adc.c ****   * @file    adc.c
   5:Core/Src/adc.c ****   * @brief   This file provides code for the configuration
   6:Core/Src/adc.c ****   *          of the ADC instances.
   7:Core/Src/adc.c ****   ******************************************************************************
   8:Core/Src/adc.c ****   * @attention
   9:Core/Src/adc.c ****   *
  10:Core/Src/adc.c ****   * Copyright (c) 2023 STMicroelectronics.
  11:Core/Src/adc.c ****   * All rights reserved.
  12:Core/Src/adc.c ****   *
  13:Core/Src/adc.c ****   * This software is licensed under terms that can be found in the LICENSE file
  14:Core/Src/adc.c ****   * in the root directory of this software component.
  15:Core/Src/adc.c ****   * If no LICENSE file comes with this software, it is provided AS-IS.
  16:Core/Src/adc.c ****   *
  17:Core/Src/adc.c ****   ******************************************************************************
  18:Core/Src/adc.c ****   */
  19:Core/Src/adc.c **** /* USER CODE END Header */
  20:Core/Src/adc.c **** /* Includes ------------------------------------------------------------------*/
  21:Core/Src/adc.c **** #include "adc.h"
  22:Core/Src/adc.c **** 
  23:Core/Src/adc.c **** /* USER CODE BEGIN 0 */
  24:Core/Src/adc.c **** 
  25:Core/Src/adc.c **** /* USER CODE END 0 */
  26:Core/Src/adc.c **** 
  27:Core/Src/adc.c **** ADC_HandleTypeDef hadc1;
  28:Core/Src/adc.c **** 
  29:Core/Src/adc.c **** /* ADC1 init function */
  30:Core/Src/adc.c **** void MX_ADC1_Init(void)
ARM GAS  /tmp/ccJv9JVV.s 			page 2


  31:Core/Src/adc.c **** {
  29              		.loc 1 31 1 view -0
  30              		.cfi_startproc
  31              		@ args = 0, pretend = 0, frame = 16
  32              		@ frame_needed = 0, uses_anonymous_args = 0
  33 0000 00B5     		push	{lr}
  34              	.LCFI0:
  35              		.cfi_def_cfa_offset 4
  36              		.cfi_offset 14, -4
  37 0002 85B0     		sub	sp, sp, #20
  38              	.LCFI1:
  39              		.cfi_def_cfa_offset 24
  32:Core/Src/adc.c **** 
  33:Core/Src/adc.c ****   /* USER CODE BEGIN ADC1_Init 0 */
  34:Core/Src/adc.c **** 
  35:Core/Src/adc.c ****   /* USER CODE END ADC1_Init 0 */
  36:Core/Src/adc.c **** 
  37:Core/Src/adc.c ****   ADC_ChannelConfTypeDef sConfig = {0};
  40              		.loc 1 37 3 view .LVU1
  41              		.loc 1 37 26 is_stmt 0 view .LVU2
  42 0004 0023     		movs	r3, #0
  43 0006 0093     		str	r3, [sp]
  44 0008 0193     		str	r3, [sp, #4]
  45 000a 0293     		str	r3, [sp, #8]
  46 000c 0393     		str	r3, [sp, #12]
  38:Core/Src/adc.c **** 
  39:Core/Src/adc.c ****   /* USER CODE BEGIN ADC1_Init 1 */
  40:Core/Src/adc.c **** 
  41:Core/Src/adc.c ****   /* USER CODE END ADC1_Init 1 */
  42:Core/Src/adc.c **** 
  43:Core/Src/adc.c ****   /** Configure the global features of the ADC (Clock, Resolution, Data Alignment and number of con
  44:Core/Src/adc.c ****   */
  45:Core/Src/adc.c ****   hadc1.Instance = ADC1;
  47              		.loc 1 45 3 is_stmt 1 view .LVU3
  48              		.loc 1 45 18 is_stmt 0 view .LVU4
  49 000e 1448     		ldr	r0, .L7
  50 0010 144A     		ldr	r2, .L7+4
  51 0012 0260     		str	r2, [r0]
  46:Core/Src/adc.c ****   hadc1.Init.ClockPrescaler = ADC_CLOCK_SYNC_PCLK_DIV2;
  52              		.loc 1 46 3 is_stmt 1 view .LVU5
  53              		.loc 1 46 29 is_stmt 0 view .LVU6
  54 0014 4360     		str	r3, [r0, #4]
  47:Core/Src/adc.c ****   hadc1.Init.Resolution = ADC_RESOLUTION_12B;
  55              		.loc 1 47 3 is_stmt 1 view .LVU7
  56              		.loc 1 47 25 is_stmt 0 view .LVU8
  57 0016 8360     		str	r3, [r0, #8]
  48:Core/Src/adc.c ****   hadc1.Init.ScanConvMode = DISABLE;
  58              		.loc 1 48 3 is_stmt 1 view .LVU9
  59              		.loc 1 48 27 is_stmt 0 view .LVU10
  60 0018 0361     		str	r3, [r0, #16]
  49:Core/Src/adc.c ****   hadc1.Init.ContinuousConvMode = DISABLE;
  61              		.loc 1 49 3 is_stmt 1 view .LVU11
  62              		.loc 1 49 33 is_stmt 0 view .LVU12
  63 001a 0376     		strb	r3, [r0, #24]
  50:Core/Src/adc.c ****   hadc1.Init.DiscontinuousConvMode = DISABLE;
  64              		.loc 1 50 3 is_stmt 1 view .LVU13
  65              		.loc 1 50 36 is_stmt 0 view .LVU14
ARM GAS  /tmp/ccJv9JVV.s 			page 3


  66 001c 80F82030 		strb	r3, [r0, #32]
  51:Core/Src/adc.c ****   hadc1.Init.ExternalTrigConvEdge = ADC_EXTERNALTRIGCONVEDGE_NONE;
  67              		.loc 1 51 3 is_stmt 1 view .LVU15
  68              		.loc 1 51 35 is_stmt 0 view .LVU16
  69 0020 C362     		str	r3, [r0, #44]
  52:Core/Src/adc.c ****   hadc1.Init.ExternalTrigConv = ADC_SOFTWARE_START;
  70              		.loc 1 52 3 is_stmt 1 view .LVU17
  71              		.loc 1 52 31 is_stmt 0 view .LVU18
  72 0022 114A     		ldr	r2, .L7+8
  73 0024 8262     		str	r2, [r0, #40]
  53:Core/Src/adc.c ****   hadc1.Init.DataAlign = ADC_DATAALIGN_RIGHT;
  74              		.loc 1 53 3 is_stmt 1 view .LVU19
  75              		.loc 1 53 24 is_stmt 0 view .LVU20
  76 0026 C360     		str	r3, [r0, #12]
  54:Core/Src/adc.c ****   hadc1.Init.NbrOfConversion = 1;
  77              		.loc 1 54 3 is_stmt 1 view .LVU21
  78              		.loc 1 54 30 is_stmt 0 view .LVU22
  79 0028 0122     		movs	r2, #1
  80 002a C261     		str	r2, [r0, #28]
  55:Core/Src/adc.c ****   hadc1.Init.DMAContinuousRequests = DISABLE;
  81              		.loc 1 55 3 is_stmt 1 view .LVU23
  82              		.loc 1 55 36 is_stmt 0 view .LVU24
  83 002c 80F83030 		strb	r3, [r0, #48]
  56:Core/Src/adc.c ****   hadc1.Init.EOCSelection = ADC_EOC_SINGLE_CONV;
  84              		.loc 1 56 3 is_stmt 1 view .LVU25
  85              		.loc 1 56 27 is_stmt 0 view .LVU26
  86 0030 4261     		str	r2, [r0, #20]
  57:Core/Src/adc.c ****   if (HAL_ADC_Init(&hadc1) != HAL_OK)
  87              		.loc 1 57 3 is_stmt 1 view .LVU27
  88              		.loc 1 57 7 is_stmt 0 view .LVU28
  89 0032 FFF7FEFF 		bl	HAL_ADC_Init
  90              	.LVL0:
  91              		.loc 1 57 6 view .LVU29
  92 0036 60B9     		cbnz	r0, .L5
  93              	.L2:
  58:Core/Src/adc.c ****   {
  59:Core/Src/adc.c ****     Error_Handler();
  60:Core/Src/adc.c ****   }
  61:Core/Src/adc.c **** 
  62:Core/Src/adc.c ****   /** Configure for the selected ADC regular channel its corresponding rank in the sequencer and it
  63:Core/Src/adc.c ****   */
  64:Core/Src/adc.c ****   sConfig.Channel = ADC_CHANNEL_0;
  94              		.loc 1 64 3 is_stmt 1 view .LVU30
  95              		.loc 1 64 19 is_stmt 0 view .LVU31
  96 0038 0023     		movs	r3, #0
  97 003a 0093     		str	r3, [sp]
  65:Core/Src/adc.c ****   sConfig.Rank = 1;
  98              		.loc 1 65 3 is_stmt 1 view .LVU32
  99              		.loc 1 65 16 is_stmt 0 view .LVU33
 100 003c 0122     		movs	r2, #1
 101 003e 0192     		str	r2, [sp, #4]
  66:Core/Src/adc.c ****   sConfig.SamplingTime = ADC_SAMPLETIME_3CYCLES;
 102              		.loc 1 66 3 is_stmt 1 view .LVU34
 103              		.loc 1 66 24 is_stmt 0 view .LVU35
 104 0040 0293     		str	r3, [sp, #8]
  67:Core/Src/adc.c ****   if (HAL_ADC_ConfigChannel(&hadc1, &sConfig) != HAL_OK)
 105              		.loc 1 67 3 is_stmt 1 view .LVU36
ARM GAS  /tmp/ccJv9JVV.s 			page 4


 106              		.loc 1 67 7 is_stmt 0 view .LVU37
 107 0042 6946     		mov	r1, sp
 108 0044 0648     		ldr	r0, .L7
 109 0046 FFF7FEFF 		bl	HAL_ADC_ConfigChannel
 110              	.LVL1:
 111              		.loc 1 67 6 view .LVU38
 112 004a 28B9     		cbnz	r0, .L6
 113              	.L1:
  68:Core/Src/adc.c ****   {
  69:Core/Src/adc.c ****     Error_Handler();
  70:Core/Src/adc.c ****   }
  71:Core/Src/adc.c ****   /* USER CODE BEGIN ADC1_Init 2 */
  72:Core/Src/adc.c **** 
  73:Core/Src/adc.c ****   /* USER CODE END ADC1_Init 2 */
  74:Core/Src/adc.c **** 
  75:Core/Src/adc.c **** }
 114              		.loc 1 75 1 view .LVU39
 115 004c 05B0     		add	sp, sp, #20
 116              	.LCFI2:
 117              		.cfi_remember_state
 118              		.cfi_def_cfa_offset 4
 119              		@ sp needed
 120 004e 5DF804FB 		ldr	pc, [sp], #4
 121              	.L5:
 122              	.LCFI3:
 123              		.cfi_restore_state
  59:Core/Src/adc.c ****   }
 124              		.loc 1 59 5 is_stmt 1 view .LVU40
 125 0052 FFF7FEFF 		bl	Error_Handler
 126              	.LVL2:
 127 0056 EFE7     		b	.L2
 128              	.L6:
  69:Core/Src/adc.c ****   }
 129              		.loc 1 69 5 view .LVU41
 130 0058 FFF7FEFF 		bl	Error_Handler
 131              	.LVL3:
 132              		.loc 1 75 1 is_stmt 0 view .LVU42
 133 005c F6E7     		b	.L1
 134              	.L8:
 135 005e 00BF     		.align	2
 136              	.L7:
 137 0060 00000000 		.word	.LANCHOR0
 138 0064 00200140 		.word	1073815552
 139 0068 0100000F 		.word	251658241
 140              		.cfi_endproc
 141              	.LFE235:
 143              		.section	.text.HAL_ADC_MspInit,"ax",%progbits
 144              		.align	1
 145              		.global	HAL_ADC_MspInit
 146              		.syntax unified
 147              		.thumb
 148              		.thumb_func
 149              		.fpu fpv4-sp-d16
 151              	HAL_ADC_MspInit:
 152              	.LVL4:
 153              	.LFB236:
  76:Core/Src/adc.c **** 
ARM GAS  /tmp/ccJv9JVV.s 			page 5


  77:Core/Src/adc.c **** void HAL_ADC_MspInit(ADC_HandleTypeDef* adcHandle)
  78:Core/Src/adc.c **** {
 154              		.loc 1 78 1 is_stmt 1 view -0
 155              		.cfi_startproc
 156              		@ args = 0, pretend = 0, frame = 32
 157              		@ frame_needed = 0, uses_anonymous_args = 0
 158              		.loc 1 78 1 is_stmt 0 view .LVU44
 159 0000 00B5     		push	{lr}
 160              	.LCFI4:
 161              		.cfi_def_cfa_offset 4
 162              		.cfi_offset 14, -4
 163 0002 89B0     		sub	sp, sp, #36
 164              	.LCFI5:
 165              		.cfi_def_cfa_offset 40
  79:Core/Src/adc.c **** 
  80:Core/Src/adc.c ****   GPIO_InitTypeDef GPIO_InitStruct = {0};
 166              		.loc 1 80 3 is_stmt 1 view .LVU45
 167              		.loc 1 80 20 is_stmt 0 view .LVU46
 168 0004 0023     		movs	r3, #0
 169 0006 0393     		str	r3, [sp, #12]
 170 0008 0493     		str	r3, [sp, #16]
 171 000a 0593     		str	r3, [sp, #20]
 172 000c 0693     		str	r3, [sp, #24]
 173 000e 0793     		str	r3, [sp, #28]
  81:Core/Src/adc.c ****   if(adcHandle->Instance==ADC1)
 174              		.loc 1 81 3 is_stmt 1 view .LVU47
 175              		.loc 1 81 15 is_stmt 0 view .LVU48
 176 0010 0268     		ldr	r2, [r0]
 177              		.loc 1 81 5 view .LVU49
 178 0012 03F18043 		add	r3, r3, #1073741824
 179 0016 03F59033 		add	r3, r3, #73728
 180 001a 9A42     		cmp	r2, r3
 181 001c 02D0     		beq	.L12
 182              	.LVL5:
 183              	.L9:
  82:Core/Src/adc.c ****   {
  83:Core/Src/adc.c ****   /* USER CODE BEGIN ADC1_MspInit 0 */
  84:Core/Src/adc.c **** 
  85:Core/Src/adc.c ****   /* USER CODE END ADC1_MspInit 0 */
  86:Core/Src/adc.c ****     /* ADC1 clock enable */
  87:Core/Src/adc.c ****     __HAL_RCC_ADC1_CLK_ENABLE();
  88:Core/Src/adc.c **** 
  89:Core/Src/adc.c ****     __HAL_RCC_GPIOA_CLK_ENABLE();
  90:Core/Src/adc.c ****     /**ADC1 GPIO Configuration
  91:Core/Src/adc.c ****     PA0-WKUP     ------> ADC1_IN0
  92:Core/Src/adc.c ****     PA1     ------> ADC1_IN1
  93:Core/Src/adc.c ****     PA2     ------> ADC1_IN2
  94:Core/Src/adc.c ****     PA3     ------> ADC1_IN3
  95:Core/Src/adc.c ****     */
  96:Core/Src/adc.c ****     GPIO_InitStruct.Pin = GPIO_PIN_0|GPIO_PIN_1|GPIO_PIN_2|GPIO_PIN_3;
  97:Core/Src/adc.c ****     GPIO_InitStruct.Mode = GPIO_MODE_ANALOG;
  98:Core/Src/adc.c ****     GPIO_InitStruct.Pull = GPIO_NOPULL;
  99:Core/Src/adc.c ****     HAL_GPIO_Init(GPIOA, &GPIO_InitStruct);
 100:Core/Src/adc.c **** 
 101:Core/Src/adc.c ****   /* USER CODE BEGIN ADC1_MspInit 1 */
 102:Core/Src/adc.c **** 
 103:Core/Src/adc.c ****   /* USER CODE END ADC1_MspInit 1 */
ARM GAS  /tmp/ccJv9JVV.s 			page 6


 104:Core/Src/adc.c ****   }
 105:Core/Src/adc.c **** }
 184              		.loc 1 105 1 view .LVU50
 185 001e 09B0     		add	sp, sp, #36
 186              	.LCFI6:
 187              		.cfi_remember_state
 188              		.cfi_def_cfa_offset 4
 189              		@ sp needed
 190 0020 5DF804FB 		ldr	pc, [sp], #4
 191              	.LVL6:
 192              	.L12:
 193              	.LCFI7:
 194              		.cfi_restore_state
  87:Core/Src/adc.c **** 
 195              		.loc 1 87 5 is_stmt 1 view .LVU51
 196              	.LBB2:
  87:Core/Src/adc.c **** 
 197              		.loc 1 87 5 view .LVU52
 198 0024 0021     		movs	r1, #0
 199 0026 0191     		str	r1, [sp, #4]
  87:Core/Src/adc.c **** 
 200              		.loc 1 87 5 view .LVU53
 201 0028 03F58C33 		add	r3, r3, #71680
 202 002c 5A6C     		ldr	r2, [r3, #68]
 203 002e 42F48072 		orr	r2, r2, #256
 204 0032 5A64     		str	r2, [r3, #68]
  87:Core/Src/adc.c **** 
 205              		.loc 1 87 5 view .LVU54
 206 0034 5A6C     		ldr	r2, [r3, #68]
 207 0036 02F48072 		and	r2, r2, #256
 208 003a 0192     		str	r2, [sp, #4]
  87:Core/Src/adc.c **** 
 209              		.loc 1 87 5 view .LVU55
 210 003c 019A     		ldr	r2, [sp, #4]
 211              	.LBE2:
  87:Core/Src/adc.c **** 
 212              		.loc 1 87 5 view .LVU56
  89:Core/Src/adc.c ****     /**ADC1 GPIO Configuration
 213              		.loc 1 89 5 view .LVU57
 214              	.LBB3:
  89:Core/Src/adc.c ****     /**ADC1 GPIO Configuration
 215              		.loc 1 89 5 view .LVU58
 216 003e 0291     		str	r1, [sp, #8]
  89:Core/Src/adc.c ****     /**ADC1 GPIO Configuration
 217              		.loc 1 89 5 view .LVU59
 218 0040 1A6B     		ldr	r2, [r3, #48]
 219 0042 42F00102 		orr	r2, r2, #1
 220 0046 1A63     		str	r2, [r3, #48]
  89:Core/Src/adc.c ****     /**ADC1 GPIO Configuration
 221              		.loc 1 89 5 view .LVU60
 222 0048 1B6B     		ldr	r3, [r3, #48]
 223 004a 03F00103 		and	r3, r3, #1
 224 004e 0293     		str	r3, [sp, #8]
  89:Core/Src/adc.c ****     /**ADC1 GPIO Configuration
 225              		.loc 1 89 5 view .LVU61
 226 0050 029B     		ldr	r3, [sp, #8]
 227              	.LBE3:
ARM GAS  /tmp/ccJv9JVV.s 			page 7


  89:Core/Src/adc.c ****     /**ADC1 GPIO Configuration
 228              		.loc 1 89 5 view .LVU62
  96:Core/Src/adc.c ****     GPIO_InitStruct.Mode = GPIO_MODE_ANALOG;
 229              		.loc 1 96 5 view .LVU63
  96:Core/Src/adc.c ****     GPIO_InitStruct.Mode = GPIO_MODE_ANALOG;
 230              		.loc 1 96 25 is_stmt 0 view .LVU64
 231 0052 0F23     		movs	r3, #15
 232 0054 0393     		str	r3, [sp, #12]
  97:Core/Src/adc.c ****     GPIO_InitStruct.Pull = GPIO_NOPULL;
 233              		.loc 1 97 5 is_stmt 1 view .LVU65
  97:Core/Src/adc.c ****     GPIO_InitStruct.Pull = GPIO_NOPULL;
 234              		.loc 1 97 26 is_stmt 0 view .LVU66
 235 0056 0323     		movs	r3, #3
 236 0058 0493     		str	r3, [sp, #16]
  98:Core/Src/adc.c ****     HAL_GPIO_Init(GPIOA, &GPIO_InitStruct);
 237              		.loc 1 98 5 is_stmt 1 view .LVU67
  99:Core/Src/adc.c **** 
 238              		.loc 1 99 5 view .LVU68
 239 005a 03A9     		add	r1, sp, #12
 240 005c 0148     		ldr	r0, .L13
 241              	.LVL7:
  99:Core/Src/adc.c **** 
 242              		.loc 1 99 5 is_stmt 0 view .LVU69
 243 005e FFF7FEFF 		bl	HAL_GPIO_Init
 244              	.LVL8:
 245              		.loc 1 105 1 view .LVU70
 246 0062 DCE7     		b	.L9
 247              	.L14:
 248              		.align	2
 249              	.L13:
 250 0064 00000240 		.word	1073872896
 251              		.cfi_endproc
 252              	.LFE236:
 254              		.section	.text.HAL_ADC_MspDeInit,"ax",%progbits
 255              		.align	1
 256              		.global	HAL_ADC_MspDeInit
 257              		.syntax unified
 258              		.thumb
 259              		.thumb_func
 260              		.fpu fpv4-sp-d16
 262              	HAL_ADC_MspDeInit:
 263              	.LVL9:
 264              	.LFB237:
 106:Core/Src/adc.c **** 
 107:Core/Src/adc.c **** void HAL_ADC_MspDeInit(ADC_HandleTypeDef* adcHandle)
 108:Core/Src/adc.c **** {
 265              		.loc 1 108 1 is_stmt 1 view -0
 266              		.cfi_startproc
 267              		@ args = 0, pretend = 0, frame = 0
 268              		@ frame_needed = 0, uses_anonymous_args = 0
 269              		.loc 1 108 1 is_stmt 0 view .LVU72
 270 0000 08B5     		push	{r3, lr}
 271              	.LCFI8:
 272              		.cfi_def_cfa_offset 8
 273              		.cfi_offset 3, -8
 274              		.cfi_offset 14, -4
 109:Core/Src/adc.c **** 
ARM GAS  /tmp/ccJv9JVV.s 			page 8


 110:Core/Src/adc.c ****   if(adcHandle->Instance==ADC1)
 275              		.loc 1 110 3 is_stmt 1 view .LVU73
 276              		.loc 1 110 15 is_stmt 0 view .LVU74
 277 0002 0268     		ldr	r2, [r0]
 278              		.loc 1 110 5 view .LVU75
 279 0004 064B     		ldr	r3, .L19
 280 0006 9A42     		cmp	r2, r3
 281 0008 00D0     		beq	.L18
 282              	.LVL10:
 283              	.L15:
 111:Core/Src/adc.c ****   {
 112:Core/Src/adc.c ****   /* USER CODE BEGIN ADC1_MspDeInit 0 */
 113:Core/Src/adc.c **** 
 114:Core/Src/adc.c ****   /* USER CODE END ADC1_MspDeInit 0 */
 115:Core/Src/adc.c ****     /* Peripheral clock disable */
 116:Core/Src/adc.c ****     __HAL_RCC_ADC1_CLK_DISABLE();
 117:Core/Src/adc.c **** 
 118:Core/Src/adc.c ****     /**ADC1 GPIO Configuration
 119:Core/Src/adc.c ****     PA0-WKUP     ------> ADC1_IN0
 120:Core/Src/adc.c ****     PA1     ------> ADC1_IN1
 121:Core/Src/adc.c ****     PA2     ------> ADC1_IN2
 122:Core/Src/adc.c ****     PA3     ------> ADC1_IN3
 123:Core/Src/adc.c ****     */
 124:Core/Src/adc.c ****     HAL_GPIO_DeInit(GPIOA, GPIO_PIN_0|GPIO_PIN_1|GPIO_PIN_2|GPIO_PIN_3);
 125:Core/Src/adc.c **** 
 126:Core/Src/adc.c ****   /* USER CODE BEGIN ADC1_MspDeInit 1 */
 127:Core/Src/adc.c **** 
 128:Core/Src/adc.c ****   /* USER CODE END ADC1_MspDeInit 1 */
 129:Core/Src/adc.c ****   }
 130:Core/Src/adc.c **** }
 284              		.loc 1 130 1 view .LVU76
 285 000a 08BD     		pop	{r3, pc}
 286              	.LVL11:
 287              	.L18:
 116:Core/Src/adc.c **** 
 288              		.loc 1 116 5 is_stmt 1 view .LVU77
 289 000c 054A     		ldr	r2, .L19+4
 290 000e 536C     		ldr	r3, [r2, #68]
 291 0010 23F48073 		bic	r3, r3, #256
 292 0014 5364     		str	r3, [r2, #68]
 124:Core/Src/adc.c **** 
 293              		.loc 1 124 5 view .LVU78
 294 0016 0F21     		movs	r1, #15
 295 0018 0348     		ldr	r0, .L19+8
 296              	.LVL12:
 124:Core/Src/adc.c **** 
 297              		.loc 1 124 5 is_stmt 0 view .LVU79
 298 001a FFF7FEFF 		bl	HAL_GPIO_DeInit
 299              	.LVL13:
 300              		.loc 1 130 1 view .LVU80
 301 001e F4E7     		b	.L15
 302              	.L20:
 303              		.align	2
 304              	.L19:
 305 0020 00200140 		.word	1073815552
 306 0024 00380240 		.word	1073887232
 307 0028 00000240 		.word	1073872896
ARM GAS  /tmp/ccJv9JVV.s 			page 9


 308              		.cfi_endproc
 309              	.LFE237:
 311              		.global	hadc1
 312              		.section	.bss.hadc1,"aw",%nobits
 313              		.align	2
 314              		.set	.LANCHOR0,. + 0
 317              	hadc1:
 318 0000 00000000 		.space	72
 318      00000000 
 318      00000000 
 318      00000000 
 318      00000000 
 319              		.text
 320              	.Letext0:
 321              		.file 2 "/usr/lib/gcc/arm-none-eabi/10.3.1/include/stdint.h"
 322              		.file 3 "Drivers/CMSIS/Device/ST/STM32F4xx/Include/stm32f407xx.h"
 323              		.file 4 "Drivers/CMSIS/Device/ST/STM32F4xx/Include/stm32f4xx.h"
 324              		.file 5 "Drivers/STM32F4xx_HAL_Driver/Inc/stm32f4xx_hal_def.h"
 325              		.file 6 "Drivers/STM32F4xx_HAL_Driver/Inc/stm32f4xx_hal_gpio.h"
 326              		.file 7 "Drivers/STM32F4xx_HAL_Driver/Inc/stm32f4xx_hal_dma.h"
 327              		.file 8 "Drivers/STM32F4xx_HAL_Driver/Inc/stm32f4xx_hal_adc.h"
 328              		.file 9 "Core/Inc/main.h"
 329              		.file 10 "Core/Inc/adc.h"
ARM GAS  /tmp/ccJv9JVV.s 			page 10


DEFINED SYMBOLS
                            *ABS*:0000000000000000 adc.c
     /tmp/ccJv9JVV.s:18     .text.MX_ADC1_Init:0000000000000000 $t
     /tmp/ccJv9JVV.s:26     .text.MX_ADC1_Init:0000000000000000 MX_ADC1_Init
     /tmp/ccJv9JVV.s:137    .text.MX_ADC1_Init:0000000000000060 $d
     /tmp/ccJv9JVV.s:144    .text.HAL_ADC_MspInit:0000000000000000 $t
     /tmp/ccJv9JVV.s:151    .text.HAL_ADC_MspInit:0000000000000000 HAL_ADC_MspInit
     /tmp/ccJv9JVV.s:250    .text.HAL_ADC_MspInit:0000000000000064 $d
     /tmp/ccJv9JVV.s:255    .text.HAL_ADC_MspDeInit:0000000000000000 $t
     /tmp/ccJv9JVV.s:262    .text.HAL_ADC_MspDeInit:0000000000000000 HAL_ADC_MspDeInit
     /tmp/ccJv9JVV.s:305    .text.HAL_ADC_MspDeInit:0000000000000020 $d
     /tmp/ccJv9JVV.s:317    .bss.hadc1:0000000000000000 hadc1
     /tmp/ccJv9JVV.s:313    .bss.hadc1:0000000000000000 $d

UNDEFINED SYMBOLS
HAL_ADC_Init
HAL_ADC_ConfigChannel
Error_Handler
HAL_GPIO_Init
HAL_GPIO_DeInit
