ARM GAS  /tmp/ccQ1xM2o.s 			page 1


   1              		.cpu cortex-m4
   2              		.eabi_attribute 27, 1
   3              		.eabi_attribute 28, 1
   4              		.eabi_attribute 20, 1
   5              		.eabi_attribute 21, 1
   6              		.eabi_attribute 23, 3
   7              		.eabi_attribute 24, 1
   8              		.eabi_attribute 25, 1
   9              		.eabi_attribute 26, 1
  10              		.eabi_attribute 30, 1
  11              		.eabi_attribute 34, 1
  12              		.eabi_attribute 18, 4
  13              		.file	"can.c"
  14              		.text
  15              	.Ltext0:
  16              		.cfi_sections	.debug_frame
  17              		.section	.text.MX_CAN1_Init,"ax",%progbits
  18              		.align	1
  19              		.global	MX_CAN1_Init
  20              		.arch armv7e-m
  21              		.syntax unified
  22              		.thumb
  23              		.thumb_func
  24              		.fpu fpv4-sp-d16
  26              	MX_CAN1_Init:
  27              	.LFB235:
  28              		.file 1 "Core/Src/can.c"
   1:Core/Src/can.c **** /* USER CODE BEGIN Header */
   2:Core/Src/can.c **** /**
   3:Core/Src/can.c ****   ******************************************************************************
   4:Core/Src/can.c ****   * @file    can.c
   5:Core/Src/can.c ****   * @brief   This file provides code for the configuration
   6:Core/Src/can.c ****   *          of the CAN instances.
   7:Core/Src/can.c ****   ******************************************************************************
   8:Core/Src/can.c ****   * @attention
   9:Core/Src/can.c ****   *
  10:Core/Src/can.c ****   * Copyright (c) 2024 STMicroelectronics.
  11:Core/Src/can.c ****   * All rights reserved.
  12:Core/Src/can.c ****   *
  13:Core/Src/can.c ****   * This software is licensed under terms that can be found in the LICENSE file
  14:Core/Src/can.c ****   * in the root directory of this software component.
  15:Core/Src/can.c ****   * If no LICENSE file comes with this software, it is provided AS-IS.
  16:Core/Src/can.c ****   *
  17:Core/Src/can.c ****   ******************************************************************************
  18:Core/Src/can.c ****   */
  19:Core/Src/can.c **** /* USER CODE END Header */
  20:Core/Src/can.c **** /* Includes ------------------------------------------------------------------*/
  21:Core/Src/can.c **** #include "can.h"
  22:Core/Src/can.c **** 
  23:Core/Src/can.c **** /* USER CODE BEGIN 0 */
  24:Core/Src/can.c **** 
  25:Core/Src/can.c **** /* USER CODE END 0 */
  26:Core/Src/can.c **** 
  27:Core/Src/can.c **** CAN_HandleTypeDef hcan1;
  28:Core/Src/can.c **** 
  29:Core/Src/can.c **** /* CAN1 init function */
  30:Core/Src/can.c **** void MX_CAN1_Init(void)
ARM GAS  /tmp/ccQ1xM2o.s 			page 2


  31:Core/Src/can.c **** {
  29              		.loc 1 31 1 view -0
  30              		.cfi_startproc
  31              		@ args = 0, pretend = 0, frame = 0
  32              		@ frame_needed = 0, uses_anonymous_args = 0
  33 0000 08B5     		push	{r3, lr}
  34              	.LCFI0:
  35              		.cfi_def_cfa_offset 8
  36              		.cfi_offset 3, -8
  37              		.cfi_offset 14, -4
  32:Core/Src/can.c **** 
  33:Core/Src/can.c ****   /* USER CODE BEGIN CAN1_Init 0 */
  34:Core/Src/can.c **** 
  35:Core/Src/can.c ****   /* USER CODE END CAN1_Init 0 */
  36:Core/Src/can.c **** 
  37:Core/Src/can.c ****   /* USER CODE BEGIN CAN1_Init 1 */
  38:Core/Src/can.c **** 
  39:Core/Src/can.c ****   /* USER CODE END CAN1_Init 1 */
  40:Core/Src/can.c ****   hcan1.Instance = CAN1;
  38              		.loc 1 40 3 view .LVU1
  39              		.loc 1 40 18 is_stmt 0 view .LVU2
  40 0002 0B48     		ldr	r0, .L5
  41 0004 0B4B     		ldr	r3, .L5+4
  42 0006 0360     		str	r3, [r0]
  41:Core/Src/can.c ****   hcan1.Init.Prescaler = 16;
  43              		.loc 1 41 3 is_stmt 1 view .LVU3
  44              		.loc 1 41 24 is_stmt 0 view .LVU4
  45 0008 1023     		movs	r3, #16
  46 000a 4360     		str	r3, [r0, #4]
  42:Core/Src/can.c ****   hcan1.Init.Mode = CAN_MODE_NORMAL;
  47              		.loc 1 42 3 is_stmt 1 view .LVU5
  48              		.loc 1 42 19 is_stmt 0 view .LVU6
  49 000c 0023     		movs	r3, #0
  50 000e 8360     		str	r3, [r0, #8]
  43:Core/Src/can.c ****   hcan1.Init.SyncJumpWidth = CAN_SJW_1TQ;
  51              		.loc 1 43 3 is_stmt 1 view .LVU7
  52              		.loc 1 43 28 is_stmt 0 view .LVU8
  53 0010 C360     		str	r3, [r0, #12]
  44:Core/Src/can.c ****   hcan1.Init.TimeSeg1 = CAN_BS1_1TQ;
  54              		.loc 1 44 3 is_stmt 1 view .LVU9
  55              		.loc 1 44 23 is_stmt 0 view .LVU10
  56 0012 0361     		str	r3, [r0, #16]
  45:Core/Src/can.c ****   hcan1.Init.TimeSeg2 = CAN_BS2_1TQ;
  57              		.loc 1 45 3 is_stmt 1 view .LVU11
  58              		.loc 1 45 23 is_stmt 0 view .LVU12
  59 0014 4361     		str	r3, [r0, #20]
  46:Core/Src/can.c ****   hcan1.Init.TimeTriggeredMode = DISABLE;
  60              		.loc 1 46 3 is_stmt 1 view .LVU13
  61              		.loc 1 46 32 is_stmt 0 view .LVU14
  62 0016 0376     		strb	r3, [r0, #24]
  47:Core/Src/can.c ****   hcan1.Init.AutoBusOff = DISABLE;
  63              		.loc 1 47 3 is_stmt 1 view .LVU15
  64              		.loc 1 47 25 is_stmt 0 view .LVU16
  65 0018 4376     		strb	r3, [r0, #25]
  48:Core/Src/can.c ****   hcan1.Init.AutoWakeUp = DISABLE;
  66              		.loc 1 48 3 is_stmt 1 view .LVU17
  67              		.loc 1 48 25 is_stmt 0 view .LVU18
ARM GAS  /tmp/ccQ1xM2o.s 			page 3


  68 001a 8376     		strb	r3, [r0, #26]
  49:Core/Src/can.c ****   hcan1.Init.AutoRetransmission = DISABLE;
  69              		.loc 1 49 3 is_stmt 1 view .LVU19
  70              		.loc 1 49 33 is_stmt 0 view .LVU20
  71 001c C376     		strb	r3, [r0, #27]
  50:Core/Src/can.c ****   hcan1.Init.ReceiveFifoLocked = DISABLE;
  72              		.loc 1 50 3 is_stmt 1 view .LVU21
  73              		.loc 1 50 32 is_stmt 0 view .LVU22
  74 001e 0377     		strb	r3, [r0, #28]
  51:Core/Src/can.c ****   hcan1.Init.TransmitFifoPriority = DISABLE;
  75              		.loc 1 51 3 is_stmt 1 view .LVU23
  76              		.loc 1 51 35 is_stmt 0 view .LVU24
  77 0020 4377     		strb	r3, [r0, #29]
  52:Core/Src/can.c ****   if (HAL_CAN_Init(&hcan1) != HAL_OK)
  78              		.loc 1 52 3 is_stmt 1 view .LVU25
  79              		.loc 1 52 7 is_stmt 0 view .LVU26
  80 0022 FFF7FEFF 		bl	HAL_CAN_Init
  81              	.LVL0:
  82              		.loc 1 52 6 view .LVU27
  83 0026 00B9     		cbnz	r0, .L4
  84              	.L1:
  53:Core/Src/can.c ****   {
  54:Core/Src/can.c ****     Error_Handler();
  55:Core/Src/can.c ****   }
  56:Core/Src/can.c ****   /* USER CODE BEGIN CAN1_Init 2 */
  57:Core/Src/can.c **** 
  58:Core/Src/can.c ****   /* USER CODE END CAN1_Init 2 */
  59:Core/Src/can.c **** 
  60:Core/Src/can.c **** }
  85              		.loc 1 60 1 view .LVU28
  86 0028 08BD     		pop	{r3, pc}
  87              	.L4:
  54:Core/Src/can.c ****   }
  88              		.loc 1 54 5 is_stmt 1 view .LVU29
  89 002a FFF7FEFF 		bl	Error_Handler
  90              	.LVL1:
  91              		.loc 1 60 1 is_stmt 0 view .LVU30
  92 002e FBE7     		b	.L1
  93              	.L6:
  94              		.align	2
  95              	.L5:
  96 0030 00000000 		.word	.LANCHOR0
  97 0034 00640040 		.word	1073767424
  98              		.cfi_endproc
  99              	.LFE235:
 101              		.section	.text.HAL_CAN_MspInit,"ax",%progbits
 102              		.align	1
 103              		.global	HAL_CAN_MspInit
 104              		.syntax unified
 105              		.thumb
 106              		.thumb_func
 107              		.fpu fpv4-sp-d16
 109              	HAL_CAN_MspInit:
 110              	.LVL2:
 111              	.LFB236:
  61:Core/Src/can.c **** 
  62:Core/Src/can.c **** void HAL_CAN_MspInit(CAN_HandleTypeDef* canHandle)
ARM GAS  /tmp/ccQ1xM2o.s 			page 4


  63:Core/Src/can.c **** {
 112              		.loc 1 63 1 is_stmt 1 view -0
 113              		.cfi_startproc
 114              		@ args = 0, pretend = 0, frame = 32
 115              		@ frame_needed = 0, uses_anonymous_args = 0
 116              		.loc 1 63 1 is_stmt 0 view .LVU32
 117 0000 00B5     		push	{lr}
 118              	.LCFI1:
 119              		.cfi_def_cfa_offset 4
 120              		.cfi_offset 14, -4
 121 0002 89B0     		sub	sp, sp, #36
 122              	.LCFI2:
 123              		.cfi_def_cfa_offset 40
  64:Core/Src/can.c **** 
  65:Core/Src/can.c ****   GPIO_InitTypeDef GPIO_InitStruct = {0};
 124              		.loc 1 65 3 is_stmt 1 view .LVU33
 125              		.loc 1 65 20 is_stmt 0 view .LVU34
 126 0004 0023     		movs	r3, #0
 127 0006 0393     		str	r3, [sp, #12]
 128 0008 0493     		str	r3, [sp, #16]
 129 000a 0593     		str	r3, [sp, #20]
 130 000c 0693     		str	r3, [sp, #24]
 131 000e 0793     		str	r3, [sp, #28]
  66:Core/Src/can.c ****   if(canHandle->Instance==CAN1)
 132              		.loc 1 66 3 is_stmt 1 view .LVU35
 133              		.loc 1 66 15 is_stmt 0 view .LVU36
 134 0010 0268     		ldr	r2, [r0]
 135              		.loc 1 66 5 view .LVU37
 136 0012 154B     		ldr	r3, .L11
 137 0014 9A42     		cmp	r2, r3
 138 0016 02D0     		beq	.L10
 139              	.LVL3:
 140              	.L7:
  67:Core/Src/can.c ****   {
  68:Core/Src/can.c ****   /* USER CODE BEGIN CAN1_MspInit 0 */
  69:Core/Src/can.c **** 
  70:Core/Src/can.c ****   /* USER CODE END CAN1_MspInit 0 */
  71:Core/Src/can.c ****     /* CAN1 clock enable */
  72:Core/Src/can.c ****     __HAL_RCC_CAN1_CLK_ENABLE();
  73:Core/Src/can.c **** 
  74:Core/Src/can.c ****     __HAL_RCC_GPIOA_CLK_ENABLE();
  75:Core/Src/can.c ****     /**CAN1 GPIO Configuration
  76:Core/Src/can.c ****     PA11     ------> CAN1_RX
  77:Core/Src/can.c ****     PA12     ------> CAN1_TX
  78:Core/Src/can.c ****     */
  79:Core/Src/can.c ****     GPIO_InitStruct.Pin = GPIO_PIN_11|GPIO_PIN_12;
  80:Core/Src/can.c ****     GPIO_InitStruct.Mode = GPIO_MODE_AF_PP;
  81:Core/Src/can.c ****     GPIO_InitStruct.Pull = GPIO_NOPULL;
  82:Core/Src/can.c ****     GPIO_InitStruct.Speed = GPIO_SPEED_FREQ_VERY_HIGH;
  83:Core/Src/can.c ****     GPIO_InitStruct.Alternate = GPIO_AF9_CAN1;
  84:Core/Src/can.c ****     HAL_GPIO_Init(GPIOA, &GPIO_InitStruct);
  85:Core/Src/can.c **** 
  86:Core/Src/can.c ****   /* USER CODE BEGIN CAN1_MspInit 1 */
  87:Core/Src/can.c **** 
  88:Core/Src/can.c ****   /* USER CODE END CAN1_MspInit 1 */
  89:Core/Src/can.c ****   }
  90:Core/Src/can.c **** }
ARM GAS  /tmp/ccQ1xM2o.s 			page 5


 141              		.loc 1 90 1 view .LVU38
 142 0018 09B0     		add	sp, sp, #36
 143              	.LCFI3:
 144              		.cfi_remember_state
 145              		.cfi_def_cfa_offset 4
 146              		@ sp needed
 147 001a 5DF804FB 		ldr	pc, [sp], #4
 148              	.LVL4:
 149              	.L10:
 150              	.LCFI4:
 151              		.cfi_restore_state
  72:Core/Src/can.c **** 
 152              		.loc 1 72 5 is_stmt 1 view .LVU39
 153              	.LBB2:
  72:Core/Src/can.c **** 
 154              		.loc 1 72 5 view .LVU40
 155 001e 0021     		movs	r1, #0
 156 0020 0191     		str	r1, [sp, #4]
  72:Core/Src/can.c **** 
 157              		.loc 1 72 5 view .LVU41
 158 0022 03F5EA33 		add	r3, r3, #119808
 159 0026 1A6C     		ldr	r2, [r3, #64]
 160 0028 42F00072 		orr	r2, r2, #33554432
 161 002c 1A64     		str	r2, [r3, #64]
  72:Core/Src/can.c **** 
 162              		.loc 1 72 5 view .LVU42
 163 002e 1A6C     		ldr	r2, [r3, #64]
 164 0030 02F00072 		and	r2, r2, #33554432
 165 0034 0192     		str	r2, [sp, #4]
  72:Core/Src/can.c **** 
 166              		.loc 1 72 5 view .LVU43
 167 0036 019A     		ldr	r2, [sp, #4]
 168              	.LBE2:
  72:Core/Src/can.c **** 
 169              		.loc 1 72 5 view .LVU44
  74:Core/Src/can.c ****     /**CAN1 GPIO Configuration
 170              		.loc 1 74 5 view .LVU45
 171              	.LBB3:
  74:Core/Src/can.c ****     /**CAN1 GPIO Configuration
 172              		.loc 1 74 5 view .LVU46
 173 0038 0291     		str	r1, [sp, #8]
  74:Core/Src/can.c ****     /**CAN1 GPIO Configuration
 174              		.loc 1 74 5 view .LVU47
 175 003a 1A6B     		ldr	r2, [r3, #48]
 176 003c 42F00102 		orr	r2, r2, #1
 177 0040 1A63     		str	r2, [r3, #48]
  74:Core/Src/can.c ****     /**CAN1 GPIO Configuration
 178              		.loc 1 74 5 view .LVU48
 179 0042 1B6B     		ldr	r3, [r3, #48]
 180 0044 03F00103 		and	r3, r3, #1
 181 0048 0293     		str	r3, [sp, #8]
  74:Core/Src/can.c ****     /**CAN1 GPIO Configuration
 182              		.loc 1 74 5 view .LVU49
 183 004a 029B     		ldr	r3, [sp, #8]
 184              	.LBE3:
  74:Core/Src/can.c ****     /**CAN1 GPIO Configuration
 185              		.loc 1 74 5 view .LVU50
ARM GAS  /tmp/ccQ1xM2o.s 			page 6


  79:Core/Src/can.c ****     GPIO_InitStruct.Mode = GPIO_MODE_AF_PP;
 186              		.loc 1 79 5 view .LVU51
  79:Core/Src/can.c ****     GPIO_InitStruct.Mode = GPIO_MODE_AF_PP;
 187              		.loc 1 79 25 is_stmt 0 view .LVU52
 188 004c 4FF4C053 		mov	r3, #6144
 189 0050 0393     		str	r3, [sp, #12]
  80:Core/Src/can.c ****     GPIO_InitStruct.Pull = GPIO_NOPULL;
 190              		.loc 1 80 5 is_stmt 1 view .LVU53
  80:Core/Src/can.c ****     GPIO_InitStruct.Pull = GPIO_NOPULL;
 191              		.loc 1 80 26 is_stmt 0 view .LVU54
 192 0052 0223     		movs	r3, #2
 193 0054 0493     		str	r3, [sp, #16]
  81:Core/Src/can.c ****     GPIO_InitStruct.Speed = GPIO_SPEED_FREQ_VERY_HIGH;
 194              		.loc 1 81 5 is_stmt 1 view .LVU55
  82:Core/Src/can.c ****     GPIO_InitStruct.Alternate = GPIO_AF9_CAN1;
 195              		.loc 1 82 5 view .LVU56
  82:Core/Src/can.c ****     GPIO_InitStruct.Alternate = GPIO_AF9_CAN1;
 196              		.loc 1 82 27 is_stmt 0 view .LVU57
 197 0056 0323     		movs	r3, #3
 198 0058 0693     		str	r3, [sp, #24]
  83:Core/Src/can.c ****     HAL_GPIO_Init(GPIOA, &GPIO_InitStruct);
 199              		.loc 1 83 5 is_stmt 1 view .LVU58
  83:Core/Src/can.c ****     HAL_GPIO_Init(GPIOA, &GPIO_InitStruct);
 200              		.loc 1 83 31 is_stmt 0 view .LVU59
 201 005a 0923     		movs	r3, #9
 202 005c 0793     		str	r3, [sp, #28]
  84:Core/Src/can.c **** 
 203              		.loc 1 84 5 is_stmt 1 view .LVU60
 204 005e 03A9     		add	r1, sp, #12
 205 0060 0248     		ldr	r0, .L11+4
 206              	.LVL5:
  84:Core/Src/can.c **** 
 207              		.loc 1 84 5 is_stmt 0 view .LVU61
 208 0062 FFF7FEFF 		bl	HAL_GPIO_Init
 209              	.LVL6:
 210              		.loc 1 90 1 view .LVU62
 211 0066 D7E7     		b	.L7
 212              	.L12:
 213              		.align	2
 214              	.L11:
 215 0068 00640040 		.word	1073767424
 216 006c 00000240 		.word	1073872896
 217              		.cfi_endproc
 218              	.LFE236:
 220              		.section	.text.HAL_CAN_MspDeInit,"ax",%progbits
 221              		.align	1
 222              		.global	HAL_CAN_MspDeInit
 223              		.syntax unified
 224              		.thumb
 225              		.thumb_func
 226              		.fpu fpv4-sp-d16
 228              	HAL_CAN_MspDeInit:
 229              	.LVL7:
 230              	.LFB237:
  91:Core/Src/can.c **** 
  92:Core/Src/can.c **** void HAL_CAN_MspDeInit(CAN_HandleTypeDef* canHandle)
  93:Core/Src/can.c **** {
ARM GAS  /tmp/ccQ1xM2o.s 			page 7


 231              		.loc 1 93 1 is_stmt 1 view -0
 232              		.cfi_startproc
 233              		@ args = 0, pretend = 0, frame = 0
 234              		@ frame_needed = 0, uses_anonymous_args = 0
 235              		.loc 1 93 1 is_stmt 0 view .LVU64
 236 0000 08B5     		push	{r3, lr}
 237              	.LCFI5:
 238              		.cfi_def_cfa_offset 8
 239              		.cfi_offset 3, -8
 240              		.cfi_offset 14, -4
  94:Core/Src/can.c **** 
  95:Core/Src/can.c ****   if(canHandle->Instance==CAN1)
 241              		.loc 1 95 3 is_stmt 1 view .LVU65
 242              		.loc 1 95 15 is_stmt 0 view .LVU66
 243 0002 0268     		ldr	r2, [r0]
 244              		.loc 1 95 5 view .LVU67
 245 0004 074B     		ldr	r3, .L17
 246 0006 9A42     		cmp	r2, r3
 247 0008 00D0     		beq	.L16
 248              	.LVL8:
 249              	.L13:
  96:Core/Src/can.c ****   {
  97:Core/Src/can.c ****   /* USER CODE BEGIN CAN1_MspDeInit 0 */
  98:Core/Src/can.c **** 
  99:Core/Src/can.c ****   /* USER CODE END CAN1_MspDeInit 0 */
 100:Core/Src/can.c ****     /* Peripheral clock disable */
 101:Core/Src/can.c ****     __HAL_RCC_CAN1_CLK_DISABLE();
 102:Core/Src/can.c **** 
 103:Core/Src/can.c ****     /**CAN1 GPIO Configuration
 104:Core/Src/can.c ****     PA11     ------> CAN1_RX
 105:Core/Src/can.c ****     PA12     ------> CAN1_TX
 106:Core/Src/can.c ****     */
 107:Core/Src/can.c ****     HAL_GPIO_DeInit(GPIOA, GPIO_PIN_11|GPIO_PIN_12);
 108:Core/Src/can.c **** 
 109:Core/Src/can.c ****   /* USER CODE BEGIN CAN1_MspDeInit 1 */
 110:Core/Src/can.c **** 
 111:Core/Src/can.c ****   /* USER CODE END CAN1_MspDeInit 1 */
 112:Core/Src/can.c ****   }
 113:Core/Src/can.c **** }
 250              		.loc 1 113 1 view .LVU68
 251 000a 08BD     		pop	{r3, pc}
 252              	.LVL9:
 253              	.L16:
 101:Core/Src/can.c **** 
 254              		.loc 1 101 5 is_stmt 1 view .LVU69
 255 000c 064A     		ldr	r2, .L17+4
 256 000e 136C     		ldr	r3, [r2, #64]
 257 0010 23F00073 		bic	r3, r3, #33554432
 258 0014 1364     		str	r3, [r2, #64]
 107:Core/Src/can.c **** 
 259              		.loc 1 107 5 view .LVU70
 260 0016 4FF4C051 		mov	r1, #6144
 261 001a 0448     		ldr	r0, .L17+8
 262              	.LVL10:
 107:Core/Src/can.c **** 
 263              		.loc 1 107 5 is_stmt 0 view .LVU71
 264 001c FFF7FEFF 		bl	HAL_GPIO_DeInit
ARM GAS  /tmp/ccQ1xM2o.s 			page 8


 265              	.LVL11:
 266              		.loc 1 113 1 view .LVU72
 267 0020 F3E7     		b	.L13
 268              	.L18:
 269 0022 00BF     		.align	2
 270              	.L17:
 271 0024 00640040 		.word	1073767424
 272 0028 00380240 		.word	1073887232
 273 002c 00000240 		.word	1073872896
 274              		.cfi_endproc
 275              	.LFE237:
 277              		.global	hcan1
 278              		.section	.bss.hcan1,"aw",%nobits
 279              		.align	2
 280              		.set	.LANCHOR0,. + 0
 283              	hcan1:
 284 0000 00000000 		.space	40
 284      00000000 
 284      00000000 
 284      00000000 
 284      00000000 
 285              		.text
 286              	.Letext0:
 287              		.file 2 "/usr/lib/gcc/arm-none-eabi/10.3.1/include/stdint.h"
 288              		.file 3 "Drivers/CMSIS/Device/ST/STM32F4xx/Include/stm32f407xx.h"
 289              		.file 4 "Drivers/CMSIS/Device/ST/STM32F4xx/Include/stm32f4xx.h"
 290              		.file 5 "Drivers/STM32F4xx_HAL_Driver/Inc/stm32f4xx_hal_def.h"
 291              		.file 6 "Drivers/STM32F4xx_HAL_Driver/Inc/stm32f4xx_hal_gpio.h"
 292              		.file 7 "Drivers/STM32F4xx_HAL_Driver/Inc/stm32f4xx_hal_can.h"
 293              		.file 8 "Core/Inc/main.h"
 294              		.file 9 "Core/Inc/can.h"
ARM GAS  /tmp/ccQ1xM2o.s 			page 9


DEFINED SYMBOLS
                            *ABS*:0000000000000000 can.c
     /tmp/ccQ1xM2o.s:18     .text.MX_CAN1_Init:0000000000000000 $t
     /tmp/ccQ1xM2o.s:26     .text.MX_CAN1_Init:0000000000000000 MX_CAN1_Init
     /tmp/ccQ1xM2o.s:96     .text.MX_CAN1_Init:0000000000000030 $d
     /tmp/ccQ1xM2o.s:102    .text.HAL_CAN_MspInit:0000000000000000 $t
     /tmp/ccQ1xM2o.s:109    .text.HAL_CAN_MspInit:0000000000000000 HAL_CAN_MspInit
     /tmp/ccQ1xM2o.s:215    .text.HAL_CAN_MspInit:0000000000000068 $d
     /tmp/ccQ1xM2o.s:221    .text.HAL_CAN_MspDeInit:0000000000000000 $t
     /tmp/ccQ1xM2o.s:228    .text.HAL_CAN_MspDeInit:0000000000000000 HAL_CAN_MspDeInit
     /tmp/ccQ1xM2o.s:271    .text.HAL_CAN_MspDeInit:0000000000000024 $d
     /tmp/ccQ1xM2o.s:283    .bss.hcan1:0000000000000000 hcan1
     /tmp/ccQ1xM2o.s:279    .bss.hcan1:0000000000000000 $d

UNDEFINED SYMBOLS
HAL_CAN_Init
Error_Handler
HAL_GPIO_Init
HAL_GPIO_DeInit
