ARM GAS  /tmp/cc8tzrL7.s 			page 1


   1              		.cpu cortex-m4
   2              		.eabi_attribute 27, 1
   3              		.eabi_attribute 28, 1
   4              		.eabi_attribute 20, 1
   5              		.eabi_attribute 21, 1
   6              		.eabi_attribute 23, 3
   7              		.eabi_attribute 24, 1
   8              		.eabi_attribute 25, 1
   9              		.eabi_attribute 26, 1
  10              		.eabi_attribute 30, 1
  11              		.eabi_attribute 34, 1
  12              		.eabi_attribute 18, 4
  13              		.file	"dma_transport.c"
  14              		.text
  15              	.Ltext0:
  16              		.cfi_sections	.debug_frame
  17              		.section	.text.cubemx_transport_open,"ax",%progbits
  18              		.align	1
  19              		.global	cubemx_transport_open
  20              		.syntax unified
  21              		.thumb
  22              		.thumb_func
  23              		.fpu fpv4-sp-d16
  25              	cubemx_transport_open:
  26              	.LFB135:
  27              		.file 1 "micro_ros_stm32cubemx_utils/extra_sources/microros_transports/dma_transport.c"
   1:micro_ros_stm32cubemx_utils/extra_sources/microros_transports/dma_transport.c **** #include <uxr/client/transport.h>
   2:micro_ros_stm32cubemx_utils/extra_sources/microros_transports/dma_transport.c **** 
   3:micro_ros_stm32cubemx_utils/extra_sources/microros_transports/dma_transport.c **** #include <rmw_microxrcedds_c/config.h>
   4:micro_ros_stm32cubemx_utils/extra_sources/microros_transports/dma_transport.c **** 
   5:micro_ros_stm32cubemx_utils/extra_sources/microros_transports/dma_transport.c **** #include "main.h"
   6:micro_ros_stm32cubemx_utils/extra_sources/microros_transports/dma_transport.c **** #include "cmsis_os.h"
   7:micro_ros_stm32cubemx_utils/extra_sources/microros_transports/dma_transport.c **** 
   8:micro_ros_stm32cubemx_utils/extra_sources/microros_transports/dma_transport.c **** #include <unistd.h>
   9:micro_ros_stm32cubemx_utils/extra_sources/microros_transports/dma_transport.c **** #include <stdio.h>
  10:micro_ros_stm32cubemx_utils/extra_sources/microros_transports/dma_transport.c **** #include <string.h>
  11:micro_ros_stm32cubemx_utils/extra_sources/microros_transports/dma_transport.c **** #include <stdbool.h>
  12:micro_ros_stm32cubemx_utils/extra_sources/microros_transports/dma_transport.c **** 
  13:micro_ros_stm32cubemx_utils/extra_sources/microros_transports/dma_transport.c **** #ifdef RMW_UXRCE_TRANSPORT_CUSTOM
  14:micro_ros_stm32cubemx_utils/extra_sources/microros_transports/dma_transport.c **** 
  15:micro_ros_stm32cubemx_utils/extra_sources/microros_transports/dma_transport.c **** // --- micro-ROS Transports ---
  16:micro_ros_stm32cubemx_utils/extra_sources/microros_transports/dma_transport.c **** #define UART_DMA_BUFFER_SIZE 2048
  17:micro_ros_stm32cubemx_utils/extra_sources/microros_transports/dma_transport.c **** 
  18:micro_ros_stm32cubemx_utils/extra_sources/microros_transports/dma_transport.c **** static uint8_t dma_buffer[UART_DMA_BUFFER_SIZE];
  19:micro_ros_stm32cubemx_utils/extra_sources/microros_transports/dma_transport.c **** static size_t dma_head = 0, dma_tail = 0;
  20:micro_ros_stm32cubemx_utils/extra_sources/microros_transports/dma_transport.c **** 
  21:micro_ros_stm32cubemx_utils/extra_sources/microros_transports/dma_transport.c **** bool cubemx_transport_open(struct uxrCustomTransport * transport){
  28              		.loc 1 21 0
  29              		.cfi_startproc
  30              		@ args = 0, pretend = 0, frame = 0
  31              		@ frame_needed = 0, uses_anonymous_args = 0
  32              	.LVL0:
  33 0000 08B5     		push	{r3, lr}
  34              	.LCFI0:
  35              		.cfi_def_cfa_offset 8
  36              		.cfi_offset 3, -8
  37              		.cfi_offset 14, -4
ARM GAS  /tmp/cc8tzrL7.s 			page 2


  38              	.LVL1:
  22:micro_ros_stm32cubemx_utils/extra_sources/microros_transports/dma_transport.c ****     UART_HandleTypeDef * uart = (UART_HandleTypeDef*) transport->args;
  23:micro_ros_stm32cubemx_utils/extra_sources/microros_transports/dma_transport.c ****     HAL_UART_Receive_DMA(uart, dma_buffer, UART_DMA_BUFFER_SIZE);
  39              		.loc 1 23 0
  40 0002 4FF40062 		mov	r2, #2048
  41 0006 0349     		ldr	r1, .L3
  42 0008 D0F88C02 		ldr	r0, [r0, #652]
  43              	.LVL2:
  44 000c FFF7FEFF 		bl	HAL_UART_Receive_DMA
  45              	.LVL3:
  24:micro_ros_stm32cubemx_utils/extra_sources/microros_transports/dma_transport.c ****     return true;
  25:micro_ros_stm32cubemx_utils/extra_sources/microros_transports/dma_transport.c **** }
  46              		.loc 1 25 0
  47 0010 0120     		movs	r0, #1
  48 0012 08BD     		pop	{r3, pc}
  49              	.L4:
  50              		.align	2
  51              	.L3:
  52 0014 00000000 		.word	.LANCHOR0
  53              		.cfi_endproc
  54              	.LFE135:
  56              		.section	.text.cubemx_transport_close,"ax",%progbits
  57              		.align	1
  58              		.global	cubemx_transport_close
  59              		.syntax unified
  60              		.thumb
  61              		.thumb_func
  62              		.fpu fpv4-sp-d16
  64              	cubemx_transport_close:
  65              	.LFB136:
  26:micro_ros_stm32cubemx_utils/extra_sources/microros_transports/dma_transport.c **** 
  27:micro_ros_stm32cubemx_utils/extra_sources/microros_transports/dma_transport.c **** bool cubemx_transport_close(struct uxrCustomTransport * transport){
  66              		.loc 1 27 0
  67              		.cfi_startproc
  68              		@ args = 0, pretend = 0, frame = 0
  69              		@ frame_needed = 0, uses_anonymous_args = 0
  70              	.LVL4:
  71 0000 08B5     		push	{r3, lr}
  72              	.LCFI1:
  73              		.cfi_def_cfa_offset 8
  74              		.cfi_offset 3, -8
  75              		.cfi_offset 14, -4
  76              	.LVL5:
  28:micro_ros_stm32cubemx_utils/extra_sources/microros_transports/dma_transport.c ****     UART_HandleTypeDef * uart = (UART_HandleTypeDef*) transport->args;
  29:micro_ros_stm32cubemx_utils/extra_sources/microros_transports/dma_transport.c ****     HAL_UART_DMAStop(uart);
  77              		.loc 1 29 0
  78 0002 D0F88C02 		ldr	r0, [r0, #652]
  79              	.LVL6:
  80 0006 FFF7FEFF 		bl	HAL_UART_DMAStop
  81              	.LVL7:
  30:micro_ros_stm32cubemx_utils/extra_sources/microros_transports/dma_transport.c ****     return true;
  31:micro_ros_stm32cubemx_utils/extra_sources/microros_transports/dma_transport.c **** }
  82              		.loc 1 31 0
  83 000a 0120     		movs	r0, #1
  84 000c 08BD     		pop	{r3, pc}
  85              		.cfi_endproc
  86              	.LFE136:
ARM GAS  /tmp/cc8tzrL7.s 			page 3


  88              		.section	.text.cubemx_transport_write,"ax",%progbits
  89              		.align	1
  90              		.global	cubemx_transport_write
  91              		.syntax unified
  92              		.thumb
  93              		.thumb_func
  94              		.fpu fpv4-sp-d16
  96              	cubemx_transport_write:
  97              	.LFB137:
  32:micro_ros_stm32cubemx_utils/extra_sources/microros_transports/dma_transport.c **** 
  33:micro_ros_stm32cubemx_utils/extra_sources/microros_transports/dma_transport.c **** size_t cubemx_transport_write(struct uxrCustomTransport* transport, uint8_t * buf, size_t len, uint
  98              		.loc 1 33 0
  99              		.cfi_startproc
 100              		@ args = 0, pretend = 0, frame = 0
 101              		@ frame_needed = 0, uses_anonymous_args = 0
 102              	.LVL8:
 103 0000 70B5     		push	{r4, r5, r6, lr}
 104              	.LCFI2:
 105              		.cfi_def_cfa_offset 16
 106              		.cfi_offset 4, -16
 107              		.cfi_offset 5, -12
 108              		.cfi_offset 6, -8
 109              		.cfi_offset 14, -4
  34:micro_ros_stm32cubemx_utils/extra_sources/microros_transports/dma_transport.c ****     UART_HandleTypeDef * uart = (UART_HandleTypeDef*) transport->args;
 110              		.loc 1 34 0
 111 0002 D0F88C42 		ldr	r4, [r0, #652]
 112              	.LVL9:
  35:micro_ros_stm32cubemx_utils/extra_sources/microros_transports/dma_transport.c **** 
  36:micro_ros_stm32cubemx_utils/extra_sources/microros_transports/dma_transport.c ****     HAL_StatusTypeDef ret;
  37:micro_ros_stm32cubemx_utils/extra_sources/microros_transports/dma_transport.c ****     if (uart->gState == HAL_UART_STATE_READY){
 113              		.loc 1 37 0
 114 0006 94F83D30 		ldrb	r3, [r4, #61]	@ zero_extendqisi2
 115              	.LVL10:
 116 000a DBB2     		uxtb	r3, r3
 117 000c 202B     		cmp	r3, #32
 118 000e 01D0     		beq	.L15
  38:micro_ros_stm32cubemx_utils/extra_sources/microros_transports/dma_transport.c ****         ret = HAL_UART_Transmit_DMA(uart, buf, len);
  39:micro_ros_stm32cubemx_utils/extra_sources/microros_transports/dma_transport.c ****         while (ret == HAL_OK && uart->gState != HAL_UART_STATE_READY){
  40:micro_ros_stm32cubemx_utils/extra_sources/microros_transports/dma_transport.c ****             osDelay(1);
  41:micro_ros_stm32cubemx_utils/extra_sources/microros_transports/dma_transport.c ****         }
  42:micro_ros_stm32cubemx_utils/extra_sources/microros_transports/dma_transport.c **** 
  43:micro_ros_stm32cubemx_utils/extra_sources/microros_transports/dma_transport.c ****         return (ret == HAL_OK) ? len : 0;
  44:micro_ros_stm32cubemx_utils/extra_sources/microros_transports/dma_transport.c ****     }else{
  45:micro_ros_stm32cubemx_utils/extra_sources/microros_transports/dma_transport.c ****         return 0;
 119              		.loc 1 45 0
 120 0010 0020     		movs	r0, #0
 121              	.LVL11:
 122 0012 70BD     		pop	{r4, r5, r6, pc}
 123              	.LVL12:
 124              	.L15:
 125 0014 1546     		mov	r5, r2
  38:micro_ros_stm32cubemx_utils/extra_sources/microros_transports/dma_transport.c ****         ret = HAL_UART_Transmit_DMA(uart, buf, len);
 126              		.loc 1 38 0
 127 0016 92B2     		uxth	r2, r2
 128              	.LVL13:
 129 0018 2046     		mov	r0, r4
 130              	.LVL14:
ARM GAS  /tmp/cc8tzrL7.s 			page 4


 131 001a FFF7FEFF 		bl	HAL_UART_Transmit_DMA
 132              	.LVL15:
 133 001e 0646     		mov	r6, r0
 134              	.LVL16:
  39:micro_ros_stm32cubemx_utils/extra_sources/microros_transports/dma_transport.c ****             osDelay(1);
 135              		.loc 1 39 0
 136 0020 02E0     		b	.L9
 137              	.L11:
  40:micro_ros_stm32cubemx_utils/extra_sources/microros_transports/dma_transport.c ****         }
 138              		.loc 1 40 0
 139 0022 0120     		movs	r0, #1
 140 0024 FFF7FEFF 		bl	osDelay
 141              	.LVL17:
 142              	.L9:
  39:micro_ros_stm32cubemx_utils/extra_sources/microros_transports/dma_transport.c ****             osDelay(1);
 143              		.loc 1 39 0
 144 0028 26B9     		cbnz	r6, .L10
  39:micro_ros_stm32cubemx_utils/extra_sources/microros_transports/dma_transport.c ****             osDelay(1);
 145              		.loc 1 39 0 is_stmt 0 discriminator 1
 146 002a 94F83D30 		ldrb	r3, [r4, #61]	@ zero_extendqisi2
 147 002e DBB2     		uxtb	r3, r3
 148 0030 202B     		cmp	r3, #32
 149 0032 F6D1     		bne	.L11
 150              	.L10:
  43:micro_ros_stm32cubemx_utils/extra_sources/microros_transports/dma_transport.c ****     }else{
 151              		.loc 1 43 0 is_stmt 1
 152 0034 0EB1     		cbz	r6, .L16
 153 0036 0020     		movs	r0, #0
  46:micro_ros_stm32cubemx_utils/extra_sources/microros_transports/dma_transport.c ****     }
  47:micro_ros_stm32cubemx_utils/extra_sources/microros_transports/dma_transport.c **** }
 154              		.loc 1 47 0
 155 0038 70BD     		pop	{r4, r5, r6, pc}
 156              	.LVL18:
 157              	.L16:
  43:micro_ros_stm32cubemx_utils/extra_sources/microros_transports/dma_transport.c ****     }else{
 158              		.loc 1 43 0
 159 003a 2846     		mov	r0, r5
 160 003c 70BD     		pop	{r4, r5, r6, pc}
 161              		.cfi_endproc
 162              	.LFE137:
 164              		.section	.text.cubemx_transport_read,"ax",%progbits
 165              		.align	1
 166              		.global	cubemx_transport_read
 167              		.syntax unified
 168              		.thumb
 169              		.thumb_func
 170              		.fpu fpv4-sp-d16
 172              	cubemx_transport_read:
 173              	.LFB138:
  48:micro_ros_stm32cubemx_utils/extra_sources/microros_transports/dma_transport.c **** 
  49:micro_ros_stm32cubemx_utils/extra_sources/microros_transports/dma_transport.c **** size_t cubemx_transport_read(struct uxrCustomTransport* transport, uint8_t* buf, size_t len, int ti
 174              		.loc 1 49 0
 175              		.cfi_startproc
 176              		@ args = 4, pretend = 0, frame = 0
 177              		@ frame_needed = 0, uses_anonymous_args = 0
 178              	.LVL19:
 179 0000 2DE9F843 		push	{r3, r4, r5, r6, r7, r8, r9, lr}
ARM GAS  /tmp/cc8tzrL7.s 			page 5


 180              	.LCFI3:
 181              		.cfi_def_cfa_offset 32
 182              		.cfi_offset 3, -32
 183              		.cfi_offset 4, -28
 184              		.cfi_offset 5, -24
 185              		.cfi_offset 6, -20
 186              		.cfi_offset 7, -16
 187              		.cfi_offset 8, -12
 188              		.cfi_offset 9, -8
 189              		.cfi_offset 14, -4
 190 0004 0D46     		mov	r5, r1
 191 0006 1446     		mov	r4, r2
 192 0008 9846     		mov	r8, r3
  50:micro_ros_stm32cubemx_utils/extra_sources/microros_transports/dma_transport.c ****     UART_HandleTypeDef * uart = (UART_HandleTypeDef*) transport->args;
 193              		.loc 1 50 0
 194 000a D0F88C72 		ldr	r7, [r0, #652]
 195              	.LVL20:
  51:micro_ros_stm32cubemx_utils/extra_sources/microros_transports/dma_transport.c **** 
  52:micro_ros_stm32cubemx_utils/extra_sources/microros_transports/dma_transport.c ****     int ms_used = 0;
 196              		.loc 1 52 0
 197 000e 0026     		movs	r6, #0
 198              	.LVL21:
 199              	.L19:
 200              	.LBB6:
 201              	.LBB7:
 202              		.file 2 "Drivers/CMSIS/Include/cmsis_gcc.h"
   1:Drivers/CMSIS/Include/cmsis_gcc.h **** /**************************************************************************//**
   2:Drivers/CMSIS/Include/cmsis_gcc.h ****  * @file     cmsis_gcc.h
   3:Drivers/CMSIS/Include/cmsis_gcc.h ****  * @brief    CMSIS compiler GCC header file
   4:Drivers/CMSIS/Include/cmsis_gcc.h ****  * @version  V5.0.4
   5:Drivers/CMSIS/Include/cmsis_gcc.h ****  * @date     09. April 2018
   6:Drivers/CMSIS/Include/cmsis_gcc.h ****  ******************************************************************************/
   7:Drivers/CMSIS/Include/cmsis_gcc.h **** /*
   8:Drivers/CMSIS/Include/cmsis_gcc.h ****  * Copyright (c) 2009-2018 Arm Limited. All rights reserved.
   9:Drivers/CMSIS/Include/cmsis_gcc.h ****  *
  10:Drivers/CMSIS/Include/cmsis_gcc.h ****  * SPDX-License-Identifier: Apache-2.0
  11:Drivers/CMSIS/Include/cmsis_gcc.h ****  *
  12:Drivers/CMSIS/Include/cmsis_gcc.h ****  * Licensed under the Apache License, Version 2.0 (the License); you may
  13:Drivers/CMSIS/Include/cmsis_gcc.h ****  * not use this file except in compliance with the License.
  14:Drivers/CMSIS/Include/cmsis_gcc.h ****  * You may obtain a copy of the License at
  15:Drivers/CMSIS/Include/cmsis_gcc.h ****  *
  16:Drivers/CMSIS/Include/cmsis_gcc.h ****  * www.apache.org/licenses/LICENSE-2.0
  17:Drivers/CMSIS/Include/cmsis_gcc.h ****  *
  18:Drivers/CMSIS/Include/cmsis_gcc.h ****  * Unless required by applicable law or agreed to in writing, software
  19:Drivers/CMSIS/Include/cmsis_gcc.h ****  * distributed under the License is distributed on an AS IS BASIS, WITHOUT
  20:Drivers/CMSIS/Include/cmsis_gcc.h ****  * WARRANTIES OR CONDITIONS OF ANY KIND, either express or implied.
  21:Drivers/CMSIS/Include/cmsis_gcc.h ****  * See the License for the specific language governing permissions and
  22:Drivers/CMSIS/Include/cmsis_gcc.h ****  * limitations under the License.
  23:Drivers/CMSIS/Include/cmsis_gcc.h ****  */
  24:Drivers/CMSIS/Include/cmsis_gcc.h **** 
  25:Drivers/CMSIS/Include/cmsis_gcc.h **** #ifndef __CMSIS_GCC_H
  26:Drivers/CMSIS/Include/cmsis_gcc.h **** #define __CMSIS_GCC_H
  27:Drivers/CMSIS/Include/cmsis_gcc.h **** 
  28:Drivers/CMSIS/Include/cmsis_gcc.h **** /* ignore some GCC warnings */
  29:Drivers/CMSIS/Include/cmsis_gcc.h **** #pragma GCC diagnostic push
  30:Drivers/CMSIS/Include/cmsis_gcc.h **** #pragma GCC diagnostic ignored "-Wsign-conversion"
  31:Drivers/CMSIS/Include/cmsis_gcc.h **** #pragma GCC diagnostic ignored "-Wconversion"
ARM GAS  /tmp/cc8tzrL7.s 			page 6


  32:Drivers/CMSIS/Include/cmsis_gcc.h **** #pragma GCC diagnostic ignored "-Wunused-parameter"
  33:Drivers/CMSIS/Include/cmsis_gcc.h **** 
  34:Drivers/CMSIS/Include/cmsis_gcc.h **** /* Fallback for __has_builtin */
  35:Drivers/CMSIS/Include/cmsis_gcc.h **** #ifndef __has_builtin
  36:Drivers/CMSIS/Include/cmsis_gcc.h ****   #define __has_builtin(x) (0)
  37:Drivers/CMSIS/Include/cmsis_gcc.h **** #endif
  38:Drivers/CMSIS/Include/cmsis_gcc.h **** 
  39:Drivers/CMSIS/Include/cmsis_gcc.h **** /* CMSIS compiler specific defines */
  40:Drivers/CMSIS/Include/cmsis_gcc.h **** #ifndef   __ASM
  41:Drivers/CMSIS/Include/cmsis_gcc.h ****   #define __ASM                                  __asm
  42:Drivers/CMSIS/Include/cmsis_gcc.h **** #endif
  43:Drivers/CMSIS/Include/cmsis_gcc.h **** #ifndef   __INLINE
  44:Drivers/CMSIS/Include/cmsis_gcc.h ****   #define __INLINE                               inline
  45:Drivers/CMSIS/Include/cmsis_gcc.h **** #endif
  46:Drivers/CMSIS/Include/cmsis_gcc.h **** #ifndef   __STATIC_INLINE
  47:Drivers/CMSIS/Include/cmsis_gcc.h ****   #define __STATIC_INLINE                        static inline
  48:Drivers/CMSIS/Include/cmsis_gcc.h **** #endif
  49:Drivers/CMSIS/Include/cmsis_gcc.h **** #ifndef   __STATIC_FORCEINLINE                 
  50:Drivers/CMSIS/Include/cmsis_gcc.h ****   #define __STATIC_FORCEINLINE                   __attribute__((always_inline)) static inline
  51:Drivers/CMSIS/Include/cmsis_gcc.h **** #endif                                           
  52:Drivers/CMSIS/Include/cmsis_gcc.h **** #ifndef   __NO_RETURN
  53:Drivers/CMSIS/Include/cmsis_gcc.h ****   #define __NO_RETURN                            __attribute__((__noreturn__))
  54:Drivers/CMSIS/Include/cmsis_gcc.h **** #endif
  55:Drivers/CMSIS/Include/cmsis_gcc.h **** #ifndef   __USED
  56:Drivers/CMSIS/Include/cmsis_gcc.h ****   #define __USED                                 __attribute__((used))
  57:Drivers/CMSIS/Include/cmsis_gcc.h **** #endif
  58:Drivers/CMSIS/Include/cmsis_gcc.h **** #ifndef   __WEAK
  59:Drivers/CMSIS/Include/cmsis_gcc.h ****   #define __WEAK                                 __attribute__((weak))
  60:Drivers/CMSIS/Include/cmsis_gcc.h **** #endif
  61:Drivers/CMSIS/Include/cmsis_gcc.h **** #ifndef   __PACKED
  62:Drivers/CMSIS/Include/cmsis_gcc.h ****   #define __PACKED                               __attribute__((packed, aligned(1)))
  63:Drivers/CMSIS/Include/cmsis_gcc.h **** #endif
  64:Drivers/CMSIS/Include/cmsis_gcc.h **** #ifndef   __PACKED_STRUCT
  65:Drivers/CMSIS/Include/cmsis_gcc.h ****   #define __PACKED_STRUCT                        struct __attribute__((packed, aligned(1)))
  66:Drivers/CMSIS/Include/cmsis_gcc.h **** #endif
  67:Drivers/CMSIS/Include/cmsis_gcc.h **** #ifndef   __PACKED_UNION
  68:Drivers/CMSIS/Include/cmsis_gcc.h ****   #define __PACKED_UNION                         union __attribute__((packed, aligned(1)))
  69:Drivers/CMSIS/Include/cmsis_gcc.h **** #endif
  70:Drivers/CMSIS/Include/cmsis_gcc.h **** #ifndef   __UNALIGNED_UINT32        /* deprecated */
  71:Drivers/CMSIS/Include/cmsis_gcc.h ****   #pragma GCC diagnostic push
  72:Drivers/CMSIS/Include/cmsis_gcc.h ****   #pragma GCC diagnostic ignored "-Wpacked"
  73:Drivers/CMSIS/Include/cmsis_gcc.h ****   #pragma GCC diagnostic ignored "-Wattributes"
  74:Drivers/CMSIS/Include/cmsis_gcc.h ****   struct __attribute__((packed)) T_UINT32 { uint32_t v; };
  75:Drivers/CMSIS/Include/cmsis_gcc.h ****   #pragma GCC diagnostic pop
  76:Drivers/CMSIS/Include/cmsis_gcc.h ****   #define __UNALIGNED_UINT32(x)                  (((struct T_UINT32 *)(x))->v)
  77:Drivers/CMSIS/Include/cmsis_gcc.h **** #endif
  78:Drivers/CMSIS/Include/cmsis_gcc.h **** #ifndef   __UNALIGNED_UINT16_WRITE
  79:Drivers/CMSIS/Include/cmsis_gcc.h ****   #pragma GCC diagnostic push
  80:Drivers/CMSIS/Include/cmsis_gcc.h ****   #pragma GCC diagnostic ignored "-Wpacked"
  81:Drivers/CMSIS/Include/cmsis_gcc.h ****   #pragma GCC diagnostic ignored "-Wattributes"
  82:Drivers/CMSIS/Include/cmsis_gcc.h ****   __PACKED_STRUCT T_UINT16_WRITE { uint16_t v; };
  83:Drivers/CMSIS/Include/cmsis_gcc.h ****   #pragma GCC diagnostic pop
  84:Drivers/CMSIS/Include/cmsis_gcc.h ****   #define __UNALIGNED_UINT16_WRITE(addr, val)    (void)((((struct T_UINT16_WRITE *)(void *)(addr))-
  85:Drivers/CMSIS/Include/cmsis_gcc.h **** #endif
  86:Drivers/CMSIS/Include/cmsis_gcc.h **** #ifndef   __UNALIGNED_UINT16_READ
  87:Drivers/CMSIS/Include/cmsis_gcc.h ****   #pragma GCC diagnostic push
  88:Drivers/CMSIS/Include/cmsis_gcc.h ****   #pragma GCC diagnostic ignored "-Wpacked"
ARM GAS  /tmp/cc8tzrL7.s 			page 7


  89:Drivers/CMSIS/Include/cmsis_gcc.h ****   #pragma GCC diagnostic ignored "-Wattributes"
  90:Drivers/CMSIS/Include/cmsis_gcc.h ****   __PACKED_STRUCT T_UINT16_READ { uint16_t v; };
  91:Drivers/CMSIS/Include/cmsis_gcc.h ****   #pragma GCC diagnostic pop
  92:Drivers/CMSIS/Include/cmsis_gcc.h ****   #define __UNALIGNED_UINT16_READ(addr)          (((const struct T_UINT16_READ *)(const void *)(add
  93:Drivers/CMSIS/Include/cmsis_gcc.h **** #endif
  94:Drivers/CMSIS/Include/cmsis_gcc.h **** #ifndef   __UNALIGNED_UINT32_WRITE
  95:Drivers/CMSIS/Include/cmsis_gcc.h ****   #pragma GCC diagnostic push
  96:Drivers/CMSIS/Include/cmsis_gcc.h ****   #pragma GCC diagnostic ignored "-Wpacked"
  97:Drivers/CMSIS/Include/cmsis_gcc.h ****   #pragma GCC diagnostic ignored "-Wattributes"
  98:Drivers/CMSIS/Include/cmsis_gcc.h ****   __PACKED_STRUCT T_UINT32_WRITE { uint32_t v; };
  99:Drivers/CMSIS/Include/cmsis_gcc.h ****   #pragma GCC diagnostic pop
 100:Drivers/CMSIS/Include/cmsis_gcc.h ****   #define __UNALIGNED_UINT32_WRITE(addr, val)    (void)((((struct T_UINT32_WRITE *)(void *)(addr))-
 101:Drivers/CMSIS/Include/cmsis_gcc.h **** #endif
 102:Drivers/CMSIS/Include/cmsis_gcc.h **** #ifndef   __UNALIGNED_UINT32_READ
 103:Drivers/CMSIS/Include/cmsis_gcc.h ****   #pragma GCC diagnostic push
 104:Drivers/CMSIS/Include/cmsis_gcc.h ****   #pragma GCC diagnostic ignored "-Wpacked"
 105:Drivers/CMSIS/Include/cmsis_gcc.h ****   #pragma GCC diagnostic ignored "-Wattributes"
 106:Drivers/CMSIS/Include/cmsis_gcc.h ****   __PACKED_STRUCT T_UINT32_READ { uint32_t v; };
 107:Drivers/CMSIS/Include/cmsis_gcc.h ****   #pragma GCC diagnostic pop
 108:Drivers/CMSIS/Include/cmsis_gcc.h ****   #define __UNALIGNED_UINT32_READ(addr)          (((const struct T_UINT32_READ *)(const void *)(add
 109:Drivers/CMSIS/Include/cmsis_gcc.h **** #endif
 110:Drivers/CMSIS/Include/cmsis_gcc.h **** #ifndef   __ALIGNED
 111:Drivers/CMSIS/Include/cmsis_gcc.h ****   #define __ALIGNED(x)                           __attribute__((aligned(x)))
 112:Drivers/CMSIS/Include/cmsis_gcc.h **** #endif
 113:Drivers/CMSIS/Include/cmsis_gcc.h **** #ifndef   __RESTRICT
 114:Drivers/CMSIS/Include/cmsis_gcc.h ****   #define __RESTRICT                             __restrict
 115:Drivers/CMSIS/Include/cmsis_gcc.h **** #endif
 116:Drivers/CMSIS/Include/cmsis_gcc.h **** 
 117:Drivers/CMSIS/Include/cmsis_gcc.h **** 
 118:Drivers/CMSIS/Include/cmsis_gcc.h **** /* ###########################  Core Function Access  ########################### */
 119:Drivers/CMSIS/Include/cmsis_gcc.h **** /** \ingroup  CMSIS_Core_FunctionInterface
 120:Drivers/CMSIS/Include/cmsis_gcc.h ****     \defgroup CMSIS_Core_RegAccFunctions CMSIS Core Register Access Functions
 121:Drivers/CMSIS/Include/cmsis_gcc.h ****   @{
 122:Drivers/CMSIS/Include/cmsis_gcc.h ****  */
 123:Drivers/CMSIS/Include/cmsis_gcc.h **** 
 124:Drivers/CMSIS/Include/cmsis_gcc.h **** /**
 125:Drivers/CMSIS/Include/cmsis_gcc.h ****   \brief   Enable IRQ Interrupts
 126:Drivers/CMSIS/Include/cmsis_gcc.h ****   \details Enables IRQ interrupts by clearing the I-bit in the CPSR.
 127:Drivers/CMSIS/Include/cmsis_gcc.h ****            Can only be executed in Privileged modes.
 128:Drivers/CMSIS/Include/cmsis_gcc.h ****  */
 129:Drivers/CMSIS/Include/cmsis_gcc.h **** __STATIC_FORCEINLINE void __enable_irq(void)
 130:Drivers/CMSIS/Include/cmsis_gcc.h **** {
 131:Drivers/CMSIS/Include/cmsis_gcc.h ****   __ASM volatile ("cpsie i" : : : "memory");
 132:Drivers/CMSIS/Include/cmsis_gcc.h **** }
 133:Drivers/CMSIS/Include/cmsis_gcc.h **** 
 134:Drivers/CMSIS/Include/cmsis_gcc.h **** 
 135:Drivers/CMSIS/Include/cmsis_gcc.h **** /**
 136:Drivers/CMSIS/Include/cmsis_gcc.h ****   \brief   Disable IRQ Interrupts
 137:Drivers/CMSIS/Include/cmsis_gcc.h ****   \details Disables IRQ interrupts by setting the I-bit in the CPSR.
 138:Drivers/CMSIS/Include/cmsis_gcc.h ****            Can only be executed in Privileged modes.
 139:Drivers/CMSIS/Include/cmsis_gcc.h ****  */
 140:Drivers/CMSIS/Include/cmsis_gcc.h **** __STATIC_FORCEINLINE void __disable_irq(void)
 141:Drivers/CMSIS/Include/cmsis_gcc.h **** {
 142:Drivers/CMSIS/Include/cmsis_gcc.h ****   __ASM volatile ("cpsid i" : : : "memory");
 203              		.loc 2 142 0 discriminator 2
 204              		.syntax unified
 205              	@ 142 "Drivers/CMSIS/Include/cmsis_gcc.h" 1
ARM GAS  /tmp/cc8tzrL7.s 			page 8


 206 0010 72B6     		cpsid i
 207              	@ 0 "" 2
 208              		.thumb
 209              		.syntax unified
 210              	.LBE7:
 211              	.LBE6:
  53:micro_ros_stm32cubemx_utils/extra_sources/microros_transports/dma_transport.c ****     do
  54:micro_ros_stm32cubemx_utils/extra_sources/microros_transports/dma_transport.c ****     {
  55:micro_ros_stm32cubemx_utils/extra_sources/microros_transports/dma_transport.c ****         __disable_irq();
  56:micro_ros_stm32cubemx_utils/extra_sources/microros_transports/dma_transport.c ****         dma_tail = UART_DMA_BUFFER_SIZE - __HAL_DMA_GET_COUNTER(uart->hdmarx);
 212              		.loc 1 56 0 discriminator 2
 213 0012 BB6B     		ldr	r3, [r7, #56]
 214 0014 1B68     		ldr	r3, [r3]
 215 0016 5B68     		ldr	r3, [r3, #4]
 216 0018 C3F50063 		rsb	r3, r3, #2048
 217 001c DFF85090 		ldr	r9, .L24+8
 218 0020 C9F80030 		str	r3, [r9]
 219              	.LBB8:
 220              	.LBB9:
 131:Drivers/CMSIS/Include/cmsis_gcc.h **** }
 221              		.loc 2 131 0 discriminator 2
 222              		.syntax unified
 223              	@ 131 "Drivers/CMSIS/Include/cmsis_gcc.h" 1
 224 0024 62B6     		cpsie i
 225              	@ 0 "" 2
 226              		.thumb
 227              		.syntax unified
 228              	.LBE9:
 229              	.LBE8:
  57:micro_ros_stm32cubemx_utils/extra_sources/microros_transports/dma_transport.c ****         __enable_irq();
  58:micro_ros_stm32cubemx_utils/extra_sources/microros_transports/dma_transport.c ****         ms_used++;
 230              		.loc 1 58 0 discriminator 2
 231 0026 0136     		adds	r6, r6, #1
 232              	.LVL22:
  59:micro_ros_stm32cubemx_utils/extra_sources/microros_transports/dma_transport.c ****         osDelay(portTICK_RATE_MS);
 233              		.loc 1 59 0 discriminator 2
 234 0028 0120     		movs	r0, #1
 235 002a FFF7FEFF 		bl	osDelay
 236              	.LVL23:
  60:micro_ros_stm32cubemx_utils/extra_sources/microros_transports/dma_transport.c ****     } while (dma_head == dma_tail && ms_used < timeout);
 237              		.loc 1 60 0 discriminator 2
 238 002e 0E4B     		ldr	r3, .L24
 239 0030 1B68     		ldr	r3, [r3]
 240 0032 D9F80020 		ldr	r2, [r9]
 241 0036 9342     		cmp	r3, r2
 242 0038 14D1     		bne	.L22
 243              		.loc 1 60 0 is_stmt 0 discriminator 1
 244 003a 4645     		cmp	r6, r8
 245 003c E8DB     		blt	.L19
 246 003e 0020     		movs	r0, #0
 247 0040 08E0     		b	.L18
 248              	.LVL24:
 249              	.L21:
  61:micro_ros_stm32cubemx_utils/extra_sources/microros_transports/dma_transport.c ****     
  62:micro_ros_stm32cubemx_utils/extra_sources/microros_transports/dma_transport.c ****     size_t wrote = 0;
  63:micro_ros_stm32cubemx_utils/extra_sources/microros_transports/dma_transport.c ****     while ((dma_head != dma_tail) && (wrote < len)){
  64:micro_ros_stm32cubemx_utils/extra_sources/microros_transports/dma_transport.c ****         buf[wrote] = dma_buffer[dma_head];
ARM GAS  /tmp/cc8tzrL7.s 			page 9


 250              		.loc 1 64 0 is_stmt 1
 251 0042 0A49     		ldr	r1, .L24+4
 252 0044 C95C     		ldrb	r1, [r1, r3]	@ zero_extendqisi2
 253 0046 2954     		strb	r1, [r5, r0]
  65:micro_ros_stm32cubemx_utils/extra_sources/microros_transports/dma_transport.c ****         dma_head = (dma_head + 1) % UART_DMA_BUFFER_SIZE;
 254              		.loc 1 65 0
 255 0048 0133     		adds	r3, r3, #1
 256 004a C3F30A03 		ubfx	r3, r3, #0, #11
 257 004e 0649     		ldr	r1, .L24
 258 0050 0B60     		str	r3, [r1]
  66:micro_ros_stm32cubemx_utils/extra_sources/microros_transports/dma_transport.c ****         wrote++;
 259              		.loc 1 66 0
 260 0052 0130     		adds	r0, r0, #1
 261              	.LVL25:
 262              	.L18:
  63:micro_ros_stm32cubemx_utils/extra_sources/microros_transports/dma_transport.c ****         buf[wrote] = dma_buffer[dma_head];
 263              		.loc 1 63 0
 264 0054 044B     		ldr	r3, .L24
 265 0056 1B68     		ldr	r3, [r3]
 266 0058 9A42     		cmp	r2, r3
 267 005a 01D0     		beq	.L17
  63:micro_ros_stm32cubemx_utils/extra_sources/microros_transports/dma_transport.c ****         buf[wrote] = dma_buffer[dma_head];
 268              		.loc 1 63 0 is_stmt 0 discriminator 1
 269 005c A042     		cmp	r0, r4
 270 005e F0D3     		bcc	.L21
 271              	.L17:
  67:micro_ros_stm32cubemx_utils/extra_sources/microros_transports/dma_transport.c ****     }
  68:micro_ros_stm32cubemx_utils/extra_sources/microros_transports/dma_transport.c ****     
  69:micro_ros_stm32cubemx_utils/extra_sources/microros_transports/dma_transport.c ****     return wrote;
  70:micro_ros_stm32cubemx_utils/extra_sources/microros_transports/dma_transport.c **** }
 272              		.loc 1 70 0 is_stmt 1
 273 0060 BDE8F883 		pop	{r3, r4, r5, r6, r7, r8, r9, pc}
 274              	.LVL26:
 275              	.L22:
 276 0064 0020     		movs	r0, #0
 277 0066 F5E7     		b	.L18
 278              	.L25:
 279              		.align	2
 280              	.L24:
 281 0068 00000000 		.word	.LANCHOR2
 282 006c 00000000 		.word	.LANCHOR0
 283 0070 00000000 		.word	.LANCHOR1
 284              		.cfi_endproc
 285              	.LFE138:
 287              		.section	.bss.dma_buffer,"aw",%nobits
 288              		.align	2
 289              		.set	.LANCHOR0,. + 0
 292              	dma_buffer:
 293 0000 00000000 		.space	2048
 293      00000000 
 293      00000000 
 293      00000000 
 293      00000000 
 294              		.section	.bss.dma_head,"aw",%nobits
 295              		.align	2
 296              		.set	.LANCHOR2,. + 0
 299              	dma_head:
ARM GAS  /tmp/cc8tzrL7.s 			page 10


 300 0000 00000000 		.space	4
 301              		.section	.bss.dma_tail,"aw",%nobits
 302              		.align	2
 303              		.set	.LANCHOR1,. + 0
 306              	dma_tail:
 307 0000 00000000 		.space	4
 308              		.text
 309              	.Letext0:
 310              		.file 3 "/usr/include/newlib/machine/_default_types.h"
 311              		.file 4 "/usr/include/newlib/sys/_stdint.h"
 312              		.file 5 "/usr/lib/gcc/arm-none-eabi/6.3.1/include/stddef.h"
 313              		.file 6 "micro_ros_stm32cubemx_utils/microros_static_library/libmicroros/microros_include/uxr/clie
 314              		.file 7 "micro_ros_stm32cubemx_utils/microros_static_library/libmicroros/microros_include/uxr/clie
 315              		.file 8 "micro_ros_stm32cubemx_utils/microros_static_library/libmicroros/microros_include/uxr/clie
 316              		.file 9 "Drivers/CMSIS/Include/core_cm4.h"
 317              		.file 10 "Drivers/CMSIS/Device/ST/STM32F4xx/Include/system_stm32f4xx.h"
 318              		.file 11 "Drivers/CMSIS/Device/ST/STM32F4xx/Include/stm32f407xx.h"
 319              		.file 12 "Drivers/STM32F4xx_HAL_Driver/Inc/stm32f4xx_hal_def.h"
 320              		.file 13 "Drivers/STM32F4xx_HAL_Driver/Inc/stm32f4xx_hal_dma.h"
 321              		.file 14 "Drivers/STM32F4xx_HAL_Driver/Inc/stm32f4xx_hal_uart.h"
 322              		.file 15 "Drivers/STM32F4xx_HAL_Driver/Inc/stm32f4xx_hal.h"
 323              		.file 16 "Middlewares/Third_Party/FreeRTOS/Source/portable/GCC/ARM_CM4F/portmacro.h"
 324              		.file 17 "/usr/include/newlib/sys/lock.h"
 325              		.file 18 "/usr/include/newlib/sys/_types.h"
 326              		.file 19 "/usr/include/newlib/sys/unistd.h"
 327              		.file 20 "/usr/include/newlib/sys/reent.h"
 328              		.file 21 "Middlewares/Third_Party/FreeRTOS/Source/CMSIS_RTOS_V2/cmsis_os2.h"
ARM GAS  /tmp/cc8tzrL7.s 			page 11


DEFINED SYMBOLS
                            *ABS*:0000000000000000 dma_transport.c
     /tmp/cc8tzrL7.s:18     .text.cubemx_transport_open:0000000000000000 $t
     /tmp/cc8tzrL7.s:25     .text.cubemx_transport_open:0000000000000000 cubemx_transport_open
     /tmp/cc8tzrL7.s:52     .text.cubemx_transport_open:0000000000000014 $d
     /tmp/cc8tzrL7.s:57     .text.cubemx_transport_close:0000000000000000 $t
     /tmp/cc8tzrL7.s:64     .text.cubemx_transport_close:0000000000000000 cubemx_transport_close
     /tmp/cc8tzrL7.s:89     .text.cubemx_transport_write:0000000000000000 $t
     /tmp/cc8tzrL7.s:96     .text.cubemx_transport_write:0000000000000000 cubemx_transport_write
     /tmp/cc8tzrL7.s:165    .text.cubemx_transport_read:0000000000000000 $t
     /tmp/cc8tzrL7.s:172    .text.cubemx_transport_read:0000000000000000 cubemx_transport_read
     /tmp/cc8tzrL7.s:281    .text.cubemx_transport_read:0000000000000068 $d
     /tmp/cc8tzrL7.s:288    .bss.dma_buffer:0000000000000000 $d
     /tmp/cc8tzrL7.s:292    .bss.dma_buffer:0000000000000000 dma_buffer
     /tmp/cc8tzrL7.s:295    .bss.dma_head:0000000000000000 $d
     /tmp/cc8tzrL7.s:299    .bss.dma_head:0000000000000000 dma_head
     /tmp/cc8tzrL7.s:302    .bss.dma_tail:0000000000000000 $d
     /tmp/cc8tzrL7.s:306    .bss.dma_tail:0000000000000000 dma_tail
                     .debug_frame:0000000000000010 $d

UNDEFINED SYMBOLS
HAL_UART_Receive_DMA
HAL_UART_DMAStop
HAL_UART_Transmit_DMA
osDelay
