ARM GAS  /tmp/ccjseDmv.s 			page 1


   1              		.cpu cortex-m4
   2              		.arch armv7e-m
   3              		.fpu fpv4-sp-d16
   4              		.eabi_attribute 27, 1
   5              		.eabi_attribute 28, 1
   6              		.eabi_attribute 20, 1
   7              		.eabi_attribute 21, 1
   8              		.eabi_attribute 23, 3
   9              		.eabi_attribute 24, 1
  10              		.eabi_attribute 25, 1
  11              		.eabi_attribute 26, 1
  12              		.eabi_attribute 30, 1
  13              		.eabi_attribute 34, 1
  14              		.eabi_attribute 18, 4
  15              		.file	"emm_motor.c"
  16              		.text
  17              	.Ltext0:
  18              		.cfi_sections	.debug_frame
  19              		.file 1 "cooneo_Drivers/emm_motor/emm_motor.c"
  20              		.section	.text.emm_TriggerEncoderCalibration,"ax",%progbits
  21              		.align	1
  22              		.global	emm_TriggerEncoderCalibration
  23              		.syntax unified
  24              		.thumb
  25              		.thumb_func
  27              	emm_TriggerEncoderCalibration:
  28              	.LVL0:
  29              	.LFB243:
   1:cooneo_Drivers/emm_motor/emm_motor.c **** #include "include.h"
   2:cooneo_Drivers/emm_motor/emm_motor.c **** 
   3:cooneo_Drivers/emm_motor/emm_motor.c **** double motorAngles[3] = {0.0, 0.0, 0.0};  
   4:cooneo_Drivers/emm_motor/emm_motor.c **** 
   5:cooneo_Drivers/emm_motor/emm_motor.c **** // 触发部分
   6:cooneo_Drivers/emm_motor/emm_motor.c **** void emm_TriggerEncoderCalibration(uint8_t motorId) {
  30              		.loc 1 6 53 view -0
  31              		.cfi_startproc
  32              		@ args = 0, pretend = 0, frame = 8
  33              		@ frame_needed = 0, uses_anonymous_args = 0
  34              		.loc 1 6 53 is_stmt 0 view .LVU1
  35 0000 00B5     		push	{lr}
  36              	.LCFI0:
  37              		.cfi_def_cfa_offset 4
  38              		.cfi_offset 14, -4
  39 0002 83B0     		sub	sp, sp, #12
  40              	.LCFI1:
  41              		.cfi_def_cfa_offset 16
   7:cooneo_Drivers/emm_motor/emm_motor.c ****     uint8_t command[] = {motorId, 0x06, 0x45, 0x6B}; // 命令数据
  42              		.loc 1 7 5 is_stmt 1 view .LVU2
  43              		.loc 1 7 13 is_stmt 0 view .LVU3
  44 0004 8DF80400 		strb	r0, [sp, #4]
  45 0008 0623     		movs	r3, #6
  46 000a 8DF80530 		strb	r3, [sp, #5]
  47 000e 4523     		movs	r3, #69
  48 0010 8DF80630 		strb	r3, [sp, #6]
  49 0014 6B23     		movs	r3, #107
  50 0016 8DF80730 		strb	r3, [sp, #7]
   8:cooneo_Drivers/emm_motor/emm_motor.c ****     HAL_UART_Transmit(&huart1, command, sizeof(command), 10); // 发送命令
ARM GAS  /tmp/ccjseDmv.s 			page 2


  51              		.loc 1 8 5 is_stmt 1 view .LVU4
  52 001a 0A23     		movs	r3, #10
  53 001c 0422     		movs	r2, #4
  54 001e 0DEB0201 		add	r1, sp, r2
  55 0022 0348     		ldr	r0, .L3
  56              	.LVL1:
  57              		.loc 1 8 5 is_stmt 0 view .LVU5
  58 0024 FFF7FEFF 		bl	HAL_UART_Transmit
  59              	.LVL2:
   9:cooneo_Drivers/emm_motor/emm_motor.c **** }
  60              		.loc 1 9 1 view .LVU6
  61 0028 03B0     		add	sp, sp, #12
  62              	.LCFI2:
  63              		.cfi_def_cfa_offset 4
  64              		@ sp needed
  65 002a 5DF804FB 		ldr	pc, [sp], #4
  66              	.L4:
  67 002e 00BF     		.align	2
  68              	.L3:
  69 0030 00000000 		.word	huart1
  70              		.cfi_endproc
  71              	.LFE243:
  73              		.section	.text.emm_SetCurrentPositionToZero,"ax",%progbits
  74              		.align	1
  75              		.global	emm_SetCurrentPositionToZero
  76              		.syntax unified
  77              		.thumb
  78              		.thumb_func
  80              	emm_SetCurrentPositionToZero:
  81              	.LVL3:
  82              	.LFB244:
  10:cooneo_Drivers/emm_motor/emm_motor.c **** 
  11:cooneo_Drivers/emm_motor/emm_motor.c **** void emm_SetCurrentPositionToZero(uint8_t motorId) {
  83              		.loc 1 11 52 is_stmt 1 view -0
  84              		.cfi_startproc
  85              		@ args = 0, pretend = 0, frame = 8
  86              		@ frame_needed = 0, uses_anonymous_args = 0
  87              		.loc 1 11 52 is_stmt 0 view .LVU8
  88 0000 00B5     		push	{lr}
  89              	.LCFI3:
  90              		.cfi_def_cfa_offset 4
  91              		.cfi_offset 14, -4
  92 0002 83B0     		sub	sp, sp, #12
  93              	.LCFI4:
  94              		.cfi_def_cfa_offset 16
  12:cooneo_Drivers/emm_motor/emm_motor.c ****     uint8_t command[] = {motorId, 0x0A, 0x6D, 0x6B}; // 命令数据
  95              		.loc 1 12 5 is_stmt 1 view .LVU9
  96              		.loc 1 12 13 is_stmt 0 view .LVU10
  97 0004 8DF80400 		strb	r0, [sp, #4]
  98 0008 0A23     		movs	r3, #10
  99 000a 8DF80530 		strb	r3, [sp, #5]
 100 000e 6D22     		movs	r2, #109
 101 0010 8DF80620 		strb	r2, [sp, #6]
 102 0014 6B22     		movs	r2, #107
 103 0016 8DF80720 		strb	r2, [sp, #7]
  13:cooneo_Drivers/emm_motor/emm_motor.c ****     HAL_UART_Transmit(&huart1, command, sizeof(command), 10); // 发送命令
 104              		.loc 1 13 5 is_stmt 1 view .LVU11
ARM GAS  /tmp/ccjseDmv.s 			page 3


 105 001a 0422     		movs	r2, #4
 106 001c 0DEB0201 		add	r1, sp, r2
 107 0020 0248     		ldr	r0, .L7
 108              	.LVL4:
 109              		.loc 1 13 5 is_stmt 0 view .LVU12
 110 0022 FFF7FEFF 		bl	HAL_UART_Transmit
 111              	.LVL5:
  14:cooneo_Drivers/emm_motor/emm_motor.c **** }
 112              		.loc 1 14 1 view .LVU13
 113 0026 03B0     		add	sp, sp, #12
 114              	.LCFI5:
 115              		.cfi_def_cfa_offset 4
 116              		@ sp needed
 117 0028 5DF804FB 		ldr	pc, [sp], #4
 118              	.L8:
 119              		.align	2
 120              	.L7:
 121 002c 00000000 		.word	huart1
 122              		.cfi_endproc
 123              	.LFE244:
 125              		.section	.text.emmReleaseStallProtection,"ax",%progbits
 126              		.align	1
 127              		.global	emmReleaseStallProtection
 128              		.syntax unified
 129              		.thumb
 130              		.thumb_func
 132              	emmReleaseStallProtection:
 133              	.LVL6:
 134              	.LFB245:
  15:cooneo_Drivers/emm_motor/emm_motor.c **** 
  16:cooneo_Drivers/emm_motor/emm_motor.c **** void emmReleaseStallProtection(uint8_t motorId) {
 135              		.loc 1 16 49 is_stmt 1 view -0
 136              		.cfi_startproc
 137              		@ args = 0, pretend = 0, frame = 8
 138              		@ frame_needed = 0, uses_anonymous_args = 0
 139              		.loc 1 16 49 is_stmt 0 view .LVU15
 140 0000 00B5     		push	{lr}
 141              	.LCFI6:
 142              		.cfi_def_cfa_offset 4
 143              		.cfi_offset 14, -4
 144 0002 83B0     		sub	sp, sp, #12
 145              	.LCFI7:
 146              		.cfi_def_cfa_offset 16
  17:cooneo_Drivers/emm_motor/emm_motor.c ****     uint8_t command[] = {motorId, 0x0E, 0x52, 0x6B}; // 命令数据
 147              		.loc 1 17 5 is_stmt 1 view .LVU16
 148              		.loc 1 17 13 is_stmt 0 view .LVU17
 149 0004 8DF80400 		strb	r0, [sp, #4]
 150 0008 0E23     		movs	r3, #14
 151 000a 8DF80530 		strb	r3, [sp, #5]
 152 000e 5223     		movs	r3, #82
 153 0010 8DF80630 		strb	r3, [sp, #6]
 154 0014 6B23     		movs	r3, #107
 155 0016 8DF80730 		strb	r3, [sp, #7]
  18:cooneo_Drivers/emm_motor/emm_motor.c ****     HAL_UART_Transmit(&huart1, command, sizeof(command), 10); // 发送命令
 156              		.loc 1 18 5 is_stmt 1 view .LVU18
 157 001a 0A23     		movs	r3, #10
 158 001c 0422     		movs	r2, #4
ARM GAS  /tmp/ccjseDmv.s 			page 4


 159 001e 0DEB0201 		add	r1, sp, r2
 160 0022 0348     		ldr	r0, .L11
 161              	.LVL7:
 162              		.loc 1 18 5 is_stmt 0 view .LVU19
 163 0024 FFF7FEFF 		bl	HAL_UART_Transmit
 164              	.LVL8:
  19:cooneo_Drivers/emm_motor/emm_motor.c **** }
 165              		.loc 1 19 1 view .LVU20
 166 0028 03B0     		add	sp, sp, #12
 167              	.LCFI8:
 168              		.cfi_def_cfa_offset 4
 169              		@ sp needed
 170 002a 5DF804FB 		ldr	pc, [sp], #4
 171              	.L12:
 172 002e 00BF     		.align	2
 173              	.L11:
 174 0030 00000000 		.word	huart1
 175              		.cfi_endproc
 176              	.LFE245:
 178              		.section	.text.emm_ReadEncoderValue,"ax",%progbits
 179              		.align	1
 180              		.global	emm_ReadEncoderValue
 181              		.syntax unified
 182              		.thumb
 183              		.thumb_func
 185              	emm_ReadEncoderValue:
 186              	.LVL9:
 187              	.LFB246:
  20:cooneo_Drivers/emm_motor/emm_motor.c **** 
  21:cooneo_Drivers/emm_motor/emm_motor.c **** // 读取参数部分
  22:cooneo_Drivers/emm_motor/emm_motor.c **** int  f1,f2,f3,f4,f5,f6,f7;
  23:cooneo_Drivers/emm_motor/emm_motor.c **** void emm_ReadEncoderValue(uint8_t motorId) {
 188              		.loc 1 23 44 is_stmt 1 view -0
 189              		.cfi_startproc
 190              		@ args = 0, pretend = 0, frame = 8
 191              		@ frame_needed = 0, uses_anonymous_args = 0
 192              		.loc 1 23 44 is_stmt 0 view .LVU22
 193 0000 00B5     		push	{lr}
 194              	.LCFI9:
 195              		.cfi_def_cfa_offset 4
 196              		.cfi_offset 14, -4
 197 0002 83B0     		sub	sp, sp, #12
 198              	.LCFI10:
 199              		.cfi_def_cfa_offset 16
  24:cooneo_Drivers/emm_motor/emm_motor.c ****     uint8_t command[] = {motorId, 0x30, 0x6B}; // 命令数据
 200              		.loc 1 24 5 is_stmt 1 view .LVU23
 201              		.loc 1 24 13 is_stmt 0 view .LVU24
 202 0004 8DF80400 		strb	r0, [sp, #4]
 203 0008 3023     		movs	r3, #48
 204 000a 8DF80530 		strb	r3, [sp, #5]
 205 000e 6B23     		movs	r3, #107
 206 0010 8DF80630 		strb	r3, [sp, #6]
  25:cooneo_Drivers/emm_motor/emm_motor.c ****     HAL_UART_Transmit(&huart1, command, sizeof(command), 10); // 发送命令
 207              		.loc 1 25 5 is_stmt 1 view .LVU25
 208 0014 0A23     		movs	r3, #10
 209 0016 0322     		movs	r2, #3
 210 0018 01A9     		add	r1, sp, #4
ARM GAS  /tmp/ccjseDmv.s 			page 5


 211 001a 0548     		ldr	r0, .L15
 212              	.LVL10:
 213              		.loc 1 25 5 is_stmt 0 view .LVU26
 214 001c FFF7FEFF 		bl	HAL_UART_Transmit
 215              	.LVL11:
  26:cooneo_Drivers/emm_motor/emm_motor.c ****     f1++;
 216              		.loc 1 26 5 is_stmt 1 view .LVU27
 217              		.loc 1 26 7 is_stmt 0 view .LVU28
 218 0020 044A     		ldr	r2, .L15+4
 219 0022 1368     		ldr	r3, [r2]
 220 0024 0133     		adds	r3, r3, #1
 221 0026 1360     		str	r3, [r2]
  27:cooneo_Drivers/emm_motor/emm_motor.c ****     //rsp实现接收逻辑并处理返回的数据
  28:cooneo_Drivers/emm_motor/emm_motor.c **** }
 222              		.loc 1 28 1 view .LVU29
 223 0028 03B0     		add	sp, sp, #12
 224              	.LCFI11:
 225              		.cfi_def_cfa_offset 4
 226              		@ sp needed
 227 002a 5DF804FB 		ldr	pc, [sp], #4
 228              	.L16:
 229 002e 00BF     		.align	2
 230              	.L15:
 231 0030 00000000 		.word	huart1
 232 0034 00000000 		.word	f1
 233              		.cfi_endproc
 234              	.LFE246:
 236              		.section	.text.emm_ReadInputPulses,"ax",%progbits
 237              		.align	1
 238              		.global	emm_ReadInputPulses
 239              		.syntax unified
 240              		.thumb
 241              		.thumb_func
 243              	emm_ReadInputPulses:
 244              	.LVL12:
 245              	.LFB247:
  29:cooneo_Drivers/emm_motor/emm_motor.c **** 
  30:cooneo_Drivers/emm_motor/emm_motor.c **** void emm_ReadInputPulses(uint8_t motorId) {
 246              		.loc 1 30 43 is_stmt 1 view -0
 247              		.cfi_startproc
 248              		@ args = 0, pretend = 0, frame = 8
 249              		@ frame_needed = 0, uses_anonymous_args = 0
 250              		.loc 1 30 43 is_stmt 0 view .LVU31
 251 0000 00B5     		push	{lr}
 252              	.LCFI12:
 253              		.cfi_def_cfa_offset 4
 254              		.cfi_offset 14, -4
 255 0002 83B0     		sub	sp, sp, #12
 256              	.LCFI13:
 257              		.cfi_def_cfa_offset 16
  31:cooneo_Drivers/emm_motor/emm_motor.c ****     uint8_t command[] = {motorId, 0x33, 0x6B}; // 命令数据
 258              		.loc 1 31 5 is_stmt 1 view .LVU32
 259              		.loc 1 31 13 is_stmt 0 view .LVU33
 260 0004 8DF80400 		strb	r0, [sp, #4]
 261 0008 3323     		movs	r3, #51
 262 000a 8DF80530 		strb	r3, [sp, #5]
 263 000e 6B23     		movs	r3, #107
ARM GAS  /tmp/ccjseDmv.s 			page 6


 264 0010 8DF80630 		strb	r3, [sp, #6]
  32:cooneo_Drivers/emm_motor/emm_motor.c ****     HAL_UART_Transmit(&huart1, command, sizeof(command), 10); // 发送命令
 265              		.loc 1 32 5 is_stmt 1 view .LVU34
 266 0014 0A23     		movs	r3, #10
 267 0016 0322     		movs	r2, #3
 268 0018 01A9     		add	r1, sp, #4
 269 001a 0548     		ldr	r0, .L19
 270              	.LVL13:
 271              		.loc 1 32 5 is_stmt 0 view .LVU35
 272 001c FFF7FEFF 		bl	HAL_UART_Transmit
 273              	.LVL14:
  33:cooneo_Drivers/emm_motor/emm_motor.c ****     f2++;
 274              		.loc 1 33 5 is_stmt 1 view .LVU36
 275              		.loc 1 33 7 is_stmt 0 view .LVU37
 276 0020 044A     		ldr	r2, .L19+4
 277 0022 1368     		ldr	r3, [r2]
 278 0024 0133     		adds	r3, r3, #1
 279 0026 1360     		str	r3, [r2]
  34:cooneo_Drivers/emm_motor/emm_motor.c ****     //rsp实现接收逻辑并处理返回的数据
  35:cooneo_Drivers/emm_motor/emm_motor.c **** }
 280              		.loc 1 35 1 view .LVU38
 281 0028 03B0     		add	sp, sp, #12
 282              	.LCFI14:
 283              		.cfi_def_cfa_offset 4
 284              		@ sp needed
 285 002a 5DF804FB 		ldr	pc, [sp], #4
 286              	.L20:
 287 002e 00BF     		.align	2
 288              	.L19:
 289 0030 00000000 		.word	huart1
 290 0034 00000000 		.word	f2
 291              		.cfi_endproc
 292              	.LFE247:
 294              		.section	.text.emm_ReadMotorRealTimePosition,"ax",%progbits
 295              		.align	1
 296              		.global	emm_ReadMotorRealTimePosition
 297              		.syntax unified
 298              		.thumb
 299              		.thumb_func
 301              	emm_ReadMotorRealTimePosition:
 302              	.LVL15:
 303              	.LFB248:
  36:cooneo_Drivers/emm_motor/emm_motor.c **** 
  37:cooneo_Drivers/emm_motor/emm_motor.c **** void emm_ReadMotorRealTimePosition(uint8_t motorId) {
 304              		.loc 1 37 53 is_stmt 1 view -0
 305              		.cfi_startproc
 306              		@ args = 0, pretend = 0, frame = 8
 307              		@ frame_needed = 0, uses_anonymous_args = 0
 308              		.loc 1 37 53 is_stmt 0 view .LVU40
 309 0000 00B5     		push	{lr}
 310              	.LCFI15:
 311              		.cfi_def_cfa_offset 4
 312              		.cfi_offset 14, -4
 313 0002 83B0     		sub	sp, sp, #12
 314              	.LCFI16:
 315              		.cfi_def_cfa_offset 16
  38:cooneo_Drivers/emm_motor/emm_motor.c ****     uint8_t command[] = {motorId, 0x36, 0x6B}; // 命令数据
ARM GAS  /tmp/ccjseDmv.s 			page 7


 316              		.loc 1 38 5 is_stmt 1 view .LVU41
 317              		.loc 1 38 13 is_stmt 0 view .LVU42
 318 0004 8DF80400 		strb	r0, [sp, #4]
 319 0008 3623     		movs	r3, #54
 320 000a 8DF80530 		strb	r3, [sp, #5]
 321 000e 6B23     		movs	r3, #107
 322 0010 8DF80630 		strb	r3, [sp, #6]
  39:cooneo_Drivers/emm_motor/emm_motor.c ****     HAL_UART_Transmit(&huart1, command, sizeof(command), 10); // 发送命令
 323              		.loc 1 39 5 is_stmt 1 view .LVU43
 324 0014 0A23     		movs	r3, #10
 325 0016 0322     		movs	r2, #3
 326 0018 01A9     		add	r1, sp, #4
 327 001a 0548     		ldr	r0, .L23
 328              	.LVL16:
 329              		.loc 1 39 5 is_stmt 0 view .LVU44
 330 001c FFF7FEFF 		bl	HAL_UART_Transmit
 331              	.LVL17:
  40:cooneo_Drivers/emm_motor/emm_motor.c ****     f3++;
 332              		.loc 1 40 5 is_stmt 1 view .LVU45
 333              		.loc 1 40 7 is_stmt 0 view .LVU46
 334 0020 044A     		ldr	r2, .L23+4
 335 0022 1368     		ldr	r3, [r2]
 336 0024 0133     		adds	r3, r3, #1
 337 0026 1360     		str	r3, [r2]
  41:cooneo_Drivers/emm_motor/emm_motor.c ****     // rsp实现接收逻辑并处理返回的数据
  42:cooneo_Drivers/emm_motor/emm_motor.c **** }
 338              		.loc 1 42 1 view .LVU47
 339 0028 03B0     		add	sp, sp, #12
 340              	.LCFI17:
 341              		.cfi_def_cfa_offset 4
 342              		@ sp needed
 343 002a 5DF804FB 		ldr	pc, [sp], #4
 344              	.L24:
 345 002e 00BF     		.align	2
 346              	.L23:
 347 0030 00000000 		.word	huart1
 348 0034 00000000 		.word	f3
 349              		.cfi_endproc
 350              	.LFE248:
 352              		.section	.text.emm_ReadPositionError,"ax",%progbits
 353              		.align	1
 354              		.global	emm_ReadPositionError
 355              		.syntax unified
 356              		.thumb
 357              		.thumb_func
 359              	emm_ReadPositionError:
 360              	.LVL18:
 361              	.LFB249:
  43:cooneo_Drivers/emm_motor/emm_motor.c **** 
  44:cooneo_Drivers/emm_motor/emm_motor.c **** void emm_ReadPositionError(uint8_t motorId) {
 362              		.loc 1 44 45 is_stmt 1 view -0
 363              		.cfi_startproc
 364              		@ args = 0, pretend = 0, frame = 8
 365              		@ frame_needed = 0, uses_anonymous_args = 0
 366              		.loc 1 44 45 is_stmt 0 view .LVU49
 367 0000 00B5     		push	{lr}
 368              	.LCFI18:
ARM GAS  /tmp/ccjseDmv.s 			page 8


 369              		.cfi_def_cfa_offset 4
 370              		.cfi_offset 14, -4
 371 0002 83B0     		sub	sp, sp, #12
 372              	.LCFI19:
 373              		.cfi_def_cfa_offset 16
  45:cooneo_Drivers/emm_motor/emm_motor.c ****     uint8_t command[] = {motorId, 0x39, 0x6B}; // 命令数据
 374              		.loc 1 45 5 is_stmt 1 view .LVU50
 375              		.loc 1 45 13 is_stmt 0 view .LVU51
 376 0004 8DF80400 		strb	r0, [sp, #4]
 377 0008 3923     		movs	r3, #57
 378 000a 8DF80530 		strb	r3, [sp, #5]
 379 000e 6B23     		movs	r3, #107
 380 0010 8DF80630 		strb	r3, [sp, #6]
  46:cooneo_Drivers/emm_motor/emm_motor.c ****     HAL_UART_Transmit(&huart1, command, sizeof(command), 10); // 发送命令
 381              		.loc 1 46 5 is_stmt 1 view .LVU52
 382 0014 0A23     		movs	r3, #10
 383 0016 0322     		movs	r2, #3
 384 0018 01A9     		add	r1, sp, #4
 385 001a 0348     		ldr	r0, .L27
 386              	.LVL19:
 387              		.loc 1 46 5 is_stmt 0 view .LVU53
 388 001c FFF7FEFF 		bl	HAL_UART_Transmit
 389              	.LVL20:
  47:cooneo_Drivers/emm_motor/emm_motor.c ****     //rsp实现接收逻辑并处理返回的数据
  48:cooneo_Drivers/emm_motor/emm_motor.c **** }
 390              		.loc 1 48 1 view .LVU54
 391 0020 03B0     		add	sp, sp, #12
 392              	.LCFI20:
 393              		.cfi_def_cfa_offset 4
 394              		@ sp needed
 395 0022 5DF804FB 		ldr	pc, [sp], #4
 396              	.L28:
 397 0026 00BF     		.align	2
 398              	.L27:
 399 0028 00000000 		.word	huart1
 400              		.cfi_endproc
 401              	.LFE249:
 403              		.section	.text.emm_ReadEnableStatus,"ax",%progbits
 404              		.align	1
 405              		.global	emm_ReadEnableStatus
 406              		.syntax unified
 407              		.thumb
 408              		.thumb_func
 410              	emm_ReadEnableStatus:
 411              	.LVL21:
 412              	.LFB250:
  49:cooneo_Drivers/emm_motor/emm_motor.c **** 
  50:cooneo_Drivers/emm_motor/emm_motor.c **** void emm_ReadEnableStatus(uint8_t motorId) {
 413              		.loc 1 50 44 is_stmt 1 view -0
 414              		.cfi_startproc
 415              		@ args = 0, pretend = 0, frame = 8
 416              		@ frame_needed = 0, uses_anonymous_args = 0
 417              		.loc 1 50 44 is_stmt 0 view .LVU56
 418 0000 00B5     		push	{lr}
 419              	.LCFI21:
 420              		.cfi_def_cfa_offset 4
 421              		.cfi_offset 14, -4
ARM GAS  /tmp/ccjseDmv.s 			page 9


 422 0002 83B0     		sub	sp, sp, #12
 423              	.LCFI22:
 424              		.cfi_def_cfa_offset 16
  51:cooneo_Drivers/emm_motor/emm_motor.c ****     uint8_t command[] = {motorId, 0x3A, 0x6B}; // 命令数据
 425              		.loc 1 51 5 is_stmt 1 view .LVU57
 426              		.loc 1 51 13 is_stmt 0 view .LVU58
 427 0004 8DF80400 		strb	r0, [sp, #4]
 428 0008 3A23     		movs	r3, #58
 429 000a 8DF80530 		strb	r3, [sp, #5]
 430 000e 6B23     		movs	r3, #107
 431 0010 8DF80630 		strb	r3, [sp, #6]
  52:cooneo_Drivers/emm_motor/emm_motor.c ****     HAL_UART_Transmit(&huart1, command, sizeof(command), 10); // 发送命令
 432              		.loc 1 52 5 is_stmt 1 view .LVU59
 433 0014 0A23     		movs	r3, #10
 434 0016 0322     		movs	r2, #3
 435 0018 01A9     		add	r1, sp, #4
 436 001a 0348     		ldr	r0, .L31
 437              	.LVL22:
 438              		.loc 1 52 5 is_stmt 0 view .LVU60
 439 001c FFF7FEFF 		bl	HAL_UART_Transmit
 440              	.LVL23:
  53:cooneo_Drivers/emm_motor/emm_motor.c ****     // rsp实现接收逻辑并处理返回的数据
  54:cooneo_Drivers/emm_motor/emm_motor.c **** }
 441              		.loc 1 54 1 view .LVU61
 442 0020 03B0     		add	sp, sp, #12
 443              	.LCFI23:
 444              		.cfi_def_cfa_offset 4
 445              		@ sp needed
 446 0022 5DF804FB 		ldr	pc, [sp], #4
 447              	.L32:
 448 0026 00BF     		.align	2
 449              	.L31:
 450 0028 00000000 		.word	huart1
 451              		.cfi_endproc
 452              	.LFE250:
 454              		.section	.text.emm_ReadStallFlag,"ax",%progbits
 455              		.align	1
 456              		.global	emm_ReadStallFlag
 457              		.syntax unified
 458              		.thumb
 459              		.thumb_func
 461              	emm_ReadStallFlag:
 462              	.LVL24:
 463              	.LFB251:
  55:cooneo_Drivers/emm_motor/emm_motor.c **** 
  56:cooneo_Drivers/emm_motor/emm_motor.c **** void emm_ReadStallFlag(uint8_t motorId) {
 464              		.loc 1 56 41 is_stmt 1 view -0
 465              		.cfi_startproc
 466              		@ args = 0, pretend = 0, frame = 8
 467              		@ frame_needed = 0, uses_anonymous_args = 0
 468              		.loc 1 56 41 is_stmt 0 view .LVU63
 469 0000 00B5     		push	{lr}
 470              	.LCFI24:
 471              		.cfi_def_cfa_offset 4
 472              		.cfi_offset 14, -4
 473 0002 83B0     		sub	sp, sp, #12
 474              	.LCFI25:
ARM GAS  /tmp/ccjseDmv.s 			page 10


 475              		.cfi_def_cfa_offset 16
  57:cooneo_Drivers/emm_motor/emm_motor.c ****     uint8_t command[] = {motorId, 0x3E, 0x6B}; // 命令数据
 476              		.loc 1 57 5 is_stmt 1 view .LVU64
 477              		.loc 1 57 13 is_stmt 0 view .LVU65
 478 0004 8DF80400 		strb	r0, [sp, #4]
 479 0008 3E23     		movs	r3, #62
 480 000a 8DF80530 		strb	r3, [sp, #5]
 481 000e 6B23     		movs	r3, #107
 482 0010 8DF80630 		strb	r3, [sp, #6]
  58:cooneo_Drivers/emm_motor/emm_motor.c ****     HAL_UART_Transmit(&huart1, command, sizeof(command), 10); // 发送命令
 483              		.loc 1 58 5 is_stmt 1 view .LVU66
 484 0014 0A23     		movs	r3, #10
 485 0016 0322     		movs	r2, #3
 486 0018 01A9     		add	r1, sp, #4
 487 001a 0348     		ldr	r0, .L35
 488              	.LVL25:
 489              		.loc 1 58 5 is_stmt 0 view .LVU67
 490 001c FFF7FEFF 		bl	HAL_UART_Transmit
 491              	.LVL26:
  59:cooneo_Drivers/emm_motor/emm_motor.c ****     // rsp实现接收逻辑并处理返回的数据
  60:cooneo_Drivers/emm_motor/emm_motor.c **** }
 492              		.loc 1 60 1 view .LVU68
 493 0020 03B0     		add	sp, sp, #12
 494              	.LCFI26:
 495              		.cfi_def_cfa_offset 4
 496              		@ sp needed
 497 0022 5DF804FB 		ldr	pc, [sp], #4
 498              	.L36:
 499 0026 00BF     		.align	2
 500              	.L35:
 501 0028 00000000 		.word	huart1
 502              		.cfi_endproc
 503              	.LFE251:
 505              		.section	.text.emm_ReadAutoHomeStatus,"ax",%progbits
 506              		.align	1
 507              		.global	emm_ReadAutoHomeStatus
 508              		.syntax unified
 509              		.thumb
 510              		.thumb_func
 512              	emm_ReadAutoHomeStatus:
 513              	.LVL27:
 514              	.LFB252:
  61:cooneo_Drivers/emm_motor/emm_motor.c **** 
  62:cooneo_Drivers/emm_motor/emm_motor.c **** void emm_ReadAutoHomeStatus(uint8_t motorId) {
 515              		.loc 1 62 46 is_stmt 1 view -0
 516              		.cfi_startproc
 517              		@ args = 0, pretend = 0, frame = 8
 518              		@ frame_needed = 0, uses_anonymous_args = 0
 519              		.loc 1 62 46 is_stmt 0 view .LVU70
 520 0000 00B5     		push	{lr}
 521              	.LCFI27:
 522              		.cfi_def_cfa_offset 4
 523              		.cfi_offset 14, -4
 524 0002 83B0     		sub	sp, sp, #12
 525              	.LCFI28:
 526              		.cfi_def_cfa_offset 16
  63:cooneo_Drivers/emm_motor/emm_motor.c ****     uint8_t command[] = {motorId, 0x3F, 0x6B}; // 命令数据
ARM GAS  /tmp/ccjseDmv.s 			page 11


 527              		.loc 1 63 5 is_stmt 1 view .LVU71
 528              		.loc 1 63 13 is_stmt 0 view .LVU72
 529 0004 8DF80400 		strb	r0, [sp, #4]
 530 0008 3F23     		movs	r3, #63
 531 000a 8DF80530 		strb	r3, [sp, #5]
 532 000e 6B23     		movs	r3, #107
 533 0010 8DF80630 		strb	r3, [sp, #6]
  64:cooneo_Drivers/emm_motor/emm_motor.c ****     HAL_UART_Transmit(&huart1, command, sizeof(command), 10); // 发送命令
 534              		.loc 1 64 5 is_stmt 1 view .LVU73
 535 0014 0A23     		movs	r3, #10
 536 0016 0322     		movs	r2, #3
 537 0018 01A9     		add	r1, sp, #4
 538 001a 0348     		ldr	r0, .L39
 539              	.LVL28:
 540              		.loc 1 64 5 is_stmt 0 view .LVU74
 541 001c FFF7FEFF 		bl	HAL_UART_Transmit
 542              	.LVL29:
  65:cooneo_Drivers/emm_motor/emm_motor.c ****     // rsp实现接收逻辑并处理返回的数据
  66:cooneo_Drivers/emm_motor/emm_motor.c **** }
 543              		.loc 1 66 1 view .LVU75
 544 0020 03B0     		add	sp, sp, #12
 545              	.LCFI29:
 546              		.cfi_def_cfa_offset 4
 547              		@ sp needed
 548 0022 5DF804FB 		ldr	pc, [sp], #4
 549              	.L40:
 550 0026 00BF     		.align	2
 551              	.L39:
 552 0028 00000000 		.word	huart1
 553              		.cfi_endproc
 554              	.LFE252:
 556              		.section	.text.emm_ControlMotorEnable,"ax",%progbits
 557              		.align	1
 558              		.global	emm_ControlMotorEnable
 559              		.syntax unified
 560              		.thumb
 561              		.thumb_func
 563              	emm_ControlMotorEnable:
 564              	.LVL30:
 565              	.LFB253:
  67:cooneo_Drivers/emm_motor/emm_motor.c **** 
  68:cooneo_Drivers/emm_motor/emm_motor.c **** 
  69:cooneo_Drivers/emm_motor/emm_motor.c **** // 控制部分
  70:cooneo_Drivers/emm_motor/emm_motor.c **** 
  71:cooneo_Drivers/emm_motor/emm_motor.c **** void emm_ControlMotorEnable(uint8_t motorId,uint8_t enableStatus) {
 566              		.loc 1 71 67 is_stmt 1 view -0
 567              		.cfi_startproc
 568              		@ args = 0, pretend = 0, frame = 8
 569              		@ frame_needed = 0, uses_anonymous_args = 0
 570              		.loc 1 71 67 is_stmt 0 view .LVU77
 571 0000 00B5     		push	{lr}
 572              	.LCFI30:
 573              		.cfi_def_cfa_offset 4
 574              		.cfi_offset 14, -4
 575 0002 83B0     		sub	sp, sp, #12
 576              	.LCFI31:
 577              		.cfi_def_cfa_offset 16
ARM GAS  /tmp/ccjseDmv.s 			page 12


  72:cooneo_Drivers/emm_motor/emm_motor.c ****     uint8_t command[] = {motorId, 0xF3, enableStatus, 0x6B}; // 命令数据
 578              		.loc 1 72 5 is_stmt 1 view .LVU78
 579              		.loc 1 72 13 is_stmt 0 view .LVU79
 580 0004 8DF80400 		strb	r0, [sp, #4]
 581 0008 F323     		movs	r3, #243
 582 000a 8DF80530 		strb	r3, [sp, #5]
 583 000e 8DF80610 		strb	r1, [sp, #6]
 584 0012 6B23     		movs	r3, #107
 585 0014 8DF80730 		strb	r3, [sp, #7]
  73:cooneo_Drivers/emm_motor/emm_motor.c ****     HAL_UART_Transmit(&huart1, command, sizeof(command), 10); // 发送命令
 586              		.loc 1 73 5 is_stmt 1 view .LVU80
 587 0018 0A23     		movs	r3, #10
 588 001a 0422     		movs	r2, #4
 589 001c 0DEB0201 		add	r1, sp, r2
 590              	.LVL31:
 591              		.loc 1 73 5 is_stmt 0 view .LVU81
 592 0020 0248     		ldr	r0, .L43
 593              	.LVL32:
 594              		.loc 1 73 5 view .LVU82
 595 0022 FFF7FEFF 		bl	HAL_UART_Transmit
 596              	.LVL33:
  74:cooneo_Drivers/emm_motor/emm_motor.c **** }
 597              		.loc 1 74 1 view .LVU83
 598 0026 03B0     		add	sp, sp, #12
 599              	.LCFI32:
 600              		.cfi_def_cfa_offset 4
 601              		@ sp needed
 602 0028 5DF804FB 		ldr	pc, [sp], #4
 603              	.L44:
 604              		.align	2
 605              	.L43:
 606 002c 00000000 		.word	huart1
 607              		.cfi_endproc
 608              	.LFE253:
 610              		.section	.text.emm_ControlMotorDirectionSpeed,"ax",%progbits
 611              		.align	1
 612              		.global	emm_ControlMotorDirectionSpeed
 613              		.syntax unified
 614              		.thumb
 615              		.thumb_func
 617              	emm_ControlMotorDirectionSpeed:
 618              	.LVL34:
 619              	.LFB254:
  75:cooneo_Drivers/emm_motor/emm_motor.c **** 
  76:cooneo_Drivers/emm_motor/emm_motor.c **** void emm_ControlMotorDirectionSpeed(uint8_t motorId,uint16_t directionSpeed, uint8_t acceleration) 
 620              		.loc 1 76 100 is_stmt 1 view -0
 621              		.cfi_startproc
 622              		@ args = 0, pretend = 0, frame = 8
 623              		@ frame_needed = 0, uses_anonymous_args = 0
 624              		.loc 1 76 100 is_stmt 0 view .LVU85
 625 0000 00B5     		push	{lr}
 626              	.LCFI33:
 627              		.cfi_def_cfa_offset 4
 628              		.cfi_offset 14, -4
 629 0002 83B0     		sub	sp, sp, #12
 630              	.LCFI34:
 631              		.cfi_def_cfa_offset 16
ARM GAS  /tmp/ccjseDmv.s 			page 13


  77:cooneo_Drivers/emm_motor/emm_motor.c ****     uint8_t command[] = {motorId, 0xF6, directionSpeed >> 8, directionSpeed & 0xFF, acceleration, 0
 632              		.loc 1 77 5 is_stmt 1 view .LVU86
 633              		.loc 1 77 13 is_stmt 0 view .LVU87
 634 0004 8DF80000 		strb	r0, [sp]
 635 0008 F623     		movs	r3, #246
 636 000a 8DF80130 		strb	r3, [sp, #1]
 637 000e 0B0A     		lsrs	r3, r1, #8
 638 0010 8DF80230 		strb	r3, [sp, #2]
 639 0014 8DF80310 		strb	r1, [sp, #3]
 640 0018 8DF80420 		strb	r2, [sp, #4]
 641 001c 6B23     		movs	r3, #107
 642 001e 8DF80530 		strb	r3, [sp, #5]
  78:cooneo_Drivers/emm_motor/emm_motor.c ****     HAL_UART_Transmit(&huart1, command, sizeof(command), 10); // 发送命令
 643              		.loc 1 78 5 is_stmt 1 view .LVU88
 644 0022 0A23     		movs	r3, #10
 645 0024 0622     		movs	r2, #6
 646              	.LVL35:
 647              		.loc 1 78 5 is_stmt 0 view .LVU89
 648 0026 6946     		mov	r1, sp
 649              	.LVL36:
 650              		.loc 1 78 5 view .LVU90
 651 0028 0248     		ldr	r0, .L47
 652              	.LVL37:
 653              		.loc 1 78 5 view .LVU91
 654 002a FFF7FEFF 		bl	HAL_UART_Transmit
 655              	.LVL38:
  79:cooneo_Drivers/emm_motor/emm_motor.c **** }
 656              		.loc 1 79 1 view .LVU92
 657 002e 03B0     		add	sp, sp, #12
 658              	.LCFI35:
 659              		.cfi_def_cfa_offset 4
 660              		@ sp needed
 661 0030 5DF804FB 		ldr	pc, [sp], #4
 662              	.L48:
 663              		.align	2
 664              	.L47:
 665 0034 00000000 		.word	huart1
 666              		.cfi_endproc
 667              	.LFE254:
 669              		.section	.text.emm_StoreOrClearParameters,"ax",%progbits
 670              		.align	1
 671              		.global	emm_StoreOrClearParameters
 672              		.syntax unified
 673              		.thumb
 674              		.thumb_func
 676              	emm_StoreOrClearParameters:
 677              	.LVL39:
 678              	.LFB255:
  80:cooneo_Drivers/emm_motor/emm_motor.c **** 
  81:cooneo_Drivers/emm_motor/emm_motor.c **** void emm_StoreOrClearParameters(uint8_t motorId,uint8_t operation) {
 679              		.loc 1 81 68 is_stmt 1 view -0
 680              		.cfi_startproc
 681              		@ args = 0, pretend = 0, frame = 8
 682              		@ frame_needed = 0, uses_anonymous_args = 0
 683              		.loc 1 81 68 is_stmt 0 view .LVU94
 684 0000 00B5     		push	{lr}
 685              	.LCFI36:
ARM GAS  /tmp/ccjseDmv.s 			page 14


 686              		.cfi_def_cfa_offset 4
 687              		.cfi_offset 14, -4
 688 0002 83B0     		sub	sp, sp, #12
 689              	.LCFI37:
 690              		.cfi_def_cfa_offset 16
  82:cooneo_Drivers/emm_motor/emm_motor.c ****     uint8_t command[] = {motorId, 0xFF, operation, 0x6B}; // 命令数据
 691              		.loc 1 82 5 is_stmt 1 view .LVU95
 692              		.loc 1 82 13 is_stmt 0 view .LVU96
 693 0004 8DF80400 		strb	r0, [sp, #4]
 694 0008 FF23     		movs	r3, #255
 695 000a 8DF80530 		strb	r3, [sp, #5]
 696 000e 8DF80610 		strb	r1, [sp, #6]
 697 0012 6B23     		movs	r3, #107
 698 0014 8DF80730 		strb	r3, [sp, #7]
  83:cooneo_Drivers/emm_motor/emm_motor.c ****     HAL_UART_Transmit(&huart1, command, sizeof(command), 10); // 发送命令
 699              		.loc 1 83 5 is_stmt 1 view .LVU97
 700 0018 0A23     		movs	r3, #10
 701 001a 0422     		movs	r2, #4
 702 001c 0DEB0201 		add	r1, sp, r2
 703              	.LVL40:
 704              		.loc 1 83 5 is_stmt 0 view .LVU98
 705 0020 0248     		ldr	r0, .L51
 706              	.LVL41:
 707              		.loc 1 83 5 view .LVU99
 708 0022 FFF7FEFF 		bl	HAL_UART_Transmit
 709              	.LVL42:
  84:cooneo_Drivers/emm_motor/emm_motor.c **** }
 710              		.loc 1 84 1 view .LVU100
 711 0026 03B0     		add	sp, sp, #12
 712              	.LCFI38:
 713              		.cfi_def_cfa_offset 4
 714              		@ sp needed
 715 0028 5DF804FB 		ldr	pc, [sp], #4
 716              	.L52:
 717              		.align	2
 718              	.L51:
 719 002c 00000000 		.word	huart1
 720              		.cfi_endproc
 721              	.LFE255:
 723              		.section	.text.emm_ControlMotorRelativeAngle,"ax",%progbits
 724              		.align	1
 725              		.global	emm_ControlMotorRelativeAngle
 726              		.syntax unified
 727              		.thumb
 728              		.thumb_func
 730              	emm_ControlMotorRelativeAngle:
 731              	.LVL43:
 732              	.LFB256:
  85:cooneo_Drivers/emm_motor/emm_motor.c **** 
  86:cooneo_Drivers/emm_motor/emm_motor.c **** void emm_ControlMotorRelativeAngle(uint8_t motorId,uint16_t directionSpeed, uint8_t acceleration, u
 733              		.loc 1 86 120 is_stmt 1 view -0
 734              		.cfi_startproc
 735              		@ args = 0, pretend = 0, frame = 16
 736              		@ frame_needed = 0, uses_anonymous_args = 0
 737              		.loc 1 86 120 is_stmt 0 view .LVU102
 738 0000 00B5     		push	{lr}
 739              	.LCFI39:
ARM GAS  /tmp/ccjseDmv.s 			page 15


 740              		.cfi_def_cfa_offset 4
 741              		.cfi_offset 14, -4
 742 0002 85B0     		sub	sp, sp, #20
 743              	.LCFI40:
 744              		.cfi_def_cfa_offset 24
  87:cooneo_Drivers/emm_motor/emm_motor.c ****     // uint8_t command[] = {
  88:cooneo_Drivers/emm_motor/emm_motor.c ****     //     motorId, 0xFD,
  89:cooneo_Drivers/emm_motor/emm_motor.c ****     //     directionSpeed >> 8, directionSpeed & 0xFF,
  90:cooneo_Drivers/emm_motor/emm_motor.c ****     //     acceleration,
  91:cooneo_Drivers/emm_motor/emm_motor.c ****     //     pulseCount >> 16, (pulseCount >> 8) & 0xFF, pulseCount & 0xFF,
  92:cooneo_Drivers/emm_motor/emm_motor.c ****     //     0x6B
  93:cooneo_Drivers/emm_motor/emm_motor.c ****     // }; // 命令数据
  94:cooneo_Drivers/emm_motor/emm_motor.c ****     uint8_t command[] = {
 745              		.loc 1 94 5 is_stmt 1 view .LVU103
 746              		.loc 1 94 13 is_stmt 0 view .LVU104
 747 0004 8DF80400 		strb	r0, [sp, #4]
 748 0008 FD20     		movs	r0, #253
 749              	.LVL44:
 750              		.loc 1 94 13 view .LVU105
 751 000a 8DF80500 		strb	r0, [sp, #5]
 752 000e 080A     		lsrs	r0, r1, #8
 753 0010 8DF80600 		strb	r0, [sp, #6]
 754 0014 8DF80710 		strb	r1, [sp, #7]
 755 0018 8DF80820 		strb	r2, [sp, #8]
  95:cooneo_Drivers/emm_motor/emm_motor.c ****         motorId, 0xFD,
  96:cooneo_Drivers/emm_motor/emm_motor.c ****         directionSpeed >> 8, directionSpeed & 0xFF,
  97:cooneo_Drivers/emm_motor/emm_motor.c ****         acceleration,
  98:cooneo_Drivers/emm_motor/emm_motor.c ****         (uint8_t)(pulseCount >> 16),       // 最高位字节
 756              		.loc 1 98 9 view .LVU106
 757 001c C3F30742 		ubfx	r2, r3, #16, #8
 758              	.LVL45:
  94:cooneo_Drivers/emm_motor/emm_motor.c ****         motorId, 0xFD,
 759              		.loc 1 94 13 view .LVU107
 760 0020 8DF80920 		strb	r2, [sp, #9]
  99:cooneo_Drivers/emm_motor/emm_motor.c ****         (uint8_t)((pulseCount >> 8) & 0xFF), // 中间字节
 761              		.loc 1 99 9 view .LVU108
 762 0024 C3F30722 		ubfx	r2, r3, #8, #8
  94:cooneo_Drivers/emm_motor/emm_motor.c ****         motorId, 0xFD,
 763              		.loc 1 94 13 view .LVU109
 764 0028 8DF80A20 		strb	r2, [sp, #10]
 765 002c 8DF80B30 		strb	r3, [sp, #11]
 766 0030 6B23     		movs	r3, #107
 767              	.LVL46:
  94:cooneo_Drivers/emm_motor/emm_motor.c ****         motorId, 0xFD,
 768              		.loc 1 94 13 view .LVU110
 769 0032 8DF80C30 		strb	r3, [sp, #12]
 100:cooneo_Drivers/emm_motor/emm_motor.c ****         (uint8_t)(pulseCount & 0xFF),       // 最低位字节
 101:cooneo_Drivers/emm_motor/emm_motor.c ****         0x6B
 102:cooneo_Drivers/emm_motor/emm_motor.c ****     }; 
 103:cooneo_Drivers/emm_motor/emm_motor.c **** 
 104:cooneo_Drivers/emm_motor/emm_motor.c ****     //01 FD 14 FF 00 00 0C 80 6B
 105:cooneo_Drivers/emm_motor/emm_motor.c **** 
 106:cooneo_Drivers/emm_motor/emm_motor.c ****     // uint8_t command[] = {
 107:cooneo_Drivers/emm_motor/emm_motor.c ****     //     0x02, 0xFD,
 108:cooneo_Drivers/emm_motor/emm_motor.c ****     //     0x14, 0xFF,
 109:cooneo_Drivers/emm_motor/emm_motor.c ****     //     0x00,
 110:cooneo_Drivers/emm_motor/emm_motor.c ****     //     0x00, 0x06, 0x40,
ARM GAS  /tmp/ccjseDmv.s 			page 16


 111:cooneo_Drivers/emm_motor/emm_motor.c ****     //     0x6B
 112:cooneo_Drivers/emm_motor/emm_motor.c ****     // }; // 命令数据
 113:cooneo_Drivers/emm_motor/emm_motor.c **** 
 114:cooneo_Drivers/emm_motor/emm_motor.c ****     HAL_UART_Transmit(&huart1, command, sizeof(command), 10); // 发送命令
 770              		.loc 1 114 5 is_stmt 1 view .LVU111
 771 0036 0A23     		movs	r3, #10
 772 0038 0922     		movs	r2, #9
 773 003a 01A9     		add	r1, sp, #4
 774              	.LVL47:
 775              		.loc 1 114 5 is_stmt 0 view .LVU112
 776 003c 0248     		ldr	r0, .L55
 777 003e FFF7FEFF 		bl	HAL_UART_Transmit
 778              	.LVL48:
 115:cooneo_Drivers/emm_motor/emm_motor.c **** }
 779              		.loc 1 115 1 view .LVU113
 780 0042 05B0     		add	sp, sp, #20
 781              	.LCFI41:
 782              		.cfi_def_cfa_offset 4
 783              		@ sp needed
 784 0044 5DF804FB 		ldr	pc, [sp], #4
 785              	.L56:
 786              		.align	2
 787              	.L55:
 788 0048 00000000 		.word	huart1
 789              		.cfi_endproc
 790              	.LFE256:
 792              		.global	__aeabi_d2iz
 793              		.global	__aeabi_i2d
 794              		.global	__aeabi_ddiv
 795              		.global	__aeabi_d2uiz
 796              		.section	.text.calculatePulseCount,"ax",%progbits
 797              		.align	1
 798              		.global	calculatePulseCount
 799              		.syntax unified
 800              		.thumb
 801              		.thumb_func
 803              	calculatePulseCount:
 804              	.LVL49:
 805              	.LFB257:
 116:cooneo_Drivers/emm_motor/emm_motor.c **** 
 117:cooneo_Drivers/emm_motor/emm_motor.c **** // 计算所需脉冲数的函数
 118:cooneo_Drivers/emm_motor/emm_motor.c **** // uint32_t calculatePulseCount(double desiredAngle, double anglePerPulse) {
 119:cooneo_Drivers/emm_motor/emm_motor.c **** //     return (uint32_t)(desiredAngle / anglePerPulse);
 120:cooneo_Drivers/emm_motor/emm_motor.c **** // }
 121:cooneo_Drivers/emm_motor/emm_motor.c **** uint32_t calculatePulseCount(double desiredAngle, double anglePerPulse) {
 806              		.loc 1 121 73 is_stmt 1 view -0
 807              		.cfi_startproc
 808              		@ args = 0, pretend = 0, frame = 0
 809              		@ frame_needed = 0, uses_anonymous_args = 0
 810              		.loc 1 121 73 is_stmt 0 view .LVU115
 811 0000 38B5     		push	{r3, r4, r5, lr}
 812              	.LCFI42:
 813              		.cfi_def_cfa_offset 16
 814              		.cfi_offset 3, -16
 815              		.cfi_offset 4, -12
 816              		.cfi_offset 5, -8
 817              		.cfi_offset 14, -4
ARM GAS  /tmp/ccjseDmv.s 			page 17


 818 0002 51EC100B 		vmov	r0, r1, d0
 819 0006 55EC114B 		vmov	r4, r5, d1
 122:cooneo_Drivers/emm_motor/emm_motor.c ****     // 使用四舍五入以避免因浮点数除法带来的误差
 123:cooneo_Drivers/emm_motor/emm_motor.c ****     // return (uint32_t)(desiredAngle / anglePerPulse + 0.5);
 124:cooneo_Drivers/emm_motor/emm_motor.c ****     return (uint32_t)(abs(desiredAngle) / anglePerPulse);
 820              		.loc 1 124 5 is_stmt 1 view .LVU116
 821              		.loc 1 124 23 is_stmt 0 view .LVU117
 822 000a FFF7FEFF 		bl	__aeabi_d2iz
 823              	.LVL50:
 824              		.loc 1 124 41 view .LVU118
 825 000e 0028     		cmp	r0, #0
 826 0010 B8BF     		it	lt
 827 0012 4042     		rsblt	r0, r0, #0
 828 0014 FFF7FEFF 		bl	__aeabi_i2d
 829              	.LVL51:
 830 0018 2246     		mov	r2, r4
 831 001a 2B46     		mov	r3, r5
 832 001c FFF7FEFF 		bl	__aeabi_ddiv
 833              	.LVL52:
 834              		.loc 1 124 12 view .LVU119
 835 0020 FFF7FEFF 		bl	__aeabi_d2uiz
 836              	.LVL53:
 125:cooneo_Drivers/emm_motor/emm_motor.c **** }
 837              		.loc 1 125 1 view .LVU120
 838 0024 38BD     		pop	{r3, r4, r5, pc}
 839              		.loc 1 125 1 view .LVU121
 840              		.cfi_endproc
 841              	.LFE257:
 843              		.global	__aeabi_dcmpgt
 844              		.global	__aeabi_dcmplt
 845              		.global	__aeabi_dsub
 846              		.global	__aeabi_dcmpge
 847              		.section	.text.emm_ControlMotorToAngle,"ax",%progbits
 848              		.align	1
 849              		.global	emm_ControlMotorToAngle
 850              		.syntax unified
 851              		.thumb
 852              		.thumb_func
 854              	emm_ControlMotorToAngle:
 855              	.LVL54:
 856              	.LFB258:
 126:cooneo_Drivers/emm_motor/emm_motor.c **** 
 127:cooneo_Drivers/emm_motor/emm_motor.c **** // 上层接口
 128:cooneo_Drivers/emm_motor/emm_motor.c **** void emm_ControlMotorToAngle(uint8_t motorId, double desiredAngle) {
 857              		.loc 1 128 68 is_stmt 1 view -0
 858              		.cfi_startproc
 859              		@ args = 0, pretend = 0, frame = 0
 860              		@ frame_needed = 0, uses_anonymous_args = 0
 861              		.loc 1 128 68 is_stmt 0 view .LVU123
 862 0000 2DE9F047 		push	{r4, r5, r6, r7, r8, r9, r10, lr}
 863              	.LCFI43:
 864              		.cfi_def_cfa_offset 32
 865              		.cfi_offset 4, -32
 866              		.cfi_offset 5, -28
 867              		.cfi_offset 6, -24
 868              		.cfi_offset 7, -20
 869              		.cfi_offset 8, -16
ARM GAS  /tmp/ccjseDmv.s 			page 18


 870              		.cfi_offset 9, -12
 871              		.cfi_offset 10, -8
 872              		.cfi_offset 14, -4
 873 0004 8046     		mov	r8, r0
 874 0006 55EC104B 		vmov	r4, r5, d0
 129:cooneo_Drivers/emm_motor/emm_motor.c ****     
 130:cooneo_Drivers/emm_motor/emm_motor.c ****     //double desiredAngle = 90.0; // 目标旋转角度
 131:cooneo_Drivers/emm_motor/emm_motor.c ****     //desiredAngle = 180;
 132:cooneo_Drivers/emm_motor/emm_motor.c ****     double anglePerPulse = 1.8 / 16; // 每个脉冲的旋转角度
 875              		.loc 1 132 5 is_stmt 1 view .LVU124
 876              	.LVL55:
 133:cooneo_Drivers/emm_motor/emm_motor.c ****     uint16_t directionSpeed ; // 设置一个方向和速度值
 877              		.loc 1 133 5 view .LVU125
 134:cooneo_Drivers/emm_motor/emm_motor.c ****     uint8_t acceleration = 0x01; // 设置加速度值sss
 878              		.loc 1 134 5 view .LVU126
 135:cooneo_Drivers/emm_motor/emm_motor.c **** 
 136:cooneo_Drivers/emm_motor/emm_motor.c ****     double currentAngle = motorAngles[motorId-1]; // 假设能实时获取电机当前角度
 879              		.loc 1 136 5 view .LVU127
 880              		.loc 1 136 46 is_stmt 0 view .LVU128
 881 000a 00F1FF39 		add	r9, r0, #-1
 882              		.loc 1 136 12 view .LVU129
 883 000e 2A4B     		ldr	r3, .L74+16
 884 0010 03EBC903 		add	r3, r3, r9, lsl #3
 885 0014 D3E90067 		ldrd	r6, [r3]
 886              	.LVL56:
 137:cooneo_Drivers/emm_motor/emm_motor.c ****     // double angleToMove = desiredAngle - currentAngle; // 需要移动的角度
 138:cooneo_Drivers/emm_motor/emm_motor.c **** 
 139:cooneo_Drivers/emm_motor/emm_motor.c ****      // 确保目标角度在 -80 到 +80 度之间
 140:cooneo_Drivers/emm_motor/emm_motor.c ****     // if (desiredAngle > 70.0) desiredAngle = 70.0;
 141:cooneo_Drivers/emm_motor/emm_motor.c ****     // if (desiredAngle < -70.0) desiredAngle = -70.0;
 142:cooneo_Drivers/emm_motor/emm_motor.c **** 
 143:cooneo_Drivers/emm_motor/emm_motor.c ****     if (desiredAngle > 90.0) desiredAngle = 90.0;
 887              		.loc 1 143 5 is_stmt 1 view .LVU130
 888              		.loc 1 143 8 is_stmt 0 view .LVU131
 889 0018 0022     		movs	r2, #0
 890 001a 284B     		ldr	r3, .L74+20
 891 001c 2046     		mov	r0, r4
 892              	.LVL57:
 893              		.loc 1 143 8 view .LVU132
 894 001e 2946     		mov	r1, r5
 895 0020 FFF7FEFF 		bl	__aeabi_dcmpgt
 896              	.LVL58:
 897              		.loc 1 143 8 view .LVU133
 898 0024 48B9     		cbnz	r0, .L66
 144:cooneo_Drivers/emm_motor/emm_motor.c ****     if (desiredAngle < 0) desiredAngle = 0;
 899              		.loc 1 144 5 is_stmt 1 view .LVU134
 900              		.loc 1 144 8 is_stmt 0 view .LVU135
 901 0026 0022     		movs	r2, #0
 902 0028 0023     		movs	r3, #0
 903 002a 2046     		mov	r0, r4
 904 002c 2946     		mov	r1, r5
 905 002e FFF7FEFF 		bl	__aeabi_dcmplt
 906              	.LVL59:
 907 0032 20B1     		cbz	r0, .L60
 908              		.loc 1 144 40 discriminator 1 view .LVU136
 909 0034 0024     		movs	r4, #0
 910              	.LVL60:
ARM GAS  /tmp/ccjseDmv.s 			page 19


 911              		.loc 1 144 40 discriminator 1 view .LVU137
 912 0036 0025     		movs	r5, #0
 913 0038 01E0     		b	.L60
 914              	.LVL61:
 915              	.L66:
 143:cooneo_Drivers/emm_motor/emm_motor.c ****     if (desiredAngle < 0) desiredAngle = 0;
 916              		.loc 1 143 43 discriminator 1 view .LVU138
 917 003a 0024     		movs	r4, #0
 918              	.LVL62:
 143:cooneo_Drivers/emm_motor/emm_motor.c ****     if (desiredAngle < 0) desiredAngle = 0;
 919              		.loc 1 143 43 discriminator 1 view .LVU139
 920 003c 1F4D     		ldr	r5, .L74+20
 921              	.L60:
 922              	.LVL63:
 145:cooneo_Drivers/emm_motor/emm_motor.c **** 
 146:cooneo_Drivers/emm_motor/emm_motor.c **** 
 147:cooneo_Drivers/emm_motor/emm_motor.c ****     // 重新计算需要移动的角度
 148:cooneo_Drivers/emm_motor/emm_motor.c ****     double angleToMove = desiredAngle - currentAngle;
 923              		.loc 1 148 5 is_stmt 1 view .LVU140
 924              		.loc 1 148 12 is_stmt 0 view .LVU141
 925 003e 3246     		mov	r2, r6
 926 0040 3B46     		mov	r3, r7
 927 0042 2046     		mov	r0, r4
 928 0044 2946     		mov	r1, r5
 929 0046 FFF7FEFF 		bl	__aeabi_dsub
 930              	.LVL64:
 931 004a 0646     		mov	r6, r0
 932              	.LVL65:
 933              		.loc 1 148 12 view .LVU142
 934 004c 0F46     		mov	r7, r1
 935              	.LVL66:
 149:cooneo_Drivers/emm_motor/emm_motor.c **** 
 150:cooneo_Drivers/emm_motor/emm_motor.c ****     //   // 设置速度和方向
 151:cooneo_Drivers/emm_motor/emm_motor.c ****     uint16_t speed = 0x4FF; // 假设这是您希望使用的速度档位
 936              		.loc 1 151 5 is_stmt 1 view .LVU143
 152:cooneo_Drivers/emm_motor/emm_motor.c ****     if(angleToMove >= 0) {
 937              		.loc 1 152 5 view .LVU144
 938              		.loc 1 152 7 is_stmt 0 view .LVU145
 939 004e 0022     		movs	r2, #0
 940 0050 0023     		movs	r3, #0
 941 0052 FFF7FEFF 		bl	__aeabi_dcmpge
 942              	.LVL67:
 943 0056 E8B1     		cbz	r0, .L71
 153:cooneo_Drivers/emm_motor/emm_motor.c ****         // 正方向
 154:cooneo_Drivers/emm_motor/emm_motor.c ****         directionSpeed = (0x1 << 12) | speed;  // 方向位设置为1，其他位设置速度值
 944              		.loc 1 154 24 view .LVU146
 945 0058 41F2FF4A 		movw	r10, #5375
 946              	.L61:
 947              	.LVL68:
 155:cooneo_Drivers/emm_motor/emm_motor.c ****     } else {
 156:cooneo_Drivers/emm_motor/emm_motor.c ****         // 负方向
 157:cooneo_Drivers/emm_motor/emm_motor.c ****         directionSpeed = speed;  // 方向位设置为0（因为是负数），其他位设置速�
 158:cooneo_Drivers/emm_motor/emm_motor.c ****     }
 159:cooneo_Drivers/emm_motor/emm_motor.c **** 
 160:cooneo_Drivers/emm_motor/emm_motor.c ****     // 确保电机只移动所需的角度
 161:cooneo_Drivers/emm_motor/emm_motor.c ****     if(fabs(angleToMove) > 0.01) { // 0.01为可接受的误差范围
 948              		.loc 1 161 5 is_stmt 1 view .LVU147
ARM GAS  /tmp/ccjseDmv.s 			page 20


 949              	.LBB2:
 950              		.loc 1 161 8 is_stmt 0 view .LVU148
 951 005c 3046     		mov	r0, r6
 952 005e 27F00041 		bic	r1, r7, #-2147483648
 953              		.loc 1 161 7 view .LVU149
 954 0062 11A3     		adr	r3, .L74
 955 0064 D3E90023 		ldrd	r2, [r3]
 956 0068 FFF7FEFF 		bl	__aeabi_dcmpgt
 957              	.LVL69:
 958 006c A8B1     		cbz	r0, .L72
 959              	.LBB3:
 162:cooneo_Drivers/emm_motor/emm_motor.c ****         // 计算需要移动的脉冲数
 163:cooneo_Drivers/emm_motor/emm_motor.c ****         uint32_t pulseCount = calculatePulseCount(angleToMove, anglePerPulse);
 960              		.loc 1 163 9 is_stmt 1 view .LVU150
 961              		.loc 1 163 31 is_stmt 0 view .LVU151
 962 006e 9FED101B 		vldr.64	d1, .L74+8
 963 0072 47EC106B 		vmov	d0, r6, r7
 964 0076 FFF7FEFF 		bl	calculatePulseCount
 965              	.LVL70:
 966 007a 0346     		mov	r3, r0
 967              	.LVL71:
 164:cooneo_Drivers/emm_motor/emm_motor.c **** 
 165:cooneo_Drivers/emm_motor/emm_motor.c ****         // 调用emm_ControlMotorRelativeAngle来实际控制电机
 166:cooneo_Drivers/emm_motor/emm_motor.c ****         emm_ControlMotorRelativeAngle(motorId, directionSpeed, acceleration, pulseCount);
 968              		.loc 1 166 9 is_stmt 1 view .LVU152
 969 007c 0122     		movs	r2, #1
 970 007e 5146     		mov	r1, r10
 971 0080 4046     		mov	r0, r8
 972              	.LVL72:
 973              		.loc 1 166 9 is_stmt 0 view .LVU153
 974 0082 FFF7FEFF 		bl	emm_ControlMotorRelativeAngle
 975              	.LVL73:
 167:cooneo_Drivers/emm_motor/emm_motor.c **** 
 168:cooneo_Drivers/emm_motor/emm_motor.c ****         // 更新全局变量以记录新的角度
 169:cooneo_Drivers/emm_motor/emm_motor.c ****         motorAngles[motorId-1] = desiredAngle;
 976              		.loc 1 169 9 is_stmt 1 view .LVU154
 977              		.loc 1 169 32 is_stmt 0 view .LVU155
 978 0086 0C4B     		ldr	r3, .L74+16
 979 0088 03EBC903 		add	r3, r3, r9, lsl #3
 980 008c C3E90045 		strd	r4, [r3]
 981              	.LVL74:
 982              	.L59:
 983              		.loc 1 169 32 view .LVU156
 984              	.LBE3:
 985              	.LBE2:
 170:cooneo_Drivers/emm_motor/emm_motor.c ****         
 171:cooneo_Drivers/emm_motor/emm_motor.c ****     } else {
 172:cooneo_Drivers/emm_motor/emm_motor.c ****         // 如果已经在或非常接近目标角度，可能需要发送停止命令或不执行�
 173:cooneo_Drivers/emm_motor/emm_motor.c ****         // 这里发送停止命令或者不做任何事情
 174:cooneo_Drivers/emm_motor/emm_motor.c ****         emm_ControlMotorRelativeAngle(motorId, directionSpeed, acceleration, 0);
 175:cooneo_Drivers/emm_motor/emm_motor.c **** 
 176:cooneo_Drivers/emm_motor/emm_motor.c ****     }
 177:cooneo_Drivers/emm_motor/emm_motor.c **** }
 986              		.loc 1 177 1 view .LVU157
 987 0090 BDE8F087 		pop	{r4, r5, r6, r7, r8, r9, r10, pc}
 988              	.LVL75:
 989              	.L71:
ARM GAS  /tmp/ccjseDmv.s 			page 21


 157:cooneo_Drivers/emm_motor/emm_motor.c ****     }
 990              		.loc 1 157 24 view .LVU158
 991 0094 40F2FF4A 		movw	r10, #1279
 992 0098 E0E7     		b	.L61
 993              	.LVL76:
 994              	.L72:
 995              	.LBB4:
 174:cooneo_Drivers/emm_motor/emm_motor.c **** 
 996              		.loc 1 174 9 is_stmt 1 view .LVU159
 997 009a 0023     		movs	r3, #0
 998 009c 0122     		movs	r2, #1
 999 009e 5146     		mov	r1, r10
 1000 00a0 4046     		mov	r0, r8
 1001 00a2 FFF7FEFF 		bl	emm_ControlMotorRelativeAngle
 1002              	.LVL77:
 1003              	.LBE4:
 1004              		.loc 1 177 1 is_stmt 0 view .LVU160
 1005 00a6 F3E7     		b	.L59
 1006              	.L75:
 1007              		.align	3
 1008              	.L74:
 1009 00a8 7B14AE47 		.word	1202590843
 1010 00ac E17A843F 		.word	1065646817
 1011 00b0 CDCCCCCC 		.word	-858993459
 1012 00b4 CCCCBC3F 		.word	1069337804
 1013 00b8 00000000 		.word	motorAngles
 1014 00bc 00805640 		.word	1079410688
 1015              		.cfi_endproc
 1016              	.LFE258:
 1018              		.section	.text.convertToDirectionSpeed,"ax",%progbits
 1019              		.align	1
 1020              		.global	convertToDirectionSpeed
 1021              		.syntax unified
 1022              		.thumb
 1023              		.thumb_func
 1025              	convertToDirectionSpeed:
 1026              	.LVL78:
 1027              	.LFB259:
 178:cooneo_Drivers/emm_motor/emm_motor.c **** 
 179:cooneo_Drivers/emm_motor/emm_motor.c **** // tools
 180:cooneo_Drivers/emm_motor/emm_motor.c **** 
 181:cooneo_Drivers/emm_motor/emm_motor.c **** uint16_t convertToDirectionSpeed(int speed) {
 1028              		.loc 1 181 45 is_stmt 1 view -0
 1029              		.cfi_startproc
 1030              		@ args = 0, pretend = 0, frame = 0
 1031              		@ frame_needed = 0, uses_anonymous_args = 0
 1032              		@ link register save eliminated.
 182:cooneo_Drivers/emm_motor/emm_motor.c ****     uint16_t directionSpeed;
 1033              		.loc 1 182 5 view .LVU162
 183:cooneo_Drivers/emm_motor/emm_motor.c ****     uint16_t absSpeed = (speed >= 0) ? speed : -speed; // 获取速度的绝对值
 1034              		.loc 1 183 5 view .LVU163
 1035              		.loc 1 183 46 is_stmt 0 view .LVU164
 1036 0000 80EAE073 		eor	r3, r0, r0, asr #31
 1037 0004 A3EBE073 		sub	r3, r3, r0, asr #31
 1038              		.loc 1 183 14 view .LVU165
 1039 0008 9BB2     		uxth	r3, r3
 1040              	.LVL79:
ARM GAS  /tmp/ccjseDmv.s 			page 22


 184:cooneo_Drivers/emm_motor/emm_motor.c **** 
 185:cooneo_Drivers/emm_motor/emm_motor.c ****     // 限制速度值范围（例如，电机的实际速度范围可能是 0x0000 - 0x04FF）
 186:cooneo_Drivers/emm_motor/emm_motor.c ****     if (absSpeed > 0x04FF) {
 1041              		.loc 1 186 5 is_stmt 1 view .LVU166
 1042              		.loc 1 186 8 is_stmt 0 view .LVU167
 1043 000a B3F5A06F 		cmp	r3, #1280
 1044 000e 01D3     		bcc	.L77
 187:cooneo_Drivers/emm_motor/emm_motor.c ****         absSpeed = 0x04FF;
 1045              		.loc 1 187 18 view .LVU168
 1046 0010 40F2FF43 		movw	r3, #1279
 1047              	.LVL80:
 1048              	.L77:
 188:cooneo_Drivers/emm_motor/emm_motor.c ****     }
 189:cooneo_Drivers/emm_motor/emm_motor.c **** 
 190:cooneo_Drivers/emm_motor/emm_motor.c ****     // 设置方向位（最高半字节）
 191:cooneo_Drivers/emm_motor/emm_motor.c ****     // 假设：正数为正转（0x0），负数为反转（0x1）
 192:cooneo_Drivers/emm_motor/emm_motor.c ****     directionSpeed = (speed >= 0) ? 0x0000 : 0x1000;
 1049              		.loc 1 192 5 is_stmt 1 view .LVU169
 1050              		.loc 1 192 20 is_stmt 0 view .LVU170
 1051 0014 0028     		cmp	r0, #0
 1052 0016 02DB     		blt	.L80
 1053              		.loc 1 192 20 discriminator 1 view .LVU171
 1054 0018 0020     		movs	r0, #0
 1055              	.LVL81:
 1056              	.L78:
 193:cooneo_Drivers/emm_motor/emm_motor.c **** 
 194:cooneo_Drivers/emm_motor/emm_motor.c ****     // 结合方向和速度
 195:cooneo_Drivers/emm_motor/emm_motor.c ****     directionSpeed |= absSpeed;
 1057              		.loc 1 195 5 is_stmt 1 view .LVU172
 196:cooneo_Drivers/emm_motor/emm_motor.c **** 
 197:cooneo_Drivers/emm_motor/emm_motor.c ****     return directionSpeed;
 1058              		.loc 1 197 5 view .LVU173
 198:cooneo_Drivers/emm_motor/emm_motor.c **** }
 1059              		.loc 1 198 1 is_stmt 0 view .LVU174
 1060 001a 1843     		orrs	r0, r0, r3
 1061              	.LVL82:
 1062              		.loc 1 198 1 view .LVU175
 1063 001c 7047     		bx	lr
 1064              	.LVL83:
 1065              	.L80:
 192:cooneo_Drivers/emm_motor/emm_motor.c **** 
 1066              		.loc 1 192 20 discriminator 2 view .LVU176
 1067 001e 4FF48050 		mov	r0, #4096
 1068              	.LVL84:
 192:cooneo_Drivers/emm_motor/emm_motor.c **** 
 1069              		.loc 1 192 20 discriminator 2 view .LVU177
 1070 0022 FAE7     		b	.L78
 1071              		.cfi_endproc
 1072              	.LFE259:
 1074              		.global	__aeabi_dadd
 1075              		.section	.text.emm_UpdateMotorAngle,"ax",%progbits
 1076              		.align	1
 1077              		.global	emm_UpdateMotorAngle
 1078              		.syntax unified
 1079              		.thumb
 1080              		.thumb_func
 1082              	emm_UpdateMotorAngle:
ARM GAS  /tmp/ccjseDmv.s 			page 23


 1083              	.LVL85:
 1084              	.LFB260:
 199:cooneo_Drivers/emm_motor/emm_motor.c **** 
 200:cooneo_Drivers/emm_motor/emm_motor.c **** 
 201:cooneo_Drivers/emm_motor/emm_motor.c **** // 函数用于累加电机角度，用于多次运动后的角度计算
 202:cooneo_Drivers/emm_motor/emm_motor.c **** void emm_UpdateMotorAngle(uint8_t motorId, double additionalAngle) {
 1085              		.loc 1 202 68 is_stmt 1 view -0
 1086              		.cfi_startproc
 1087              		@ args = 0, pretend = 0, frame = 0
 1088              		@ frame_needed = 0, uses_anonymous_args = 0
 1089              		.loc 1 202 68 is_stmt 0 view .LVU179
 1090 0000 38B5     		push	{r3, r4, r5, lr}
 1091              	.LCFI44:
 1092              		.cfi_def_cfa_offset 16
 1093              		.cfi_offset 3, -16
 1094              		.cfi_offset 4, -12
 1095              		.cfi_offset 5, -8
 1096              		.cfi_offset 14, -4
 1097 0002 0446     		mov	r4, r0
 1098 0004 53EC102B 		vmov	r2, r3, d0
 203:cooneo_Drivers/emm_motor/emm_motor.c ****     // 更新电机角度
 204:cooneo_Drivers/emm_motor/emm_motor.c ****     motorAngles[motorId-1] += additionalAngle;
 1099              		.loc 1 204 5 is_stmt 1 view .LVU180
 1100              		.loc 1 204 16 is_stmt 0 view .LVU181
 1101 0008 411E     		subs	r1, r0, #1
 1102 000a 074D     		ldr	r5, .L83
 1103 000c 05EBC105 		add	r5, r5, r1, lsl #3
 1104              		.loc 1 204 28 view .LVU182
 1105 0010 D5E90001 		ldrd	r0, [r5]
 1106              	.LVL86:
 1107              		.loc 1 204 28 view .LVU183
 1108 0014 FFF7FEFF 		bl	__aeabi_dadd
 1109              	.LVL87:
 1110              		.loc 1 204 28 view .LVU184
 1111 0018 41EC100B 		vmov	d0, r0, r1
 1112 001c C5E90001 		strd	r0, [r5]
 205:cooneo_Drivers/emm_motor/emm_motor.c **** 
 206:cooneo_Drivers/emm_motor/emm_motor.c ****     // // 在实际应用中，可能还需要考虑角度的周期性，例如360度后回到0度
 207:cooneo_Drivers/emm_motor/emm_motor.c ****     // motorAngles[motorId] = fmod(motorAngles[motorId], 360.0);
 208:cooneo_Drivers/emm_motor/emm_motor.c **** 
 209:cooneo_Drivers/emm_motor/emm_motor.c ****     // 确保电机转动到新的位置
 210:cooneo_Drivers/emm_motor/emm_motor.c ****     emm_ControlMotorToAngle(motorId, motorAngles[motorId-1]);
 1113              		.loc 1 210 5 is_stmt 1 view .LVU185
 1114 0020 2046     		mov	r0, r4
 1115 0022 FFF7FEFF 		bl	emm_ControlMotorToAngle
 1116              	.LVL88:
 211:cooneo_Drivers/emm_motor/emm_motor.c **** }
 1117              		.loc 1 211 1 is_stmt 0 view .LVU186
 1118 0026 38BD     		pop	{r3, r4, r5, pc}
 1119              	.LVL89:
 1120              	.L84:
 1121              		.loc 1 211 1 view .LVU187
 1122              		.align	2
 1123              	.L83:
 1124 0028 00000000 		.word	motorAngles
 1125              		.cfi_endproc
 1126              	.LFE260:
ARM GAS  /tmp/ccjseDmv.s 			page 24


 1128              		.global	f7
 1129              		.section	.bss.f7,"aw",%nobits
 1130              		.align	2
 1133              	f7:
 1134 0000 00000000 		.space	4
 1135              		.global	f6
 1136              		.section	.bss.f6,"aw",%nobits
 1137              		.align	2
 1140              	f6:
 1141 0000 00000000 		.space	4
 1142              		.global	f5
 1143              		.section	.bss.f5,"aw",%nobits
 1144              		.align	2
 1147              	f5:
 1148 0000 00000000 		.space	4
 1149              		.global	f4
 1150              		.section	.bss.f4,"aw",%nobits
 1151              		.align	2
 1154              	f4:
 1155 0000 00000000 		.space	4
 1156              		.global	f3
 1157              		.section	.bss.f3,"aw",%nobits
 1158              		.align	2
 1161              	f3:
 1162 0000 00000000 		.space	4
 1163              		.global	f2
 1164              		.section	.bss.f2,"aw",%nobits
 1165              		.align	2
 1168              	f2:
 1169 0000 00000000 		.space	4
 1170              		.global	f1
 1171              		.section	.bss.f1,"aw",%nobits
 1172              		.align	2
 1175              	f1:
 1176 0000 00000000 		.space	4
 1177              		.global	motorAngles
 1178              		.section	.bss.motorAngles,"aw",%nobits
 1179              		.align	3
 1182              	motorAngles:
 1183 0000 00000000 		.space	24
 1183      00000000 
 1183      00000000 
 1183      00000000 
 1183      00000000 
 1184              		.text
 1185              	.Letext0:
 1186              		.file 2 "/home/w0x7ce/Downloads/arm-gnu-toolchain-13.2.rel1-x86_64-arm-none-eabi/arm-gnu-toolchain
 1187              		.file 3 "/home/w0x7ce/Downloads/arm-gnu-toolchain-13.2.rel1-x86_64-arm-none-eabi/arm-gnu-toolchain
 1188              		.file 4 "/home/w0x7ce/Downloads/arm-gnu-toolchain-13.2.rel1-x86_64-arm-none-eabi/arm-gnu-toolchain
 1189              		.file 5 "Drivers/CMSIS/Device/ST/STM32F4xx/Include/stm32f407xx.h"
 1190              		.file 6 "Drivers/STM32F4xx_HAL_Driver/Inc/stm32f4xx_hal_def.h"
 1191              		.file 7 "Drivers/STM32F4xx_HAL_Driver/Inc/stm32f4xx_hal_dma.h"
 1192              		.file 8 "Drivers/STM32F4xx_HAL_Driver/Inc/stm32f4xx_hal_uart.h"
 1193              		.file 9 "micro_ros_stm32cubemx_utils/microros_static_library/libmicroros/microros_include/rmw/time
 1194              		.file 10 "micro_ros_stm32cubemx_utils/microros_static_library/libmicroros/microros_include/rmw/typ
 1195              		.file 11 "micro_ros_stm32cubemx_utils/microros_static_library/libmicroros/microros_include/rmw/qos
 1196              		.file 12 "micro_ros_stm32cubemx_utils/microros_static_library/libmicroros/microros_include/rcl_act
ARM GAS  /tmp/ccjseDmv.s 			page 25


 1197              		.file 13 "Core/Inc/usart.h"
 1198              		.file 14 "<built-in>"
ARM GAS  /tmp/ccjseDmv.s 			page 26


DEFINED SYMBOLS
                            *ABS*:00000000 emm_motor.c
     /tmp/ccjseDmv.s:21     .text.emm_TriggerEncoderCalibration:00000000 $t
     /tmp/ccjseDmv.s:27     .text.emm_TriggerEncoderCalibration:00000000 emm_TriggerEncoderCalibration
     /tmp/ccjseDmv.s:69     .text.emm_TriggerEncoderCalibration:00000030 $d
     /tmp/ccjseDmv.s:74     .text.emm_SetCurrentPositionToZero:00000000 $t
     /tmp/ccjseDmv.s:80     .text.emm_SetCurrentPositionToZero:00000000 emm_SetCurrentPositionToZero
     /tmp/ccjseDmv.s:121    .text.emm_SetCurrentPositionToZero:0000002c $d
     /tmp/ccjseDmv.s:126    .text.emmReleaseStallProtection:00000000 $t
     /tmp/ccjseDmv.s:132    .text.emmReleaseStallProtection:00000000 emmReleaseStallProtection
     /tmp/ccjseDmv.s:174    .text.emmReleaseStallProtection:00000030 $d
     /tmp/ccjseDmv.s:179    .text.emm_ReadEncoderValue:00000000 $t
     /tmp/ccjseDmv.s:185    .text.emm_ReadEncoderValue:00000000 emm_ReadEncoderValue
     /tmp/ccjseDmv.s:231    .text.emm_ReadEncoderValue:00000030 $d
     /tmp/ccjseDmv.s:1175   .bss.f1:00000000 f1
     /tmp/ccjseDmv.s:237    .text.emm_ReadInputPulses:00000000 $t
     /tmp/ccjseDmv.s:243    .text.emm_ReadInputPulses:00000000 emm_ReadInputPulses
     /tmp/ccjseDmv.s:289    .text.emm_ReadInputPulses:00000030 $d
     /tmp/ccjseDmv.s:1168   .bss.f2:00000000 f2
     /tmp/ccjseDmv.s:295    .text.emm_ReadMotorRealTimePosition:00000000 $t
     /tmp/ccjseDmv.s:301    .text.emm_ReadMotorRealTimePosition:00000000 emm_ReadMotorRealTimePosition
     /tmp/ccjseDmv.s:347    .text.emm_ReadMotorRealTimePosition:00000030 $d
     /tmp/ccjseDmv.s:1161   .bss.f3:00000000 f3
     /tmp/ccjseDmv.s:353    .text.emm_ReadPositionError:00000000 $t
     /tmp/ccjseDmv.s:359    .text.emm_ReadPositionError:00000000 emm_ReadPositionError
     /tmp/ccjseDmv.s:399    .text.emm_ReadPositionError:00000028 $d
     /tmp/ccjseDmv.s:404    .text.emm_ReadEnableStatus:00000000 $t
     /tmp/ccjseDmv.s:410    .text.emm_ReadEnableStatus:00000000 emm_ReadEnableStatus
     /tmp/ccjseDmv.s:450    .text.emm_ReadEnableStatus:00000028 $d
     /tmp/ccjseDmv.s:455    .text.emm_ReadStallFlag:00000000 $t
     /tmp/ccjseDmv.s:461    .text.emm_ReadStallFlag:00000000 emm_ReadStallFlag
     /tmp/ccjseDmv.s:501    .text.emm_ReadStallFlag:00000028 $d
     /tmp/ccjseDmv.s:506    .text.emm_ReadAutoHomeStatus:00000000 $t
     /tmp/ccjseDmv.s:512    .text.emm_ReadAutoHomeStatus:00000000 emm_ReadAutoHomeStatus
     /tmp/ccjseDmv.s:552    .text.emm_ReadAutoHomeStatus:00000028 $d
     /tmp/ccjseDmv.s:557    .text.emm_ControlMotorEnable:00000000 $t
     /tmp/ccjseDmv.s:563    .text.emm_ControlMotorEnable:00000000 emm_ControlMotorEnable
     /tmp/ccjseDmv.s:606    .text.emm_ControlMotorEnable:0000002c $d
     /tmp/ccjseDmv.s:611    .text.emm_ControlMotorDirectionSpeed:00000000 $t
     /tmp/ccjseDmv.s:617    .text.emm_ControlMotorDirectionSpeed:00000000 emm_ControlMotorDirectionSpeed
     /tmp/ccjseDmv.s:665    .text.emm_ControlMotorDirectionSpeed:00000034 $d
     /tmp/ccjseDmv.s:670    .text.emm_StoreOrClearParameters:00000000 $t
     /tmp/ccjseDmv.s:676    .text.emm_StoreOrClearParameters:00000000 emm_StoreOrClearParameters
     /tmp/ccjseDmv.s:719    .text.emm_StoreOrClearParameters:0000002c $d
     /tmp/ccjseDmv.s:724    .text.emm_ControlMotorRelativeAngle:00000000 $t
     /tmp/ccjseDmv.s:730    .text.emm_ControlMotorRelativeAngle:00000000 emm_ControlMotorRelativeAngle
     /tmp/ccjseDmv.s:788    .text.emm_ControlMotorRelativeAngle:00000048 $d
     /tmp/ccjseDmv.s:797    .text.calculatePulseCount:00000000 $t
     /tmp/ccjseDmv.s:803    .text.calculatePulseCount:00000000 calculatePulseCount
     /tmp/ccjseDmv.s:848    .text.emm_ControlMotorToAngle:00000000 $t
     /tmp/ccjseDmv.s:854    .text.emm_ControlMotorToAngle:00000000 emm_ControlMotorToAngle
     /tmp/ccjseDmv.s:1009   .text.emm_ControlMotorToAngle:000000a8 $d
     /tmp/ccjseDmv.s:1182   .bss.motorAngles:00000000 motorAngles
     /tmp/ccjseDmv.s:1019   .text.convertToDirectionSpeed:00000000 $t
     /tmp/ccjseDmv.s:1025   .text.convertToDirectionSpeed:00000000 convertToDirectionSpeed
     /tmp/ccjseDmv.s:1076   .text.emm_UpdateMotorAngle:00000000 $t
     /tmp/ccjseDmv.s:1082   .text.emm_UpdateMotorAngle:00000000 emm_UpdateMotorAngle
ARM GAS  /tmp/ccjseDmv.s 			page 27


     /tmp/ccjseDmv.s:1124   .text.emm_UpdateMotorAngle:00000028 $d
     /tmp/ccjseDmv.s:1133   .bss.f7:00000000 f7
     /tmp/ccjseDmv.s:1130   .bss.f7:00000000 $d
     /tmp/ccjseDmv.s:1140   .bss.f6:00000000 f6
     /tmp/ccjseDmv.s:1137   .bss.f6:00000000 $d
     /tmp/ccjseDmv.s:1147   .bss.f5:00000000 f5
     /tmp/ccjseDmv.s:1144   .bss.f5:00000000 $d
     /tmp/ccjseDmv.s:1154   .bss.f4:00000000 f4
     /tmp/ccjseDmv.s:1151   .bss.f4:00000000 $d
     /tmp/ccjseDmv.s:1158   .bss.f3:00000000 $d
     /tmp/ccjseDmv.s:1165   .bss.f2:00000000 $d
     /tmp/ccjseDmv.s:1172   .bss.f1:00000000 $d
     /tmp/ccjseDmv.s:1179   .bss.motorAngles:00000000 $d

UNDEFINED SYMBOLS
HAL_UART_Transmit
huart1
__aeabi_d2iz
__aeabi_i2d
__aeabi_ddiv
__aeabi_d2uiz
__aeabi_dcmpgt
__aeabi_dcmplt
__aeabi_dsub
__aeabi_dcmpge
__aeabi_dadd
