ARM GAS  /tmp/ccUYpxD5.s 			page 1


   1              		.cpu cortex-m4
   2              		.eabi_attribute 27, 1
   3              		.eabi_attribute 28, 1
   4              		.eabi_attribute 20, 1
   5              		.eabi_attribute 21, 1
   6              		.eabi_attribute 23, 3
   7              		.eabi_attribute 24, 1
   8              		.eabi_attribute 25, 1
   9              		.eabi_attribute 26, 1
  10              		.eabi_attribute 30, 1
  11              		.eabi_attribute 34, 1
  12              		.eabi_attribute 18, 4
  13              		.file	"freertos.c"
  14              		.text
  15              	.Ltext0:
  16              		.cfi_sections	.debug_frame
  17              		.section	.text.StartDefaultTask,"ax",%progbits
  18              		.align	1
  19              		.global	StartDefaultTask
  20              		.arch armv7e-m
  21              		.syntax unified
  22              		.thumb
  23              		.thumb_func
  24              		.fpu fpv4-sp-d16
  26              	StartDefaultTask:
  27              	.LVL0:
  28              	.LFB143:
  29              		.file 1 "Core/Src/freertos.c"
   1:Core/Src/freertos.c **** /* USER CODE BEGIN Header */
   2:Core/Src/freertos.c **** /**
   3:Core/Src/freertos.c ****  ******************************************************************************
   4:Core/Src/freertos.c ****  * File Name          : freertos.c
   5:Core/Src/freertos.c ****  * Description        : Code for freertos applications
   6:Core/Src/freertos.c ****  ******************************************************************************
   7:Core/Src/freertos.c ****  * @attention
   8:Core/Src/freertos.c ****  *
   9:Core/Src/freertos.c ****  * Copyright (c) 2023 STMicroelectronics.
  10:Core/Src/freertos.c ****  * All rights reserved.
  11:Core/Src/freertos.c ****  *
  12:Core/Src/freertos.c ****  * This software is licensed under terms that can be found in the LICENSE file
  13:Core/Src/freertos.c ****  * in the root directory of this software component.
  14:Core/Src/freertos.c ****  * If no LICENSE file comes with this software, it is provided AS-IS.
  15:Core/Src/freertos.c ****  *
  16:Core/Src/freertos.c ****  ******************************************************************************
  17:Core/Src/freertos.c ****  */
  18:Core/Src/freertos.c **** /* USER CODE END Header */
  19:Core/Src/freertos.c **** 
  20:Core/Src/freertos.c **** /* Includes ------------------------------------------------------------------*/
  21:Core/Src/freertos.c **** #include "FreeRTOS.h"
  22:Core/Src/freertos.c **** #include "task.h"
  23:Core/Src/freertos.c **** #include "main.h"
  24:Core/Src/freertos.c **** #include "cmsis_os.h"
  25:Core/Src/freertos.c **** 
  26:Core/Src/freertos.c **** /* Private includes ----------------------------------------------------------*/
  27:Core/Src/freertos.c **** /* USER CODE BEGIN Includes */
  28:Core/Src/freertos.c **** #include "gpio.h"
  29:Core/Src/freertos.c **** #include "usart.h"
ARM GAS  /tmp/ccUYpxD5.s 			page 2


  30:Core/Src/freertos.c **** #include "tim.h"
  31:Core/Src/freertos.c **** #include "microros_task.h"
  32:Core/Src/freertos.c **** 
  33:Core/Src/freertos.c **** /* USER CODE END Includes */
  34:Core/Src/freertos.c **** 
  35:Core/Src/freertos.c **** /* Private typedef -----------------------------------------------------------*/
  36:Core/Src/freertos.c **** typedef StaticTask_t osStaticThreadDef_t;
  37:Core/Src/freertos.c **** /* USER CODE BEGIN PTD */
  38:Core/Src/freertos.c **** 
  39:Core/Src/freertos.c **** /* USER CODE END PTD */
  40:Core/Src/freertos.c **** 
  41:Core/Src/freertos.c **** /* Private define ------------------------------------------------------------*/
  42:Core/Src/freertos.c **** /* USER CODE BEGIN PD */
  43:Core/Src/freertos.c **** 
  44:Core/Src/freertos.c **** /* USER CODE END PD */
  45:Core/Src/freertos.c **** 
  46:Core/Src/freertos.c **** /* Private macro -------------------------------------------------------------*/
  47:Core/Src/freertos.c **** /* USER CODE BEGIN PM */
  48:Core/Src/freertos.c **** 
  49:Core/Src/freertos.c **** /* USER CODE END PM */
  50:Core/Src/freertos.c **** 
  51:Core/Src/freertos.c **** /* Private variables ---------------------------------------------------------*/
  52:Core/Src/freertos.c **** /* USER CODE BEGIN Variables */
  53:Core/Src/freertos.c **** 
  54:Core/Src/freertos.c **** /* USER CODE END Variables */
  55:Core/Src/freertos.c **** /* Definitions for defaultTask */
  56:Core/Src/freertos.c **** osThreadId_t defaultTaskHandle;
  57:Core/Src/freertos.c **** uint32_t defaultTaskBuffer[ 6000 ];
  58:Core/Src/freertos.c **** osStaticThreadDef_t defaultTaskControlBlock;
  59:Core/Src/freertos.c **** const osThreadAttr_t defaultTask_attributes = {
  60:Core/Src/freertos.c ****   .name = "defaultTask",
  61:Core/Src/freertos.c ****   .cb_mem = &defaultTaskControlBlock,
  62:Core/Src/freertos.c ****   .cb_size = sizeof(defaultTaskControlBlock),
  63:Core/Src/freertos.c ****   .stack_mem = &defaultTaskBuffer[0],
  64:Core/Src/freertos.c ****   .stack_size = sizeof(defaultTaskBuffer),
  65:Core/Src/freertos.c ****   .priority = (osPriority_t) osPriorityNormal,
  66:Core/Src/freertos.c **** };
  67:Core/Src/freertos.c **** /* Definitions for myTask02 */
  68:Core/Src/freertos.c **** osThreadId_t myTask02Handle;
  69:Core/Src/freertos.c **** uint32_t myTask02Buffer[ 2000 ];
  70:Core/Src/freertos.c **** osStaticThreadDef_t myTask02ControlBlock;
  71:Core/Src/freertos.c **** const osThreadAttr_t myTask02_attributes = {
  72:Core/Src/freertos.c ****   .name = "myTask02",
  73:Core/Src/freertos.c ****   .cb_mem = &myTask02ControlBlock,
  74:Core/Src/freertos.c ****   .cb_size = sizeof(myTask02ControlBlock),
  75:Core/Src/freertos.c ****   .stack_mem = &myTask02Buffer[0],
  76:Core/Src/freertos.c ****   .stack_size = sizeof(myTask02Buffer),
  77:Core/Src/freertos.c ****   .priority = (osPriority_t) osPriorityNormal,
  78:Core/Src/freertos.c **** };
  79:Core/Src/freertos.c **** 
  80:Core/Src/freertos.c **** /* Private function prototypes -----------------------------------------------*/
  81:Core/Src/freertos.c **** /* USER CODE BEGIN FunctionPrototypes */
  82:Core/Src/freertos.c **** 
  83:Core/Src/freertos.c **** /* USER CODE END FunctionPrototypes */
  84:Core/Src/freertos.c **** 
  85:Core/Src/freertos.c **** void StartDefaultTask(void *argument);
  86:Core/Src/freertos.c **** void StartTask02(void *argument);
ARM GAS  /tmp/ccUYpxD5.s 			page 3


  87:Core/Src/freertos.c **** 
  88:Core/Src/freertos.c **** void MX_FREERTOS_Init(void); /* (MISRA C 2004 rule 8.1) */
  89:Core/Src/freertos.c **** 
  90:Core/Src/freertos.c **** /**
  91:Core/Src/freertos.c ****   * @brief  FreeRTOS initialization
  92:Core/Src/freertos.c ****   * @param  None
  93:Core/Src/freertos.c ****   * @retval None
  94:Core/Src/freertos.c ****   */
  95:Core/Src/freertos.c **** void MX_FREERTOS_Init(void) {
  96:Core/Src/freertos.c ****   /* USER CODE BEGIN Init */
  97:Core/Src/freertos.c **** 
  98:Core/Src/freertos.c ****   /* USER CODE END Init */
  99:Core/Src/freertos.c **** 
 100:Core/Src/freertos.c ****   /* USER CODE BEGIN RTOS_MUTEX */
 101:Core/Src/freertos.c ****   /* add mutexes, ... */
 102:Core/Src/freertos.c ****   /* USER CODE END RTOS_MUTEX */
 103:Core/Src/freertos.c **** 
 104:Core/Src/freertos.c ****   /* USER CODE BEGIN RTOS_SEMAPHORES */
 105:Core/Src/freertos.c ****   /* add semaphores, ... */
 106:Core/Src/freertos.c ****   /* USER CODE END RTOS_SEMAPHORES */
 107:Core/Src/freertos.c **** 
 108:Core/Src/freertos.c ****   /* USER CODE BEGIN RTOS_TIMERS */
 109:Core/Src/freertos.c ****   /* start timers, add new ones, ... */
 110:Core/Src/freertos.c ****   /* USER CODE END RTOS_TIMERS */
 111:Core/Src/freertos.c **** 
 112:Core/Src/freertos.c ****   /* USER CODE BEGIN RTOS_QUEUES */
 113:Core/Src/freertos.c ****   /* add queues, ... */
 114:Core/Src/freertos.c ****   /* USER CODE END RTOS_QUEUES */
 115:Core/Src/freertos.c **** 
 116:Core/Src/freertos.c ****   /* Create the thread(s) */
 117:Core/Src/freertos.c ****   /* creation of defaultTask */
 118:Core/Src/freertos.c ****   defaultTaskHandle = osThreadNew(StartDefaultTask, NULL, &defaultTask_attributes);
 119:Core/Src/freertos.c **** 
 120:Core/Src/freertos.c ****   /* creation of myTask02 */
 121:Core/Src/freertos.c ****   myTask02Handle = osThreadNew(StartTask02, NULL, &myTask02_attributes);
 122:Core/Src/freertos.c **** 
 123:Core/Src/freertos.c ****   /* USER CODE BEGIN RTOS_THREADS */
 124:Core/Src/freertos.c ****   /* add threads, ... */
 125:Core/Src/freertos.c ****   /* USER CODE END RTOS_THREADS */
 126:Core/Src/freertos.c **** 
 127:Core/Src/freertos.c ****   /* USER CODE BEGIN RTOS_EVENTS */
 128:Core/Src/freertos.c ****   /* add events, ... */
 129:Core/Src/freertos.c ****   /* USER CODE END RTOS_EVENTS */
 130:Core/Src/freertos.c **** 
 131:Core/Src/freertos.c **** }
 132:Core/Src/freertos.c **** 
 133:Core/Src/freertos.c **** /* USER CODE BEGIN Header_StartDefaultTask */
 134:Core/Src/freertos.c **** /**
 135:Core/Src/freertos.c ****  * @brief  Function implementing the defaultTask thread.
 136:Core/Src/freertos.c ****  * @param  argument: Not used
 137:Core/Src/freertos.c ****  * @retval None
 138:Core/Src/freertos.c ****  */
 139:Core/Src/freertos.c **** /* USER CODE END Header_StartDefaultTask */
 140:Core/Src/freertos.c **** void StartDefaultTask(void *argument)
 141:Core/Src/freertos.c **** {
  30              		.loc 1 141 1 view -0
  31              		.cfi_startproc
ARM GAS  /tmp/ccUYpxD5.s 			page 4


  32              		@ args = 0, pretend = 0, frame = 0
  33              		@ frame_needed = 0, uses_anonymous_args = 0
  34              		.loc 1 141 1 is_stmt 0 view .LVU1
  35 0000 10B5     		push	{r4, lr}
  36              	.LCFI0:
  37              		.cfi_def_cfa_offset 8
  38              		.cfi_offset 4, -8
  39              		.cfi_offset 14, -4
  40 0002 0446     		mov	r4, r0
 142:Core/Src/freertos.c ****   /* USER CODE BEGIN StartDefaultTask */
 143:Core/Src/freertos.c ****   MicroROS_Init();
  41              		.loc 1 143 3 is_stmt 1 view .LVU2
  42 0004 FFF7FEFF 		bl	MicroROS_Init
  43              	.LVL1:
 144:Core/Src/freertos.c ****   
 145:Core/Src/freertos.c ****   /* Start MicroROS task */
 146:Core/Src/freertos.c ****   MicroROS_TaskStart(argument);
  44              		.loc 1 146 3 view .LVU3
  45 0008 2046     		mov	r0, r4
  46 000a FFF7FEFF 		bl	MicroROS_TaskStart
  47              	.LVL2:
 147:Core/Src/freertos.c **** 
 148:Core/Src/freertos.c ****   /* USER CODE END StartDefaultTask */
 149:Core/Src/freertos.c **** }
  48              		.loc 1 149 1 is_stmt 0 view .LVU4
  49 000e 10BD     		pop	{r4, pc}
  50              		.loc 1 149 1 view .LVU5
  51              		.cfi_endproc
  52              	.LFE143:
  54              		.section	.text.StartTask02,"ax",%progbits
  55              		.align	1
  56              		.global	StartTask02
  57              		.syntax unified
  58              		.thumb
  59              		.thumb_func
  60              		.fpu fpv4-sp-d16
  62              	StartTask02:
  63              	.LFB144:
 150:Core/Src/freertos.c **** 
 151:Core/Src/freertos.c **** /* USER CODE BEGIN Header_StartTask02 */
 152:Core/Src/freertos.c **** /**
 153:Core/Src/freertos.c **** * @brief Function implementing the myTask02 thread.
 154:Core/Src/freertos.c **** * @param argument: Not used
 155:Core/Src/freertos.c **** * @retval None
 156:Core/Src/freertos.c **** */
 157:Core/Src/freertos.c **** GPIO_PinState pinState;
 158:Core/Src/freertos.c **** /* USER CODE END Header_StartTask02 */
 159:Core/Src/freertos.c **** void StartTask02(void *argument)
 160:Core/Src/freertos.c **** {
  64              		.loc 1 160 1 is_stmt 1 view -0
  65              		.cfi_startproc
  66              		@ Volatile: function does not return.
  67              		@ args = 0, pretend = 0, frame = 0
  68              		@ frame_needed = 0, uses_anonymous_args = 0
  69              	.LVL3:
  70              		.loc 1 160 1 is_stmt 0 view .LVU7
  71 0000 08B5     		push	{r3, lr}
ARM GAS  /tmp/ccUYpxD5.s 			page 5


  72              	.LCFI1:
  73              		.cfi_def_cfa_offset 8
  74              		.cfi_offset 3, -8
  75              		.cfi_offset 14, -4
  76 0002 02E0     		b	.L5
  77              	.LVL4:
  78              	.L4:
 161:Core/Src/freertos.c ****   /* USER CODE BEGIN StartTask02 */
 162:Core/Src/freertos.c ****   
 163:Core/Src/freertos.c ****   /* Infinite loop */
 164:Core/Src/freertos.c ****   for(;;)
 165:Core/Src/freertos.c ****   {
 166:Core/Src/freertos.c ****     // 读取GPIOE1引脚状态
 167:Core/Src/freertos.c ****     pinState = HAL_GPIO_ReadPin(GPIOE, GPIO_PIN_1);
 168:Core/Src/freertos.c ****     
 169:Core/Src/freertos.c ****     // 如果是低电平状态
 170:Core/Src/freertos.c ****     if(pinState == GPIO_PIN_RESET)
 171:Core/Src/freertos.c ****     {
 172:Core/Src/freertos.c ****       // 执行系统复位5
 173:Core/Src/freertos.c ****       HAL_NVIC_SystemReset();
 174:Core/Src/freertos.c ****       // MicroROS_Init();
 175:Core/Src/freertos.c ****     }
 176:Core/Src/freertos.c ****     
 177:Core/Src/freertos.c ****     osDelay(1);
  79              		.loc 1 177 5 is_stmt 1 view .LVU8
  80 0004 0120     		movs	r0, #1
  81 0006 FFF7FEFF 		bl	osDelay
  82              	.LVL5:
 164:Core/Src/freertos.c ****   {
  83              		.loc 1 164 8 view .LVU9
  84              	.L5:
 164:Core/Src/freertos.c ****   {
  85              		.loc 1 164 3 view .LVU10
 167:Core/Src/freertos.c ****     
  86              		.loc 1 167 5 view .LVU11
 167:Core/Src/freertos.c ****     
  87              		.loc 1 167 16 is_stmt 0 view .LVU12
  88 000a 0221     		movs	r1, #2
  89 000c 0448     		ldr	r0, .L7
  90 000e FFF7FEFF 		bl	HAL_GPIO_ReadPin
  91              	.LVL6:
 167:Core/Src/freertos.c ****     
  92              		.loc 1 167 14 view .LVU13
  93 0012 044B     		ldr	r3, .L7+4
  94 0014 1870     		strb	r0, [r3]
 170:Core/Src/freertos.c ****     {
  95              		.loc 1 170 5 is_stmt 1 view .LVU14
 170:Core/Src/freertos.c ****     {
  96              		.loc 1 170 7 is_stmt 0 view .LVU15
  97 0016 0028     		cmp	r0, #0
  98 0018 F4D1     		bne	.L4
 173:Core/Src/freertos.c ****       // MicroROS_Init();
  99              		.loc 1 173 7 is_stmt 1 view .LVU16
 100 001a FFF7FEFF 		bl	HAL_NVIC_SystemReset
 101              	.LVL7:
 102 001e F1E7     		b	.L4
 103              	.L8:
ARM GAS  /tmp/ccUYpxD5.s 			page 6


 104              		.align	2
 105              	.L7:
 106 0020 00100240 		.word	1073876992
 107 0024 00000000 		.word	pinState
 108              		.cfi_endproc
 109              	.LFE144:
 111              		.section	.text.MX_FREERTOS_Init,"ax",%progbits
 112              		.align	1
 113              		.global	MX_FREERTOS_Init
 114              		.syntax unified
 115              		.thumb
 116              		.thumb_func
 117              		.fpu fpv4-sp-d16
 119              	MX_FREERTOS_Init:
 120              	.LFB142:
  95:Core/Src/freertos.c ****   /* USER CODE BEGIN Init */
 121              		.loc 1 95 29 view -0
 122              		.cfi_startproc
 123              		@ args = 0, pretend = 0, frame = 0
 124              		@ frame_needed = 0, uses_anonymous_args = 0
 125 0000 08B5     		push	{r3, lr}
 126              	.LCFI2:
 127              		.cfi_def_cfa_offset 8
 128              		.cfi_offset 3, -8
 129              		.cfi_offset 14, -4
 118:Core/Src/freertos.c **** 
 130              		.loc 1 118 3 view .LVU18
 118:Core/Src/freertos.c **** 
 131              		.loc 1 118 23 is_stmt 0 view .LVU19
 132 0002 074A     		ldr	r2, .L11
 133 0004 0021     		movs	r1, #0
 134 0006 0748     		ldr	r0, .L11+4
 135 0008 FFF7FEFF 		bl	osThreadNew
 136              	.LVL8:
 118:Core/Src/freertos.c **** 
 137              		.loc 1 118 21 view .LVU20
 138 000c 064B     		ldr	r3, .L11+8
 139 000e 1860     		str	r0, [r3]
 121:Core/Src/freertos.c **** 
 140              		.loc 1 121 3 is_stmt 1 view .LVU21
 121:Core/Src/freertos.c **** 
 141              		.loc 1 121 20 is_stmt 0 view .LVU22
 142 0010 064A     		ldr	r2, .L11+12
 143 0012 0021     		movs	r1, #0
 144 0014 0648     		ldr	r0, .L11+16
 145 0016 FFF7FEFF 		bl	osThreadNew
 146              	.LVL9:
 121:Core/Src/freertos.c **** 
 147              		.loc 1 121 18 view .LVU23
 148 001a 064B     		ldr	r3, .L11+20
 149 001c 1860     		str	r0, [r3]
 131:Core/Src/freertos.c **** 
 150              		.loc 1 131 1 view .LVU24
 151 001e 08BD     		pop	{r3, pc}
 152              	.L12:
 153              		.align	2
 154              	.L11:
ARM GAS  /tmp/ccUYpxD5.s 			page 7


 155 0020 00000000 		.word	.LANCHOR0
 156 0024 00000000 		.word	StartDefaultTask
 157 0028 00000000 		.word	defaultTaskHandle
 158 002c 00000000 		.word	.LANCHOR1
 159 0030 00000000 		.word	StartTask02
 160 0034 00000000 		.word	myTask02Handle
 161              		.cfi_endproc
 162              	.LFE142:
 164              		.comm	pinState,1,1
 165              		.global	myTask02_attributes
 166              		.section	.rodata.str1.4,"aMS",%progbits,1
 167              		.align	2
 168              	.LC0:
 169 0000 6D795461 		.ascii	"myTask02\000"
 169      736B3032 
 169      00
 170              		.comm	myTask02ControlBlock,92,4
 171              		.comm	myTask02Buffer,8000,4
 172              		.comm	myTask02Handle,4,4
 173              		.global	defaultTask_attributes
 174 0009 000000   		.align	2
 175              	.LC1:
 176 000c 64656661 		.ascii	"defaultTask\000"
 176      756C7454 
 176      61736B00 
 177              		.comm	defaultTaskControlBlock,92,4
 178              		.comm	defaultTaskBuffer,24000,4
 179              		.comm	defaultTaskHandle,4,4
 180              		.section	.rodata.defaultTask_attributes,"a"
 181              		.align	2
 182              		.set	.LANCHOR0,. + 0
 185              	defaultTask_attributes:
 186 0000 0C000000 		.word	.LC1
 187 0004 00000000 		.space	4
 188 0008 00000000 		.word	defaultTaskControlBlock
 189 000c 5C000000 		.word	92
 190 0010 00000000 		.word	defaultTaskBuffer
 191 0014 C05D0000 		.word	24000
 192 0018 18000000 		.word	24
 193 001c 00000000 		.space	8
 193      00000000 
 194              		.section	.rodata.myTask02_attributes,"a"
 195              		.align	2
 196              		.set	.LANCHOR1,. + 0
 199              	myTask02_attributes:
 200 0000 00000000 		.word	.LC0
 201 0004 00000000 		.space	4
 202 0008 00000000 		.word	myTask02ControlBlock
 203 000c 5C000000 		.word	92
 204 0010 00000000 		.word	myTask02Buffer
 205 0014 401F0000 		.word	8000
 206 0018 18000000 		.word	24
 207 001c 00000000 		.space	8
 207      00000000 
 208              		.text
 209              	.Letext0:
 210              		.file 2 "/opt/gcc-arm-none-eabi-9-2020-q2-update/lib/gcc/arm-none-eabi/9.3.1/include/stddef.h"
ARM GAS  /tmp/ccUYpxD5.s 			page 8


 211              		.file 3 "/opt/gcc-arm-none-eabi-9-2020-q2-update/arm-none-eabi/include/machine/_default_types.h"
 212              		.file 4 "/opt/gcc-arm-none-eabi-9-2020-q2-update/arm-none-eabi/include/sys/_stdint.h"
 213              		.file 5 "Middlewares/Third_Party/FreeRTOS/Source/portable/GCC/ARM_CM4F/portmacro.h"
 214              		.file 6 "Middlewares/Third_Party/FreeRTOS/Source/include/FreeRTOS.h"
 215              		.file 7 "Core/Inc/FreeRTOSConfig.h"
 216              		.file 8 "Drivers/CMSIS/Include/core_cm4.h"
 217              		.file 9 "Drivers/CMSIS/Device/ST/STM32F4xx/Include/system_stm32f4xx.h"
 218              		.file 10 "Drivers/CMSIS/Device/ST/STM32F4xx/Include/stm32f407xx.h"
 219              		.file 11 "Drivers/STM32F4xx_HAL_Driver/Inc/stm32f4xx_hal_def.h"
 220              		.file 12 "Drivers/STM32F4xx_HAL_Driver/Inc/stm32f4xx_hal_gpio.h"
 221              		.file 13 "Drivers/STM32F4xx_HAL_Driver/Inc/stm32f4xx_hal_dma.h"
 222              		.file 14 "Drivers/STM32F4xx_HAL_Driver/Inc/stm32f4xx_hal_tim.h"
 223              		.file 15 "Drivers/STM32F4xx_HAL_Driver/Inc/stm32f4xx_hal_uart.h"
 224              		.file 16 "Drivers/STM32F4xx_HAL_Driver/Inc/stm32f4xx_hal.h"
 225              		.file 17 "Middlewares/Third_Party/FreeRTOS/Source/CMSIS_RTOS_V2/cmsis_os2.h"
 226              		.file 18 "Core/Inc/usart.h"
 227              		.file 19 "Core/Inc/tim.h"
 228              		.file 20 "Cus/MOTOR_DRV/pid.h"
 229              		.file 21 "Cus/MOTOR_DRV/encoder.h"
 230              		.file 22 "Cus/MOTOR_DRV/motor.h"
 231              		.file 23 "/opt/gcc-arm-none-eabi-9-2020-q2-update/lib/gcc/arm-none-eabi/9.3.1/include/stdarg.h"
 232              		.file 24 "/opt/gcc-arm-none-eabi-9-2020-q2-update/arm-none-eabi/include/stdio.h"
 233              		.file 25 "/opt/gcc-arm-none-eabi-9-2020-q2-update/arm-none-eabi/include/sys/_types.h"
 234              		.file 26 "/opt/gcc-arm-none-eabi-9-2020-q2-update/arm-none-eabi/include/sys/reent.h"
 235              		.file 27 "/opt/gcc-arm-none-eabi-9-2020-q2-update/arm-none-eabi/include/sys/lock.h"
 236              		.file 28 "/opt/gcc-arm-none-eabi-9-2020-q2-update/arm-none-eabi/include/stdlib.h"
 237              		.file 29 "micro_ros_stm32cubemx_utils/microros_static_library/libmicroros/microros_include/rcutils
 238              		.file 30 "micro_ros_stm32cubemx_utils/microros_static_library/libmicroros/microros_include/rcutils
 239              		.file 31 "micro_ros_stm32cubemx_utils/microros_static_library/libmicroros/microros_include/rmw/tim
 240              		.file 32 "micro_ros_stm32cubemx_utils/microros_static_library/libmicroros/microros_include/rmw/typ
 241              		.file 33 "micro_ros_stm32cubemx_utils/microros_static_library/libmicroros/microros_include/rcl/dom
 242              		.file 34 "micro_ros_stm32cubemx_utils/microros_static_library/libmicroros/microros_include/rcl/nod
 243              		.file 35 "micro_ros_stm32cubemx_utils/microros_static_library/libmicroros/microros_include/rmw/qos
 244              		.file 36 "micro_ros_stm32cubemx_utils/microros_static_library/libmicroros/microros_include/rcl_act
 245              		.file 37 "micro_ros_stm32cubemx_utils/microros_static_library/libmicroros/microros_include/rcl_act
 246              		.file 38 "/opt/gcc-arm-none-eabi-9-2020-q2-update/arm-none-eabi/include/math.h"
 247              		.file 39 "Drivers/STM32F4xx_HAL_Driver/Inc/stm32f4xx_hal_cortex.h"
 248              		.file 40 "Cus/MICROROS/microros_task.h"
 249              		.file 41 "<built-in>"
ARM GAS  /tmp/ccUYpxD5.s 			page 9


DEFINED SYMBOLS
                            *ABS*:0000000000000000 freertos.c
     /tmp/ccUYpxD5.s:18     .text.StartDefaultTask:0000000000000000 $t
     /tmp/ccUYpxD5.s:26     .text.StartDefaultTask:0000000000000000 StartDefaultTask
     /tmp/ccUYpxD5.s:55     .text.StartTask02:0000000000000000 $t
     /tmp/ccUYpxD5.s:62     .text.StartTask02:0000000000000000 StartTask02
     /tmp/ccUYpxD5.s:106    .text.StartTask02:0000000000000020 $d
                            *COM*:0000000000000001 pinState
     /tmp/ccUYpxD5.s:112    .text.MX_FREERTOS_Init:0000000000000000 $t
     /tmp/ccUYpxD5.s:119    .text.MX_FREERTOS_Init:0000000000000000 MX_FREERTOS_Init
     /tmp/ccUYpxD5.s:155    .text.MX_FREERTOS_Init:0000000000000020 $d
                            *COM*:0000000000000004 defaultTaskHandle
                            *COM*:0000000000000004 myTask02Handle
     /tmp/ccUYpxD5.s:199    .rodata.myTask02_attributes:0000000000000000 myTask02_attributes
     /tmp/ccUYpxD5.s:167    .rodata.str1.4:0000000000000000 $d
                            *COM*:000000000000005c myTask02ControlBlock
                            *COM*:0000000000001f40 myTask02Buffer
     /tmp/ccUYpxD5.s:185    .rodata.defaultTask_attributes:0000000000000000 defaultTask_attributes
                            *COM*:000000000000005c defaultTaskControlBlock
                            *COM*:0000000000005dc0 defaultTaskBuffer
     /tmp/ccUYpxD5.s:181    .rodata.defaultTask_attributes:0000000000000000 $d
     /tmp/ccUYpxD5.s:195    .rodata.myTask02_attributes:0000000000000000 $d

UNDEFINED SYMBOLS
MicroROS_Init
MicroROS_TaskStart
osDelay
HAL_GPIO_ReadPin
HAL_NVIC_SystemReset
osThreadNew
