ARM GAS  /tmp/ccgZFU0v.s 			page 1


   1              		.cpu cortex-m4
   2              		.eabi_attribute 27, 1
   3              		.eabi_attribute 28, 1
   4              		.eabi_attribute 20, 1
   5              		.eabi_attribute 21, 1
   6              		.eabi_attribute 23, 3
   7              		.eabi_attribute 24, 1
   8              		.eabi_attribute 25, 1
   9              		.eabi_attribute 26, 1
  10              		.eabi_attribute 30, 1
  11              		.eabi_attribute 34, 1
  12              		.eabi_attribute 18, 4
  13              		.file	"heap_1.c"
  14              		.text
  15              	.Ltext0:
  16              		.cfi_sections	.debug_frame
  17              		.section	.text.pvPortMalloc,"ax",%progbits
  18              		.align	1
  19              		.global	pvPortMalloc
  20              		.arch armv7e-m
  21              		.syntax unified
  22              		.thumb
  23              		.thumb_func
  24              		.fpu fpv4-sp-d16
  26              	pvPortMalloc:
  27              	.LVL0:
  28              	.LFB4:
  29              		.file 1 "Middlewares/Third_Party/FreeRTOS/Source/portable/MemMang/heap_1.c"
   1:Middlewares/Third_Party/FreeRTOS/Source/portable/MemMang/heap_1.c **** /*
   2:Middlewares/Third_Party/FreeRTOS/Source/portable/MemMang/heap_1.c ****  * FreeRTOS Kernel V10.3.1
   3:Middlewares/Third_Party/FreeRTOS/Source/portable/MemMang/heap_1.c ****  * Copyright (C) 2020 Amazon.com, Inc. or its affiliates.  All Rights Reserved.
   4:Middlewares/Third_Party/FreeRTOS/Source/portable/MemMang/heap_1.c ****  *
   5:Middlewares/Third_Party/FreeRTOS/Source/portable/MemMang/heap_1.c ****  * Permission is hereby granted, free of charge, to any person obtaining a copy of
   6:Middlewares/Third_Party/FreeRTOS/Source/portable/MemMang/heap_1.c ****  * this software and associated documentation files (the "Software"), to deal in
   7:Middlewares/Third_Party/FreeRTOS/Source/portable/MemMang/heap_1.c ****  * the Software without restriction, including without limitation the rights to
   8:Middlewares/Third_Party/FreeRTOS/Source/portable/MemMang/heap_1.c ****  * use, copy, modify, merge, publish, distribute, sublicense, and/or sell copies of
   9:Middlewares/Third_Party/FreeRTOS/Source/portable/MemMang/heap_1.c ****  * the Software, and to permit persons to whom the Software is furnished to do so,
  10:Middlewares/Third_Party/FreeRTOS/Source/portable/MemMang/heap_1.c ****  * subject to the following conditions:
  11:Middlewares/Third_Party/FreeRTOS/Source/portable/MemMang/heap_1.c ****  *
  12:Middlewares/Third_Party/FreeRTOS/Source/portable/MemMang/heap_1.c ****  * The above copyright notice and this permission notice shall be included in all
  13:Middlewares/Third_Party/FreeRTOS/Source/portable/MemMang/heap_1.c ****  * copies or substantial portions of the Software.
  14:Middlewares/Third_Party/FreeRTOS/Source/portable/MemMang/heap_1.c ****  *
  15:Middlewares/Third_Party/FreeRTOS/Source/portable/MemMang/heap_1.c ****  * THE SOFTWARE IS PROVIDED "AS IS", WITHOUT WARRANTY OF ANY KIND, EXPRESS OR
  16:Middlewares/Third_Party/FreeRTOS/Source/portable/MemMang/heap_1.c ****  * IMPLIED, INCLUDING BUT NOT LIMITED TO THE WARRANTIES OF MERCHANTABILITY, FITNESS
  17:Middlewares/Third_Party/FreeRTOS/Source/portable/MemMang/heap_1.c ****  * FOR A PARTICULAR PURPOSE AND NONINFRINGEMENT. IN NO EVENT SHALL THE AUTHORS OR
  18:Middlewares/Third_Party/FreeRTOS/Source/portable/MemMang/heap_1.c ****  * COPYRIGHT HOLDERS BE LIABLE FOR ANY CLAIM, DAMAGES OR OTHER LIABILITY, WHETHER
  19:Middlewares/Third_Party/FreeRTOS/Source/portable/MemMang/heap_1.c ****  * IN AN ACTION OF CONTRACT, TORT OR OTHERWISE, ARISING FROM, OUT OF OR IN
  20:Middlewares/Third_Party/FreeRTOS/Source/portable/MemMang/heap_1.c ****  * CONNECTION WITH THE SOFTWARE OR THE USE OR OTHER DEALINGS IN THE SOFTWARE.
  21:Middlewares/Third_Party/FreeRTOS/Source/portable/MemMang/heap_1.c ****  *
  22:Middlewares/Third_Party/FreeRTOS/Source/portable/MemMang/heap_1.c ****  * http://www.FreeRTOS.org
  23:Middlewares/Third_Party/FreeRTOS/Source/portable/MemMang/heap_1.c ****  * http://aws.amazon.com/freertos
  24:Middlewares/Third_Party/FreeRTOS/Source/portable/MemMang/heap_1.c ****  *
  25:Middlewares/Third_Party/FreeRTOS/Source/portable/MemMang/heap_1.c ****  * 1 tab == 4 spaces!
  26:Middlewares/Third_Party/FreeRTOS/Source/portable/MemMang/heap_1.c ****  */
  27:Middlewares/Third_Party/FreeRTOS/Source/portable/MemMang/heap_1.c **** 
  28:Middlewares/Third_Party/FreeRTOS/Source/portable/MemMang/heap_1.c **** 
  29:Middlewares/Third_Party/FreeRTOS/Source/portable/MemMang/heap_1.c **** /*
ARM GAS  /tmp/ccgZFU0v.s 			page 2


  30:Middlewares/Third_Party/FreeRTOS/Source/portable/MemMang/heap_1.c ****  * The simplest possible implementation of pvPortMalloc().  Note that this
  31:Middlewares/Third_Party/FreeRTOS/Source/portable/MemMang/heap_1.c ****  * implementation does NOT allow allocated memory to be freed again.
  32:Middlewares/Third_Party/FreeRTOS/Source/portable/MemMang/heap_1.c ****  *
  33:Middlewares/Third_Party/FreeRTOS/Source/portable/MemMang/heap_1.c ****  * See heap_2.c, heap_3.c and heap_4.c for alternative implementations, and the
  34:Middlewares/Third_Party/FreeRTOS/Source/portable/MemMang/heap_1.c ****  * memory management pages of http://www.FreeRTOS.org for more information.
  35:Middlewares/Third_Party/FreeRTOS/Source/portable/MemMang/heap_1.c ****  */
  36:Middlewares/Third_Party/FreeRTOS/Source/portable/MemMang/heap_1.c **** #include <stdlib.h>
  37:Middlewares/Third_Party/FreeRTOS/Source/portable/MemMang/heap_1.c **** 
  38:Middlewares/Third_Party/FreeRTOS/Source/portable/MemMang/heap_1.c **** /* Defining MPU_WRAPPERS_INCLUDED_FROM_API_FILE prevents task.h from redefining
  39:Middlewares/Third_Party/FreeRTOS/Source/portable/MemMang/heap_1.c **** all the API functions to use the MPU wrappers.  That should only be done when
  40:Middlewares/Third_Party/FreeRTOS/Source/portable/MemMang/heap_1.c **** task.h is included from an application file. */
  41:Middlewares/Third_Party/FreeRTOS/Source/portable/MemMang/heap_1.c **** #define MPU_WRAPPERS_INCLUDED_FROM_API_FILE
  42:Middlewares/Third_Party/FreeRTOS/Source/portable/MemMang/heap_1.c **** 
  43:Middlewares/Third_Party/FreeRTOS/Source/portable/MemMang/heap_1.c **** #include "FreeRTOS.h"
  44:Middlewares/Third_Party/FreeRTOS/Source/portable/MemMang/heap_1.c **** #include "task.h"
  45:Middlewares/Third_Party/FreeRTOS/Source/portable/MemMang/heap_1.c **** 
  46:Middlewares/Third_Party/FreeRTOS/Source/portable/MemMang/heap_1.c **** #undef MPU_WRAPPERS_INCLUDED_FROM_API_FILE
  47:Middlewares/Third_Party/FreeRTOS/Source/portable/MemMang/heap_1.c **** 
  48:Middlewares/Third_Party/FreeRTOS/Source/portable/MemMang/heap_1.c **** #if( configSUPPORT_DYNAMIC_ALLOCATION == 0 )
  49:Middlewares/Third_Party/FreeRTOS/Source/portable/MemMang/heap_1.c **** 	#error This file must not be used if configSUPPORT_DYNAMIC_ALLOCATION is 0
  50:Middlewares/Third_Party/FreeRTOS/Source/portable/MemMang/heap_1.c **** #endif
  51:Middlewares/Third_Party/FreeRTOS/Source/portable/MemMang/heap_1.c **** 
  52:Middlewares/Third_Party/FreeRTOS/Source/portable/MemMang/heap_1.c **** /* A few bytes might be lost to byte aligning the heap start address. */
  53:Middlewares/Third_Party/FreeRTOS/Source/portable/MemMang/heap_1.c **** #define configADJUSTED_HEAP_SIZE	( configTOTAL_HEAP_SIZE - portBYTE_ALIGNMENT )
  54:Middlewares/Third_Party/FreeRTOS/Source/portable/MemMang/heap_1.c **** 
  55:Middlewares/Third_Party/FreeRTOS/Source/portable/MemMang/heap_1.c **** /* Allocate the memory for the heap. */
  56:Middlewares/Third_Party/FreeRTOS/Source/portable/MemMang/heap_1.c **** #if( configAPPLICATION_ALLOCATED_HEAP == 1 )
  57:Middlewares/Third_Party/FreeRTOS/Source/portable/MemMang/heap_1.c **** 	/* The application writer has already defined the array used for the RTOS
  58:Middlewares/Third_Party/FreeRTOS/Source/portable/MemMang/heap_1.c **** 	heap - probably so it can be placed in a special segment or address. */
  59:Middlewares/Third_Party/FreeRTOS/Source/portable/MemMang/heap_1.c **** 	extern uint8_t ucHeap[ configTOTAL_HEAP_SIZE ];
  60:Middlewares/Third_Party/FreeRTOS/Source/portable/MemMang/heap_1.c **** #else
  61:Middlewares/Third_Party/FreeRTOS/Source/portable/MemMang/heap_1.c **** 	static uint8_t ucHeap[ configTOTAL_HEAP_SIZE ];
  62:Middlewares/Third_Party/FreeRTOS/Source/portable/MemMang/heap_1.c **** #endif /* configAPPLICATION_ALLOCATED_HEAP */
  63:Middlewares/Third_Party/FreeRTOS/Source/portable/MemMang/heap_1.c **** 
  64:Middlewares/Third_Party/FreeRTOS/Source/portable/MemMang/heap_1.c **** /* Index into the ucHeap array. */
  65:Middlewares/Third_Party/FreeRTOS/Source/portable/MemMang/heap_1.c **** static size_t xNextFreeByte = ( size_t ) 0;
  66:Middlewares/Third_Party/FreeRTOS/Source/portable/MemMang/heap_1.c **** 
  67:Middlewares/Third_Party/FreeRTOS/Source/portable/MemMang/heap_1.c **** /*-----------------------------------------------------------*/
  68:Middlewares/Third_Party/FreeRTOS/Source/portable/MemMang/heap_1.c **** 
  69:Middlewares/Third_Party/FreeRTOS/Source/portable/MemMang/heap_1.c **** void *pvPortMalloc( size_t xWantedSize )
  70:Middlewares/Third_Party/FreeRTOS/Source/portable/MemMang/heap_1.c **** {
  30              		.loc 1 70 1 view -0
  31              		.cfi_startproc
  32              		@ args = 0, pretend = 0, frame = 0
  33              		@ frame_needed = 0, uses_anonymous_args = 0
  34              		.loc 1 70 1 is_stmt 0 view .LVU1
  35 0000 38B5     		push	{r3, r4, r5, lr}
  36              	.LCFI0:
  37              		.cfi_def_cfa_offset 16
  38              		.cfi_offset 3, -16
  39              		.cfi_offset 4, -12
  40              		.cfi_offset 5, -8
  41              		.cfi_offset 14, -4
  42 0002 0446     		mov	r4, r0
  71:Middlewares/Third_Party/FreeRTOS/Source/portable/MemMang/heap_1.c **** void *pvReturn = NULL;
  43              		.loc 1 71 1 is_stmt 1 view .LVU2
  44              	.LVL1:
ARM GAS  /tmp/ccgZFU0v.s 			page 3


  72:Middlewares/Third_Party/FreeRTOS/Source/portable/MemMang/heap_1.c **** static uint8_t *pucAlignedHeap = NULL;
  45              		.loc 1 72 1 view .LVU3
  73:Middlewares/Third_Party/FreeRTOS/Source/portable/MemMang/heap_1.c **** 
  74:Middlewares/Third_Party/FreeRTOS/Source/portable/MemMang/heap_1.c **** 	/* Ensure that blocks are always aligned to the required number of bytes. */
  75:Middlewares/Third_Party/FreeRTOS/Source/portable/MemMang/heap_1.c **** 	#if( portBYTE_ALIGNMENT != 1 )
  76:Middlewares/Third_Party/FreeRTOS/Source/portable/MemMang/heap_1.c **** 	{
  77:Middlewares/Third_Party/FreeRTOS/Source/portable/MemMang/heap_1.c **** 		if( xWantedSize & portBYTE_ALIGNMENT_MASK )
  46              		.loc 1 77 3 view .LVU4
  47              		.loc 1 77 5 is_stmt 0 view .LVU5
  48 0004 10F0070F 		tst	r0, #7
  49 0008 02D0     		beq	.L2
  78:Middlewares/Third_Party/FreeRTOS/Source/portable/MemMang/heap_1.c **** 		{
  79:Middlewares/Third_Party/FreeRTOS/Source/portable/MemMang/heap_1.c **** 			/* Byte alignment required. */
  80:Middlewares/Third_Party/FreeRTOS/Source/portable/MemMang/heap_1.c **** 			xWantedSize += ( portBYTE_ALIGNMENT - ( xWantedSize & portBYTE_ALIGNMENT_MASK ) );
  50              		.loc 1 80 4 is_stmt 1 view .LVU6
  51              		.loc 1 80 16 is_stmt 0 view .LVU7
  52 000a 20F00704 		bic	r4, r0, #7
  53 000e 0834     		adds	r4, r4, #8
  54              	.LVL2:
  55              	.L2:
  81:Middlewares/Third_Party/FreeRTOS/Source/portable/MemMang/heap_1.c **** 		}
  82:Middlewares/Third_Party/FreeRTOS/Source/portable/MemMang/heap_1.c **** 	}
  83:Middlewares/Third_Party/FreeRTOS/Source/portable/MemMang/heap_1.c **** 	#endif
  84:Middlewares/Third_Party/FreeRTOS/Source/portable/MemMang/heap_1.c **** 
  85:Middlewares/Third_Party/FreeRTOS/Source/portable/MemMang/heap_1.c **** 	vTaskSuspendAll();
  56              		.loc 1 85 2 is_stmt 1 view .LVU8
  57 0010 FFF7FEFF 		bl	vTaskSuspendAll
  58              	.LVL3:
  86:Middlewares/Third_Party/FreeRTOS/Source/portable/MemMang/heap_1.c **** 	{
  87:Middlewares/Third_Party/FreeRTOS/Source/portable/MemMang/heap_1.c **** 		if( pucAlignedHeap == NULL )
  59              		.loc 1 87 3 view .LVU9
  60              		.loc 1 87 22 is_stmt 0 view .LVU10
  61 0014 0F4B     		ldr	r3, .L9
  62 0016 1B68     		ldr	r3, [r3]
  63              		.loc 1 87 5 view .LVU11
  64 0018 8BB1     		cbz	r3, .L8
  65              	.L3:
  88:Middlewares/Third_Party/FreeRTOS/Source/portable/MemMang/heap_1.c **** 		{
  89:Middlewares/Third_Party/FreeRTOS/Source/portable/MemMang/heap_1.c **** 			/* Ensure the heap starts on a correctly aligned boundary. */
  90:Middlewares/Third_Party/FreeRTOS/Source/portable/MemMang/heap_1.c **** 			pucAlignedHeap = ( uint8_t * ) ( ( ( portPOINTER_SIZE_TYPE ) &ucHeap[ portBYTE_ALIGNMENT ] ) & (
  91:Middlewares/Third_Party/FreeRTOS/Source/portable/MemMang/heap_1.c **** 		}
  92:Middlewares/Third_Party/FreeRTOS/Source/portable/MemMang/heap_1.c **** 
  93:Middlewares/Third_Party/FreeRTOS/Source/portable/MemMang/heap_1.c **** 		/* Check there is enough room left for the allocation. */
  94:Middlewares/Third_Party/FreeRTOS/Source/portable/MemMang/heap_1.c **** 		if( ( ( xNextFreeByte + xWantedSize ) < configADJUSTED_HEAP_SIZE ) &&
  66              		.loc 1 94 3 is_stmt 1 view .LVU12
  67              		.loc 1 94 25 is_stmt 0 view .LVU13
  68 001a 0F4B     		ldr	r3, .L9+4
  69 001c 1B68     		ldr	r3, [r3]
  70 001e 1C44     		add	r4, r4, r3
  71              	.LVL4:
  72              		.loc 1 94 5 view .LVU14
  73 0020 43F6F732 		movw	r2, #15351
  74 0024 9442     		cmp	r4, r2
  75 0026 10D8     		bhi	.L5
  76              		.loc 1 94 70 discriminator 1 view .LVU15
  77 0028 A342     		cmp	r3, r4
  78 002a 10D2     		bcs	.L6
ARM GAS  /tmp/ccgZFU0v.s 			page 4


  95:Middlewares/Third_Party/FreeRTOS/Source/portable/MemMang/heap_1.c **** 			( ( xNextFreeByte + xWantedSize ) > xNextFreeByte )	)/* Check for overflow. */
  96:Middlewares/Third_Party/FreeRTOS/Source/portable/MemMang/heap_1.c **** 		{
  97:Middlewares/Third_Party/FreeRTOS/Source/portable/MemMang/heap_1.c **** 			/* Return the next free byte then increment the index past this
  98:Middlewares/Third_Party/FreeRTOS/Source/portable/MemMang/heap_1.c **** 			block. */
  99:Middlewares/Third_Party/FreeRTOS/Source/portable/MemMang/heap_1.c **** 			pvReturn = pucAlignedHeap + xNextFreeByte;
  79              		.loc 1 99 4 is_stmt 1 view .LVU16
  80              		.loc 1 99 30 is_stmt 0 view .LVU17
  81 002c 094A     		ldr	r2, .L9
  82 002e 1568     		ldr	r5, [r2]
  83              		.loc 1 99 13 view .LVU18
  84 0030 1D44     		add	r5, r5, r3
  85              	.LVL5:
 100:Middlewares/Third_Party/FreeRTOS/Source/portable/MemMang/heap_1.c **** 			xNextFreeByte += xWantedSize;
  86              		.loc 1 100 4 is_stmt 1 view .LVU19
  87              		.loc 1 100 18 is_stmt 0 view .LVU20
  88 0032 094B     		ldr	r3, .L9+4
  89 0034 1C60     		str	r4, [r3]
  90              	.LVL6:
  91              	.L4:
 101:Middlewares/Third_Party/FreeRTOS/Source/portable/MemMang/heap_1.c **** 		}
 102:Middlewares/Third_Party/FreeRTOS/Source/portable/MemMang/heap_1.c **** 
 103:Middlewares/Third_Party/FreeRTOS/Source/portable/MemMang/heap_1.c **** 		traceMALLOC( pvReturn, xWantedSize );
  92              		.loc 1 103 39 is_stmt 1 view .LVU21
 104:Middlewares/Third_Party/FreeRTOS/Source/portable/MemMang/heap_1.c **** 	}
 105:Middlewares/Third_Party/FreeRTOS/Source/portable/MemMang/heap_1.c **** 	( void ) xTaskResumeAll();
  93              		.loc 1 105 2 view .LVU22
  94              		.loc 1 105 11 is_stmt 0 view .LVU23
  95 0036 FFF7FEFF 		bl	xTaskResumeAll
  96              	.LVL7:
 106:Middlewares/Third_Party/FreeRTOS/Source/portable/MemMang/heap_1.c **** 
 107:Middlewares/Third_Party/FreeRTOS/Source/portable/MemMang/heap_1.c **** 	#if( configUSE_MALLOC_FAILED_HOOK == 1 )
 108:Middlewares/Third_Party/FreeRTOS/Source/portable/MemMang/heap_1.c **** 	{
 109:Middlewares/Third_Party/FreeRTOS/Source/portable/MemMang/heap_1.c **** 		if( pvReturn == NULL )
 110:Middlewares/Third_Party/FreeRTOS/Source/portable/MemMang/heap_1.c **** 		{
 111:Middlewares/Third_Party/FreeRTOS/Source/portable/MemMang/heap_1.c **** 			extern void vApplicationMallocFailedHook( void );
 112:Middlewares/Third_Party/FreeRTOS/Source/portable/MemMang/heap_1.c **** 			vApplicationMallocFailedHook();
 113:Middlewares/Third_Party/FreeRTOS/Source/portable/MemMang/heap_1.c **** 		}
 114:Middlewares/Third_Party/FreeRTOS/Source/portable/MemMang/heap_1.c **** 	}
 115:Middlewares/Third_Party/FreeRTOS/Source/portable/MemMang/heap_1.c **** 	#endif
 116:Middlewares/Third_Party/FreeRTOS/Source/portable/MemMang/heap_1.c **** 
 117:Middlewares/Third_Party/FreeRTOS/Source/portable/MemMang/heap_1.c **** 	return pvReturn;
  97              		.loc 1 117 2 is_stmt 1 view .LVU24
 118:Middlewares/Third_Party/FreeRTOS/Source/portable/MemMang/heap_1.c **** }
  98              		.loc 1 118 1 is_stmt 0 view .LVU25
  99 003a 2846     		mov	r0, r5
 100 003c 38BD     		pop	{r3, r4, r5, pc}
 101              	.LVL8:
 102              	.L8:
  90:Middlewares/Third_Party/FreeRTOS/Source/portable/MemMang/heap_1.c **** 		}
 103              		.loc 1 90 4 is_stmt 1 view .LVU26
  90:Middlewares/Third_Party/FreeRTOS/Source/portable/MemMang/heap_1.c **** 		}
 104              		.loc 1 90 39 is_stmt 0 view .LVU27
 105 003e 074B     		ldr	r3, .L9+8
  90:Middlewares/Third_Party/FreeRTOS/Source/portable/MemMang/heap_1.c **** 		}
 106              		.loc 1 90 19 view .LVU28
 107 0040 23F00703 		bic	r3, r3, #7
 108 0044 034A     		ldr	r2, .L9
ARM GAS  /tmp/ccgZFU0v.s 			page 5


 109 0046 1360     		str	r3, [r2]
 110 0048 E7E7     		b	.L3
 111              	.LVL9:
 112              	.L5:
  71:Middlewares/Third_Party/FreeRTOS/Source/portable/MemMang/heap_1.c **** static uint8_t *pucAlignedHeap = NULL;
 113              		.loc 1 71 7 view .LVU29
 114 004a 0025     		movs	r5, #0
 115 004c F3E7     		b	.L4
 116              	.L6:
 117 004e 0025     		movs	r5, #0
 118 0050 F1E7     		b	.L4
 119              	.L10:
 120 0052 00BF     		.align	2
 121              	.L9:
 122 0054 00000000 		.word	.LANCHOR0
 123 0058 00000000 		.word	.LANCHOR1
 124 005c 08000000 		.word	ucHeap+8
 125              		.cfi_endproc
 126              	.LFE4:
 128              		.section	.text.vPortFree,"ax",%progbits
 129              		.align	1
 130              		.global	vPortFree
 131              		.syntax unified
 132              		.thumb
 133              		.thumb_func
 134              		.fpu fpv4-sp-d16
 136              	vPortFree:
 137              	.LVL10:
 138              	.LFB5:
 119:Middlewares/Third_Party/FreeRTOS/Source/portable/MemMang/heap_1.c **** /*-----------------------------------------------------------*/
 120:Middlewares/Third_Party/FreeRTOS/Source/portable/MemMang/heap_1.c **** 
 121:Middlewares/Third_Party/FreeRTOS/Source/portable/MemMang/heap_1.c **** void vPortFree( void *pv )
 122:Middlewares/Third_Party/FreeRTOS/Source/portable/MemMang/heap_1.c **** {
 139              		.loc 1 122 1 is_stmt 1 view -0
 140              		.cfi_startproc
 141              		@ args = 0, pretend = 0, frame = 0
 142              		@ frame_needed = 0, uses_anonymous_args = 0
 143              		@ link register save eliminated.
 123:Middlewares/Third_Party/FreeRTOS/Source/portable/MemMang/heap_1.c **** 	/* Memory cannot be freed using this scheme.  See heap_2.c, heap_3.c and
 124:Middlewares/Third_Party/FreeRTOS/Source/portable/MemMang/heap_1.c **** 	heap_4.c for alternative implementations, and the memory management pages of
 125:Middlewares/Third_Party/FreeRTOS/Source/portable/MemMang/heap_1.c **** 	http://www.FreeRTOS.org for more information. */
 126:Middlewares/Third_Party/FreeRTOS/Source/portable/MemMang/heap_1.c **** 	( void ) pv;
 144              		.loc 1 126 2 view .LVU31
 127:Middlewares/Third_Party/FreeRTOS/Source/portable/MemMang/heap_1.c **** 
 128:Middlewares/Third_Party/FreeRTOS/Source/portable/MemMang/heap_1.c **** 	/* Force an assert as it is invalid to call this function. */
 129:Middlewares/Third_Party/FreeRTOS/Source/portable/MemMang/heap_1.c **** 	configASSERT( pv == NULL );
 145              		.loc 1 129 2 view .LVU32
 146 0000 40B1     		cbz	r0, .L11
 147              		.loc 1 129 2 view .LVU33
 148              	.LBB4:
 149              	.LBI4:
 150              		.file 2 "Middlewares/Third_Party/FreeRTOS/Source/portable/GCC/ARM_CM4F/portmacro.h"
   1:Middlewares/Third_Party/FreeRTOS/Source/portable/GCC/ARM_CM4F/portmacro.h **** /*
   2:Middlewares/Third_Party/FreeRTOS/Source/portable/GCC/ARM_CM4F/portmacro.h ****  * FreeRTOS Kernel V10.3.1
   3:Middlewares/Third_Party/FreeRTOS/Source/portable/GCC/ARM_CM4F/portmacro.h ****  * Copyright (C) 2020 Amazon.com, Inc. or its affiliates.  All Rights Reserved.
   4:Middlewares/Third_Party/FreeRTOS/Source/portable/GCC/ARM_CM4F/portmacro.h ****  *
   5:Middlewares/Third_Party/FreeRTOS/Source/portable/GCC/ARM_CM4F/portmacro.h ****  * Permission is hereby granted, free of charge, to any person obtaining a copy of
ARM GAS  /tmp/ccgZFU0v.s 			page 6


   6:Middlewares/Third_Party/FreeRTOS/Source/portable/GCC/ARM_CM4F/portmacro.h ****  * this software and associated documentation files (the "Software"), to deal in
   7:Middlewares/Third_Party/FreeRTOS/Source/portable/GCC/ARM_CM4F/portmacro.h ****  * the Software without restriction, including without limitation the rights to
   8:Middlewares/Third_Party/FreeRTOS/Source/portable/GCC/ARM_CM4F/portmacro.h ****  * use, copy, modify, merge, publish, distribute, sublicense, and/or sell copies of
   9:Middlewares/Third_Party/FreeRTOS/Source/portable/GCC/ARM_CM4F/portmacro.h ****  * the Software, and to permit persons to whom the Software is furnished to do so,
  10:Middlewares/Third_Party/FreeRTOS/Source/portable/GCC/ARM_CM4F/portmacro.h ****  * subject to the following conditions:
  11:Middlewares/Third_Party/FreeRTOS/Source/portable/GCC/ARM_CM4F/portmacro.h ****  *
  12:Middlewares/Third_Party/FreeRTOS/Source/portable/GCC/ARM_CM4F/portmacro.h ****  * The above copyright notice and this permission notice shall be included in all
  13:Middlewares/Third_Party/FreeRTOS/Source/portable/GCC/ARM_CM4F/portmacro.h ****  * copies or substantial portions of the Software.
  14:Middlewares/Third_Party/FreeRTOS/Source/portable/GCC/ARM_CM4F/portmacro.h ****  *
  15:Middlewares/Third_Party/FreeRTOS/Source/portable/GCC/ARM_CM4F/portmacro.h ****  * THE SOFTWARE IS PROVIDED "AS IS", WITHOUT WARRANTY OF ANY KIND, EXPRESS OR
  16:Middlewares/Third_Party/FreeRTOS/Source/portable/GCC/ARM_CM4F/portmacro.h ****  * IMPLIED, INCLUDING BUT NOT LIMITED TO THE WARRANTIES OF MERCHANTABILITY, FITNESS
  17:Middlewares/Third_Party/FreeRTOS/Source/portable/GCC/ARM_CM4F/portmacro.h ****  * FOR A PARTICULAR PURPOSE AND NONINFRINGEMENT. IN NO EVENT SHALL THE AUTHORS OR
  18:Middlewares/Third_Party/FreeRTOS/Source/portable/GCC/ARM_CM4F/portmacro.h ****  * COPYRIGHT HOLDERS BE LIABLE FOR ANY CLAIM, DAMAGES OR OTHER LIABILITY, WHETHER
  19:Middlewares/Third_Party/FreeRTOS/Source/portable/GCC/ARM_CM4F/portmacro.h ****  * IN AN ACTION OF CONTRACT, TORT OR OTHERWISE, ARISING FROM, OUT OF OR IN
  20:Middlewares/Third_Party/FreeRTOS/Source/portable/GCC/ARM_CM4F/portmacro.h ****  * CONNECTION WITH THE SOFTWARE OR THE USE OR OTHER DEALINGS IN THE SOFTWARE.
  21:Middlewares/Third_Party/FreeRTOS/Source/portable/GCC/ARM_CM4F/portmacro.h ****  *
  22:Middlewares/Third_Party/FreeRTOS/Source/portable/GCC/ARM_CM4F/portmacro.h ****  * http://www.FreeRTOS.org
  23:Middlewares/Third_Party/FreeRTOS/Source/portable/GCC/ARM_CM4F/portmacro.h ****  * http://aws.amazon.com/freertos
  24:Middlewares/Third_Party/FreeRTOS/Source/portable/GCC/ARM_CM4F/portmacro.h ****  *
  25:Middlewares/Third_Party/FreeRTOS/Source/portable/GCC/ARM_CM4F/portmacro.h ****  * 1 tab == 4 spaces!
  26:Middlewares/Third_Party/FreeRTOS/Source/portable/GCC/ARM_CM4F/portmacro.h ****  */
  27:Middlewares/Third_Party/FreeRTOS/Source/portable/GCC/ARM_CM4F/portmacro.h **** 
  28:Middlewares/Third_Party/FreeRTOS/Source/portable/GCC/ARM_CM4F/portmacro.h **** 
  29:Middlewares/Third_Party/FreeRTOS/Source/portable/GCC/ARM_CM4F/portmacro.h **** #ifndef PORTMACRO_H
  30:Middlewares/Third_Party/FreeRTOS/Source/portable/GCC/ARM_CM4F/portmacro.h **** #define PORTMACRO_H
  31:Middlewares/Third_Party/FreeRTOS/Source/portable/GCC/ARM_CM4F/portmacro.h **** 
  32:Middlewares/Third_Party/FreeRTOS/Source/portable/GCC/ARM_CM4F/portmacro.h **** #ifdef __cplusplus
  33:Middlewares/Third_Party/FreeRTOS/Source/portable/GCC/ARM_CM4F/portmacro.h **** extern "C" {
  34:Middlewares/Third_Party/FreeRTOS/Source/portable/GCC/ARM_CM4F/portmacro.h **** #endif
  35:Middlewares/Third_Party/FreeRTOS/Source/portable/GCC/ARM_CM4F/portmacro.h **** 
  36:Middlewares/Third_Party/FreeRTOS/Source/portable/GCC/ARM_CM4F/portmacro.h **** /*-----------------------------------------------------------
  37:Middlewares/Third_Party/FreeRTOS/Source/portable/GCC/ARM_CM4F/portmacro.h ****  * Port specific definitions.
  38:Middlewares/Third_Party/FreeRTOS/Source/portable/GCC/ARM_CM4F/portmacro.h ****  *
  39:Middlewares/Third_Party/FreeRTOS/Source/portable/GCC/ARM_CM4F/portmacro.h ****  * The settings in this file configure FreeRTOS correctly for the
  40:Middlewares/Third_Party/FreeRTOS/Source/portable/GCC/ARM_CM4F/portmacro.h ****  * given hardware and compiler.
  41:Middlewares/Third_Party/FreeRTOS/Source/portable/GCC/ARM_CM4F/portmacro.h ****  *
  42:Middlewares/Third_Party/FreeRTOS/Source/portable/GCC/ARM_CM4F/portmacro.h ****  * These settings should not be altered.
  43:Middlewares/Third_Party/FreeRTOS/Source/portable/GCC/ARM_CM4F/portmacro.h ****  *-----------------------------------------------------------
  44:Middlewares/Third_Party/FreeRTOS/Source/portable/GCC/ARM_CM4F/portmacro.h ****  */
  45:Middlewares/Third_Party/FreeRTOS/Source/portable/GCC/ARM_CM4F/portmacro.h **** 
  46:Middlewares/Third_Party/FreeRTOS/Source/portable/GCC/ARM_CM4F/portmacro.h **** /* Type definitions. */
  47:Middlewares/Third_Party/FreeRTOS/Source/portable/GCC/ARM_CM4F/portmacro.h **** #define portCHAR		char
  48:Middlewares/Third_Party/FreeRTOS/Source/portable/GCC/ARM_CM4F/portmacro.h **** #define portFLOAT		float
  49:Middlewares/Third_Party/FreeRTOS/Source/portable/GCC/ARM_CM4F/portmacro.h **** #define portDOUBLE		double
  50:Middlewares/Third_Party/FreeRTOS/Source/portable/GCC/ARM_CM4F/portmacro.h **** #define portLONG		long
  51:Middlewares/Third_Party/FreeRTOS/Source/portable/GCC/ARM_CM4F/portmacro.h **** #define portSHORT		short
  52:Middlewares/Third_Party/FreeRTOS/Source/portable/GCC/ARM_CM4F/portmacro.h **** #define portSTACK_TYPE	uint32_t
  53:Middlewares/Third_Party/FreeRTOS/Source/portable/GCC/ARM_CM4F/portmacro.h **** #define portBASE_TYPE	long
  54:Middlewares/Third_Party/FreeRTOS/Source/portable/GCC/ARM_CM4F/portmacro.h **** 
  55:Middlewares/Third_Party/FreeRTOS/Source/portable/GCC/ARM_CM4F/portmacro.h **** typedef portSTACK_TYPE StackType_t;
  56:Middlewares/Third_Party/FreeRTOS/Source/portable/GCC/ARM_CM4F/portmacro.h **** typedef long BaseType_t;
  57:Middlewares/Third_Party/FreeRTOS/Source/portable/GCC/ARM_CM4F/portmacro.h **** typedef unsigned long UBaseType_t;
  58:Middlewares/Third_Party/FreeRTOS/Source/portable/GCC/ARM_CM4F/portmacro.h **** 
  59:Middlewares/Third_Party/FreeRTOS/Source/portable/GCC/ARM_CM4F/portmacro.h **** #if( configUSE_16_BIT_TICKS == 1 )
  60:Middlewares/Third_Party/FreeRTOS/Source/portable/GCC/ARM_CM4F/portmacro.h **** 	typedef uint16_t TickType_t;
  61:Middlewares/Third_Party/FreeRTOS/Source/portable/GCC/ARM_CM4F/portmacro.h **** 	#define portMAX_DELAY ( TickType_t ) 0xffff
  62:Middlewares/Third_Party/FreeRTOS/Source/portable/GCC/ARM_CM4F/portmacro.h **** #else
ARM GAS  /tmp/ccgZFU0v.s 			page 7


  63:Middlewares/Third_Party/FreeRTOS/Source/portable/GCC/ARM_CM4F/portmacro.h **** 	typedef uint32_t TickType_t;
  64:Middlewares/Third_Party/FreeRTOS/Source/portable/GCC/ARM_CM4F/portmacro.h **** 	#define portMAX_DELAY ( TickType_t ) 0xffffffffUL
  65:Middlewares/Third_Party/FreeRTOS/Source/portable/GCC/ARM_CM4F/portmacro.h **** 
  66:Middlewares/Third_Party/FreeRTOS/Source/portable/GCC/ARM_CM4F/portmacro.h **** 	/* 32-bit tick type on a 32-bit architecture, so reads of the tick count do
  67:Middlewares/Third_Party/FreeRTOS/Source/portable/GCC/ARM_CM4F/portmacro.h **** 	not need to be guarded with a critical section. */
  68:Middlewares/Third_Party/FreeRTOS/Source/portable/GCC/ARM_CM4F/portmacro.h **** 	#define portTICK_TYPE_IS_ATOMIC 1
  69:Middlewares/Third_Party/FreeRTOS/Source/portable/GCC/ARM_CM4F/portmacro.h **** #endif
  70:Middlewares/Third_Party/FreeRTOS/Source/portable/GCC/ARM_CM4F/portmacro.h **** /*-----------------------------------------------------------*/
  71:Middlewares/Third_Party/FreeRTOS/Source/portable/GCC/ARM_CM4F/portmacro.h **** 
  72:Middlewares/Third_Party/FreeRTOS/Source/portable/GCC/ARM_CM4F/portmacro.h **** /* Architecture specifics. */
  73:Middlewares/Third_Party/FreeRTOS/Source/portable/GCC/ARM_CM4F/portmacro.h **** #define portSTACK_GROWTH			( -1 )
  74:Middlewares/Third_Party/FreeRTOS/Source/portable/GCC/ARM_CM4F/portmacro.h **** #define portTICK_PERIOD_MS			( ( TickType_t ) 1000 / configTICK_RATE_HZ )
  75:Middlewares/Third_Party/FreeRTOS/Source/portable/GCC/ARM_CM4F/portmacro.h **** #define portBYTE_ALIGNMENT			8
  76:Middlewares/Third_Party/FreeRTOS/Source/portable/GCC/ARM_CM4F/portmacro.h **** /*-----------------------------------------------------------*/
  77:Middlewares/Third_Party/FreeRTOS/Source/portable/GCC/ARM_CM4F/portmacro.h **** 
  78:Middlewares/Third_Party/FreeRTOS/Source/portable/GCC/ARM_CM4F/portmacro.h **** /* Scheduler utilities. */
  79:Middlewares/Third_Party/FreeRTOS/Source/portable/GCC/ARM_CM4F/portmacro.h **** #define portYIELD() 															\
  80:Middlewares/Third_Party/FreeRTOS/Source/portable/GCC/ARM_CM4F/portmacro.h **** {																				\
  81:Middlewares/Third_Party/FreeRTOS/Source/portable/GCC/ARM_CM4F/portmacro.h **** 	/* Set a PendSV to request a context switch. */								\
  82:Middlewares/Third_Party/FreeRTOS/Source/portable/GCC/ARM_CM4F/portmacro.h **** 	portNVIC_INT_CTRL_REG = portNVIC_PENDSVSET_BIT;								\
  83:Middlewares/Third_Party/FreeRTOS/Source/portable/GCC/ARM_CM4F/portmacro.h **** 																				\
  84:Middlewares/Third_Party/FreeRTOS/Source/portable/GCC/ARM_CM4F/portmacro.h **** 	/* Barriers are normally not required but do ensure the code is completely	\
  85:Middlewares/Third_Party/FreeRTOS/Source/portable/GCC/ARM_CM4F/portmacro.h **** 	within the specified behaviour for the architecture. */						\
  86:Middlewares/Third_Party/FreeRTOS/Source/portable/GCC/ARM_CM4F/portmacro.h **** 	__asm volatile( "dsb" ::: "memory" );										\
  87:Middlewares/Third_Party/FreeRTOS/Source/portable/GCC/ARM_CM4F/portmacro.h **** 	__asm volatile( "isb" );													\
  88:Middlewares/Third_Party/FreeRTOS/Source/portable/GCC/ARM_CM4F/portmacro.h **** }
  89:Middlewares/Third_Party/FreeRTOS/Source/portable/GCC/ARM_CM4F/portmacro.h **** 
  90:Middlewares/Third_Party/FreeRTOS/Source/portable/GCC/ARM_CM4F/portmacro.h **** #define portNVIC_INT_CTRL_REG		( * ( ( volatile uint32_t * ) 0xe000ed04 ) )
  91:Middlewares/Third_Party/FreeRTOS/Source/portable/GCC/ARM_CM4F/portmacro.h **** #define portNVIC_PENDSVSET_BIT		( 1UL << 28UL )
  92:Middlewares/Third_Party/FreeRTOS/Source/portable/GCC/ARM_CM4F/portmacro.h **** #define portEND_SWITCHING_ISR( xSwitchRequired ) if( xSwitchRequired != pdFALSE ) portYIELD()
  93:Middlewares/Third_Party/FreeRTOS/Source/portable/GCC/ARM_CM4F/portmacro.h **** #define portYIELD_FROM_ISR( x ) portEND_SWITCHING_ISR( x )
  94:Middlewares/Third_Party/FreeRTOS/Source/portable/GCC/ARM_CM4F/portmacro.h **** /*-----------------------------------------------------------*/
  95:Middlewares/Third_Party/FreeRTOS/Source/portable/GCC/ARM_CM4F/portmacro.h **** 
  96:Middlewares/Third_Party/FreeRTOS/Source/portable/GCC/ARM_CM4F/portmacro.h **** /* Critical section management. */
  97:Middlewares/Third_Party/FreeRTOS/Source/portable/GCC/ARM_CM4F/portmacro.h **** extern void vPortEnterCritical( void );
  98:Middlewares/Third_Party/FreeRTOS/Source/portable/GCC/ARM_CM4F/portmacro.h **** extern void vPortExitCritical( void );
  99:Middlewares/Third_Party/FreeRTOS/Source/portable/GCC/ARM_CM4F/portmacro.h **** #define portSET_INTERRUPT_MASK_FROM_ISR()		ulPortRaiseBASEPRI()
 100:Middlewares/Third_Party/FreeRTOS/Source/portable/GCC/ARM_CM4F/portmacro.h **** #define portCLEAR_INTERRUPT_MASK_FROM_ISR(x)	vPortSetBASEPRI(x)
 101:Middlewares/Third_Party/FreeRTOS/Source/portable/GCC/ARM_CM4F/portmacro.h **** #define portDISABLE_INTERRUPTS()				vPortRaiseBASEPRI()
 102:Middlewares/Third_Party/FreeRTOS/Source/portable/GCC/ARM_CM4F/portmacro.h **** #define portENABLE_INTERRUPTS()					vPortSetBASEPRI(0)
 103:Middlewares/Third_Party/FreeRTOS/Source/portable/GCC/ARM_CM4F/portmacro.h **** #define portENTER_CRITICAL()					vPortEnterCritical()
 104:Middlewares/Third_Party/FreeRTOS/Source/portable/GCC/ARM_CM4F/portmacro.h **** #define portEXIT_CRITICAL()						vPortExitCritical()
 105:Middlewares/Third_Party/FreeRTOS/Source/portable/GCC/ARM_CM4F/portmacro.h **** 
 106:Middlewares/Third_Party/FreeRTOS/Source/portable/GCC/ARM_CM4F/portmacro.h **** /*-----------------------------------------------------------*/
 107:Middlewares/Third_Party/FreeRTOS/Source/portable/GCC/ARM_CM4F/portmacro.h **** 
 108:Middlewares/Third_Party/FreeRTOS/Source/portable/GCC/ARM_CM4F/portmacro.h **** /* Task function macros as described on the FreeRTOS.org WEB site.  These are
 109:Middlewares/Third_Party/FreeRTOS/Source/portable/GCC/ARM_CM4F/portmacro.h **** not necessary for to use this port.  They are defined so the common demo files
 110:Middlewares/Third_Party/FreeRTOS/Source/portable/GCC/ARM_CM4F/portmacro.h **** (which build with all the ports) will build. */
 111:Middlewares/Third_Party/FreeRTOS/Source/portable/GCC/ARM_CM4F/portmacro.h **** #define portTASK_FUNCTION_PROTO( vFunction, pvParameters ) void vFunction( void *pvParameters )
 112:Middlewares/Third_Party/FreeRTOS/Source/portable/GCC/ARM_CM4F/portmacro.h **** #define portTASK_FUNCTION( vFunction, pvParameters ) void vFunction( void *pvParameters )
 113:Middlewares/Third_Party/FreeRTOS/Source/portable/GCC/ARM_CM4F/portmacro.h **** /*-----------------------------------------------------------*/
 114:Middlewares/Third_Party/FreeRTOS/Source/portable/GCC/ARM_CM4F/portmacro.h **** 
 115:Middlewares/Third_Party/FreeRTOS/Source/portable/GCC/ARM_CM4F/portmacro.h **** /* Tickless idle/low power functionality. */
 116:Middlewares/Third_Party/FreeRTOS/Source/portable/GCC/ARM_CM4F/portmacro.h **** #ifndef portSUPPRESS_TICKS_AND_SLEEP
 117:Middlewares/Third_Party/FreeRTOS/Source/portable/GCC/ARM_CM4F/portmacro.h **** 	extern void vPortSuppressTicksAndSleep( TickType_t xExpectedIdleTime );
 118:Middlewares/Third_Party/FreeRTOS/Source/portable/GCC/ARM_CM4F/portmacro.h **** 	#define portSUPPRESS_TICKS_AND_SLEEP( xExpectedIdleTime ) vPortSuppressTicksAndSleep( xExpectedIdl
 119:Middlewares/Third_Party/FreeRTOS/Source/portable/GCC/ARM_CM4F/portmacro.h **** #endif
ARM GAS  /tmp/ccgZFU0v.s 			page 8


 120:Middlewares/Third_Party/FreeRTOS/Source/portable/GCC/ARM_CM4F/portmacro.h **** /*-----------------------------------------------------------*/
 121:Middlewares/Third_Party/FreeRTOS/Source/portable/GCC/ARM_CM4F/portmacro.h **** 
 122:Middlewares/Third_Party/FreeRTOS/Source/portable/GCC/ARM_CM4F/portmacro.h **** /* Architecture specific optimisations. */
 123:Middlewares/Third_Party/FreeRTOS/Source/portable/GCC/ARM_CM4F/portmacro.h **** #ifndef configUSE_PORT_OPTIMISED_TASK_SELECTION
 124:Middlewares/Third_Party/FreeRTOS/Source/portable/GCC/ARM_CM4F/portmacro.h **** 	#define configUSE_PORT_OPTIMISED_TASK_SELECTION 1
 125:Middlewares/Third_Party/FreeRTOS/Source/portable/GCC/ARM_CM4F/portmacro.h **** #endif
 126:Middlewares/Third_Party/FreeRTOS/Source/portable/GCC/ARM_CM4F/portmacro.h **** 
 127:Middlewares/Third_Party/FreeRTOS/Source/portable/GCC/ARM_CM4F/portmacro.h **** #if configUSE_PORT_OPTIMISED_TASK_SELECTION == 1
 128:Middlewares/Third_Party/FreeRTOS/Source/portable/GCC/ARM_CM4F/portmacro.h **** 
 129:Middlewares/Third_Party/FreeRTOS/Source/portable/GCC/ARM_CM4F/portmacro.h **** 	/* Generic helper function. */
 130:Middlewares/Third_Party/FreeRTOS/Source/portable/GCC/ARM_CM4F/portmacro.h **** 	__attribute__( ( always_inline ) ) static inline uint8_t ucPortCountLeadingZeros( uint32_t ulBitma
 131:Middlewares/Third_Party/FreeRTOS/Source/portable/GCC/ARM_CM4F/portmacro.h **** 	{
 132:Middlewares/Third_Party/FreeRTOS/Source/portable/GCC/ARM_CM4F/portmacro.h **** 	uint8_t ucReturn;
 133:Middlewares/Third_Party/FreeRTOS/Source/portable/GCC/ARM_CM4F/portmacro.h **** 
 134:Middlewares/Third_Party/FreeRTOS/Source/portable/GCC/ARM_CM4F/portmacro.h **** 		__asm volatile ( "clz %0, %1" : "=r" ( ucReturn ) : "r" ( ulBitmap ) : "memory" );
 135:Middlewares/Third_Party/FreeRTOS/Source/portable/GCC/ARM_CM4F/portmacro.h **** 		return ucReturn;
 136:Middlewares/Third_Party/FreeRTOS/Source/portable/GCC/ARM_CM4F/portmacro.h **** 	}
 137:Middlewares/Third_Party/FreeRTOS/Source/portable/GCC/ARM_CM4F/portmacro.h **** 
 138:Middlewares/Third_Party/FreeRTOS/Source/portable/GCC/ARM_CM4F/portmacro.h **** 	/* Check the configuration. */
 139:Middlewares/Third_Party/FreeRTOS/Source/portable/GCC/ARM_CM4F/portmacro.h **** 	#if( configMAX_PRIORITIES > 32 )
 140:Middlewares/Third_Party/FreeRTOS/Source/portable/GCC/ARM_CM4F/portmacro.h **** 		#error configUSE_PORT_OPTIMISED_TASK_SELECTION can only be set to 1 when configMAX_PRIORITIES is 
 141:Middlewares/Third_Party/FreeRTOS/Source/portable/GCC/ARM_CM4F/portmacro.h **** 	#endif
 142:Middlewares/Third_Party/FreeRTOS/Source/portable/GCC/ARM_CM4F/portmacro.h **** 
 143:Middlewares/Third_Party/FreeRTOS/Source/portable/GCC/ARM_CM4F/portmacro.h **** 	/* Store/clear the ready priorities in a bit map. */
 144:Middlewares/Third_Party/FreeRTOS/Source/portable/GCC/ARM_CM4F/portmacro.h **** 	#define portRECORD_READY_PRIORITY( uxPriority, uxReadyPriorities ) ( uxReadyPriorities ) |= ( 1UL 
 145:Middlewares/Third_Party/FreeRTOS/Source/portable/GCC/ARM_CM4F/portmacro.h **** 	#define portRESET_READY_PRIORITY( uxPriority, uxReadyPriorities ) ( uxReadyPriorities ) &= ~( 1UL 
 146:Middlewares/Third_Party/FreeRTOS/Source/portable/GCC/ARM_CM4F/portmacro.h **** 
 147:Middlewares/Third_Party/FreeRTOS/Source/portable/GCC/ARM_CM4F/portmacro.h **** 	/*-----------------------------------------------------------*/
 148:Middlewares/Third_Party/FreeRTOS/Source/portable/GCC/ARM_CM4F/portmacro.h **** 
 149:Middlewares/Third_Party/FreeRTOS/Source/portable/GCC/ARM_CM4F/portmacro.h **** 	#define portGET_HIGHEST_PRIORITY( uxTopPriority, uxReadyPriorities ) uxTopPriority = ( 31UL - ( ui
 150:Middlewares/Third_Party/FreeRTOS/Source/portable/GCC/ARM_CM4F/portmacro.h **** 
 151:Middlewares/Third_Party/FreeRTOS/Source/portable/GCC/ARM_CM4F/portmacro.h **** #endif /* configUSE_PORT_OPTIMISED_TASK_SELECTION */
 152:Middlewares/Third_Party/FreeRTOS/Source/portable/GCC/ARM_CM4F/portmacro.h **** 
 153:Middlewares/Third_Party/FreeRTOS/Source/portable/GCC/ARM_CM4F/portmacro.h **** /*-----------------------------------------------------------*/
 154:Middlewares/Third_Party/FreeRTOS/Source/portable/GCC/ARM_CM4F/portmacro.h **** 
 155:Middlewares/Third_Party/FreeRTOS/Source/portable/GCC/ARM_CM4F/portmacro.h **** #ifdef configASSERT
 156:Middlewares/Third_Party/FreeRTOS/Source/portable/GCC/ARM_CM4F/portmacro.h **** 	void vPortValidateInterruptPriority( void );
 157:Middlewares/Third_Party/FreeRTOS/Source/portable/GCC/ARM_CM4F/portmacro.h **** 	#define portASSERT_IF_INTERRUPT_PRIORITY_INVALID() 	vPortValidateInterruptPriority()
 158:Middlewares/Third_Party/FreeRTOS/Source/portable/GCC/ARM_CM4F/portmacro.h **** #endif
 159:Middlewares/Third_Party/FreeRTOS/Source/portable/GCC/ARM_CM4F/portmacro.h **** 
 160:Middlewares/Third_Party/FreeRTOS/Source/portable/GCC/ARM_CM4F/portmacro.h **** /* portNOP() is not required by this port. */
 161:Middlewares/Third_Party/FreeRTOS/Source/portable/GCC/ARM_CM4F/portmacro.h **** #define portNOP()
 162:Middlewares/Third_Party/FreeRTOS/Source/portable/GCC/ARM_CM4F/portmacro.h **** 
 163:Middlewares/Third_Party/FreeRTOS/Source/portable/GCC/ARM_CM4F/portmacro.h **** #define portINLINE	__inline
 164:Middlewares/Third_Party/FreeRTOS/Source/portable/GCC/ARM_CM4F/portmacro.h **** 
 165:Middlewares/Third_Party/FreeRTOS/Source/portable/GCC/ARM_CM4F/portmacro.h **** #ifndef portFORCE_INLINE
 166:Middlewares/Third_Party/FreeRTOS/Source/portable/GCC/ARM_CM4F/portmacro.h **** 	#define portFORCE_INLINE inline __attribute__(( always_inline))
 167:Middlewares/Third_Party/FreeRTOS/Source/portable/GCC/ARM_CM4F/portmacro.h **** #endif
 168:Middlewares/Third_Party/FreeRTOS/Source/portable/GCC/ARM_CM4F/portmacro.h **** 
 169:Middlewares/Third_Party/FreeRTOS/Source/portable/GCC/ARM_CM4F/portmacro.h **** portFORCE_INLINE static BaseType_t xPortIsInsideInterrupt( void )
 170:Middlewares/Third_Party/FreeRTOS/Source/portable/GCC/ARM_CM4F/portmacro.h **** {
 171:Middlewares/Third_Party/FreeRTOS/Source/portable/GCC/ARM_CM4F/portmacro.h **** uint32_t ulCurrentInterrupt;
 172:Middlewares/Third_Party/FreeRTOS/Source/portable/GCC/ARM_CM4F/portmacro.h **** BaseType_t xReturn;
 173:Middlewares/Third_Party/FreeRTOS/Source/portable/GCC/ARM_CM4F/portmacro.h **** 
 174:Middlewares/Third_Party/FreeRTOS/Source/portable/GCC/ARM_CM4F/portmacro.h **** 	/* Obtain the number of the currently executing interrupt. */
 175:Middlewares/Third_Party/FreeRTOS/Source/portable/GCC/ARM_CM4F/portmacro.h **** 	__asm volatile( "mrs %0, ipsr" : "=r"( ulCurrentInterrupt ) :: "memory" );
 176:Middlewares/Third_Party/FreeRTOS/Source/portable/GCC/ARM_CM4F/portmacro.h **** 
ARM GAS  /tmp/ccgZFU0v.s 			page 9


 177:Middlewares/Third_Party/FreeRTOS/Source/portable/GCC/ARM_CM4F/portmacro.h **** 	if( ulCurrentInterrupt == 0 )
 178:Middlewares/Third_Party/FreeRTOS/Source/portable/GCC/ARM_CM4F/portmacro.h **** 	{
 179:Middlewares/Third_Party/FreeRTOS/Source/portable/GCC/ARM_CM4F/portmacro.h **** 		xReturn = pdFALSE;
 180:Middlewares/Third_Party/FreeRTOS/Source/portable/GCC/ARM_CM4F/portmacro.h **** 	}
 181:Middlewares/Third_Party/FreeRTOS/Source/portable/GCC/ARM_CM4F/portmacro.h **** 	else
 182:Middlewares/Third_Party/FreeRTOS/Source/portable/GCC/ARM_CM4F/portmacro.h **** 	{
 183:Middlewares/Third_Party/FreeRTOS/Source/portable/GCC/ARM_CM4F/portmacro.h **** 		xReturn = pdTRUE;
 184:Middlewares/Third_Party/FreeRTOS/Source/portable/GCC/ARM_CM4F/portmacro.h **** 	}
 185:Middlewares/Third_Party/FreeRTOS/Source/portable/GCC/ARM_CM4F/portmacro.h **** 
 186:Middlewares/Third_Party/FreeRTOS/Source/portable/GCC/ARM_CM4F/portmacro.h **** 	return xReturn;
 187:Middlewares/Third_Party/FreeRTOS/Source/portable/GCC/ARM_CM4F/portmacro.h **** }
 188:Middlewares/Third_Party/FreeRTOS/Source/portable/GCC/ARM_CM4F/portmacro.h **** 
 189:Middlewares/Third_Party/FreeRTOS/Source/portable/GCC/ARM_CM4F/portmacro.h **** /*-----------------------------------------------------------*/
 190:Middlewares/Third_Party/FreeRTOS/Source/portable/GCC/ARM_CM4F/portmacro.h **** 
 191:Middlewares/Third_Party/FreeRTOS/Source/portable/GCC/ARM_CM4F/portmacro.h **** portFORCE_INLINE static void vPortRaiseBASEPRI( void )
 151              		.loc 2 191 30 view .LVU34
 152              	.LBB5:
 192:Middlewares/Third_Party/FreeRTOS/Source/portable/GCC/ARM_CM4F/portmacro.h **** {
 193:Middlewares/Third_Party/FreeRTOS/Source/portable/GCC/ARM_CM4F/portmacro.h **** uint32_t ulNewBASEPRI;
 153              		.loc 2 193 1 view .LVU35
 194:Middlewares/Third_Party/FreeRTOS/Source/portable/GCC/ARM_CM4F/portmacro.h **** 
 195:Middlewares/Third_Party/FreeRTOS/Source/portable/GCC/ARM_CM4F/portmacro.h **** 	__asm volatile
 154              		.loc 2 195 2 view .LVU36
 155              		.syntax unified
 156              	@ 195 "Middlewares/Third_Party/FreeRTOS/Source/portable/GCC/ARM_CM4F/portmacro.h" 1
 157 0002 4FF05003 			mov r3, #80												
 158 0006 83F31188 		msr basepri, r3											
 159 000a BFF36F8F 		isb														
 160 000e BFF34F8F 		dsb														
 161              	
 162              	@ 0 "" 2
 163              	.LVL11:
 164              		.thumb
 165              		.syntax unified
 166              	.L13:
 167              		.loc 2 195 2 is_stmt 0 view .LVU37
 168              	.LBE5:
 169              	.LBE4:
 170              		.loc 1 129 2 is_stmt 1 discriminator 1 view .LVU38
 171              		.loc 1 129 2 discriminator 1 view .LVU39
 172              		.loc 1 129 2 discriminator 1 view .LVU40
 173 0012 FEE7     		b	.L13
 174              	.L11:
 130:Middlewares/Third_Party/FreeRTOS/Source/portable/MemMang/heap_1.c **** }
 175              		.loc 1 130 1 is_stmt 0 view .LVU41
 176 0014 7047     		bx	lr
 177              		.cfi_endproc
 178              	.LFE5:
 180              		.section	.text.vPortInitialiseBlocks,"ax",%progbits
 181              		.align	1
 182              		.global	vPortInitialiseBlocks
 183              		.syntax unified
 184              		.thumb
 185              		.thumb_func
 186              		.fpu fpv4-sp-d16
 188              	vPortInitialiseBlocks:
 189              	.LFB6:
ARM GAS  /tmp/ccgZFU0v.s 			page 10


 131:Middlewares/Third_Party/FreeRTOS/Source/portable/MemMang/heap_1.c **** /*-----------------------------------------------------------*/
 132:Middlewares/Third_Party/FreeRTOS/Source/portable/MemMang/heap_1.c **** 
 133:Middlewares/Third_Party/FreeRTOS/Source/portable/MemMang/heap_1.c **** void vPortInitialiseBlocks( void )
 134:Middlewares/Third_Party/FreeRTOS/Source/portable/MemMang/heap_1.c **** {
 190              		.loc 1 134 1 is_stmt 1 view -0
 191              		.cfi_startproc
 192              		@ args = 0, pretend = 0, frame = 0
 193              		@ frame_needed = 0, uses_anonymous_args = 0
 194              		@ link register save eliminated.
 135:Middlewares/Third_Party/FreeRTOS/Source/portable/MemMang/heap_1.c **** 	/* Only required when static memory is not cleared. */
 136:Middlewares/Third_Party/FreeRTOS/Source/portable/MemMang/heap_1.c **** 	xNextFreeByte = ( size_t ) 0;
 195              		.loc 1 136 2 view .LVU43
 196              		.loc 1 136 16 is_stmt 0 view .LVU44
 197 0000 014B     		ldr	r3, .L15
 198 0002 0022     		movs	r2, #0
 199 0004 1A60     		str	r2, [r3]
 137:Middlewares/Third_Party/FreeRTOS/Source/portable/MemMang/heap_1.c **** }
 200              		.loc 1 137 1 view .LVU45
 201 0006 7047     		bx	lr
 202              	.L16:
 203              		.align	2
 204              	.L15:
 205 0008 00000000 		.word	.LANCHOR1
 206              		.cfi_endproc
 207              	.LFE6:
 209              		.section	.text.xPortGetFreeHeapSize,"ax",%progbits
 210              		.align	1
 211              		.global	xPortGetFreeHeapSize
 212              		.syntax unified
 213              		.thumb
 214              		.thumb_func
 215              		.fpu fpv4-sp-d16
 217              	xPortGetFreeHeapSize:
 218              	.LFB7:
 138:Middlewares/Third_Party/FreeRTOS/Source/portable/MemMang/heap_1.c **** /*-----------------------------------------------------------*/
 139:Middlewares/Third_Party/FreeRTOS/Source/portable/MemMang/heap_1.c **** 
 140:Middlewares/Third_Party/FreeRTOS/Source/portable/MemMang/heap_1.c **** size_t xPortGetFreeHeapSize( void )
 141:Middlewares/Third_Party/FreeRTOS/Source/portable/MemMang/heap_1.c **** {
 219              		.loc 1 141 1 is_stmt 1 view -0
 220              		.cfi_startproc
 221              		@ args = 0, pretend = 0, frame = 0
 222              		@ frame_needed = 0, uses_anonymous_args = 0
 223              		@ link register save eliminated.
 142:Middlewares/Third_Party/FreeRTOS/Source/portable/MemMang/heap_1.c **** 	return ( configADJUSTED_HEAP_SIZE - xNextFreeByte );
 224              		.loc 1 142 2 view .LVU47
 225              		.loc 1 142 36 is_stmt 0 view .LVU48
 226 0000 024B     		ldr	r3, .L18
 227 0002 1868     		ldr	r0, [r3]
 143:Middlewares/Third_Party/FreeRTOS/Source/portable/MemMang/heap_1.c **** }
 228              		.loc 1 143 1 view .LVU49
 229 0004 C0F56F50 		rsb	r0, r0, #15296
 230 0008 3830     		adds	r0, r0, #56
 231 000a 7047     		bx	lr
 232              	.L19:
 233              		.align	2
 234              	.L18:
 235 000c 00000000 		.word	.LANCHOR1
ARM GAS  /tmp/ccgZFU0v.s 			page 11


 236              		.cfi_endproc
 237              	.LFE7:
 239              		.section	.bss.pucAlignedHeap.0,"aw",%nobits
 240              		.align	2
 241              		.set	.LANCHOR0,. + 0
 244              	pucAlignedHeap.0:
 245 0000 00000000 		.space	4
 246              		.section	.bss.ucHeap,"aw",%nobits
 247              		.align	2
 250              	ucHeap:
 251 0000 00000000 		.space	15360
 251      00000000 
 251      00000000 
 251      00000000 
 251      00000000 
 252              		.section	.bss.xNextFreeByte,"aw",%nobits
 253              		.align	2
 254              		.set	.LANCHOR1,. + 0
 257              	xNextFreeByte:
 258 0000 00000000 		.space	4
 259              		.text
 260              	.Letext0:
 261              		.file 3 "/usr/lib/gcc/arm-none-eabi/10.3.1/include/stddef.h"
 262              		.file 4 "/usr/lib/gcc/arm-none-eabi/10.3.1/include/stdint.h"
 263              		.file 5 "Middlewares/Third_Party/FreeRTOS/Source/include/task.h"
ARM GAS  /tmp/ccgZFU0v.s 			page 12


DEFINED SYMBOLS
                            *ABS*:0000000000000000 heap_1.c
     /tmp/ccgZFU0v.s:18     .text.pvPortMalloc:0000000000000000 $t
     /tmp/ccgZFU0v.s:26     .text.pvPortMalloc:0000000000000000 pvPortMalloc
     /tmp/ccgZFU0v.s:122    .text.pvPortMalloc:0000000000000054 $d
     /tmp/ccgZFU0v.s:250    .bss.ucHeap:0000000000000000 ucHeap
     /tmp/ccgZFU0v.s:129    .text.vPortFree:0000000000000000 $t
     /tmp/ccgZFU0v.s:136    .text.vPortFree:0000000000000000 vPortFree
     /tmp/ccgZFU0v.s:181    .text.vPortInitialiseBlocks:0000000000000000 $t
     /tmp/ccgZFU0v.s:188    .text.vPortInitialiseBlocks:0000000000000000 vPortInitialiseBlocks
     /tmp/ccgZFU0v.s:205    .text.vPortInitialiseBlocks:0000000000000008 $d
     /tmp/ccgZFU0v.s:210    .text.xPortGetFreeHeapSize:0000000000000000 $t
     /tmp/ccgZFU0v.s:217    .text.xPortGetFreeHeapSize:0000000000000000 xPortGetFreeHeapSize
     /tmp/ccgZFU0v.s:235    .text.xPortGetFreeHeapSize:000000000000000c $d
     /tmp/ccgZFU0v.s:240    .bss.pucAlignedHeap.0:0000000000000000 $d
     /tmp/ccgZFU0v.s:244    .bss.pucAlignedHeap.0:0000000000000000 pucAlignedHeap.0
     /tmp/ccgZFU0v.s:247    .bss.ucHeap:0000000000000000 $d
     /tmp/ccgZFU0v.s:253    .bss.xNextFreeByte:0000000000000000 $d
     /tmp/ccgZFU0v.s:257    .bss.xNextFreeByte:0000000000000000 xNextFreeByte

UNDEFINED SYMBOLS
vTaskSuspendAll
xTaskResumeAll
