ARM GAS  /tmp/ccOM4QPp.s 			page 1


   1              		.cpu cortex-m4
   2              		.eabi_attribute 27, 1
   3              		.eabi_attribute 28, 1
   4              		.eabi_attribute 20, 1
   5              		.eabi_attribute 21, 1
   6              		.eabi_attribute 23, 3
   7              		.eabi_attribute 24, 1
   8              		.eabi_attribute 25, 1
   9              		.eabi_attribute 26, 1
  10              		.eabi_attribute 30, 1
  11              		.eabi_attribute 34, 1
  12              		.eabi_attribute 18, 4
  13              		.file	"i2s.c"
  14              		.text
  15              	.Ltext0:
  16              		.cfi_sections	.debug_frame
  17              		.section	.text.MX_I2S2_Init,"ax",%progbits
  18              		.align	1
  19              		.global	MX_I2S2_Init
  20              		.arch armv7e-m
  21              		.syntax unified
  22              		.thumb
  23              		.thumb_func
  24              		.fpu fpv4-sp-d16
  26              	MX_I2S2_Init:
  27              	.LFB235:
  28              		.file 1 "Core/Src/i2s.c"
   1:Core/Src/i2s.c **** /* USER CODE BEGIN Header */
   2:Core/Src/i2s.c **** /**
   3:Core/Src/i2s.c ****   ******************************************************************************
   4:Core/Src/i2s.c ****   * @file    i2s.c
   5:Core/Src/i2s.c ****   * @brief   This file provides code for the configuration
   6:Core/Src/i2s.c ****   *          of the I2S instances.
   7:Core/Src/i2s.c ****   ******************************************************************************
   8:Core/Src/i2s.c ****   * @attention
   9:Core/Src/i2s.c ****   *
  10:Core/Src/i2s.c ****   * Copyright (c) 2023 STMicroelectronics.
  11:Core/Src/i2s.c ****   * All rights reserved.
  12:Core/Src/i2s.c ****   *
  13:Core/Src/i2s.c ****   * This software is licensed under terms that can be found in the LICENSE file
  14:Core/Src/i2s.c ****   * in the root directory of this software component.
  15:Core/Src/i2s.c ****   * If no LICENSE file comes with this software, it is provided AS-IS.
  16:Core/Src/i2s.c ****   *
  17:Core/Src/i2s.c ****   ******************************************************************************
  18:Core/Src/i2s.c ****   */
  19:Core/Src/i2s.c **** /* USER CODE END Header */
  20:Core/Src/i2s.c **** /* Includes ------------------------------------------------------------------*/
  21:Core/Src/i2s.c **** #include "i2s.h"
  22:Core/Src/i2s.c **** 
  23:Core/Src/i2s.c **** /* USER CODE BEGIN 0 */
  24:Core/Src/i2s.c **** 
  25:Core/Src/i2s.c **** /* USER CODE END 0 */
  26:Core/Src/i2s.c **** 
  27:Core/Src/i2s.c **** I2S_HandleTypeDef hi2s2;
  28:Core/Src/i2s.c **** 
  29:Core/Src/i2s.c **** /* I2S2 init function */
  30:Core/Src/i2s.c **** void MX_I2S2_Init(void)
ARM GAS  /tmp/ccOM4QPp.s 			page 2


  31:Core/Src/i2s.c **** {
  29              		.loc 1 31 1 view -0
  30              		.cfi_startproc
  31              		@ args = 0, pretend = 0, frame = 0
  32              		@ frame_needed = 0, uses_anonymous_args = 0
  33 0000 08B5     		push	{r3, lr}
  34              	.LCFI0:
  35              		.cfi_def_cfa_offset 8
  36              		.cfi_offset 3, -8
  37              		.cfi_offset 14, -4
  32:Core/Src/i2s.c **** 
  33:Core/Src/i2s.c ****   /* USER CODE BEGIN I2S2_Init 0 */
  34:Core/Src/i2s.c **** 
  35:Core/Src/i2s.c ****   /* USER CODE END I2S2_Init 0 */
  36:Core/Src/i2s.c **** 
  37:Core/Src/i2s.c ****   /* USER CODE BEGIN I2S2_Init 1 */
  38:Core/Src/i2s.c **** 
  39:Core/Src/i2s.c ****   /* USER CODE END I2S2_Init 1 */
  40:Core/Src/i2s.c ****   hi2s2.Instance = SPI2;
  38              		.loc 1 40 3 view .LVU1
  39              		.loc 1 40 18 is_stmt 0 view .LVU2
  40 0002 0C48     		ldr	r0, .L5
  41 0004 0C4B     		ldr	r3, .L5+4
  42 0006 0360     		str	r3, [r0]
  41:Core/Src/i2s.c ****   hi2s2.Init.Mode = I2S_MODE_MASTER_TX;
  43              		.loc 1 41 3 is_stmt 1 view .LVU3
  44              		.loc 1 41 19 is_stmt 0 view .LVU4
  45 0008 4FF40073 		mov	r3, #512
  46 000c 4360     		str	r3, [r0, #4]
  42:Core/Src/i2s.c ****   hi2s2.Init.Standard = I2S_STANDARD_PHILIPS;
  47              		.loc 1 42 3 is_stmt 1 view .LVU5
  48              		.loc 1 42 23 is_stmt 0 view .LVU6
  49 000e 0023     		movs	r3, #0
  50 0010 8360     		str	r3, [r0, #8]
  43:Core/Src/i2s.c ****   hi2s2.Init.DataFormat = I2S_DATAFORMAT_16B;
  51              		.loc 1 43 3 is_stmt 1 view .LVU7
  52              		.loc 1 43 25 is_stmt 0 view .LVU8
  53 0012 C360     		str	r3, [r0, #12]
  44:Core/Src/i2s.c ****   hi2s2.Init.MCLKOutput = I2S_MCLKOUTPUT_DISABLE;
  54              		.loc 1 44 3 is_stmt 1 view .LVU9
  55              		.loc 1 44 25 is_stmt 0 view .LVU10
  56 0014 0361     		str	r3, [r0, #16]
  45:Core/Src/i2s.c ****   hi2s2.Init.AudioFreq = I2S_AUDIOFREQ_8K;
  57              		.loc 1 45 3 is_stmt 1 view .LVU11
  58              		.loc 1 45 24 is_stmt 0 view .LVU12
  59 0016 4FF4FA52 		mov	r2, #8000
  60 001a 4261     		str	r2, [r0, #20]
  46:Core/Src/i2s.c ****   hi2s2.Init.CPOL = I2S_CPOL_LOW;
  61              		.loc 1 46 3 is_stmt 1 view .LVU13
  62              		.loc 1 46 19 is_stmt 0 view .LVU14
  63 001c 8361     		str	r3, [r0, #24]
  47:Core/Src/i2s.c ****   hi2s2.Init.ClockSource = I2S_CLOCK_PLL;
  64              		.loc 1 47 3 is_stmt 1 view .LVU15
  65              		.loc 1 47 26 is_stmt 0 view .LVU16
  66 001e C361     		str	r3, [r0, #28]
  48:Core/Src/i2s.c ****   hi2s2.Init.FullDuplexMode = I2S_FULLDUPLEXMODE_ENABLE;
  67              		.loc 1 48 3 is_stmt 1 view .LVU17
ARM GAS  /tmp/ccOM4QPp.s 			page 3


  68              		.loc 1 48 29 is_stmt 0 view .LVU18
  69 0020 0123     		movs	r3, #1
  70 0022 0362     		str	r3, [r0, #32]
  49:Core/Src/i2s.c ****   if (HAL_I2S_Init(&hi2s2) != HAL_OK)
  71              		.loc 1 49 3 is_stmt 1 view .LVU19
  72              		.loc 1 49 7 is_stmt 0 view .LVU20
  73 0024 FFF7FEFF 		bl	HAL_I2S_Init
  74              	.LVL0:
  75              		.loc 1 49 6 view .LVU21
  76 0028 00B9     		cbnz	r0, .L4
  77              	.L1:
  50:Core/Src/i2s.c ****   {
  51:Core/Src/i2s.c ****     Error_Handler();
  52:Core/Src/i2s.c ****   }
  53:Core/Src/i2s.c ****   /* USER CODE BEGIN I2S2_Init 2 */
  54:Core/Src/i2s.c **** 
  55:Core/Src/i2s.c ****   /* USER CODE END I2S2_Init 2 */
  56:Core/Src/i2s.c **** 
  57:Core/Src/i2s.c **** }
  78              		.loc 1 57 1 view .LVU22
  79 002a 08BD     		pop	{r3, pc}
  80              	.L4:
  51:Core/Src/i2s.c ****   }
  81              		.loc 1 51 5 is_stmt 1 view .LVU23
  82 002c FFF7FEFF 		bl	Error_Handler
  83              	.LVL1:
  84              		.loc 1 57 1 is_stmt 0 view .LVU24
  85 0030 FBE7     		b	.L1
  86              	.L6:
  87 0032 00BF     		.align	2
  88              	.L5:
  89 0034 00000000 		.word	.LANCHOR0
  90 0038 00380040 		.word	1073756160
  91              		.cfi_endproc
  92              	.LFE235:
  94              		.section	.text.HAL_I2S_MspInit,"ax",%progbits
  95              		.align	1
  96              		.global	HAL_I2S_MspInit
  97              		.syntax unified
  98              		.thumb
  99              		.thumb_func
 100              		.fpu fpv4-sp-d16
 102              	HAL_I2S_MspInit:
 103              	.LVL2:
 104              	.LFB236:
  58:Core/Src/i2s.c **** 
  59:Core/Src/i2s.c **** void HAL_I2S_MspInit(I2S_HandleTypeDef* i2sHandle)
  60:Core/Src/i2s.c **** {
 105              		.loc 1 60 1 is_stmt 1 view -0
 106              		.cfi_startproc
 107              		@ args = 0, pretend = 0, frame = 48
 108              		@ frame_needed = 0, uses_anonymous_args = 0
 109              		.loc 1 60 1 is_stmt 0 view .LVU26
 110 0000 F0B5     		push	{r4, r5, r6, r7, lr}
 111              	.LCFI1:
 112              		.cfi_def_cfa_offset 20
 113              		.cfi_offset 4, -20
ARM GAS  /tmp/ccOM4QPp.s 			page 4


 114              		.cfi_offset 5, -16
 115              		.cfi_offset 6, -12
 116              		.cfi_offset 7, -8
 117              		.cfi_offset 14, -4
 118 0002 8DB0     		sub	sp, sp, #52
 119              	.LCFI2:
 120              		.cfi_def_cfa_offset 72
  61:Core/Src/i2s.c **** 
  62:Core/Src/i2s.c ****   GPIO_InitTypeDef GPIO_InitStruct = {0};
 121              		.loc 1 62 3 is_stmt 1 view .LVU27
 122              		.loc 1 62 20 is_stmt 0 view .LVU28
 123 0004 0023     		movs	r3, #0
 124 0006 0793     		str	r3, [sp, #28]
 125 0008 0893     		str	r3, [sp, #32]
 126 000a 0993     		str	r3, [sp, #36]
 127 000c 0A93     		str	r3, [sp, #40]
 128 000e 0B93     		str	r3, [sp, #44]
  63:Core/Src/i2s.c ****   RCC_PeriphCLKInitTypeDef PeriphClkInitStruct = {0};
 129              		.loc 1 63 3 is_stmt 1 view .LVU29
 130              		.loc 1 63 28 is_stmt 0 view .LVU30
 131 0010 0393     		str	r3, [sp, #12]
 132 0012 0493     		str	r3, [sp, #16]
 133 0014 0593     		str	r3, [sp, #20]
 134 0016 0693     		str	r3, [sp, #24]
  64:Core/Src/i2s.c ****   if(i2sHandle->Instance==SPI2)
 135              		.loc 1 64 3 is_stmt 1 view .LVU31
 136              		.loc 1 64 15 is_stmt 0 view .LVU32
 137 0018 0268     		ldr	r2, [r0]
 138              		.loc 1 64 5 view .LVU33
 139 001a 2B4B     		ldr	r3, .L13
 140 001c 9A42     		cmp	r2, r3
 141 001e 01D0     		beq	.L11
 142              	.LVL3:
 143              	.L7:
  65:Core/Src/i2s.c ****   {
  66:Core/Src/i2s.c ****   /* USER CODE BEGIN SPI2_MspInit 0 */
  67:Core/Src/i2s.c **** 
  68:Core/Src/i2s.c ****   /* USER CODE END SPI2_MspInit 0 */
  69:Core/Src/i2s.c **** 
  70:Core/Src/i2s.c ****   /** Initializes the peripherals clock
  71:Core/Src/i2s.c ****   */
  72:Core/Src/i2s.c ****     PeriphClkInitStruct.PeriphClockSelection = RCC_PERIPHCLK_I2S;
  73:Core/Src/i2s.c ****     PeriphClkInitStruct.PLLI2S.PLLI2SN = 192;
  74:Core/Src/i2s.c ****     PeriphClkInitStruct.PLLI2S.PLLI2SR = 2;
  75:Core/Src/i2s.c ****     if (HAL_RCCEx_PeriphCLKConfig(&PeriphClkInitStruct) != HAL_OK)
  76:Core/Src/i2s.c ****     {
  77:Core/Src/i2s.c ****       Error_Handler();
  78:Core/Src/i2s.c ****     }
  79:Core/Src/i2s.c **** 
  80:Core/Src/i2s.c ****     /* I2S2 clock enable */
  81:Core/Src/i2s.c ****     __HAL_RCC_SPI2_CLK_ENABLE();
  82:Core/Src/i2s.c **** 
  83:Core/Src/i2s.c ****     __HAL_RCC_GPIOC_CLK_ENABLE();
  84:Core/Src/i2s.c ****     __HAL_RCC_GPIOB_CLK_ENABLE();
  85:Core/Src/i2s.c ****     /**I2S2 GPIO Configuration
  86:Core/Src/i2s.c ****     PC2     ------> I2S2_ext_SD
  87:Core/Src/i2s.c ****     PC3     ------> I2S2_SD
ARM GAS  /tmp/ccOM4QPp.s 			page 5


  88:Core/Src/i2s.c ****     PB12     ------> I2S2_WS
  89:Core/Src/i2s.c ****     PB13     ------> I2S2_CK
  90:Core/Src/i2s.c ****     */
  91:Core/Src/i2s.c ****     GPIO_InitStruct.Pin = GPIO_PIN_2;
  92:Core/Src/i2s.c ****     GPIO_InitStruct.Mode = GPIO_MODE_AF_PP;
  93:Core/Src/i2s.c ****     GPIO_InitStruct.Pull = GPIO_NOPULL;
  94:Core/Src/i2s.c ****     GPIO_InitStruct.Speed = GPIO_SPEED_FREQ_LOW;
  95:Core/Src/i2s.c ****     GPIO_InitStruct.Alternate = GPIO_AF6_I2S2ext;
  96:Core/Src/i2s.c ****     HAL_GPIO_Init(GPIOC, &GPIO_InitStruct);
  97:Core/Src/i2s.c **** 
  98:Core/Src/i2s.c ****     GPIO_InitStruct.Pin = GPIO_PIN_3;
  99:Core/Src/i2s.c ****     GPIO_InitStruct.Mode = GPIO_MODE_AF_PP;
 100:Core/Src/i2s.c ****     GPIO_InitStruct.Pull = GPIO_NOPULL;
 101:Core/Src/i2s.c ****     GPIO_InitStruct.Speed = GPIO_SPEED_FREQ_LOW;
 102:Core/Src/i2s.c ****     GPIO_InitStruct.Alternate = GPIO_AF5_SPI2;
 103:Core/Src/i2s.c ****     HAL_GPIO_Init(GPIOC, &GPIO_InitStruct);
 104:Core/Src/i2s.c **** 
 105:Core/Src/i2s.c ****     GPIO_InitStruct.Pin = GPIO_PIN_12|GPIO_PIN_13;
 106:Core/Src/i2s.c ****     GPIO_InitStruct.Mode = GPIO_MODE_AF_PP;
 107:Core/Src/i2s.c ****     GPIO_InitStruct.Pull = GPIO_NOPULL;
 108:Core/Src/i2s.c ****     GPIO_InitStruct.Speed = GPIO_SPEED_FREQ_LOW;
 109:Core/Src/i2s.c ****     GPIO_InitStruct.Alternate = GPIO_AF5_SPI2;
 110:Core/Src/i2s.c ****     HAL_GPIO_Init(GPIOB, &GPIO_InitStruct);
 111:Core/Src/i2s.c **** 
 112:Core/Src/i2s.c ****   /* USER CODE BEGIN SPI2_MspInit 1 */
 113:Core/Src/i2s.c **** 
 114:Core/Src/i2s.c ****   /* USER CODE END SPI2_MspInit 1 */
 115:Core/Src/i2s.c ****   }
 116:Core/Src/i2s.c **** }
 144              		.loc 1 116 1 view .LVU34
 145 0020 0DB0     		add	sp, sp, #52
 146              	.LCFI3:
 147              		.cfi_remember_state
 148              		.cfi_def_cfa_offset 20
 149              		@ sp needed
 150 0022 F0BD     		pop	{r4, r5, r6, r7, pc}
 151              	.LVL4:
 152              	.L11:
 153              	.LCFI4:
 154              		.cfi_restore_state
  72:Core/Src/i2s.c ****     PeriphClkInitStruct.PLLI2S.PLLI2SN = 192;
 155              		.loc 1 72 5 is_stmt 1 view .LVU35
  72:Core/Src/i2s.c ****     PeriphClkInitStruct.PLLI2S.PLLI2SN = 192;
 156              		.loc 1 72 46 is_stmt 0 view .LVU36
 157 0024 0123     		movs	r3, #1
 158 0026 0393     		str	r3, [sp, #12]
  73:Core/Src/i2s.c ****     PeriphClkInitStruct.PLLI2S.PLLI2SR = 2;
 159              		.loc 1 73 5 is_stmt 1 view .LVU37
  73:Core/Src/i2s.c ****     PeriphClkInitStruct.PLLI2S.PLLI2SR = 2;
 160              		.loc 1 73 40 is_stmt 0 view .LVU38
 161 0028 C023     		movs	r3, #192
 162 002a 0493     		str	r3, [sp, #16]
  74:Core/Src/i2s.c ****     if (HAL_RCCEx_PeriphCLKConfig(&PeriphClkInitStruct) != HAL_OK)
 163              		.loc 1 74 5 is_stmt 1 view .LVU39
  74:Core/Src/i2s.c ****     if (HAL_RCCEx_PeriphCLKConfig(&PeriphClkInitStruct) != HAL_OK)
 164              		.loc 1 74 40 is_stmt 0 view .LVU40
 165 002c 0223     		movs	r3, #2
ARM GAS  /tmp/ccOM4QPp.s 			page 6


 166 002e 0593     		str	r3, [sp, #20]
  75:Core/Src/i2s.c ****     {
 167              		.loc 1 75 5 is_stmt 1 view .LVU41
  75:Core/Src/i2s.c ****     {
 168              		.loc 1 75 9 is_stmt 0 view .LVU42
 169 0030 03A8     		add	r0, sp, #12
 170              	.LVL5:
  75:Core/Src/i2s.c ****     {
 171              		.loc 1 75 9 view .LVU43
 172 0032 FFF7FEFF 		bl	HAL_RCCEx_PeriphCLKConfig
 173              	.LVL6:
  75:Core/Src/i2s.c ****     {
 174              		.loc 1 75 8 view .LVU44
 175 0036 0028     		cmp	r0, #0
 176 0038 43D1     		bne	.L12
 177              	.L9:
  81:Core/Src/i2s.c **** 
 178              		.loc 1 81 5 is_stmt 1 view .LVU45
 179              	.LBB2:
  81:Core/Src/i2s.c **** 
 180              		.loc 1 81 5 view .LVU46
 181 003a 0024     		movs	r4, #0
 182 003c 0094     		str	r4, [sp]
  81:Core/Src/i2s.c **** 
 183              		.loc 1 81 5 view .LVU47
 184 003e 234B     		ldr	r3, .L13+4
 185 0040 1A6C     		ldr	r2, [r3, #64]
 186 0042 42F48042 		orr	r2, r2, #16384
 187 0046 1A64     		str	r2, [r3, #64]
  81:Core/Src/i2s.c **** 
 188              		.loc 1 81 5 view .LVU48
 189 0048 1A6C     		ldr	r2, [r3, #64]
 190 004a 02F48042 		and	r2, r2, #16384
 191 004e 0092     		str	r2, [sp]
  81:Core/Src/i2s.c **** 
 192              		.loc 1 81 5 view .LVU49
 193 0050 009A     		ldr	r2, [sp]
 194              	.LBE2:
  81:Core/Src/i2s.c **** 
 195              		.loc 1 81 5 view .LVU50
  83:Core/Src/i2s.c ****     __HAL_RCC_GPIOB_CLK_ENABLE();
 196              		.loc 1 83 5 view .LVU51
 197              	.LBB3:
  83:Core/Src/i2s.c ****     __HAL_RCC_GPIOB_CLK_ENABLE();
 198              		.loc 1 83 5 view .LVU52
 199 0052 0194     		str	r4, [sp, #4]
  83:Core/Src/i2s.c ****     __HAL_RCC_GPIOB_CLK_ENABLE();
 200              		.loc 1 83 5 view .LVU53
 201 0054 1A6B     		ldr	r2, [r3, #48]
 202 0056 42F00402 		orr	r2, r2, #4
 203 005a 1A63     		str	r2, [r3, #48]
  83:Core/Src/i2s.c ****     __HAL_RCC_GPIOB_CLK_ENABLE();
 204              		.loc 1 83 5 view .LVU54
 205 005c 1A6B     		ldr	r2, [r3, #48]
 206 005e 02F00402 		and	r2, r2, #4
 207 0062 0192     		str	r2, [sp, #4]
  83:Core/Src/i2s.c ****     __HAL_RCC_GPIOB_CLK_ENABLE();
ARM GAS  /tmp/ccOM4QPp.s 			page 7


 208              		.loc 1 83 5 view .LVU55
 209 0064 019A     		ldr	r2, [sp, #4]
 210              	.LBE3:
  83:Core/Src/i2s.c ****     __HAL_RCC_GPIOB_CLK_ENABLE();
 211              		.loc 1 83 5 view .LVU56
  84:Core/Src/i2s.c ****     /**I2S2 GPIO Configuration
 212              		.loc 1 84 5 view .LVU57
 213              	.LBB4:
  84:Core/Src/i2s.c ****     /**I2S2 GPIO Configuration
 214              		.loc 1 84 5 view .LVU58
 215 0066 0294     		str	r4, [sp, #8]
  84:Core/Src/i2s.c ****     /**I2S2 GPIO Configuration
 216              		.loc 1 84 5 view .LVU59
 217 0068 1A6B     		ldr	r2, [r3, #48]
 218 006a 42F00202 		orr	r2, r2, #2
 219 006e 1A63     		str	r2, [r3, #48]
  84:Core/Src/i2s.c ****     /**I2S2 GPIO Configuration
 220              		.loc 1 84 5 view .LVU60
 221 0070 1B6B     		ldr	r3, [r3, #48]
 222 0072 03F00203 		and	r3, r3, #2
 223 0076 0293     		str	r3, [sp, #8]
  84:Core/Src/i2s.c ****     /**I2S2 GPIO Configuration
 224              		.loc 1 84 5 view .LVU61
 225 0078 029B     		ldr	r3, [sp, #8]
 226              	.LBE4:
  84:Core/Src/i2s.c ****     /**I2S2 GPIO Configuration
 227              		.loc 1 84 5 view .LVU62
  91:Core/Src/i2s.c ****     GPIO_InitStruct.Mode = GPIO_MODE_AF_PP;
 228              		.loc 1 91 5 view .LVU63
  91:Core/Src/i2s.c ****     GPIO_InitStruct.Mode = GPIO_MODE_AF_PP;
 229              		.loc 1 91 25 is_stmt 0 view .LVU64
 230 007a 0423     		movs	r3, #4
 231 007c 0793     		str	r3, [sp, #28]
  92:Core/Src/i2s.c ****     GPIO_InitStruct.Pull = GPIO_NOPULL;
 232              		.loc 1 92 5 is_stmt 1 view .LVU65
  92:Core/Src/i2s.c ****     GPIO_InitStruct.Pull = GPIO_NOPULL;
 233              		.loc 1 92 26 is_stmt 0 view .LVU66
 234 007e 0225     		movs	r5, #2
 235 0080 0895     		str	r5, [sp, #32]
  93:Core/Src/i2s.c ****     GPIO_InitStruct.Speed = GPIO_SPEED_FREQ_LOW;
 236              		.loc 1 93 5 is_stmt 1 view .LVU67
  93:Core/Src/i2s.c ****     GPIO_InitStruct.Speed = GPIO_SPEED_FREQ_LOW;
 237              		.loc 1 93 26 is_stmt 0 view .LVU68
 238 0082 0994     		str	r4, [sp, #36]
  94:Core/Src/i2s.c ****     GPIO_InitStruct.Alternate = GPIO_AF6_I2S2ext;
 239              		.loc 1 94 5 is_stmt 1 view .LVU69
  94:Core/Src/i2s.c ****     GPIO_InitStruct.Alternate = GPIO_AF6_I2S2ext;
 240              		.loc 1 94 27 is_stmt 0 view .LVU70
 241 0084 0A94     		str	r4, [sp, #40]
  95:Core/Src/i2s.c ****     HAL_GPIO_Init(GPIOC, &GPIO_InitStruct);
 242              		.loc 1 95 5 is_stmt 1 view .LVU71
  95:Core/Src/i2s.c ****     HAL_GPIO_Init(GPIOC, &GPIO_InitStruct);
 243              		.loc 1 95 31 is_stmt 0 view .LVU72
 244 0086 0623     		movs	r3, #6
 245 0088 0B93     		str	r3, [sp, #44]
  96:Core/Src/i2s.c **** 
 246              		.loc 1 96 5 is_stmt 1 view .LVU73
ARM GAS  /tmp/ccOM4QPp.s 			page 8


 247 008a 114F     		ldr	r7, .L13+8
 248 008c 07A9     		add	r1, sp, #28
 249 008e 3846     		mov	r0, r7
 250 0090 FFF7FEFF 		bl	HAL_GPIO_Init
 251              	.LVL7:
  98:Core/Src/i2s.c ****     GPIO_InitStruct.Mode = GPIO_MODE_AF_PP;
 252              		.loc 1 98 5 view .LVU74
  98:Core/Src/i2s.c ****     GPIO_InitStruct.Mode = GPIO_MODE_AF_PP;
 253              		.loc 1 98 25 is_stmt 0 view .LVU75
 254 0094 0823     		movs	r3, #8
 255 0096 0793     		str	r3, [sp, #28]
  99:Core/Src/i2s.c ****     GPIO_InitStruct.Pull = GPIO_NOPULL;
 256              		.loc 1 99 5 is_stmt 1 view .LVU76
  99:Core/Src/i2s.c ****     GPIO_InitStruct.Pull = GPIO_NOPULL;
 257              		.loc 1 99 26 is_stmt 0 view .LVU77
 258 0098 0895     		str	r5, [sp, #32]
 100:Core/Src/i2s.c ****     GPIO_InitStruct.Speed = GPIO_SPEED_FREQ_LOW;
 259              		.loc 1 100 5 is_stmt 1 view .LVU78
 100:Core/Src/i2s.c ****     GPIO_InitStruct.Speed = GPIO_SPEED_FREQ_LOW;
 260              		.loc 1 100 26 is_stmt 0 view .LVU79
 261 009a 0994     		str	r4, [sp, #36]
 101:Core/Src/i2s.c ****     GPIO_InitStruct.Alternate = GPIO_AF5_SPI2;
 262              		.loc 1 101 5 is_stmt 1 view .LVU80
 101:Core/Src/i2s.c ****     GPIO_InitStruct.Alternate = GPIO_AF5_SPI2;
 263              		.loc 1 101 27 is_stmt 0 view .LVU81
 264 009c 0A94     		str	r4, [sp, #40]
 102:Core/Src/i2s.c ****     HAL_GPIO_Init(GPIOC, &GPIO_InitStruct);
 265              		.loc 1 102 5 is_stmt 1 view .LVU82
 102:Core/Src/i2s.c ****     HAL_GPIO_Init(GPIOC, &GPIO_InitStruct);
 266              		.loc 1 102 31 is_stmt 0 view .LVU83
 267 009e 0526     		movs	r6, #5
 268 00a0 0B96     		str	r6, [sp, #44]
 103:Core/Src/i2s.c **** 
 269              		.loc 1 103 5 is_stmt 1 view .LVU84
 270 00a2 07A9     		add	r1, sp, #28
 271 00a4 3846     		mov	r0, r7
 272 00a6 FFF7FEFF 		bl	HAL_GPIO_Init
 273              	.LVL8:
 105:Core/Src/i2s.c ****     GPIO_InitStruct.Mode = GPIO_MODE_AF_PP;
 274              		.loc 1 105 5 view .LVU85
 105:Core/Src/i2s.c ****     GPIO_InitStruct.Mode = GPIO_MODE_AF_PP;
 275              		.loc 1 105 25 is_stmt 0 view .LVU86
 276 00aa 4FF44053 		mov	r3, #12288
 277 00ae 0793     		str	r3, [sp, #28]
 106:Core/Src/i2s.c ****     GPIO_InitStruct.Pull = GPIO_NOPULL;
 278              		.loc 1 106 5 is_stmt 1 view .LVU87
 106:Core/Src/i2s.c ****     GPIO_InitStruct.Pull = GPIO_NOPULL;
 279              		.loc 1 106 26 is_stmt 0 view .LVU88
 280 00b0 0895     		str	r5, [sp, #32]
 107:Core/Src/i2s.c ****     GPIO_InitStruct.Speed = GPIO_SPEED_FREQ_LOW;
 281              		.loc 1 107 5 is_stmt 1 view .LVU89
 107:Core/Src/i2s.c ****     GPIO_InitStruct.Speed = GPIO_SPEED_FREQ_LOW;
 282              		.loc 1 107 26 is_stmt 0 view .LVU90
 283 00b2 0994     		str	r4, [sp, #36]
 108:Core/Src/i2s.c ****     GPIO_InitStruct.Alternate = GPIO_AF5_SPI2;
 284              		.loc 1 108 5 is_stmt 1 view .LVU91
 108:Core/Src/i2s.c ****     GPIO_InitStruct.Alternate = GPIO_AF5_SPI2;
ARM GAS  /tmp/ccOM4QPp.s 			page 9


 285              		.loc 1 108 27 is_stmt 0 view .LVU92
 286 00b4 0A94     		str	r4, [sp, #40]
 109:Core/Src/i2s.c ****     HAL_GPIO_Init(GPIOB, &GPIO_InitStruct);
 287              		.loc 1 109 5 is_stmt 1 view .LVU93
 109:Core/Src/i2s.c ****     HAL_GPIO_Init(GPIOB, &GPIO_InitStruct);
 288              		.loc 1 109 31 is_stmt 0 view .LVU94
 289 00b6 0B96     		str	r6, [sp, #44]
 110:Core/Src/i2s.c **** 
 290              		.loc 1 110 5 is_stmt 1 view .LVU95
 291 00b8 07A9     		add	r1, sp, #28
 292 00ba 0648     		ldr	r0, .L13+12
 293 00bc FFF7FEFF 		bl	HAL_GPIO_Init
 294              	.LVL9:
 295              		.loc 1 116 1 is_stmt 0 view .LVU96
 296 00c0 AEE7     		b	.L7
 297              	.L12:
  77:Core/Src/i2s.c ****     }
 298              		.loc 1 77 7 is_stmt 1 view .LVU97
 299 00c2 FFF7FEFF 		bl	Error_Handler
 300              	.LVL10:
 301 00c6 B8E7     		b	.L9
 302              	.L14:
 303              		.align	2
 304              	.L13:
 305 00c8 00380040 		.word	1073756160
 306 00cc 00380240 		.word	1073887232
 307 00d0 00080240 		.word	1073874944
 308 00d4 00040240 		.word	1073873920
 309              		.cfi_endproc
 310              	.LFE236:
 312              		.section	.text.HAL_I2S_MspDeInit,"ax",%progbits
 313              		.align	1
 314              		.global	HAL_I2S_MspDeInit
 315              		.syntax unified
 316              		.thumb
 317              		.thumb_func
 318              		.fpu fpv4-sp-d16
 320              	HAL_I2S_MspDeInit:
 321              	.LVL11:
 322              	.LFB237:
 117:Core/Src/i2s.c **** 
 118:Core/Src/i2s.c **** void HAL_I2S_MspDeInit(I2S_HandleTypeDef* i2sHandle)
 119:Core/Src/i2s.c **** {
 323              		.loc 1 119 1 view -0
 324              		.cfi_startproc
 325              		@ args = 0, pretend = 0, frame = 0
 326              		@ frame_needed = 0, uses_anonymous_args = 0
 327              		.loc 1 119 1 is_stmt 0 view .LVU99
 328 0000 08B5     		push	{r3, lr}
 329              	.LCFI5:
 330              		.cfi_def_cfa_offset 8
 331              		.cfi_offset 3, -8
 332              		.cfi_offset 14, -4
 120:Core/Src/i2s.c **** 
 121:Core/Src/i2s.c ****   if(i2sHandle->Instance==SPI2)
 333              		.loc 1 121 3 is_stmt 1 view .LVU100
 334              		.loc 1 121 15 is_stmt 0 view .LVU101
ARM GAS  /tmp/ccOM4QPp.s 			page 10


 335 0002 0268     		ldr	r2, [r0]
 336              		.loc 1 121 5 view .LVU102
 337 0004 094B     		ldr	r3, .L19
 338 0006 9A42     		cmp	r2, r3
 339 0008 00D0     		beq	.L18
 340              	.LVL12:
 341              	.L15:
 122:Core/Src/i2s.c ****   {
 123:Core/Src/i2s.c ****   /* USER CODE BEGIN SPI2_MspDeInit 0 */
 124:Core/Src/i2s.c **** 
 125:Core/Src/i2s.c ****   /* USER CODE END SPI2_MspDeInit 0 */
 126:Core/Src/i2s.c ****     /* Peripheral clock disable */
 127:Core/Src/i2s.c ****     __HAL_RCC_SPI2_CLK_DISABLE();
 128:Core/Src/i2s.c **** 
 129:Core/Src/i2s.c ****     /**I2S2 GPIO Configuration
 130:Core/Src/i2s.c ****     PC2     ------> I2S2_ext_SD
 131:Core/Src/i2s.c ****     PC3     ------> I2S2_SD
 132:Core/Src/i2s.c ****     PB12     ------> I2S2_WS
 133:Core/Src/i2s.c ****     PB13     ------> I2S2_CK
 134:Core/Src/i2s.c ****     */
 135:Core/Src/i2s.c ****     HAL_GPIO_DeInit(GPIOC, GPIO_PIN_2|GPIO_PIN_3);
 136:Core/Src/i2s.c **** 
 137:Core/Src/i2s.c ****     HAL_GPIO_DeInit(GPIOB, GPIO_PIN_12|GPIO_PIN_13);
 138:Core/Src/i2s.c **** 
 139:Core/Src/i2s.c ****   /* USER CODE BEGIN SPI2_MspDeInit 1 */
 140:Core/Src/i2s.c **** 
 141:Core/Src/i2s.c ****   /* USER CODE END SPI2_MspDeInit 1 */
 142:Core/Src/i2s.c ****   }
 143:Core/Src/i2s.c **** }
 342              		.loc 1 143 1 view .LVU103
 343 000a 08BD     		pop	{r3, pc}
 344              	.LVL13:
 345              	.L18:
 127:Core/Src/i2s.c **** 
 346              		.loc 1 127 5 is_stmt 1 view .LVU104
 347 000c 084A     		ldr	r2, .L19+4
 348 000e 136C     		ldr	r3, [r2, #64]
 349 0010 23F48043 		bic	r3, r3, #16384
 350 0014 1364     		str	r3, [r2, #64]
 135:Core/Src/i2s.c **** 
 351              		.loc 1 135 5 view .LVU105
 352 0016 0C21     		movs	r1, #12
 353 0018 0648     		ldr	r0, .L19+8
 354              	.LVL14:
 135:Core/Src/i2s.c **** 
 355              		.loc 1 135 5 is_stmt 0 view .LVU106
 356 001a FFF7FEFF 		bl	HAL_GPIO_DeInit
 357              	.LVL15:
 137:Core/Src/i2s.c **** 
 358              		.loc 1 137 5 is_stmt 1 view .LVU107
 359 001e 4FF44051 		mov	r1, #12288
 360 0022 0548     		ldr	r0, .L19+12
 361 0024 FFF7FEFF 		bl	HAL_GPIO_DeInit
 362              	.LVL16:
 363              		.loc 1 143 1 is_stmt 0 view .LVU108
 364 0028 EFE7     		b	.L15
 365              	.L20:
ARM GAS  /tmp/ccOM4QPp.s 			page 11


 366 002a 00BF     		.align	2
 367              	.L19:
 368 002c 00380040 		.word	1073756160
 369 0030 00380240 		.word	1073887232
 370 0034 00080240 		.word	1073874944
 371 0038 00040240 		.word	1073873920
 372              		.cfi_endproc
 373              	.LFE237:
 375              		.global	hi2s2
 376              		.section	.bss.hi2s2,"aw",%nobits
 377              		.align	2
 378              		.set	.LANCHOR0,. + 0
 381              	hi2s2:
 382 0000 00000000 		.space	72
 382      00000000 
 382      00000000 
 382      00000000 
 382      00000000 
 383              		.text
 384              	.Letext0:
 385              		.file 2 "/usr/lib/gcc/arm-none-eabi/10.3.1/include/stdint.h"
 386              		.file 3 "Drivers/CMSIS/Device/ST/STM32F4xx/Include/stm32f407xx.h"
 387              		.file 4 "Drivers/STM32F4xx_HAL_Driver/Inc/stm32f4xx_hal_def.h"
 388              		.file 5 "Drivers/STM32F4xx_HAL_Driver/Inc/stm32f4xx_hal_rcc_ex.h"
 389              		.file 6 "Drivers/STM32F4xx_HAL_Driver/Inc/stm32f4xx_hal_gpio.h"
 390              		.file 7 "Drivers/STM32F4xx_HAL_Driver/Inc/stm32f4xx_hal_dma.h"
 391              		.file 8 "Drivers/STM32F4xx_HAL_Driver/Inc/stm32f4xx_hal_i2s.h"
 392              		.file 9 "Core/Inc/main.h"
 393              		.file 10 "Core/Inc/i2s.h"
ARM GAS  /tmp/ccOM4QPp.s 			page 12


DEFINED SYMBOLS
                            *ABS*:0000000000000000 i2s.c
     /tmp/ccOM4QPp.s:18     .text.MX_I2S2_Init:0000000000000000 $t
     /tmp/ccOM4QPp.s:26     .text.MX_I2S2_Init:0000000000000000 MX_I2S2_Init
     /tmp/ccOM4QPp.s:89     .text.MX_I2S2_Init:0000000000000034 $d
     /tmp/ccOM4QPp.s:95     .text.HAL_I2S_MspInit:0000000000000000 $t
     /tmp/ccOM4QPp.s:102    .text.HAL_I2S_MspInit:0000000000000000 HAL_I2S_MspInit
     /tmp/ccOM4QPp.s:305    .text.HAL_I2S_MspInit:00000000000000c8 $d
     /tmp/ccOM4QPp.s:313    .text.HAL_I2S_MspDeInit:0000000000000000 $t
     /tmp/ccOM4QPp.s:320    .text.HAL_I2S_MspDeInit:0000000000000000 HAL_I2S_MspDeInit
     /tmp/ccOM4QPp.s:368    .text.HAL_I2S_MspDeInit:000000000000002c $d
     /tmp/ccOM4QPp.s:381    .bss.hi2s2:0000000000000000 hi2s2
     /tmp/ccOM4QPp.s:377    .bss.hi2s2:0000000000000000 $d

UNDEFINED SYMBOLS
HAL_I2S_Init
Error_Handler
HAL_RCCEx_PeriphCLKConfig
HAL_GPIO_Init
HAL_GPIO_DeInit
