ARM GAS  /tmp/ccCmbE2G.s 			page 1


   1              		.cpu cortex-m4
   2              		.eabi_attribute 27, 1
   3              		.eabi_attribute 28, 1
   4              		.eabi_attribute 20, 1
   5              		.eabi_attribute 21, 1
   6              		.eabi_attribute 23, 3
   7              		.eabi_attribute 24, 1
   8              		.eabi_attribute 25, 1
   9              		.eabi_attribute 26, 1
  10              		.eabi_attribute 30, 1
  11              		.eabi_attribute 34, 1
  12              		.eabi_attribute 18, 4
  13              		.file	"jaricom.c"
  14              		.text
  15              	.Ltext0:
  16              		.cfi_sections	.debug_frame
  17              		.global	jpeg_aritab
  18              		.section	.rodata.jpeg_aritab,"a"
  19              		.align	2
  22              	jpeg_aritab:
  23 0000 81011D5A 		.word	1511850369
  24 0004 0E028625 		.word	629539342
  25 0008 10031411 		.word	286524176
  26 000c 12040B08 		.word	134939666
  27 0010 1405D803 		.word	64488724
  28 0014 1706DA01 		.word	31065623
  29 0018 1907E500 		.word	15009561
  30 001c 1C086F00 		.word	7276572
  31 0020 1E093600 		.word	3541278
  32 0024 210A1A00 		.word	1706529
  33 0028 230B0D00 		.word	854819
  34 002c 090C0600 		.word	396297
  35 0030 0A0D0300 		.word	199946
  36 0034 0C0D0100 		.word	68876
  37 0038 8F0F7F5A 		.word	1518276495
  38 003c 2410253F 		.word	1059393572
  39 0040 2611F22C 		.word	754061606
  40 0044 27127C20 		.word	545002023
  41 0048 2813B917 		.word	398005032
  42 004c 2A148211 		.word	293737514
  43 0050 2B15EF0C 		.word	216995115
  44 0054 2D16A109 		.word	161551917
  45 0058 2E172F07 		.word	120526638
  46 005c 30185C05 		.word	89921584
  47 0060 31190604 		.word	67508529
  48 0064 331A0303 		.word	50534963
  49 0068 341B4002 		.word	37755700
  50 006c 361CB101 		.word	28384310
  51 0070 381D4401 		.word	21241144
  52 0074 391EF500 		.word	16064057
  53 0078 3B1FB700 		.word	12001083
  54 007c 3C208A00 		.word	9052220
  55 0080 3E216800 		.word	6824254
  56 0084 3F224E00 		.word	5120575
  57 0088 20233B00 		.word	3875616
  58 008c 21092C00 		.word	2885921
  59 0090 A525E15A 		.word	1524704677
ARM GAS  /tmp/ccCmbE2G.s 			page 2


  60 0094 40264C48 		.word	1212950080
  61 0098 41270D3A 		.word	973940545
  62 009c 4328F12E 		.word	787556419
  63 00a0 44291F26 		.word	639576388
  64 00a4 452A331F 		.word	523446853
  65 00a8 462BA819 		.word	430451526
  66 00ac 482C1815 		.word	353905736
  67 00b0 492D7711 		.word	293023049
  68 00b4 4A2E740E 		.word	242495050
  69 00b8 4B2FFB0B 		.word	201011019
  70 00bc 4D30F809 		.word	167260237
  71 00c0 4E316108 		.word	140587342
  72 00c4 4F320607 		.word	117846607
  73 00c8 3033CD05 		.word	97334064
  74 00cc 3234DE04 		.word	81671218
  75 00d0 32350F04 		.word	68105522
  76 00d4 33366303 		.word	56833587
  77 00d8 3437D402 		.word	47462196
  78 00dc 35385C02 		.word	39598133
  79 00e0 3639F801 		.word	33044790
  80 00e4 373AA401 		.word	27540023
  81 00e8 383B6001 		.word	23083832
  82 00ec 393C2501 		.word	19217465
  83 00f0 3A3DF600 		.word	16137530
  84 00f4 3B3ECB00 		.word	13319739
  85 00f8 3D3FAB00 		.word	11222845
  86 00fc 3D208F00 		.word	9379901
  87 0100 C141125B 		.word	1527923137
  88 0104 5042044D 		.word	1292124752
  89 0108 51432C41 		.word	1093419857
  90 010c 5244D837 		.word	936920146
  91 0110 5345E82F 		.word	803751251
  92 0114 54463C29 		.word	691816020
  93 0118 56477923 		.word	595150678
  94 011c 5748DF1E 		.word	517949527
  95 0120 5749A91A 		.word	447301975
  96 0124 484A4E17 		.word	391006792
  97 0128 484B2414 		.word	337922888
  98 012c 4A4C9C11 		.word	295455818
  99 0130 4A4D6B0F 		.word	258690378
 100 0134 4B4E510D 		.word	223432267
 101 0138 4D4FB60B 		.word	196497229
 102 013c 4D30400A 		.word	171978829
 103 0140 D0513258 		.word	1479692752
 104 0144 58521C4D 		.word	1293701720
 105 0148 59538E43 		.word	1133400921
 106 014c 5A54DD3B 		.word	1004360794
 107 0150 5B55EE34 		.word	888034651
 108 0154 5C56AE2E 		.word	783177308
 109 0158 5D579A29 		.word	697980765
 110 015c 56471625 		.word	622217046
 111 0160 D8597055 		.word	1433426392
 112 0164 5F5AA94C 		.word	1286167135
 113 0168 605BD944 		.word	1155095392
 114 016c 615C223E 		.word	1042439265
 115 0170 635D2438 		.word	941907299
 116 0174 635EB432 		.word	850681443
ARM GAS  /tmp/ccCmbE2G.s 			page 3


 117 0178 5D56172E 		.word	773281373
 118 017c DF60A856 		.word	1453875423
 119 0180 6561464F 		.word	1330012517
 120 0184 6662E547 		.word	1206215270
 121 0188 6763CF41 		.word	1104110439
 122 018c 68643D3C 		.word	1010656360
 123 0190 635D5E37 		.word	928931171
 124 0194 69663152 		.word	1378969193
 125 0198 6A670F4C 		.word	1276077930
 126 019c 6B683946 		.word	1178167403
 127 01a0 67635E41 		.word	1096704871
 128 01a4 E96A2756 		.word	1445423849
 129 01a8 6C6BE750 		.word	1357343596
 130 01ac 6D67854B 		.word	1267033965
 131 01b0 6E6D9755 		.word	1435987310
 132 01b4 6F6B4F50 		.word	1347382127
 133 01b8 EE6F105A 		.word	1511026670
 134 01bc 706D2255 		.word	1428319600
 135 01c0 F06FEB59 		.word	1508601840
 136 01c4 71711D5A 		.word	1511879025
 137              		.text
 138              	.Letext0:
 139              		.file 1 "LIBJPEG/Target/jmorecfg.h"
 140              		.file 2 "Middlewares/Third_Party/LibJPEG/include/jpegint.h"
 141              		.file 3 "Middlewares/Third_Party/LibJPEG/source/jaricom.c"
ARM GAS  /tmp/ccCmbE2G.s 			page 4


DEFINED SYMBOLS
                            *ABS*:0000000000000000 jaricom.c
     /tmp/ccCmbE2G.s:22     .rodata.jpeg_aritab:0000000000000000 jpeg_aritab
     /tmp/ccCmbE2G.s:19     .rodata.jpeg_aritab:0000000000000000 $d

NO UNDEFINED SYMBOLS
