ARM GAS  /tmp/ccocLKJK.s 			page 1


   1              		.cpu cortex-m4
   2              		.eabi_attribute 27, 1
   3              		.eabi_attribute 28, 1
   4              		.eabi_attribute 20, 1
   5              		.eabi_attribute 21, 1
   6              		.eabi_attribute 23, 3
   7              		.eabi_attribute 24, 1
   8              		.eabi_attribute 25, 1
   9              		.eabi_attribute 26, 1
  10              		.eabi_attribute 30, 1
  11              		.eabi_attribute 34, 1
  12              		.eabi_attribute 18, 4
  13              		.file	"jcapimin.c"
  14              		.text
  15              	.Ltext0:
  16              		.cfi_sections	.debug_frame
  17              		.section	.text.jpeg_CreateCompress,"ax",%progbits
  18              		.align	1
  19              		.global	jpeg_CreateCompress
  20              		.arch armv7e-m
  21              		.syntax unified
  22              		.thumb
  23              		.thumb_func
  24              		.fpu fpv4-sp-d16
  26              	jpeg_CreateCompress:
  27              	.LVL0:
  28              	.LFB7:
  29              		.file 1 "Middlewares/Third_Party/LibJPEG/source/jcapimin.c"
   1:Middlewares/Third_Party/LibJPEG/source/jcapimin.c **** /*
   2:Middlewares/Third_Party/LibJPEG/source/jcapimin.c ****  * jcapimin.c
   3:Middlewares/Third_Party/LibJPEG/source/jcapimin.c ****  *
   4:Middlewares/Third_Party/LibJPEG/source/jcapimin.c ****  * Copyright (C) 1994-1998, Thomas G. Lane.
   5:Middlewares/Third_Party/LibJPEG/source/jcapimin.c ****  * Modified 2003-2010 by Guido Vollbeding.
   6:Middlewares/Third_Party/LibJPEG/source/jcapimin.c ****  * This file is part of the Independent JPEG Group's software.
   7:Middlewares/Third_Party/LibJPEG/source/jcapimin.c ****  * For conditions of distribution and use, see the accompanying README file.
   8:Middlewares/Third_Party/LibJPEG/source/jcapimin.c ****  *
   9:Middlewares/Third_Party/LibJPEG/source/jcapimin.c ****  * This file contains application interface code for the compression half
  10:Middlewares/Third_Party/LibJPEG/source/jcapimin.c ****  * of the JPEG library.  These are the "minimum" API routines that may be
  11:Middlewares/Third_Party/LibJPEG/source/jcapimin.c ****  * needed in either the normal full-compression case or the transcoding-only
  12:Middlewares/Third_Party/LibJPEG/source/jcapimin.c ****  * case.
  13:Middlewares/Third_Party/LibJPEG/source/jcapimin.c ****  *
  14:Middlewares/Third_Party/LibJPEG/source/jcapimin.c ****  * Most of the routines intended to be called directly by an application
  15:Middlewares/Third_Party/LibJPEG/source/jcapimin.c ****  * are in this file or in jcapistd.c.  But also see jcparam.c for
  16:Middlewares/Third_Party/LibJPEG/source/jcapimin.c ****  * parameter-setup helper routines, jcomapi.c for routines shared by
  17:Middlewares/Third_Party/LibJPEG/source/jcapimin.c ****  * compression and decompression, and jctrans.c for the transcoding case.
  18:Middlewares/Third_Party/LibJPEG/source/jcapimin.c ****  */
  19:Middlewares/Third_Party/LibJPEG/source/jcapimin.c **** 
  20:Middlewares/Third_Party/LibJPEG/source/jcapimin.c **** #define JPEG_INTERNALS
  21:Middlewares/Third_Party/LibJPEG/source/jcapimin.c **** #include "jinclude.h"
  22:Middlewares/Third_Party/LibJPEG/source/jcapimin.c **** #include "jpeglib.h"
  23:Middlewares/Third_Party/LibJPEG/source/jcapimin.c **** 
  24:Middlewares/Third_Party/LibJPEG/source/jcapimin.c **** 
  25:Middlewares/Third_Party/LibJPEG/source/jcapimin.c **** /*
  26:Middlewares/Third_Party/LibJPEG/source/jcapimin.c ****  * Initialization of a JPEG compression object.
  27:Middlewares/Third_Party/LibJPEG/source/jcapimin.c ****  * The error manager must already be set up (in case memory manager fails).
  28:Middlewares/Third_Party/LibJPEG/source/jcapimin.c ****  */
  29:Middlewares/Third_Party/LibJPEG/source/jcapimin.c **** 
ARM GAS  /tmp/ccocLKJK.s 			page 2


  30:Middlewares/Third_Party/LibJPEG/source/jcapimin.c **** GLOBAL(void)
  31:Middlewares/Third_Party/LibJPEG/source/jcapimin.c **** jpeg_CreateCompress (j_compress_ptr cinfo, int version, size_t structsize)
  32:Middlewares/Third_Party/LibJPEG/source/jcapimin.c **** {
  30              		.loc 1 32 1 view -0
  31              		.cfi_startproc
  32              		@ args = 0, pretend = 0, frame = 0
  33              		@ frame_needed = 0, uses_anonymous_args = 0
  34              		.loc 1 32 1 is_stmt 0 view .LVU1
  35 0000 70B5     		push	{r4, r5, r6, lr}
  36              	.LCFI0:
  37              		.cfi_def_cfa_offset 16
  38              		.cfi_offset 4, -16
  39              		.cfi_offset 5, -12
  40              		.cfi_offset 6, -8
  41              		.cfi_offset 14, -4
  42 0002 0446     		mov	r4, r0
  43 0004 1546     		mov	r5, r2
  33:Middlewares/Third_Party/LibJPEG/source/jcapimin.c ****   int i;
  44              		.loc 1 33 3 is_stmt 1 view .LVU2
  34:Middlewares/Third_Party/LibJPEG/source/jcapimin.c **** 
  35:Middlewares/Third_Party/LibJPEG/source/jcapimin.c ****   /* Guard against version mismatches between library and caller. */
  36:Middlewares/Third_Party/LibJPEG/source/jcapimin.c ****   cinfo->mem = NULL;		/* so jpeg_destroy knows mem mgr not called */
  45              		.loc 1 36 3 view .LVU3
  46              		.loc 1 36 14 is_stmt 0 view .LVU4
  47 0006 0023     		movs	r3, #0
  48 0008 4360     		str	r3, [r0, #4]
  37:Middlewares/Third_Party/LibJPEG/source/jcapimin.c ****   if (version != JPEG_LIB_VERSION)
  49              		.loc 1 37 3 is_stmt 1 view .LVU5
  50              		.loc 1 37 6 is_stmt 0 view .LVU6
  51 000a 5029     		cmp	r1, #80
  52 000c 0AD0     		beq	.L2
  38:Middlewares/Third_Party/LibJPEG/source/jcapimin.c ****     ERREXIT2(cinfo, JERR_BAD_LIB_VERSION, JPEG_LIB_VERSION, version);
  53              		.loc 1 38 5 is_stmt 1 view .LVU7
  54 000e 0368     		ldr	r3, [r0]
  55 0010 0D22     		movs	r2, #13
  56              	.LVL1:
  57              		.loc 1 38 5 is_stmt 0 view .LVU8
  58 0012 5A61     		str	r2, [r3, #20]
  59 0014 0368     		ldr	r3, [r0]
  60 0016 5022     		movs	r2, #80
  61 0018 9A61     		str	r2, [r3, #24]
  62 001a 0368     		ldr	r3, [r0]
  63 001c D961     		str	r1, [r3, #28]
  64 001e 0368     		ldr	r3, [r0]
  65 0020 1B68     		ldr	r3, [r3]
  66 0022 9847     		blx	r3
  67              	.LVL2:
  68              	.L2:
  39:Middlewares/Third_Party/LibJPEG/source/jcapimin.c ****   if (structsize != SIZEOF(struct jpeg_compress_struct))
  69              		.loc 1 39 3 is_stmt 1 view .LVU9
  70              		.loc 1 39 6 is_stmt 0 view .LVU10
  71 0024 B5F5D87F 		cmp	r5, #432
  72 0028 0CD0     		beq	.L3
  40:Middlewares/Third_Party/LibJPEG/source/jcapimin.c ****     ERREXIT2(cinfo, JERR_BAD_STRUCT_SIZE, 
  73              		.loc 1 40 5 is_stmt 1 view .LVU11
  74 002a 2368     		ldr	r3, [r4]
  75 002c 1622     		movs	r2, #22
ARM GAS  /tmp/ccocLKJK.s 			page 3


  76 002e 5A61     		str	r2, [r3, #20]
  77 0030 2368     		ldr	r3, [r4]
  78 0032 4FF4D872 		mov	r2, #432
  79 0036 9A61     		str	r2, [r3, #24]
  80 0038 2368     		ldr	r3, [r4]
  81 003a DD61     		str	r5, [r3, #28]
  82 003c 2368     		ldr	r3, [r4]
  83 003e 1B68     		ldr	r3, [r3]
  84 0040 2046     		mov	r0, r4
  85 0042 9847     		blx	r3
  86              	.LVL3:
  87              	.L3:
  88              	.LBB2:
  41:Middlewares/Third_Party/LibJPEG/source/jcapimin.c **** 	     (int) SIZEOF(struct jpeg_compress_struct), (int) structsize);
  42:Middlewares/Third_Party/LibJPEG/source/jcapimin.c **** 
  43:Middlewares/Third_Party/LibJPEG/source/jcapimin.c ****   /* For debugging purposes, we zero the whole master structure.
  44:Middlewares/Third_Party/LibJPEG/source/jcapimin.c ****    * But the application has already set the err pointer, and may have set
  45:Middlewares/Third_Party/LibJPEG/source/jcapimin.c ****    * client_data, so we have to save and restore those fields.
  46:Middlewares/Third_Party/LibJPEG/source/jcapimin.c ****    * Note: if application hasn't set client_data, tools like Purify may
  47:Middlewares/Third_Party/LibJPEG/source/jcapimin.c ****    * complain here.
  48:Middlewares/Third_Party/LibJPEG/source/jcapimin.c ****    */
  49:Middlewares/Third_Party/LibJPEG/source/jcapimin.c ****   {
  50:Middlewares/Third_Party/LibJPEG/source/jcapimin.c ****     struct jpeg_error_mgr * err = cinfo->err;
  89              		.loc 1 50 5 view .LVU12
  90              		.loc 1 50 29 is_stmt 0 view .LVU13
  91 0044 2668     		ldr	r6, [r4]
  92              	.LVL4:
  51:Middlewares/Third_Party/LibJPEG/source/jcapimin.c ****     void * client_data = cinfo->client_data; /* ignore Purify complaint here */
  93              		.loc 1 51 5 is_stmt 1 view .LVU14
  94              		.loc 1 51 12 is_stmt 0 view .LVU15
  95 0046 E568     		ldr	r5, [r4, #12]
  96              	.LVL5:
  52:Middlewares/Third_Party/LibJPEG/source/jcapimin.c ****     MEMZERO(cinfo, SIZEOF(struct jpeg_compress_struct));
  97              		.loc 1 52 5 is_stmt 1 view .LVU16
  98 0048 4FF4D872 		mov	r2, #432
  99 004c 0021     		movs	r1, #0
 100 004e 2046     		mov	r0, r4
 101 0050 FFF7FEFF 		bl	memset
 102              	.LVL6:
  53:Middlewares/Third_Party/LibJPEG/source/jcapimin.c ****     cinfo->err = err;
 103              		.loc 1 53 5 view .LVU17
 104              		.loc 1 53 16 is_stmt 0 view .LVU18
 105 0054 2660     		str	r6, [r4]
  54:Middlewares/Third_Party/LibJPEG/source/jcapimin.c ****     cinfo->client_data = client_data;
 106              		.loc 1 54 5 is_stmt 1 view .LVU19
 107              		.loc 1 54 24 is_stmt 0 view .LVU20
 108 0056 E560     		str	r5, [r4, #12]
 109              	.LBE2:
  55:Middlewares/Third_Party/LibJPEG/source/jcapimin.c ****   }
  56:Middlewares/Third_Party/LibJPEG/source/jcapimin.c ****   cinfo->is_decompressor = FALSE;
 110              		.loc 1 56 3 is_stmt 1 view .LVU21
  57:Middlewares/Third_Party/LibJPEG/source/jcapimin.c **** 
  58:Middlewares/Third_Party/LibJPEG/source/jcapimin.c ****   /* Initialize a memory manager instance for this object */
  59:Middlewares/Third_Party/LibJPEG/source/jcapimin.c ****   jinit_memory_mgr((j_common_ptr) cinfo);
 111              		.loc 1 59 3 view .LVU22
 112 0058 2046     		mov	r0, r4
 113 005a FFF7FEFF 		bl	jinit_memory_mgr
ARM GAS  /tmp/ccocLKJK.s 			page 4


 114              	.LVL7:
  60:Middlewares/Third_Party/LibJPEG/source/jcapimin.c **** 
  61:Middlewares/Third_Party/LibJPEG/source/jcapimin.c ****   /* Zero out pointers to permanent structures. */
  62:Middlewares/Third_Party/LibJPEG/source/jcapimin.c ****   cinfo->progress = NULL;
 115              		.loc 1 62 3 view .LVU23
 116              		.loc 1 62 19 is_stmt 0 view .LVU24
 117 005e 0023     		movs	r3, #0
 118 0060 A360     		str	r3, [r4, #8]
  63:Middlewares/Third_Party/LibJPEG/source/jcapimin.c ****   cinfo->dest = NULL;
 119              		.loc 1 63 3 is_stmt 1 view .LVU25
 120              		.loc 1 63 15 is_stmt 0 view .LVU26
 121 0062 A361     		str	r3, [r4, #24]
  64:Middlewares/Third_Party/LibJPEG/source/jcapimin.c **** 
  65:Middlewares/Third_Party/LibJPEG/source/jcapimin.c ****   cinfo->comp_info = NULL;
 122              		.loc 1 65 3 is_stmt 1 view .LVU27
 123              		.loc 1 65 20 is_stmt 0 view .LVU28
 124 0064 6365     		str	r3, [r4, #84]
  66:Middlewares/Third_Party/LibJPEG/source/jcapimin.c **** 
  67:Middlewares/Third_Party/LibJPEG/source/jcapimin.c ****   for (i = 0; i < NUM_QUANT_TBLS; i++) {
 125              		.loc 1 67 3 is_stmt 1 view .LVU29
 126              	.LVL8:
 127              		.loc 1 67 3 is_stmt 0 view .LVU30
 128 0066 0AE0     		b	.L4
 129              	.LVL9:
 130              	.L5:
  68:Middlewares/Third_Party/LibJPEG/source/jcapimin.c ****     cinfo->quant_tbl_ptrs[i] = NULL;
 131              		.loc 1 68 5 is_stmt 1 discriminator 3 view .LVU31
 132              		.loc 1 68 30 is_stmt 0 discriminator 3 view .LVU32
 133 0068 03F11602 		add	r2, r3, #22
 134 006c 0021     		movs	r1, #0
 135 006e 44F82210 		str	r1, [r4, r2, lsl #2]
  69:Middlewares/Third_Party/LibJPEG/source/jcapimin.c ****     cinfo->q_scale_factor[i] = 100;
 136              		.loc 1 69 5 is_stmt 1 discriminator 3 view .LVU33
 137              		.loc 1 69 30 is_stmt 0 discriminator 3 view .LVU34
 138 0072 03F11A02 		add	r2, r3, #26
 139 0076 6421     		movs	r1, #100
 140 0078 44F82210 		str	r1, [r4, r2, lsl #2]
  67:Middlewares/Third_Party/LibJPEG/source/jcapimin.c ****     cinfo->quant_tbl_ptrs[i] = NULL;
 141              		.loc 1 67 35 is_stmt 1 discriminator 3 view .LVU35
  67:Middlewares/Third_Party/LibJPEG/source/jcapimin.c ****     cinfo->quant_tbl_ptrs[i] = NULL;
 142              		.loc 1 67 36 is_stmt 0 discriminator 3 view .LVU36
 143 007c 0133     		adds	r3, r3, #1
 144              	.LVL10:
 145              	.L4:
  67:Middlewares/Third_Party/LibJPEG/source/jcapimin.c ****     cinfo->quant_tbl_ptrs[i] = NULL;
 146              		.loc 1 67 15 is_stmt 1 discriminator 1 view .LVU37
  67:Middlewares/Third_Party/LibJPEG/source/jcapimin.c ****     cinfo->quant_tbl_ptrs[i] = NULL;
 147              		.loc 1 67 3 is_stmt 0 discriminator 1 view .LVU38
 148 007e 032B     		cmp	r3, #3
 149 0080 F2DD     		ble	.L5
  70:Middlewares/Third_Party/LibJPEG/source/jcapimin.c ****   }
  71:Middlewares/Third_Party/LibJPEG/source/jcapimin.c **** 
  72:Middlewares/Third_Party/LibJPEG/source/jcapimin.c ****   for (i = 0; i < NUM_HUFF_TBLS; i++) {
 150              		.loc 1 72 10 view .LVU39
 151 0082 0023     		movs	r3, #0
 152              	.LVL11:
 153              		.loc 1 72 10 view .LVU40
ARM GAS  /tmp/ccocLKJK.s 			page 5


 154 0084 09E0     		b	.L6
 155              	.LVL12:
 156              	.L7:
  73:Middlewares/Third_Party/LibJPEG/source/jcapimin.c ****     cinfo->dc_huff_tbl_ptrs[i] = NULL;
 157              		.loc 1 73 5 is_stmt 1 discriminator 3 view .LVU41
 158              		.loc 1 73 32 is_stmt 0 discriminator 3 view .LVU42
 159 0086 03F11E01 		add	r1, r3, #30
 160 008a 0022     		movs	r2, #0
 161 008c 44F82120 		str	r2, [r4, r1, lsl #2]
  74:Middlewares/Third_Party/LibJPEG/source/jcapimin.c ****     cinfo->ac_huff_tbl_ptrs[i] = NULL;
 162              		.loc 1 74 5 is_stmt 1 discriminator 3 view .LVU43
 163              		.loc 1 74 32 is_stmt 0 discriminator 3 view .LVU44
 164 0090 03F12201 		add	r1, r3, #34
 165 0094 44F82120 		str	r2, [r4, r1, lsl #2]
  72:Middlewares/Third_Party/LibJPEG/source/jcapimin.c ****     cinfo->dc_huff_tbl_ptrs[i] = NULL;
 166              		.loc 1 72 34 is_stmt 1 discriminator 3 view .LVU45
  72:Middlewares/Third_Party/LibJPEG/source/jcapimin.c ****     cinfo->dc_huff_tbl_ptrs[i] = NULL;
 167              		.loc 1 72 35 is_stmt 0 discriminator 3 view .LVU46
 168 0098 0133     		adds	r3, r3, #1
 169              	.LVL13:
 170              	.L6:
  72:Middlewares/Third_Party/LibJPEG/source/jcapimin.c ****     cinfo->dc_huff_tbl_ptrs[i] = NULL;
 171              		.loc 1 72 15 is_stmt 1 discriminator 1 view .LVU47
  72:Middlewares/Third_Party/LibJPEG/source/jcapimin.c ****     cinfo->dc_huff_tbl_ptrs[i] = NULL;
 172              		.loc 1 72 3 is_stmt 0 discriminator 1 view .LVU48
 173 009a 032B     		cmp	r3, #3
 174 009c F3DD     		ble	.L7
  75:Middlewares/Third_Party/LibJPEG/source/jcapimin.c ****   }
  76:Middlewares/Third_Party/LibJPEG/source/jcapimin.c **** 
  77:Middlewares/Third_Party/LibJPEG/source/jcapimin.c ****   /* Must do it here for emit_dqt in case jpeg_write_tables is used */
  78:Middlewares/Third_Party/LibJPEG/source/jcapimin.c ****   cinfo->block_size = DCTSIZE;
 175              		.loc 1 78 3 is_stmt 1 view .LVU49
 176              		.loc 1 78 21 is_stmt 0 view .LVU50
 177 009e 0823     		movs	r3, #8
 178              	.LVL14:
 179              		.loc 1 78 21 view .LVU51
 180 00a0 C4F87831 		str	r3, [r4, #376]
  79:Middlewares/Third_Party/LibJPEG/source/jcapimin.c ****   cinfo->natural_order = jpeg_natural_order;
 181              		.loc 1 79 3 is_stmt 1 view .LVU52
 182              		.loc 1 79 24 is_stmt 0 view .LVU53
 183 00a4 074B     		ldr	r3, .L9
 184 00a6 C4F87C31 		str	r3, [r4, #380]
  80:Middlewares/Third_Party/LibJPEG/source/jcapimin.c ****   cinfo->lim_Se = DCTSIZE2-1;
 185              		.loc 1 80 3 is_stmt 1 view .LVU54
 186              		.loc 1 80 17 is_stmt 0 view .LVU55
 187 00aa 3F23     		movs	r3, #63
 188 00ac C4F88031 		str	r3, [r4, #384]
  81:Middlewares/Third_Party/LibJPEG/source/jcapimin.c **** 
  82:Middlewares/Third_Party/LibJPEG/source/jcapimin.c ****   cinfo->script_space = NULL;
 189              		.loc 1 82 3 is_stmt 1 view .LVU56
 190              		.loc 1 82 23 is_stmt 0 view .LVU57
 191 00b0 0023     		movs	r3, #0
 192 00b2 C4F8A831 		str	r3, [r4, #424]
  83:Middlewares/Third_Party/LibJPEG/source/jcapimin.c **** 
  84:Middlewares/Third_Party/LibJPEG/source/jcapimin.c ****   cinfo->input_gamma = 1.0;	/* in case application forgets */
 193              		.loc 1 84 3 is_stmt 1 view .LVU58
 194              		.loc 1 84 22 is_stmt 0 view .LVU59
ARM GAS  /tmp/ccocLKJK.s 			page 6


 195 00b6 0022     		movs	r2, #0
 196 00b8 034B     		ldr	r3, .L9+4
 197 00ba C4E90C23 		strd	r2, [r4, #48]
  85:Middlewares/Third_Party/LibJPEG/source/jcapimin.c **** 
  86:Middlewares/Third_Party/LibJPEG/source/jcapimin.c ****   /* OK, I'm ready */
  87:Middlewares/Third_Party/LibJPEG/source/jcapimin.c ****   cinfo->global_state = CSTATE_START;
 198              		.loc 1 87 3 is_stmt 1 view .LVU60
 199              		.loc 1 87 23 is_stmt 0 view .LVU61
 200 00be 6423     		movs	r3, #100
 201 00c0 6361     		str	r3, [r4, #20]
  88:Middlewares/Third_Party/LibJPEG/source/jcapimin.c **** }
 202              		.loc 1 88 1 view .LVU62
 203 00c2 70BD     		pop	{r4, r5, r6, pc}
 204              	.LVL15:
 205              	.L10:
 206              		.loc 1 88 1 view .LVU63
 207              		.align	2
 208              	.L9:
 209 00c4 00000000 		.word	jpeg_natural_order
 210 00c8 0000F03F 		.word	1072693248
 211              		.cfi_endproc
 212              	.LFE7:
 214              		.section	.text.jpeg_destroy_compress,"ax",%progbits
 215              		.align	1
 216              		.global	jpeg_destroy_compress
 217              		.syntax unified
 218              		.thumb
 219              		.thumb_func
 220              		.fpu fpv4-sp-d16
 222              	jpeg_destroy_compress:
 223              	.LVL16:
 224              	.LFB8:
  89:Middlewares/Third_Party/LibJPEG/source/jcapimin.c **** 
  90:Middlewares/Third_Party/LibJPEG/source/jcapimin.c **** 
  91:Middlewares/Third_Party/LibJPEG/source/jcapimin.c **** /*
  92:Middlewares/Third_Party/LibJPEG/source/jcapimin.c ****  * Destruction of a JPEG compression object
  93:Middlewares/Third_Party/LibJPEG/source/jcapimin.c ****  */
  94:Middlewares/Third_Party/LibJPEG/source/jcapimin.c **** 
  95:Middlewares/Third_Party/LibJPEG/source/jcapimin.c **** GLOBAL(void)
  96:Middlewares/Third_Party/LibJPEG/source/jcapimin.c **** jpeg_destroy_compress (j_compress_ptr cinfo)
  97:Middlewares/Third_Party/LibJPEG/source/jcapimin.c **** {
 225              		.loc 1 97 1 is_stmt 1 view -0
 226              		.cfi_startproc
 227              		@ args = 0, pretend = 0, frame = 0
 228              		@ frame_needed = 0, uses_anonymous_args = 0
 229              		.loc 1 97 1 is_stmt 0 view .LVU65
 230 0000 08B5     		push	{r3, lr}
 231              	.LCFI1:
 232              		.cfi_def_cfa_offset 8
 233              		.cfi_offset 3, -8
 234              		.cfi_offset 14, -4
  98:Middlewares/Third_Party/LibJPEG/source/jcapimin.c ****   jpeg_destroy((j_common_ptr) cinfo); /* use common routine */
 235              		.loc 1 98 3 is_stmt 1 view .LVU66
 236 0002 FFF7FEFF 		bl	jpeg_destroy
 237              	.LVL17:
  99:Middlewares/Third_Party/LibJPEG/source/jcapimin.c **** }
 238              		.loc 1 99 1 is_stmt 0 view .LVU67
ARM GAS  /tmp/ccocLKJK.s 			page 7


 239 0006 08BD     		pop	{r3, pc}
 240              		.cfi_endproc
 241              	.LFE8:
 243              		.section	.text.jpeg_abort_compress,"ax",%progbits
 244              		.align	1
 245              		.global	jpeg_abort_compress
 246              		.syntax unified
 247              		.thumb
 248              		.thumb_func
 249              		.fpu fpv4-sp-d16
 251              	jpeg_abort_compress:
 252              	.LVL18:
 253              	.LFB9:
 100:Middlewares/Third_Party/LibJPEG/source/jcapimin.c **** 
 101:Middlewares/Third_Party/LibJPEG/source/jcapimin.c **** 
 102:Middlewares/Third_Party/LibJPEG/source/jcapimin.c **** /*
 103:Middlewares/Third_Party/LibJPEG/source/jcapimin.c ****  * Abort processing of a JPEG compression operation,
 104:Middlewares/Third_Party/LibJPEG/source/jcapimin.c ****  * but don't destroy the object itself.
 105:Middlewares/Third_Party/LibJPEG/source/jcapimin.c ****  */
 106:Middlewares/Third_Party/LibJPEG/source/jcapimin.c **** 
 107:Middlewares/Third_Party/LibJPEG/source/jcapimin.c **** GLOBAL(void)
 108:Middlewares/Third_Party/LibJPEG/source/jcapimin.c **** jpeg_abort_compress (j_compress_ptr cinfo)
 109:Middlewares/Third_Party/LibJPEG/source/jcapimin.c **** {
 254              		.loc 1 109 1 is_stmt 1 view -0
 255              		.cfi_startproc
 256              		@ args = 0, pretend = 0, frame = 0
 257              		@ frame_needed = 0, uses_anonymous_args = 0
 258              		.loc 1 109 1 is_stmt 0 view .LVU69
 259 0000 08B5     		push	{r3, lr}
 260              	.LCFI2:
 261              		.cfi_def_cfa_offset 8
 262              		.cfi_offset 3, -8
 263              		.cfi_offset 14, -4
 110:Middlewares/Third_Party/LibJPEG/source/jcapimin.c ****   jpeg_abort((j_common_ptr) cinfo); /* use common routine */
 264              		.loc 1 110 3 is_stmt 1 view .LVU70
 265 0002 FFF7FEFF 		bl	jpeg_abort
 266              	.LVL19:
 111:Middlewares/Third_Party/LibJPEG/source/jcapimin.c **** }
 267              		.loc 1 111 1 is_stmt 0 view .LVU71
 268 0006 08BD     		pop	{r3, pc}
 269              		.cfi_endproc
 270              	.LFE9:
 272              		.section	.text.jpeg_suppress_tables,"ax",%progbits
 273              		.align	1
 274              		.global	jpeg_suppress_tables
 275              		.syntax unified
 276              		.thumb
 277              		.thumb_func
 278              		.fpu fpv4-sp-d16
 280              	jpeg_suppress_tables:
 281              	.LVL20:
 282              	.LFB10:
 112:Middlewares/Third_Party/LibJPEG/source/jcapimin.c **** 
 113:Middlewares/Third_Party/LibJPEG/source/jcapimin.c **** 
 114:Middlewares/Third_Party/LibJPEG/source/jcapimin.c **** /*
 115:Middlewares/Third_Party/LibJPEG/source/jcapimin.c ****  * Forcibly suppress or un-suppress all quantization and Huffman tables.
 116:Middlewares/Third_Party/LibJPEG/source/jcapimin.c ****  * Marks all currently defined tables as already written (if suppress)
ARM GAS  /tmp/ccocLKJK.s 			page 8


 117:Middlewares/Third_Party/LibJPEG/source/jcapimin.c ****  * or not written (if !suppress).  This will control whether they get emitted
 118:Middlewares/Third_Party/LibJPEG/source/jcapimin.c ****  * by a subsequent jpeg_start_compress call.
 119:Middlewares/Third_Party/LibJPEG/source/jcapimin.c ****  *
 120:Middlewares/Third_Party/LibJPEG/source/jcapimin.c ****  * This routine is exported for use by applications that want to produce
 121:Middlewares/Third_Party/LibJPEG/source/jcapimin.c ****  * abbreviated JPEG datastreams.  It logically belongs in jcparam.c, but
 122:Middlewares/Third_Party/LibJPEG/source/jcapimin.c ****  * since it is called by jpeg_start_compress, we put it here --- otherwise
 123:Middlewares/Third_Party/LibJPEG/source/jcapimin.c ****  * jcparam.o would be linked whether the application used it or not.
 124:Middlewares/Third_Party/LibJPEG/source/jcapimin.c ****  */
 125:Middlewares/Third_Party/LibJPEG/source/jcapimin.c **** 
 126:Middlewares/Third_Party/LibJPEG/source/jcapimin.c **** GLOBAL(void)
 127:Middlewares/Third_Party/LibJPEG/source/jcapimin.c **** jpeg_suppress_tables (j_compress_ptr cinfo, boolean suppress)
 128:Middlewares/Third_Party/LibJPEG/source/jcapimin.c **** {
 283              		.loc 1 128 1 is_stmt 1 view -0
 284              		.cfi_startproc
 285              		@ args = 0, pretend = 0, frame = 0
 286              		@ frame_needed = 0, uses_anonymous_args = 0
 287              		@ link register save eliminated.
 129:Middlewares/Third_Party/LibJPEG/source/jcapimin.c ****   int i;
 288              		.loc 1 129 3 view .LVU73
 130:Middlewares/Third_Party/LibJPEG/source/jcapimin.c ****   JQUANT_TBL * qtbl;
 289              		.loc 1 130 3 view .LVU74
 131:Middlewares/Third_Party/LibJPEG/source/jcapimin.c ****   JHUFF_TBL * htbl;
 290              		.loc 1 131 3 view .LVU75
 132:Middlewares/Third_Party/LibJPEG/source/jcapimin.c **** 
 133:Middlewares/Third_Party/LibJPEG/source/jcapimin.c ****   for (i = 0; i < NUM_QUANT_TBLS; i++) {
 291              		.loc 1 133 3 view .LVU76
 292              		.loc 1 133 10 is_stmt 0 view .LVU77
 293 0000 0023     		movs	r3, #0
 294              		.loc 1 133 3 view .LVU78
 295 0002 02E0     		b	.L16
 296              	.LVL21:
 297              	.L24:
 134:Middlewares/Third_Party/LibJPEG/source/jcapimin.c ****     if ((qtbl = cinfo->quant_tbl_ptrs[i]) != NULL)
 135:Middlewares/Third_Party/LibJPEG/source/jcapimin.c ****       qtbl->sent_table = suppress;
 298              		.loc 1 135 7 is_stmt 1 view .LVU79
 299              		.loc 1 135 24 is_stmt 0 view .LVU80
 300 0004 C2F88010 		str	r1, [r2, #128]
 301              	.L17:
 133:Middlewares/Third_Party/LibJPEG/source/jcapimin.c ****     if ((qtbl = cinfo->quant_tbl_ptrs[i]) != NULL)
 302              		.loc 1 133 35 is_stmt 1 discriminator 2 view .LVU81
 133:Middlewares/Third_Party/LibJPEG/source/jcapimin.c ****     if ((qtbl = cinfo->quant_tbl_ptrs[i]) != NULL)
 303              		.loc 1 133 36 is_stmt 0 discriminator 2 view .LVU82
 304 0008 0133     		adds	r3, r3, #1
 305              	.LVL22:
 306              	.L16:
 133:Middlewares/Third_Party/LibJPEG/source/jcapimin.c ****     if ((qtbl = cinfo->quant_tbl_ptrs[i]) != NULL)
 307              		.loc 1 133 15 is_stmt 1 discriminator 1 view .LVU83
 133:Middlewares/Third_Party/LibJPEG/source/jcapimin.c ****     if ((qtbl = cinfo->quant_tbl_ptrs[i]) != NULL)
 308              		.loc 1 133 3 is_stmt 0 discriminator 1 view .LVU84
 309 000a 032B     		cmp	r3, #3
 310 000c 06DC     		bgt	.L23
 134:Middlewares/Third_Party/LibJPEG/source/jcapimin.c ****     if ((qtbl = cinfo->quant_tbl_ptrs[i]) != NULL)
 311              		.loc 1 134 5 is_stmt 1 view .LVU85
 134:Middlewares/Third_Party/LibJPEG/source/jcapimin.c ****     if ((qtbl = cinfo->quant_tbl_ptrs[i]) != NULL)
 312              		.loc 1 134 15 is_stmt 0 view .LVU86
 313 000e 03F11602 		add	r2, r3, #22
 314 0012 50F82220 		ldr	r2, [r0, r2, lsl #2]
ARM GAS  /tmp/ccocLKJK.s 			page 9


 315              	.LVL23:
 134:Middlewares/Third_Party/LibJPEG/source/jcapimin.c ****     if ((qtbl = cinfo->quant_tbl_ptrs[i]) != NULL)
 316              		.loc 1 134 8 view .LVU87
 317 0016 002A     		cmp	r2, #0
 318 0018 F4D1     		bne	.L24
 319 001a F5E7     		b	.L17
 320              	.LVL24:
 321              	.L23:
 136:Middlewares/Third_Party/LibJPEG/source/jcapimin.c ****   }
 137:Middlewares/Third_Party/LibJPEG/source/jcapimin.c **** 
 138:Middlewares/Third_Party/LibJPEG/source/jcapimin.c ****   for (i = 0; i < NUM_HUFF_TBLS; i++) {
 322              		.loc 1 138 10 view .LVU88
 323 001c 0023     		movs	r3, #0
 324              	.LVL25:
 325              		.loc 1 138 10 view .LVU89
 326 001e 02E0     		b	.L19
 327              	.LVL26:
 328              	.L26:
 139:Middlewares/Third_Party/LibJPEG/source/jcapimin.c ****     if ((htbl = cinfo->dc_huff_tbl_ptrs[i]) != NULL)
 140:Middlewares/Third_Party/LibJPEG/source/jcapimin.c ****       htbl->sent_table = suppress;
 141:Middlewares/Third_Party/LibJPEG/source/jcapimin.c ****     if ((htbl = cinfo->ac_huff_tbl_ptrs[i]) != NULL)
 142:Middlewares/Third_Party/LibJPEG/source/jcapimin.c ****       htbl->sent_table = suppress;
 329              		.loc 1 142 7 is_stmt 1 view .LVU90
 330              		.loc 1 142 24 is_stmt 0 view .LVU91
 331 0020 C2F81411 		str	r1, [r2, #276]
 332              	.L21:
 138:Middlewares/Third_Party/LibJPEG/source/jcapimin.c ****     if ((htbl = cinfo->dc_huff_tbl_ptrs[i]) != NULL)
 333              		.loc 1 138 34 is_stmt 1 discriminator 2 view .LVU92
 138:Middlewares/Third_Party/LibJPEG/source/jcapimin.c ****     if ((htbl = cinfo->dc_huff_tbl_ptrs[i]) != NULL)
 334              		.loc 1 138 35 is_stmt 0 discriminator 2 view .LVU93
 335 0024 0133     		adds	r3, r3, #1
 336              	.LVL27:
 337              	.L19:
 138:Middlewares/Third_Party/LibJPEG/source/jcapimin.c ****     if ((htbl = cinfo->dc_huff_tbl_ptrs[i]) != NULL)
 338              		.loc 1 138 15 is_stmt 1 discriminator 1 view .LVU94
 138:Middlewares/Third_Party/LibJPEG/source/jcapimin.c ****     if ((htbl = cinfo->dc_huff_tbl_ptrs[i]) != NULL)
 339              		.loc 1 138 3 is_stmt 0 discriminator 1 view .LVU95
 340 0026 032B     		cmp	r3, #3
 341 0028 0DDC     		bgt	.L25
 139:Middlewares/Third_Party/LibJPEG/source/jcapimin.c ****     if ((htbl = cinfo->dc_huff_tbl_ptrs[i]) != NULL)
 342              		.loc 1 139 5 is_stmt 1 view .LVU96
 139:Middlewares/Third_Party/LibJPEG/source/jcapimin.c ****     if ((htbl = cinfo->dc_huff_tbl_ptrs[i]) != NULL)
 343              		.loc 1 139 15 is_stmt 0 view .LVU97
 344 002a 03F11E02 		add	r2, r3, #30
 345 002e 50F82220 		ldr	r2, [r0, r2, lsl #2]
 346              	.LVL28:
 139:Middlewares/Third_Party/LibJPEG/source/jcapimin.c ****     if ((htbl = cinfo->dc_huff_tbl_ptrs[i]) != NULL)
 347              		.loc 1 139 8 view .LVU98
 348 0032 0AB1     		cbz	r2, .L20
 140:Middlewares/Third_Party/LibJPEG/source/jcapimin.c ****     if ((htbl = cinfo->ac_huff_tbl_ptrs[i]) != NULL)
 349              		.loc 1 140 7 is_stmt 1 view .LVU99
 140:Middlewares/Third_Party/LibJPEG/source/jcapimin.c ****     if ((htbl = cinfo->ac_huff_tbl_ptrs[i]) != NULL)
 350              		.loc 1 140 24 is_stmt 0 view .LVU100
 351 0034 C2F81411 		str	r1, [r2, #276]
 352              	.L20:
 141:Middlewares/Third_Party/LibJPEG/source/jcapimin.c ****       htbl->sent_table = suppress;
 353              		.loc 1 141 5 is_stmt 1 view .LVU101
ARM GAS  /tmp/ccocLKJK.s 			page 10


 141:Middlewares/Third_Party/LibJPEG/source/jcapimin.c ****       htbl->sent_table = suppress;
 354              		.loc 1 141 15 is_stmt 0 view .LVU102
 355 0038 03F12202 		add	r2, r3, #34
 356              	.LVL29:
 141:Middlewares/Third_Party/LibJPEG/source/jcapimin.c ****       htbl->sent_table = suppress;
 357              		.loc 1 141 15 view .LVU103
 358 003c 50F82220 		ldr	r2, [r0, r2, lsl #2]
 359              	.LVL30:
 141:Middlewares/Third_Party/LibJPEG/source/jcapimin.c ****       htbl->sent_table = suppress;
 360              		.loc 1 141 8 view .LVU104
 361 0040 002A     		cmp	r2, #0
 362 0042 EDD1     		bne	.L26
 363 0044 EEE7     		b	.L21
 364              	.LVL31:
 365              	.L25:
 143:Middlewares/Third_Party/LibJPEG/source/jcapimin.c ****   }
 144:Middlewares/Third_Party/LibJPEG/source/jcapimin.c **** }
 366              		.loc 1 144 1 view .LVU105
 367 0046 7047     		bx	lr
 368              		.cfi_endproc
 369              	.LFE10:
 371              		.section	.text.jpeg_finish_compress,"ax",%progbits
 372              		.align	1
 373              		.global	jpeg_finish_compress
 374              		.syntax unified
 375              		.thumb
 376              		.thumb_func
 377              		.fpu fpv4-sp-d16
 379              	jpeg_finish_compress:
 380              	.LVL32:
 381              	.LFB11:
 145:Middlewares/Third_Party/LibJPEG/source/jcapimin.c **** 
 146:Middlewares/Third_Party/LibJPEG/source/jcapimin.c **** 
 147:Middlewares/Third_Party/LibJPEG/source/jcapimin.c **** /*
 148:Middlewares/Third_Party/LibJPEG/source/jcapimin.c ****  * Finish JPEG compression.
 149:Middlewares/Third_Party/LibJPEG/source/jcapimin.c ****  *
 150:Middlewares/Third_Party/LibJPEG/source/jcapimin.c ****  * If a multipass operating mode was selected, this may do a great deal of
 151:Middlewares/Third_Party/LibJPEG/source/jcapimin.c ****  * work including most of the actual output.
 152:Middlewares/Third_Party/LibJPEG/source/jcapimin.c ****  */
 153:Middlewares/Third_Party/LibJPEG/source/jcapimin.c **** 
 154:Middlewares/Third_Party/LibJPEG/source/jcapimin.c **** GLOBAL(void)
 155:Middlewares/Third_Party/LibJPEG/source/jcapimin.c **** jpeg_finish_compress (j_compress_ptr cinfo)
 156:Middlewares/Third_Party/LibJPEG/source/jcapimin.c **** {
 382              		.loc 1 156 1 is_stmt 1 view -0
 383              		.cfi_startproc
 384              		@ args = 0, pretend = 0, frame = 0
 385              		@ frame_needed = 0, uses_anonymous_args = 0
 386              		.loc 1 156 1 is_stmt 0 view .LVU107
 387 0000 38B5     		push	{r3, r4, r5, lr}
 388              	.LCFI3:
 389              		.cfi_def_cfa_offset 16
 390              		.cfi_offset 3, -16
 391              		.cfi_offset 4, -12
 392              		.cfi_offset 5, -8
 393              		.cfi_offset 14, -4
 394 0002 0446     		mov	r4, r0
 157:Middlewares/Third_Party/LibJPEG/source/jcapimin.c ****   JDIMENSION iMCU_row;
ARM GAS  /tmp/ccocLKJK.s 			page 11


 395              		.loc 1 157 3 is_stmt 1 view .LVU108
 158:Middlewares/Third_Party/LibJPEG/source/jcapimin.c **** 
 159:Middlewares/Third_Party/LibJPEG/source/jcapimin.c ****   if (cinfo->global_state == CSTATE_SCANNING ||
 396              		.loc 1 159 3 view .LVU109
 397              		.loc 1 159 12 is_stmt 0 view .LVU110
 398 0004 4369     		ldr	r3, [r0, #20]
 399              		.loc 1 159 46 view .LVU111
 400 0006 A3F16502 		sub	r2, r3, #101
 401              		.loc 1 159 6 view .LVU112
 402 000a 012A     		cmp	r2, #1
 403 000c 0BD9     		bls	.L38
 160:Middlewares/Third_Party/LibJPEG/source/jcapimin.c ****       cinfo->global_state == CSTATE_RAW_OK) {
 161:Middlewares/Third_Party/LibJPEG/source/jcapimin.c ****     /* Terminate first pass */
 162:Middlewares/Third_Party/LibJPEG/source/jcapimin.c ****     if (cinfo->next_scanline < cinfo->image_height)
 163:Middlewares/Third_Party/LibJPEG/source/jcapimin.c ****       ERREXIT(cinfo, JERR_TOO_LITTLE_DATA);
 164:Middlewares/Third_Party/LibJPEG/source/jcapimin.c ****     (*cinfo->master->finish_pass) (cinfo);
 165:Middlewares/Third_Party/LibJPEG/source/jcapimin.c ****   } else if (cinfo->global_state != CSTATE_WRCOEFS)
 404              		.loc 1 165 10 is_stmt 1 view .LVU113
 405              		.loc 1 165 13 is_stmt 0 view .LVU114
 406 000e 672B     		cmp	r3, #103
 407 0010 3FD0     		beq	.L30
 166:Middlewares/Third_Party/LibJPEG/source/jcapimin.c ****     ERREXIT1(cinfo, JERR_BAD_STATE, cinfo->global_state);
 408              		.loc 1 166 5 is_stmt 1 view .LVU115
 409 0012 0368     		ldr	r3, [r0]
 410 0014 1522     		movs	r2, #21
 411 0016 5A61     		str	r2, [r3, #20]
 412 0018 0368     		ldr	r3, [r0]
 413 001a 4269     		ldr	r2, [r0, #20]
 414 001c 9A61     		str	r2, [r3, #24]
 415 001e 0368     		ldr	r3, [r0]
 416 0020 1B68     		ldr	r3, [r3]
 417 0022 9847     		blx	r3
 418              	.LVL33:
 419              		.loc 1 166 5 is_stmt 0 view .LVU116
 420 0024 35E0     		b	.L30
 421              	.LVL34:
 422              	.L38:
 162:Middlewares/Third_Party/LibJPEG/source/jcapimin.c ****       ERREXIT(cinfo, JERR_TOO_LITTLE_DATA);
 423              		.loc 1 162 5 is_stmt 1 view .LVU117
 162:Middlewares/Third_Party/LibJPEG/source/jcapimin.c ****       ERREXIT(cinfo, JERR_TOO_LITTLE_DATA);
 424              		.loc 1 162 14 is_stmt 0 view .LVU118
 425 0026 D0F80421 		ldr	r2, [r0, #260]
 162:Middlewares/Third_Party/LibJPEG/source/jcapimin.c ****       ERREXIT(cinfo, JERR_TOO_LITTLE_DATA);
 426              		.loc 1 162 37 view .LVU119
 427 002a 036A     		ldr	r3, [r0, #32]
 162:Middlewares/Third_Party/LibJPEG/source/jcapimin.c ****       ERREXIT(cinfo, JERR_TOO_LITTLE_DATA);
 428              		.loc 1 162 8 view .LVU120
 429 002c 9A42     		cmp	r2, r3
 430 002e 05D2     		bcs	.L29
 163:Middlewares/Third_Party/LibJPEG/source/jcapimin.c ****     (*cinfo->master->finish_pass) (cinfo);
 431              		.loc 1 163 7 is_stmt 1 view .LVU121
 432 0030 0368     		ldr	r3, [r0]
 433 0032 4522     		movs	r2, #69
 434 0034 5A61     		str	r2, [r3, #20]
 435 0036 0368     		ldr	r3, [r0]
 436 0038 1B68     		ldr	r3, [r3]
 437 003a 9847     		blx	r3
ARM GAS  /tmp/ccocLKJK.s 			page 12


 438              	.LVL35:
 439              	.L29:
 164:Middlewares/Third_Party/LibJPEG/source/jcapimin.c ****   } else if (cinfo->global_state != CSTATE_WRCOEFS)
 440              		.loc 1 164 5 view .LVU122
 164:Middlewares/Third_Party/LibJPEG/source/jcapimin.c ****   } else if (cinfo->global_state != CSTATE_WRCOEFS)
 441              		.loc 1 164 12 is_stmt 0 view .LVU123
 442 003c D4F88431 		ldr	r3, [r4, #388]
 164:Middlewares/Third_Party/LibJPEG/source/jcapimin.c ****   } else if (cinfo->global_state != CSTATE_WRCOEFS)
 443              		.loc 1 164 6 view .LVU124
 444 0040 9B68     		ldr	r3, [r3, #8]
 445 0042 2046     		mov	r0, r4
 446 0044 9847     		blx	r3
 447              	.LVL36:
 448 0046 24E0     		b	.L30
 449              	.LVL37:
 450              	.L34:
 167:Middlewares/Third_Party/LibJPEG/source/jcapimin.c ****   /* Perform any remaining passes */
 168:Middlewares/Third_Party/LibJPEG/source/jcapimin.c ****   while (! cinfo->master->is_last_pass) {
 169:Middlewares/Third_Party/LibJPEG/source/jcapimin.c ****     (*cinfo->master->prepare_for_pass) (cinfo);
 170:Middlewares/Third_Party/LibJPEG/source/jcapimin.c ****     for (iMCU_row = 0; iMCU_row < cinfo->total_iMCU_rows; iMCU_row++) {
 451              		.loc 1 170 59 is_stmt 1 discriminator 2 view .LVU125
 452              		.loc 1 170 67 is_stmt 0 discriminator 2 view .LVU126
 453 0048 0135     		adds	r5, r5, #1
 454              	.LVL38:
 455              	.L32:
 456              		.loc 1 170 24 is_stmt 1 discriminator 1 view .LVU127
 457              		.loc 1 170 40 is_stmt 0 discriminator 1 view .LVU128
 458 004a D4F81C31 		ldr	r3, [r4, #284]
 459              		.loc 1 170 5 discriminator 1 view .LVU129
 460 004e AB42     		cmp	r3, r5
 461 0050 1AD9     		bls	.L39
 171:Middlewares/Third_Party/LibJPEG/source/jcapimin.c ****       if (cinfo->progress != NULL) {
 462              		.loc 1 171 7 is_stmt 1 view .LVU130
 463              		.loc 1 171 16 is_stmt 0 view .LVU131
 464 0052 A368     		ldr	r3, [r4, #8]
 465              		.loc 1 171 10 view .LVU132
 466 0054 43B1     		cbz	r3, .L33
 172:Middlewares/Third_Party/LibJPEG/source/jcapimin.c **** 	cinfo->progress->pass_counter = (long) iMCU_row;
 467              		.loc 1 172 2 is_stmt 1 view .LVU133
 468              		.loc 1 172 32 is_stmt 0 view .LVU134
 469 0056 5D60     		str	r5, [r3, #4]
 173:Middlewares/Third_Party/LibJPEG/source/jcapimin.c **** 	cinfo->progress->pass_limit = (long) cinfo->total_iMCU_rows;
 470              		.loc 1 173 2 is_stmt 1 view .LVU135
 471              		.loc 1 173 44 is_stmt 0 view .LVU136
 472 0058 D4F81C21 		ldr	r2, [r4, #284]
 473              		.loc 1 173 7 view .LVU137
 474 005c A368     		ldr	r3, [r4, #8]
 475              		.loc 1 173 30 view .LVU138
 476 005e 9A60     		str	r2, [r3, #8]
 174:Middlewares/Third_Party/LibJPEG/source/jcapimin.c **** 	(*cinfo->progress->progress_monitor) ((j_common_ptr) cinfo);
 477              		.loc 1 174 2 is_stmt 1 view .LVU139
 478              		.loc 1 174 9 is_stmt 0 view .LVU140
 479 0060 A368     		ldr	r3, [r4, #8]
 480              		.loc 1 174 3 view .LVU141
 481 0062 1B68     		ldr	r3, [r3]
 482 0064 2046     		mov	r0, r4
 483 0066 9847     		blx	r3
ARM GAS  /tmp/ccocLKJK.s 			page 13


 484              	.LVL39:
 485              	.L33:
 175:Middlewares/Third_Party/LibJPEG/source/jcapimin.c ****       }
 176:Middlewares/Third_Party/LibJPEG/source/jcapimin.c ****       /* We bypass the main controller and invoke coef controller directly;
 177:Middlewares/Third_Party/LibJPEG/source/jcapimin.c ****        * all work is being done from the coefficient buffer.
 178:Middlewares/Third_Party/LibJPEG/source/jcapimin.c ****        */
 179:Middlewares/Third_Party/LibJPEG/source/jcapimin.c ****       if (! (*cinfo->coef->compress_data) (cinfo, (JSAMPIMAGE) NULL))
 486              		.loc 1 179 7 is_stmt 1 view .LVU142
 487              		.loc 1 179 20 is_stmt 0 view .LVU143
 488 0068 D4F89031 		ldr	r3, [r4, #400]
 489              		.loc 1 179 14 view .LVU144
 490 006c 5B68     		ldr	r3, [r3, #4]
 491 006e 0021     		movs	r1, #0
 492 0070 2046     		mov	r0, r4
 493 0072 9847     		blx	r3
 494              	.LVL40:
 495              		.loc 1 179 10 view .LVU145
 496 0074 0028     		cmp	r0, #0
 497 0076 E7D1     		bne	.L34
 180:Middlewares/Third_Party/LibJPEG/source/jcapimin.c **** 	ERREXIT(cinfo, JERR_CANT_SUSPEND);
 498              		.loc 1 180 2 is_stmt 1 view .LVU146
 499 0078 2368     		ldr	r3, [r4]
 500 007a 1922     		movs	r2, #25
 501 007c 5A61     		str	r2, [r3, #20]
 502 007e 2368     		ldr	r3, [r4]
 503 0080 1B68     		ldr	r3, [r3]
 504 0082 2046     		mov	r0, r4
 505 0084 9847     		blx	r3
 506              	.LVL41:
 507 0086 DFE7     		b	.L34
 508              	.L39:
 181:Middlewares/Third_Party/LibJPEG/source/jcapimin.c ****     }
 182:Middlewares/Third_Party/LibJPEG/source/jcapimin.c ****     (*cinfo->master->finish_pass) (cinfo);
 509              		.loc 1 182 5 view .LVU147
 510              		.loc 1 182 12 is_stmt 0 view .LVU148
 511 0088 D4F88431 		ldr	r3, [r4, #388]
 512              		.loc 1 182 6 view .LVU149
 513 008c 9B68     		ldr	r3, [r3, #8]
 514 008e 2046     		mov	r0, r4
 515 0090 9847     		blx	r3
 516              	.LVL42:
 517              	.L30:
 168:Middlewares/Third_Party/LibJPEG/source/jcapimin.c ****     (*cinfo->master->prepare_for_pass) (cinfo);
 518              		.loc 1 168 9 is_stmt 1 view .LVU150
 168:Middlewares/Third_Party/LibJPEG/source/jcapimin.c ****     (*cinfo->master->prepare_for_pass) (cinfo);
 519              		.loc 1 168 17 is_stmt 0 view .LVU151
 520 0092 D4F88431 		ldr	r3, [r4, #388]
 168:Middlewares/Third_Party/LibJPEG/source/jcapimin.c ****     (*cinfo->master->prepare_for_pass) (cinfo);
 521              		.loc 1 168 25 view .LVU152
 522 0096 1A69     		ldr	r2, [r3, #16]
 168:Middlewares/Third_Party/LibJPEG/source/jcapimin.c ****     (*cinfo->master->prepare_for_pass) (cinfo);
 523              		.loc 1 168 9 view .LVU153
 524 0098 22B9     		cbnz	r2, .L40
 169:Middlewares/Third_Party/LibJPEG/source/jcapimin.c ****     for (iMCU_row = 0; iMCU_row < cinfo->total_iMCU_rows; iMCU_row++) {
 525              		.loc 1 169 5 is_stmt 1 view .LVU154
 169:Middlewares/Third_Party/LibJPEG/source/jcapimin.c ****     for (iMCU_row = 0; iMCU_row < cinfo->total_iMCU_rows; iMCU_row++) {
 526              		.loc 1 169 6 is_stmt 0 view .LVU155
ARM GAS  /tmp/ccocLKJK.s 			page 14


 527 009a 1B68     		ldr	r3, [r3]
 528 009c 2046     		mov	r0, r4
 529 009e 9847     		blx	r3
 530              	.LVL43:
 170:Middlewares/Third_Party/LibJPEG/source/jcapimin.c ****       if (cinfo->progress != NULL) {
 531              		.loc 1 170 5 is_stmt 1 view .LVU156
 170:Middlewares/Third_Party/LibJPEG/source/jcapimin.c ****       if (cinfo->progress != NULL) {
 532              		.loc 1 170 19 is_stmt 0 view .LVU157
 533 00a0 0025     		movs	r5, #0
 170:Middlewares/Third_Party/LibJPEG/source/jcapimin.c ****       if (cinfo->progress != NULL) {
 534              		.loc 1 170 5 view .LVU158
 535 00a2 D2E7     		b	.L32
 536              	.LVL44:
 537              	.L40:
 183:Middlewares/Third_Party/LibJPEG/source/jcapimin.c ****   }
 184:Middlewares/Third_Party/LibJPEG/source/jcapimin.c ****   /* Write EOI, do final cleanup */
 185:Middlewares/Third_Party/LibJPEG/source/jcapimin.c ****   (*cinfo->marker->write_file_trailer) (cinfo);
 538              		.loc 1 185 3 is_stmt 1 view .LVU159
 539              		.loc 1 185 10 is_stmt 0 view .LVU160
 540 00a4 D4F89431 		ldr	r3, [r4, #404]
 541              		.loc 1 185 4 view .LVU161
 542 00a8 DB68     		ldr	r3, [r3, #12]
 543 00aa 2046     		mov	r0, r4
 544 00ac 9847     		blx	r3
 545              	.LVL45:
 186:Middlewares/Third_Party/LibJPEG/source/jcapimin.c ****   (*cinfo->dest->term_destination) (cinfo);
 546              		.loc 1 186 3 is_stmt 1 view .LVU162
 547              		.loc 1 186 10 is_stmt 0 view .LVU163
 548 00ae A369     		ldr	r3, [r4, #24]
 549              		.loc 1 186 4 view .LVU164
 550 00b0 1B69     		ldr	r3, [r3, #16]
 551 00b2 2046     		mov	r0, r4
 552 00b4 9847     		blx	r3
 553              	.LVL46:
 187:Middlewares/Third_Party/LibJPEG/source/jcapimin.c ****   /* We can use jpeg_abort to release memory and reset global_state */
 188:Middlewares/Third_Party/LibJPEG/source/jcapimin.c ****   jpeg_abort((j_common_ptr) cinfo);
 554              		.loc 1 188 3 is_stmt 1 view .LVU165
 555 00b6 2046     		mov	r0, r4
 556 00b8 FFF7FEFF 		bl	jpeg_abort
 557              	.LVL47:
 189:Middlewares/Third_Party/LibJPEG/source/jcapimin.c **** }
 558              		.loc 1 189 1 is_stmt 0 view .LVU166
 559 00bc 38BD     		pop	{r3, r4, r5, pc}
 560              		.loc 1 189 1 view .LVU167
 561              		.cfi_endproc
 562              	.LFE11:
 564              		.section	.text.jpeg_write_marker,"ax",%progbits
 565              		.align	1
 566              		.global	jpeg_write_marker
 567              		.syntax unified
 568              		.thumb
 569              		.thumb_func
 570              		.fpu fpv4-sp-d16
 572              	jpeg_write_marker:
 573              	.LVL48:
 574              	.LFB12:
 190:Middlewares/Third_Party/LibJPEG/source/jcapimin.c **** 
ARM GAS  /tmp/ccocLKJK.s 			page 15


 191:Middlewares/Third_Party/LibJPEG/source/jcapimin.c **** 
 192:Middlewares/Third_Party/LibJPEG/source/jcapimin.c **** /*
 193:Middlewares/Third_Party/LibJPEG/source/jcapimin.c ****  * Write a special marker.
 194:Middlewares/Third_Party/LibJPEG/source/jcapimin.c ****  * This is only recommended for writing COM or APPn markers.
 195:Middlewares/Third_Party/LibJPEG/source/jcapimin.c ****  * Must be called after jpeg_start_compress() and before
 196:Middlewares/Third_Party/LibJPEG/source/jcapimin.c ****  * first call to jpeg_write_scanlines() or jpeg_write_raw_data().
 197:Middlewares/Third_Party/LibJPEG/source/jcapimin.c ****  */
 198:Middlewares/Third_Party/LibJPEG/source/jcapimin.c **** 
 199:Middlewares/Third_Party/LibJPEG/source/jcapimin.c **** GLOBAL(void)
 200:Middlewares/Third_Party/LibJPEG/source/jcapimin.c **** jpeg_write_marker (j_compress_ptr cinfo, int marker,
 201:Middlewares/Third_Party/LibJPEG/source/jcapimin.c **** 		   const JOCTET *dataptr, unsigned int datalen)
 202:Middlewares/Third_Party/LibJPEG/source/jcapimin.c **** {
 575              		.loc 1 202 1 is_stmt 1 view -0
 576              		.cfi_startproc
 577              		@ args = 0, pretend = 0, frame = 0
 578              		@ frame_needed = 0, uses_anonymous_args = 0
 579              		.loc 1 202 1 is_stmt 0 view .LVU169
 580 0000 2DE9F041 		push	{r4, r5, r6, r7, r8, lr}
 581              	.LCFI4:
 582              		.cfi_def_cfa_offset 24
 583              		.cfi_offset 4, -24
 584              		.cfi_offset 5, -20
 585              		.cfi_offset 6, -16
 586              		.cfi_offset 7, -12
 587              		.cfi_offset 8, -8
 588              		.cfi_offset 14, -4
 589 0004 0546     		mov	r5, r0
 590 0006 0F46     		mov	r7, r1
 591 0008 1646     		mov	r6, r2
 592 000a 1C46     		mov	r4, r3
 203:Middlewares/Third_Party/LibJPEG/source/jcapimin.c ****   JMETHOD(void, write_marker_byte, (j_compress_ptr info, int val));
 593              		.loc 1 203 3 is_stmt 1 view .LVU170
 204:Middlewares/Third_Party/LibJPEG/source/jcapimin.c **** 
 205:Middlewares/Third_Party/LibJPEG/source/jcapimin.c ****   if (cinfo->next_scanline != 0 ||
 594              		.loc 1 205 3 view .LVU171
 595              		.loc 1 205 12 is_stmt 0 view .LVU172
 596 000c D0F80431 		ldr	r3, [r0, #260]
 597              	.LVL49:
 598              		.loc 1 205 6 view .LVU173
 599 0010 1BB9     		cbnz	r3, .L42
 206:Middlewares/Third_Party/LibJPEG/source/jcapimin.c ****       (cinfo->global_state != CSTATE_SCANNING &&
 600              		.loc 1 206 13 discriminator 1 view .LVU174
 601 0012 4369     		ldr	r3, [r0, #20]
 207:Middlewares/Third_Party/LibJPEG/source/jcapimin.c ****        cinfo->global_state != CSTATE_RAW_OK &&
 602              		.loc 1 207 45 discriminator 1 view .LVU175
 603 0014 653B     		subs	r3, r3, #101
 205:Middlewares/Third_Party/LibJPEG/source/jcapimin.c ****       (cinfo->global_state != CSTATE_SCANNING &&
 604              		.loc 1 205 33 discriminator 1 view .LVU176
 605 0016 022B     		cmp	r3, #2
 606 0018 09D9     		bls	.L43
 607              	.L42:
 208:Middlewares/Third_Party/LibJPEG/source/jcapimin.c ****        cinfo->global_state != CSTATE_WRCOEFS))
 209:Middlewares/Third_Party/LibJPEG/source/jcapimin.c ****     ERREXIT1(cinfo, JERR_BAD_STATE, cinfo->global_state);
 608              		.loc 1 209 5 is_stmt 1 view .LVU177
 609 001a 2B68     		ldr	r3, [r5]
 610 001c 1522     		movs	r2, #21
 611              	.LVL50:
ARM GAS  /tmp/ccocLKJK.s 			page 16


 612              		.loc 1 209 5 is_stmt 0 view .LVU178
 613 001e 5A61     		str	r2, [r3, #20]
 614 0020 2B68     		ldr	r3, [r5]
 615 0022 6A69     		ldr	r2, [r5, #20]
 616 0024 9A61     		str	r2, [r3, #24]
 617 0026 2B68     		ldr	r3, [r5]
 618 0028 1B68     		ldr	r3, [r3]
 619 002a 2846     		mov	r0, r5
 620              	.LVL51:
 621              		.loc 1 209 5 view .LVU179
 622 002c 9847     		blx	r3
 623              	.LVL52:
 624              	.L43:
 210:Middlewares/Third_Party/LibJPEG/source/jcapimin.c **** 
 211:Middlewares/Third_Party/LibJPEG/source/jcapimin.c ****   (*cinfo->marker->write_marker_header) (cinfo, marker, datalen);
 625              		.loc 1 211 3 is_stmt 1 view .LVU180
 626              		.loc 1 211 10 is_stmt 0 view .LVU181
 627 002e D5F89431 		ldr	r3, [r5, #404]
 628              		.loc 1 211 4 view .LVU182
 629 0032 5B69     		ldr	r3, [r3, #20]
 630 0034 2246     		mov	r2, r4
 631 0036 3946     		mov	r1, r7
 632 0038 2846     		mov	r0, r5
 633 003a 9847     		blx	r3
 634              	.LVL53:
 212:Middlewares/Third_Party/LibJPEG/source/jcapimin.c ****   write_marker_byte = cinfo->marker->write_marker_byte;	/* copy for speed */
 635              		.loc 1 212 3 is_stmt 1 view .LVU183
 636              		.loc 1 212 28 is_stmt 0 view .LVU184
 637 003c D5F89431 		ldr	r3, [r5, #404]
 638              		.loc 1 212 21 view .LVU185
 639 0040 D3F81880 		ldr	r8, [r3, #24]
 640              	.LVL54:
 213:Middlewares/Third_Party/LibJPEG/source/jcapimin.c ****   while (datalen--) {
 641              		.loc 1 213 3 is_stmt 1 view .LVU186
 642              		.loc 1 213 9 is_stmt 0 view .LVU187
 643 0044 04E0     		b	.L44
 644              	.LVL55:
 645              	.L45:
 214:Middlewares/Third_Party/LibJPEG/source/jcapimin.c ****     (*write_marker_byte) (cinfo, *dataptr);
 646              		.loc 1 214 5 is_stmt 1 view .LVU188
 647              		.loc 1 214 6 is_stmt 0 view .LVU189
 648 0046 16F8011B 		ldrb	r1, [r6], #1	@ zero_extendqisi2
 649              	.LVL56:
 650              		.loc 1 214 6 view .LVU190
 651 004a 2846     		mov	r0, r5
 652 004c C047     		blx	r8
 653              	.LVL57:
 215:Middlewares/Third_Party/LibJPEG/source/jcapimin.c ****     dataptr++;
 654              		.loc 1 215 5 is_stmt 1 view .LVU191
 213:Middlewares/Third_Party/LibJPEG/source/jcapimin.c ****   while (datalen--) {
 655              		.loc 1 213 17 is_stmt 0 view .LVU192
 656 004e 3C46     		mov	r4, r7
 657              	.LVL58:
 658              	.L44:
 213:Middlewares/Third_Party/LibJPEG/source/jcapimin.c ****   while (datalen--) {
 659              		.loc 1 213 9 is_stmt 1 view .LVU193
 213:Middlewares/Third_Party/LibJPEG/source/jcapimin.c ****   while (datalen--) {
ARM GAS  /tmp/ccocLKJK.s 			page 17


 660              		.loc 1 213 17 is_stmt 0 view .LVU194
 661 0050 671E     		subs	r7, r4, #1
 662              	.LVL59:
 213:Middlewares/Third_Party/LibJPEG/source/jcapimin.c ****   while (datalen--) {
 663              		.loc 1 213 9 view .LVU195
 664 0052 002C     		cmp	r4, #0
 665 0054 F7D1     		bne	.L45
 216:Middlewares/Third_Party/LibJPEG/source/jcapimin.c ****   }
 217:Middlewares/Third_Party/LibJPEG/source/jcapimin.c **** }
 666              		.loc 1 217 1 view .LVU196
 667 0056 BDE8F081 		pop	{r4, r5, r6, r7, r8, pc}
 668              		.loc 1 217 1 view .LVU197
 669              		.cfi_endproc
 670              	.LFE12:
 672              		.section	.text.jpeg_write_m_header,"ax",%progbits
 673              		.align	1
 674              		.global	jpeg_write_m_header
 675              		.syntax unified
 676              		.thumb
 677              		.thumb_func
 678              		.fpu fpv4-sp-d16
 680              	jpeg_write_m_header:
 681              	.LVL60:
 682              	.LFB13:
 218:Middlewares/Third_Party/LibJPEG/source/jcapimin.c **** 
 219:Middlewares/Third_Party/LibJPEG/source/jcapimin.c **** /* Same, but piecemeal. */
 220:Middlewares/Third_Party/LibJPEG/source/jcapimin.c **** 
 221:Middlewares/Third_Party/LibJPEG/source/jcapimin.c **** GLOBAL(void)
 222:Middlewares/Third_Party/LibJPEG/source/jcapimin.c **** jpeg_write_m_header (j_compress_ptr cinfo, int marker, unsigned int datalen)
 223:Middlewares/Third_Party/LibJPEG/source/jcapimin.c **** {
 683              		.loc 1 223 1 is_stmt 1 view -0
 684              		.cfi_startproc
 685              		@ args = 0, pretend = 0, frame = 0
 686              		@ frame_needed = 0, uses_anonymous_args = 0
 687              		.loc 1 223 1 is_stmt 0 view .LVU199
 688 0000 70B5     		push	{r4, r5, r6, lr}
 689              	.LCFI5:
 690              		.cfi_def_cfa_offset 16
 691              		.cfi_offset 4, -16
 692              		.cfi_offset 5, -12
 693              		.cfi_offset 6, -8
 694              		.cfi_offset 14, -4
 695 0002 0446     		mov	r4, r0
 696 0004 0D46     		mov	r5, r1
 697 0006 1646     		mov	r6, r2
 224:Middlewares/Third_Party/LibJPEG/source/jcapimin.c ****   if (cinfo->next_scanline != 0 ||
 698              		.loc 1 224 3 is_stmt 1 view .LVU200
 699              		.loc 1 224 12 is_stmt 0 view .LVU201
 700 0008 D0F80431 		ldr	r3, [r0, #260]
 701              		.loc 1 224 6 view .LVU202
 702 000c 1BB9     		cbnz	r3, .L48
 225:Middlewares/Third_Party/LibJPEG/source/jcapimin.c ****       (cinfo->global_state != CSTATE_SCANNING &&
 703              		.loc 1 225 13 discriminator 1 view .LVU203
 704 000e 4369     		ldr	r3, [r0, #20]
 226:Middlewares/Third_Party/LibJPEG/source/jcapimin.c ****        cinfo->global_state != CSTATE_RAW_OK &&
 705              		.loc 1 226 45 discriminator 1 view .LVU204
 706 0010 653B     		subs	r3, r3, #101
ARM GAS  /tmp/ccocLKJK.s 			page 18


 224:Middlewares/Third_Party/LibJPEG/source/jcapimin.c ****   if (cinfo->next_scanline != 0 ||
 707              		.loc 1 224 33 discriminator 1 view .LVU205
 708 0012 022B     		cmp	r3, #2
 709 0014 09D9     		bls	.L49
 710              	.L48:
 227:Middlewares/Third_Party/LibJPEG/source/jcapimin.c ****        cinfo->global_state != CSTATE_WRCOEFS))
 228:Middlewares/Third_Party/LibJPEG/source/jcapimin.c ****     ERREXIT1(cinfo, JERR_BAD_STATE, cinfo->global_state);
 711              		.loc 1 228 5 is_stmt 1 view .LVU206
 712 0016 2368     		ldr	r3, [r4]
 713 0018 1522     		movs	r2, #21
 714              	.LVL61:
 715              		.loc 1 228 5 is_stmt 0 view .LVU207
 716 001a 5A61     		str	r2, [r3, #20]
 717 001c 2368     		ldr	r3, [r4]
 718 001e 6269     		ldr	r2, [r4, #20]
 719 0020 9A61     		str	r2, [r3, #24]
 720 0022 2368     		ldr	r3, [r4]
 721 0024 1B68     		ldr	r3, [r3]
 722 0026 2046     		mov	r0, r4
 723              	.LVL62:
 724              		.loc 1 228 5 view .LVU208
 725 0028 9847     		blx	r3
 726              	.LVL63:
 727              	.L49:
 229:Middlewares/Third_Party/LibJPEG/source/jcapimin.c **** 
 230:Middlewares/Third_Party/LibJPEG/source/jcapimin.c ****   (*cinfo->marker->write_marker_header) (cinfo, marker, datalen);
 728              		.loc 1 230 3 is_stmt 1 view .LVU209
 729              		.loc 1 230 10 is_stmt 0 view .LVU210
 730 002a D4F89431 		ldr	r3, [r4, #404]
 731              		.loc 1 230 4 view .LVU211
 732 002e 5B69     		ldr	r3, [r3, #20]
 733 0030 3246     		mov	r2, r6
 734 0032 2946     		mov	r1, r5
 735 0034 2046     		mov	r0, r4
 736 0036 9847     		blx	r3
 737              	.LVL64:
 231:Middlewares/Third_Party/LibJPEG/source/jcapimin.c **** }
 738              		.loc 1 231 1 view .LVU212
 739 0038 70BD     		pop	{r4, r5, r6, pc}
 740              		.loc 1 231 1 view .LVU213
 741              		.cfi_endproc
 742              	.LFE13:
 744              		.section	.text.jpeg_write_m_byte,"ax",%progbits
 745              		.align	1
 746              		.global	jpeg_write_m_byte
 747              		.syntax unified
 748              		.thumb
 749              		.thumb_func
 750              		.fpu fpv4-sp-d16
 752              	jpeg_write_m_byte:
 753              	.LVL65:
 754              	.LFB14:
 232:Middlewares/Third_Party/LibJPEG/source/jcapimin.c **** 
 233:Middlewares/Third_Party/LibJPEG/source/jcapimin.c **** GLOBAL(void)
 234:Middlewares/Third_Party/LibJPEG/source/jcapimin.c **** jpeg_write_m_byte (j_compress_ptr cinfo, int val)
 235:Middlewares/Third_Party/LibJPEG/source/jcapimin.c **** {
 755              		.loc 1 235 1 is_stmt 1 view -0
ARM GAS  /tmp/ccocLKJK.s 			page 19


 756              		.cfi_startproc
 757              		@ args = 0, pretend = 0, frame = 0
 758              		@ frame_needed = 0, uses_anonymous_args = 0
 759              		.loc 1 235 1 is_stmt 0 view .LVU215
 760 0000 08B5     		push	{r3, lr}
 761              	.LCFI6:
 762              		.cfi_def_cfa_offset 8
 763              		.cfi_offset 3, -8
 764              		.cfi_offset 14, -4
 236:Middlewares/Third_Party/LibJPEG/source/jcapimin.c ****   (*cinfo->marker->write_marker_byte) (cinfo, val);
 765              		.loc 1 236 3 is_stmt 1 view .LVU216
 766              		.loc 1 236 10 is_stmt 0 view .LVU217
 767 0002 D0F89431 		ldr	r3, [r0, #404]
 768              		.loc 1 236 4 view .LVU218
 769 0006 9B69     		ldr	r3, [r3, #24]
 770 0008 9847     		blx	r3
 771              	.LVL66:
 237:Middlewares/Third_Party/LibJPEG/source/jcapimin.c **** }
 772              		.loc 1 237 1 view .LVU219
 773 000a 08BD     		pop	{r3, pc}
 774              		.cfi_endproc
 775              	.LFE14:
 777              		.section	.text.jpeg_write_tables,"ax",%progbits
 778              		.align	1
 779              		.global	jpeg_write_tables
 780              		.syntax unified
 781              		.thumb
 782              		.thumb_func
 783              		.fpu fpv4-sp-d16
 785              	jpeg_write_tables:
 786              	.LVL67:
 787              	.LFB15:
 238:Middlewares/Third_Party/LibJPEG/source/jcapimin.c **** 
 239:Middlewares/Third_Party/LibJPEG/source/jcapimin.c **** 
 240:Middlewares/Third_Party/LibJPEG/source/jcapimin.c **** /*
 241:Middlewares/Third_Party/LibJPEG/source/jcapimin.c ****  * Alternate compression function: just write an abbreviated table file.
 242:Middlewares/Third_Party/LibJPEG/source/jcapimin.c ****  * Before calling this, all parameters and a data destination must be set up.
 243:Middlewares/Third_Party/LibJPEG/source/jcapimin.c ****  *
 244:Middlewares/Third_Party/LibJPEG/source/jcapimin.c ****  * To produce a pair of files containing abbreviated tables and abbreviated
 245:Middlewares/Third_Party/LibJPEG/source/jcapimin.c ****  * image data, one would proceed as follows:
 246:Middlewares/Third_Party/LibJPEG/source/jcapimin.c ****  *
 247:Middlewares/Third_Party/LibJPEG/source/jcapimin.c ****  *		initialize JPEG object
 248:Middlewares/Third_Party/LibJPEG/source/jcapimin.c ****  *		set JPEG parameters
 249:Middlewares/Third_Party/LibJPEG/source/jcapimin.c ****  *		set destination to table file
 250:Middlewares/Third_Party/LibJPEG/source/jcapimin.c ****  *		jpeg_write_tables(cinfo);
 251:Middlewares/Third_Party/LibJPEG/source/jcapimin.c ****  *		set destination to image file
 252:Middlewares/Third_Party/LibJPEG/source/jcapimin.c ****  *		jpeg_start_compress(cinfo, FALSE);
 253:Middlewares/Third_Party/LibJPEG/source/jcapimin.c ****  *		write data...
 254:Middlewares/Third_Party/LibJPEG/source/jcapimin.c ****  *		jpeg_finish_compress(cinfo);
 255:Middlewares/Third_Party/LibJPEG/source/jcapimin.c ****  *
 256:Middlewares/Third_Party/LibJPEG/source/jcapimin.c ****  * jpeg_write_tables has the side effect of marking all tables written
 257:Middlewares/Third_Party/LibJPEG/source/jcapimin.c ****  * (same as jpeg_suppress_tables(..., TRUE)).  Thus a subsequent start_compress
 258:Middlewares/Third_Party/LibJPEG/source/jcapimin.c ****  * will not re-emit the tables unless it is passed write_all_tables=TRUE.
 259:Middlewares/Third_Party/LibJPEG/source/jcapimin.c ****  */
 260:Middlewares/Third_Party/LibJPEG/source/jcapimin.c **** 
 261:Middlewares/Third_Party/LibJPEG/source/jcapimin.c **** GLOBAL(void)
 262:Middlewares/Third_Party/LibJPEG/source/jcapimin.c **** jpeg_write_tables (j_compress_ptr cinfo)
ARM GAS  /tmp/ccocLKJK.s 			page 20


 263:Middlewares/Third_Party/LibJPEG/source/jcapimin.c **** {
 788              		.loc 1 263 1 is_stmt 1 view -0
 789              		.cfi_startproc
 790              		@ args = 0, pretend = 0, frame = 0
 791              		@ frame_needed = 0, uses_anonymous_args = 0
 792              		.loc 1 263 1 is_stmt 0 view .LVU221
 793 0000 10B5     		push	{r4, lr}
 794              	.LCFI7:
 795              		.cfi_def_cfa_offset 8
 796              		.cfi_offset 4, -8
 797              		.cfi_offset 14, -4
 798 0002 0446     		mov	r4, r0
 264:Middlewares/Third_Party/LibJPEG/source/jcapimin.c ****   if (cinfo->global_state != CSTATE_START)
 799              		.loc 1 264 3 is_stmt 1 view .LVU222
 800              		.loc 1 264 12 is_stmt 0 view .LVU223
 801 0004 4369     		ldr	r3, [r0, #20]
 802              		.loc 1 264 6 view .LVU224
 803 0006 642B     		cmp	r3, #100
 804 0008 08D0     		beq	.L54
 265:Middlewares/Third_Party/LibJPEG/source/jcapimin.c ****     ERREXIT1(cinfo, JERR_BAD_STATE, cinfo->global_state);
 805              		.loc 1 265 5 is_stmt 1 view .LVU225
 806 000a 0368     		ldr	r3, [r0]
 807 000c 1522     		movs	r2, #21
 808 000e 5A61     		str	r2, [r3, #20]
 809 0010 0368     		ldr	r3, [r0]
 810 0012 4269     		ldr	r2, [r0, #20]
 811 0014 9A61     		str	r2, [r3, #24]
 812 0016 0368     		ldr	r3, [r0]
 813 0018 1B68     		ldr	r3, [r3]
 814 001a 9847     		blx	r3
 815              	.LVL68:
 816              	.L54:
 266:Middlewares/Third_Party/LibJPEG/source/jcapimin.c **** 
 267:Middlewares/Third_Party/LibJPEG/source/jcapimin.c ****   /* (Re)initialize error mgr and destination modules */
 268:Middlewares/Third_Party/LibJPEG/source/jcapimin.c ****   (*cinfo->err->reset_error_mgr) ((j_common_ptr) cinfo);
 817              		.loc 1 268 3 view .LVU226
 818              		.loc 1 268 10 is_stmt 0 view .LVU227
 819 001c 2368     		ldr	r3, [r4]
 820              		.loc 1 268 4 view .LVU228
 821 001e 1B69     		ldr	r3, [r3, #16]
 822 0020 2046     		mov	r0, r4
 823 0022 9847     		blx	r3
 824              	.LVL69:
 269:Middlewares/Third_Party/LibJPEG/source/jcapimin.c ****   (*cinfo->dest->init_destination) (cinfo);
 825              		.loc 1 269 3 is_stmt 1 view .LVU229
 826              		.loc 1 269 10 is_stmt 0 view .LVU230
 827 0024 A369     		ldr	r3, [r4, #24]
 828              		.loc 1 269 4 view .LVU231
 829 0026 9B68     		ldr	r3, [r3, #8]
 830 0028 2046     		mov	r0, r4
 831 002a 9847     		blx	r3
 832              	.LVL70:
 270:Middlewares/Third_Party/LibJPEG/source/jcapimin.c ****   /* Initialize the marker writer ... bit of a crock to do it here. */
 271:Middlewares/Third_Party/LibJPEG/source/jcapimin.c ****   jinit_marker_writer(cinfo);
 833              		.loc 1 271 3 is_stmt 1 view .LVU232
 834 002c 2046     		mov	r0, r4
 835 002e FFF7FEFF 		bl	jinit_marker_writer
ARM GAS  /tmp/ccocLKJK.s 			page 21


 836              	.LVL71:
 272:Middlewares/Third_Party/LibJPEG/source/jcapimin.c ****   /* Write them tables! */
 273:Middlewares/Third_Party/LibJPEG/source/jcapimin.c ****   (*cinfo->marker->write_tables_only) (cinfo);
 837              		.loc 1 273 3 view .LVU233
 838              		.loc 1 273 10 is_stmt 0 view .LVU234
 839 0032 D4F89431 		ldr	r3, [r4, #404]
 840              		.loc 1 273 4 view .LVU235
 841 0036 1B69     		ldr	r3, [r3, #16]
 842 0038 2046     		mov	r0, r4
 843 003a 9847     		blx	r3
 844              	.LVL72:
 274:Middlewares/Third_Party/LibJPEG/source/jcapimin.c ****   /* And clean up. */
 275:Middlewares/Third_Party/LibJPEG/source/jcapimin.c ****   (*cinfo->dest->term_destination) (cinfo);
 845              		.loc 1 275 3 is_stmt 1 view .LVU236
 846              		.loc 1 275 10 is_stmt 0 view .LVU237
 847 003c A369     		ldr	r3, [r4, #24]
 848              		.loc 1 275 4 view .LVU238
 849 003e 1B69     		ldr	r3, [r3, #16]
 850 0040 2046     		mov	r0, r4
 851 0042 9847     		blx	r3
 852              	.LVL73:
 276:Middlewares/Third_Party/LibJPEG/source/jcapimin.c ****   /*
 277:Middlewares/Third_Party/LibJPEG/source/jcapimin.c ****    * In library releases up through v6a, we called jpeg_abort() here to free
 278:Middlewares/Third_Party/LibJPEG/source/jcapimin.c ****    * any working memory allocated by the destination manager and marker
 279:Middlewares/Third_Party/LibJPEG/source/jcapimin.c ****    * writer.  Some applications had a problem with that: they allocated space
 280:Middlewares/Third_Party/LibJPEG/source/jcapimin.c ****    * of their own from the library memory manager, and didn't want it to go
 281:Middlewares/Third_Party/LibJPEG/source/jcapimin.c ****    * away during write_tables.  So now we do nothing.  This will cause a
 282:Middlewares/Third_Party/LibJPEG/source/jcapimin.c ****    * memory leak if an app calls write_tables repeatedly without doing a full
 283:Middlewares/Third_Party/LibJPEG/source/jcapimin.c ****    * compression cycle or otherwise resetting the JPEG object.  However, that
 284:Middlewares/Third_Party/LibJPEG/source/jcapimin.c ****    * seems less bad than unexpectedly freeing memory in the normal case.
 285:Middlewares/Third_Party/LibJPEG/source/jcapimin.c ****    * An app that prefers the old behavior can call jpeg_abort for itself after
 286:Middlewares/Third_Party/LibJPEG/source/jcapimin.c ****    * each call to jpeg_write_tables().
 287:Middlewares/Third_Party/LibJPEG/source/jcapimin.c ****    */
 288:Middlewares/Third_Party/LibJPEG/source/jcapimin.c **** }
 853              		.loc 1 288 1 view .LVU239
 854 0044 10BD     		pop	{r4, pc}
 855              		.loc 1 288 1 view .LVU240
 856              		.cfi_endproc
 857              	.LFE15:
 859              		.text
 860              	.Letext0:
 861              		.file 2 "/usr/lib/gcc/arm-none-eabi/10.3.1/include/stddef.h"
 862              		.file 3 "LIBJPEG/Target/jmorecfg.h"
 863              		.file 4 "Middlewares/Third_Party/LibJPEG/include/jpeglib.h"
 864              		.file 5 "Middlewares/Third_Party/LibJPEG/include/jpegint.h"
 865              		.file 6 "Middlewares/Third_Party/LibJPEG/include/jerror.h"
 866              		.file 7 "<built-in>"
ARM GAS  /tmp/ccocLKJK.s 			page 22


DEFINED SYMBOLS
                            *ABS*:0000000000000000 jcapimin.c
     /tmp/ccocLKJK.s:18     .text.jpeg_CreateCompress:0000000000000000 $t
     /tmp/ccocLKJK.s:26     .text.jpeg_CreateCompress:0000000000000000 jpeg_CreateCompress
     /tmp/ccocLKJK.s:209    .text.jpeg_CreateCompress:00000000000000c4 $d
     /tmp/ccocLKJK.s:215    .text.jpeg_destroy_compress:0000000000000000 $t
     /tmp/ccocLKJK.s:222    .text.jpeg_destroy_compress:0000000000000000 jpeg_destroy_compress
     /tmp/ccocLKJK.s:244    .text.jpeg_abort_compress:0000000000000000 $t
     /tmp/ccocLKJK.s:251    .text.jpeg_abort_compress:0000000000000000 jpeg_abort_compress
     /tmp/ccocLKJK.s:273    .text.jpeg_suppress_tables:0000000000000000 $t
     /tmp/ccocLKJK.s:280    .text.jpeg_suppress_tables:0000000000000000 jpeg_suppress_tables
     /tmp/ccocLKJK.s:372    .text.jpeg_finish_compress:0000000000000000 $t
     /tmp/ccocLKJK.s:379    .text.jpeg_finish_compress:0000000000000000 jpeg_finish_compress
     /tmp/ccocLKJK.s:565    .text.jpeg_write_marker:0000000000000000 $t
     /tmp/ccocLKJK.s:572    .text.jpeg_write_marker:0000000000000000 jpeg_write_marker
     /tmp/ccocLKJK.s:673    .text.jpeg_write_m_header:0000000000000000 $t
     /tmp/ccocLKJK.s:680    .text.jpeg_write_m_header:0000000000000000 jpeg_write_m_header
     /tmp/ccocLKJK.s:745    .text.jpeg_write_m_byte:0000000000000000 $t
     /tmp/ccocLKJK.s:752    .text.jpeg_write_m_byte:0000000000000000 jpeg_write_m_byte
     /tmp/ccocLKJK.s:778    .text.jpeg_write_tables:0000000000000000 $t
     /tmp/ccocLKJK.s:785    .text.jpeg_write_tables:0000000000000000 jpeg_write_tables

UNDEFINED SYMBOLS
memset
jinit_memory_mgr
jpeg_natural_order
jpeg_destroy
jpeg_abort
jinit_marker_writer
