ARM GAS  /tmp/ccbuLoz7.s 			page 1


   1              		.cpu cortex-m4
   2              		.eabi_attribute 27, 1
   3              		.eabi_attribute 28, 1
   4              		.eabi_attribute 20, 1
   5              		.eabi_attribute 21, 1
   6              		.eabi_attribute 23, 3
   7              		.eabi_attribute 24, 1
   8              		.eabi_attribute 25, 1
   9              		.eabi_attribute 26, 1
  10              		.eabi_attribute 30, 1
  11              		.eabi_attribute 34, 1
  12              		.eabi_attribute 18, 4
  13              		.file	"jcapistd.c"
  14              		.text
  15              	.Ltext0:
  16              		.cfi_sections	.debug_frame
  17              		.section	.text.jpeg_start_compress,"ax",%progbits
  18              		.align	1
  19              		.global	jpeg_start_compress
  20              		.arch armv7e-m
  21              		.syntax unified
  22              		.thumb
  23              		.thumb_func
  24              		.fpu fpv4-sp-d16
  26              	jpeg_start_compress:
  27              	.LVL0:
  28              	.LFB7:
  29              		.file 1 "Middlewares/Third_Party/LibJPEG/source/jcapistd.c"
   1:Middlewares/Third_Party/LibJPEG/source/jcapistd.c **** /*
   2:Middlewares/Third_Party/LibJPEG/source/jcapistd.c ****  * jcapistd.c
   3:Middlewares/Third_Party/LibJPEG/source/jcapistd.c ****  *
   4:Middlewares/Third_Party/LibJPEG/source/jcapistd.c ****  * Copyright (C) 1994-1996, Thomas G. Lane.
   5:Middlewares/Third_Party/LibJPEG/source/jcapistd.c ****  * This file is part of the Independent JPEG Group's software.
   6:Middlewares/Third_Party/LibJPEG/source/jcapistd.c ****  * For conditions of distribution and use, see the accompanying README file.
   7:Middlewares/Third_Party/LibJPEG/source/jcapistd.c ****  *
   8:Middlewares/Third_Party/LibJPEG/source/jcapistd.c ****  * This file contains application interface code for the compression half
   9:Middlewares/Third_Party/LibJPEG/source/jcapistd.c ****  * of the JPEG library.  These are the "standard" API routines that are
  10:Middlewares/Third_Party/LibJPEG/source/jcapistd.c ****  * used in the normal full-compression case.  They are not used by a
  11:Middlewares/Third_Party/LibJPEG/source/jcapistd.c ****  * transcoding-only application.  Note that if an application links in
  12:Middlewares/Third_Party/LibJPEG/source/jcapistd.c ****  * jpeg_start_compress, it will end up linking in the entire compressor.
  13:Middlewares/Third_Party/LibJPEG/source/jcapistd.c ****  * We thus must separate this file from jcapimin.c to avoid linking the
  14:Middlewares/Third_Party/LibJPEG/source/jcapistd.c ****  * whole compression library into a transcoder.
  15:Middlewares/Third_Party/LibJPEG/source/jcapistd.c ****  */
  16:Middlewares/Third_Party/LibJPEG/source/jcapistd.c **** 
  17:Middlewares/Third_Party/LibJPEG/source/jcapistd.c **** #define JPEG_INTERNALS
  18:Middlewares/Third_Party/LibJPEG/source/jcapistd.c **** #include "jinclude.h"
  19:Middlewares/Third_Party/LibJPEG/source/jcapistd.c **** #include "jpeglib.h"
  20:Middlewares/Third_Party/LibJPEG/source/jcapistd.c **** 
  21:Middlewares/Third_Party/LibJPEG/source/jcapistd.c **** 
  22:Middlewares/Third_Party/LibJPEG/source/jcapistd.c **** /*
  23:Middlewares/Third_Party/LibJPEG/source/jcapistd.c ****  * Compression initialization.
  24:Middlewares/Third_Party/LibJPEG/source/jcapistd.c ****  * Before calling this, all parameters and a data destination must be set up.
  25:Middlewares/Third_Party/LibJPEG/source/jcapistd.c ****  *
  26:Middlewares/Third_Party/LibJPEG/source/jcapistd.c ****  * We require a write_all_tables parameter as a failsafe check when writing
  27:Middlewares/Third_Party/LibJPEG/source/jcapistd.c ****  * multiple datastreams from the same compression object.  Since prior runs
  28:Middlewares/Third_Party/LibJPEG/source/jcapistd.c ****  * will have left all the tables marked sent_table=TRUE, a subsequent run
  29:Middlewares/Third_Party/LibJPEG/source/jcapistd.c ****  * would emit an abbreviated stream (no tables) by default.  This may be what
ARM GAS  /tmp/ccbuLoz7.s 			page 2


  30:Middlewares/Third_Party/LibJPEG/source/jcapistd.c ****  * is wanted, but for safety's sake it should not be the default behavior:
  31:Middlewares/Third_Party/LibJPEG/source/jcapistd.c ****  * programmers should have to make a deliberate choice to emit abbreviated
  32:Middlewares/Third_Party/LibJPEG/source/jcapistd.c ****  * images.  Therefore the documentation and examples should encourage people
  33:Middlewares/Third_Party/LibJPEG/source/jcapistd.c ****  * to pass write_all_tables=TRUE; then it will take active thought to do the
  34:Middlewares/Third_Party/LibJPEG/source/jcapistd.c ****  * wrong thing.
  35:Middlewares/Third_Party/LibJPEG/source/jcapistd.c ****  */
  36:Middlewares/Third_Party/LibJPEG/source/jcapistd.c **** 
  37:Middlewares/Third_Party/LibJPEG/source/jcapistd.c **** GLOBAL(void)
  38:Middlewares/Third_Party/LibJPEG/source/jcapistd.c **** jpeg_start_compress (j_compress_ptr cinfo, boolean write_all_tables)
  39:Middlewares/Third_Party/LibJPEG/source/jcapistd.c **** {
  30              		.loc 1 39 1 view -0
  31              		.cfi_startproc
  32              		@ args = 0, pretend = 0, frame = 0
  33              		@ frame_needed = 0, uses_anonymous_args = 0
  34              		.loc 1 39 1 is_stmt 0 view .LVU1
  35 0000 38B5     		push	{r3, r4, r5, lr}
  36              	.LCFI0:
  37              		.cfi_def_cfa_offset 16
  38              		.cfi_offset 3, -16
  39              		.cfi_offset 4, -12
  40              		.cfi_offset 5, -8
  41              		.cfi_offset 14, -4
  42 0002 0446     		mov	r4, r0
  43 0004 0D46     		mov	r5, r1
  40:Middlewares/Third_Party/LibJPEG/source/jcapistd.c ****   if (cinfo->global_state != CSTATE_START)
  44              		.loc 1 40 3 is_stmt 1 view .LVU2
  45              		.loc 1 40 12 is_stmt 0 view .LVU3
  46 0006 4369     		ldr	r3, [r0, #20]
  47              		.loc 1 40 6 view .LVU4
  48 0008 642B     		cmp	r3, #100
  49 000a 08D0     		beq	.L2
  41:Middlewares/Third_Party/LibJPEG/source/jcapistd.c ****     ERREXIT1(cinfo, JERR_BAD_STATE, cinfo->global_state);
  50              		.loc 1 41 5 is_stmt 1 view .LVU5
  51 000c 0368     		ldr	r3, [r0]
  52 000e 1522     		movs	r2, #21
  53 0010 5A61     		str	r2, [r3, #20]
  54 0012 0368     		ldr	r3, [r0]
  55 0014 4269     		ldr	r2, [r0, #20]
  56 0016 9A61     		str	r2, [r3, #24]
  57 0018 0368     		ldr	r3, [r0]
  58 001a 1B68     		ldr	r3, [r3]
  59 001c 9847     		blx	r3
  60              	.LVL1:
  61              	.L2:
  42:Middlewares/Third_Party/LibJPEG/source/jcapistd.c **** 
  43:Middlewares/Third_Party/LibJPEG/source/jcapistd.c ****   if (write_all_tables)
  62              		.loc 1 43 3 view .LVU6
  63              		.loc 1 43 6 is_stmt 0 view .LVU7
  64 001e C5B9     		cbnz	r5, .L7
  65              	.L3:
  44:Middlewares/Third_Party/LibJPEG/source/jcapistd.c ****     jpeg_suppress_tables(cinfo, FALSE);	/* mark all tables to be written */
  45:Middlewares/Third_Party/LibJPEG/source/jcapistd.c **** 
  46:Middlewares/Third_Party/LibJPEG/source/jcapistd.c ****   /* (Re)initialize error mgr and destination modules */
  47:Middlewares/Third_Party/LibJPEG/source/jcapistd.c ****   (*cinfo->err->reset_error_mgr) ((j_common_ptr) cinfo);
  66              		.loc 1 47 3 is_stmt 1 view .LVU8
  67              		.loc 1 47 10 is_stmt 0 view .LVU9
  68 0020 2368     		ldr	r3, [r4]
ARM GAS  /tmp/ccbuLoz7.s 			page 3


  69              		.loc 1 47 4 view .LVU10
  70 0022 1B69     		ldr	r3, [r3, #16]
  71 0024 2046     		mov	r0, r4
  72 0026 9847     		blx	r3
  73              	.LVL2:
  48:Middlewares/Third_Party/LibJPEG/source/jcapistd.c ****   (*cinfo->dest->init_destination) (cinfo);
  74              		.loc 1 48 3 is_stmt 1 view .LVU11
  75              		.loc 1 48 10 is_stmt 0 view .LVU12
  76 0028 A369     		ldr	r3, [r4, #24]
  77              		.loc 1 48 4 view .LVU13
  78 002a 9B68     		ldr	r3, [r3, #8]
  79 002c 2046     		mov	r0, r4
  80 002e 9847     		blx	r3
  81              	.LVL3:
  49:Middlewares/Third_Party/LibJPEG/source/jcapistd.c ****   /* Perform master selection of active modules */
  50:Middlewares/Third_Party/LibJPEG/source/jcapistd.c ****   jinit_compress_master(cinfo);
  82              		.loc 1 50 3 is_stmt 1 view .LVU14
  83 0030 2046     		mov	r0, r4
  84 0032 FFF7FEFF 		bl	jinit_compress_master
  85              	.LVL4:
  51:Middlewares/Third_Party/LibJPEG/source/jcapistd.c ****   /* Set up for the first pass */
  52:Middlewares/Third_Party/LibJPEG/source/jcapistd.c ****   (*cinfo->master->prepare_for_pass) (cinfo);
  86              		.loc 1 52 3 view .LVU15
  87              		.loc 1 52 10 is_stmt 0 view .LVU16
  88 0036 D4F88431 		ldr	r3, [r4, #388]
  89              		.loc 1 52 4 view .LVU17
  90 003a 1B68     		ldr	r3, [r3]
  91 003c 2046     		mov	r0, r4
  92 003e 9847     		blx	r3
  93              	.LVL5:
  53:Middlewares/Third_Party/LibJPEG/source/jcapistd.c ****   /* Ready for application to drive first pass through jpeg_write_scanlines
  54:Middlewares/Third_Party/LibJPEG/source/jcapistd.c ****    * or jpeg_write_raw_data.
  55:Middlewares/Third_Party/LibJPEG/source/jcapistd.c ****    */
  56:Middlewares/Third_Party/LibJPEG/source/jcapistd.c ****   cinfo->next_scanline = 0;
  94              		.loc 1 56 3 is_stmt 1 view .LVU18
  95              		.loc 1 56 24 is_stmt 0 view .LVU19
  96 0040 0023     		movs	r3, #0
  97 0042 C4F80431 		str	r3, [r4, #260]
  57:Middlewares/Third_Party/LibJPEG/source/jcapistd.c ****   cinfo->global_state = (cinfo->raw_data_in ? CSTATE_RAW_OK : CSTATE_SCANNING);
  98              		.loc 1 57 3 is_stmt 1 view .LVU20
  99              		.loc 1 57 31 is_stmt 0 view .LVU21
 100 0046 D4F8D030 		ldr	r3, [r4, #208]
 101              		.loc 1 57 61 view .LVU22
 102 004a 3BB1     		cbz	r3, .L5
 103 004c 6623     		movs	r3, #102
 104              	.L4:
 105              		.loc 1 57 23 discriminator 4 view .LVU23
 106 004e 6361     		str	r3, [r4, #20]
  58:Middlewares/Third_Party/LibJPEG/source/jcapistd.c **** }
 107              		.loc 1 58 1 discriminator 4 view .LVU24
 108 0050 38BD     		pop	{r3, r4, r5, pc}
 109              	.LVL6:
 110              	.L7:
  44:Middlewares/Third_Party/LibJPEG/source/jcapistd.c **** 
 111              		.loc 1 44 5 is_stmt 1 view .LVU25
 112 0052 0021     		movs	r1, #0
 113 0054 2046     		mov	r0, r4
ARM GAS  /tmp/ccbuLoz7.s 			page 4


 114 0056 FFF7FEFF 		bl	jpeg_suppress_tables
 115              	.LVL7:
 116 005a E1E7     		b	.L3
 117              	.L5:
  57:Middlewares/Third_Party/LibJPEG/source/jcapistd.c ****   cinfo->global_state = (cinfo->raw_data_in ? CSTATE_RAW_OK : CSTATE_SCANNING);
 118              		.loc 1 57 61 is_stmt 0 view .LVU26
 119 005c 6523     		movs	r3, #101
 120 005e F6E7     		b	.L4
 121              		.cfi_endproc
 122              	.LFE7:
 124              		.section	.text.jpeg_write_scanlines,"ax",%progbits
 125              		.align	1
 126              		.global	jpeg_write_scanlines
 127              		.syntax unified
 128              		.thumb
 129              		.thumb_func
 130              		.fpu fpv4-sp-d16
 132              	jpeg_write_scanlines:
 133              	.LVL8:
 134              	.LFB8:
  59:Middlewares/Third_Party/LibJPEG/source/jcapistd.c **** 
  60:Middlewares/Third_Party/LibJPEG/source/jcapistd.c **** 
  61:Middlewares/Third_Party/LibJPEG/source/jcapistd.c **** /*
  62:Middlewares/Third_Party/LibJPEG/source/jcapistd.c ****  * Write some scanlines of data to the JPEG compressor.
  63:Middlewares/Third_Party/LibJPEG/source/jcapistd.c ****  *
  64:Middlewares/Third_Party/LibJPEG/source/jcapistd.c ****  * The return value will be the number of lines actually written.
  65:Middlewares/Third_Party/LibJPEG/source/jcapistd.c ****  * This should be less than the supplied num_lines only in case that
  66:Middlewares/Third_Party/LibJPEG/source/jcapistd.c ****  * the data destination module has requested suspension of the compressor,
  67:Middlewares/Third_Party/LibJPEG/source/jcapistd.c ****  * or if more than image_height scanlines are passed in.
  68:Middlewares/Third_Party/LibJPEG/source/jcapistd.c ****  *
  69:Middlewares/Third_Party/LibJPEG/source/jcapistd.c ****  * Note: we warn about excess calls to jpeg_write_scanlines() since
  70:Middlewares/Third_Party/LibJPEG/source/jcapistd.c ****  * this likely signals an application programmer error.  However,
  71:Middlewares/Third_Party/LibJPEG/source/jcapistd.c ****  * excess scanlines passed in the last valid call are *silently* ignored,
  72:Middlewares/Third_Party/LibJPEG/source/jcapistd.c ****  * so that the application need not adjust num_lines for end-of-image
  73:Middlewares/Third_Party/LibJPEG/source/jcapistd.c ****  * when using a multiple-scanline buffer.
  74:Middlewares/Third_Party/LibJPEG/source/jcapistd.c ****  */
  75:Middlewares/Third_Party/LibJPEG/source/jcapistd.c **** 
  76:Middlewares/Third_Party/LibJPEG/source/jcapistd.c **** GLOBAL(JDIMENSION)
  77:Middlewares/Third_Party/LibJPEG/source/jcapistd.c **** jpeg_write_scanlines (j_compress_ptr cinfo, JSAMPARRAY scanlines,
  78:Middlewares/Third_Party/LibJPEG/source/jcapistd.c **** 		      JDIMENSION num_lines)
  79:Middlewares/Third_Party/LibJPEG/source/jcapistd.c **** {
 135              		.loc 1 79 1 is_stmt 1 view -0
 136              		.cfi_startproc
 137              		@ args = 0, pretend = 0, frame = 8
 138              		@ frame_needed = 0, uses_anonymous_args = 0
 139              		.loc 1 79 1 is_stmt 0 view .LVU28
 140 0000 70B5     		push	{r4, r5, r6, lr}
 141              	.LCFI1:
 142              		.cfi_def_cfa_offset 16
 143              		.cfi_offset 4, -16
 144              		.cfi_offset 5, -12
 145              		.cfi_offset 6, -8
 146              		.cfi_offset 14, -4
 147 0002 82B0     		sub	sp, sp, #8
 148              	.LCFI2:
 149              		.cfi_def_cfa_offset 24
 150 0004 0446     		mov	r4, r0
ARM GAS  /tmp/ccbuLoz7.s 			page 5


 151 0006 0E46     		mov	r6, r1
 152 0008 1546     		mov	r5, r2
  80:Middlewares/Third_Party/LibJPEG/source/jcapistd.c ****   JDIMENSION row_ctr, rows_left;
 153              		.loc 1 80 3 is_stmt 1 view .LVU29
  81:Middlewares/Third_Party/LibJPEG/source/jcapistd.c **** 
  82:Middlewares/Third_Party/LibJPEG/source/jcapistd.c ****   if (cinfo->global_state != CSTATE_SCANNING)
 154              		.loc 1 82 3 view .LVU30
 155              		.loc 1 82 12 is_stmt 0 view .LVU31
 156 000a 4369     		ldr	r3, [r0, #20]
 157              		.loc 1 82 6 view .LVU32
 158 000c 652B     		cmp	r3, #101
 159 000e 08D0     		beq	.L9
  83:Middlewares/Third_Party/LibJPEG/source/jcapistd.c ****     ERREXIT1(cinfo, JERR_BAD_STATE, cinfo->global_state);
 160              		.loc 1 83 5 is_stmt 1 view .LVU33
 161 0010 0368     		ldr	r3, [r0]
 162 0012 1522     		movs	r2, #21
 163              	.LVL9:
 164              		.loc 1 83 5 is_stmt 0 view .LVU34
 165 0014 5A61     		str	r2, [r3, #20]
 166 0016 0368     		ldr	r3, [r0]
 167 0018 4269     		ldr	r2, [r0, #20]
 168 001a 9A61     		str	r2, [r3, #24]
 169 001c 0368     		ldr	r3, [r0]
 170 001e 1B68     		ldr	r3, [r3]
 171 0020 9847     		blx	r3
 172              	.LVL10:
 173              	.L9:
  84:Middlewares/Third_Party/LibJPEG/source/jcapistd.c ****   if (cinfo->next_scanline >= cinfo->image_height)
 174              		.loc 1 84 3 is_stmt 1 view .LVU35
 175              		.loc 1 84 12 is_stmt 0 view .LVU36
 176 0022 D4F80421 		ldr	r2, [r4, #260]
 177              		.loc 1 84 36 view .LVU37
 178 0026 236A     		ldr	r3, [r4, #32]
 179              		.loc 1 84 6 view .LVU38
 180 0028 9A42     		cmp	r2, r3
 181 002a 08D3     		bcc	.L10
  85:Middlewares/Third_Party/LibJPEG/source/jcapistd.c ****     WARNMS(cinfo, JWRN_TOO_MUCH_DATA);
 182              		.loc 1 85 5 is_stmt 1 view .LVU39
 183 002c 2368     		ldr	r3, [r4]
 184 002e 7E22     		movs	r2, #126
 185 0030 5A61     		str	r2, [r3, #20]
 186 0032 2368     		ldr	r3, [r4]
 187 0034 5B68     		ldr	r3, [r3, #4]
 188 0036 4FF0FF31 		mov	r1, #-1
 189 003a 2046     		mov	r0, r4
 190 003c 9847     		blx	r3
 191              	.LVL11:
 192              	.L10:
  86:Middlewares/Third_Party/LibJPEG/source/jcapistd.c **** 
  87:Middlewares/Third_Party/LibJPEG/source/jcapistd.c ****   /* Call progress monitor hook if present */
  88:Middlewares/Third_Party/LibJPEG/source/jcapistd.c ****   if (cinfo->progress != NULL) {
 193              		.loc 1 88 3 view .LVU40
 194              		.loc 1 88 12 is_stmt 0 view .LVU41
 195 003e A368     		ldr	r3, [r4, #8]
 196              		.loc 1 88 6 view .LVU42
 197 0040 4BB1     		cbz	r3, .L11
  89:Middlewares/Third_Party/LibJPEG/source/jcapistd.c ****     cinfo->progress->pass_counter = (long) cinfo->next_scanline;
ARM GAS  /tmp/ccbuLoz7.s 			page 6


 198              		.loc 1 89 5 is_stmt 1 view .LVU43
 199              		.loc 1 89 49 is_stmt 0 view .LVU44
 200 0042 D4F80421 		ldr	r2, [r4, #260]
 201              		.loc 1 89 35 view .LVU45
 202 0046 5A60     		str	r2, [r3, #4]
  90:Middlewares/Third_Party/LibJPEG/source/jcapistd.c ****     cinfo->progress->pass_limit = (long) cinfo->image_height;
 203              		.loc 1 90 5 is_stmt 1 view .LVU46
 204              		.loc 1 90 47 is_stmt 0 view .LVU47
 205 0048 226A     		ldr	r2, [r4, #32]
 206              		.loc 1 90 10 view .LVU48
 207 004a A368     		ldr	r3, [r4, #8]
 208              		.loc 1 90 33 view .LVU49
 209 004c 9A60     		str	r2, [r3, #8]
  91:Middlewares/Third_Party/LibJPEG/source/jcapistd.c ****     (*cinfo->progress->progress_monitor) ((j_common_ptr) cinfo);
 210              		.loc 1 91 5 is_stmt 1 view .LVU50
 211              		.loc 1 91 12 is_stmt 0 view .LVU51
 212 004e A368     		ldr	r3, [r4, #8]
 213              		.loc 1 91 6 view .LVU52
 214 0050 1B68     		ldr	r3, [r3]
 215 0052 2046     		mov	r0, r4
 216 0054 9847     		blx	r3
 217              	.LVL12:
 218              	.L11:
  92:Middlewares/Third_Party/LibJPEG/source/jcapistd.c ****   }
  93:Middlewares/Third_Party/LibJPEG/source/jcapistd.c **** 
  94:Middlewares/Third_Party/LibJPEG/source/jcapistd.c ****   /* Give master control module another chance if this is first call to
  95:Middlewares/Third_Party/LibJPEG/source/jcapistd.c ****    * jpeg_write_scanlines.  This lets output of the frame/scan headers be
  96:Middlewares/Third_Party/LibJPEG/source/jcapistd.c ****    * delayed so that application can write COM, etc, markers between
  97:Middlewares/Third_Party/LibJPEG/source/jcapistd.c ****    * jpeg_start_compress and jpeg_write_scanlines.
  98:Middlewares/Third_Party/LibJPEG/source/jcapistd.c ****    */
  99:Middlewares/Third_Party/LibJPEG/source/jcapistd.c ****   if (cinfo->master->call_pass_startup)
 219              		.loc 1 99 3 is_stmt 1 view .LVU53
 220              		.loc 1 99 12 is_stmt 0 view .LVU54
 221 0056 D4F88431 		ldr	r3, [r4, #388]
 222              		.loc 1 99 20 view .LVU55
 223 005a DA68     		ldr	r2, [r3, #12]
 224              		.loc 1 99 6 view .LVU56
 225 005c 12B1     		cbz	r2, .L12
 100:Middlewares/Third_Party/LibJPEG/source/jcapistd.c ****     (*cinfo->master->pass_startup) (cinfo);
 226              		.loc 1 100 5 is_stmt 1 view .LVU57
 227              		.loc 1 100 6 is_stmt 0 view .LVU58
 228 005e 5B68     		ldr	r3, [r3, #4]
 229 0060 2046     		mov	r0, r4
 230 0062 9847     		blx	r3
 231              	.LVL13:
 232              	.L12:
 101:Middlewares/Third_Party/LibJPEG/source/jcapistd.c **** 
 102:Middlewares/Third_Party/LibJPEG/source/jcapistd.c ****   /* Ignore any extra scanlines at bottom of image. */
 103:Middlewares/Third_Party/LibJPEG/source/jcapistd.c ****   rows_left = cinfo->image_height - cinfo->next_scanline;
 233              		.loc 1 103 3 is_stmt 1 view .LVU59
 234              		.loc 1 103 20 is_stmt 0 view .LVU60
 235 0064 236A     		ldr	r3, [r4, #32]
 236              		.loc 1 103 42 view .LVU61
 237 0066 D4F80421 		ldr	r2, [r4, #260]
 238              		.loc 1 103 13 view .LVU62
 239 006a 9B1A     		subs	r3, r3, r2
 240              	.LVL14:
ARM GAS  /tmp/ccbuLoz7.s 			page 7


 104:Middlewares/Third_Party/LibJPEG/source/jcapistd.c ****   if (num_lines > rows_left)
 241              		.loc 1 104 3 is_stmt 1 view .LVU63
 242              		.loc 1 104 6 is_stmt 0 view .LVU64
 243 006c AB42     		cmp	r3, r5
 244 006e 00D3     		bcc	.L13
 245 0070 2B46     		mov	r3, r5
 246              	.LVL15:
 247              	.L13:
 105:Middlewares/Third_Party/LibJPEG/source/jcapistd.c ****     num_lines = rows_left;
 106:Middlewares/Third_Party/LibJPEG/source/jcapistd.c **** 
 107:Middlewares/Third_Party/LibJPEG/source/jcapistd.c ****   row_ctr = 0;
 248              		.loc 1 107 3 is_stmt 1 view .LVU65
 249              		.loc 1 107 11 is_stmt 0 view .LVU66
 250 0072 0022     		movs	r2, #0
 251              	.LVL16:
 252              		.loc 1 107 11 view .LVU67
 253 0074 0192     		str	r2, [sp, #4]
 108:Middlewares/Third_Party/LibJPEG/source/jcapistd.c ****   (*cinfo->main->process_data) (cinfo, scanlines, &row_ctr, num_lines);
 254              		.loc 1 108 3 is_stmt 1 view .LVU68
 255              		.loc 1 108 10 is_stmt 0 view .LVU69
 256 0076 D4F88821 		ldr	r2, [r4, #392]
 257              		.loc 1 108 4 view .LVU70
 258 007a 5568     		ldr	r5, [r2, #4]
 259 007c 01AA     		add	r2, sp, #4
 260 007e 3146     		mov	r1, r6
 261 0080 2046     		mov	r0, r4
 262 0082 A847     		blx	r5
 263              	.LVL17:
 109:Middlewares/Third_Party/LibJPEG/source/jcapistd.c ****   cinfo->next_scanline += row_ctr;
 264              		.loc 1 109 3 is_stmt 1 view .LVU71
 265              		.loc 1 109 24 is_stmt 0 view .LVU72
 266 0084 0198     		ldr	r0, [sp, #4]
 267 0086 D4F80431 		ldr	r3, [r4, #260]
 268 008a 0344     		add	r3, r3, r0
 269 008c C4F80431 		str	r3, [r4, #260]
 110:Middlewares/Third_Party/LibJPEG/source/jcapistd.c ****   return row_ctr;
 270              		.loc 1 110 3 is_stmt 1 view .LVU73
 111:Middlewares/Third_Party/LibJPEG/source/jcapistd.c **** }
 271              		.loc 1 111 1 is_stmt 0 view .LVU74
 272 0090 02B0     		add	sp, sp, #8
 273              	.LCFI3:
 274              		.cfi_def_cfa_offset 16
 275              		@ sp needed
 276 0092 70BD     		pop	{r4, r5, r6, pc}
 277              		.loc 1 111 1 view .LVU75
 278              		.cfi_endproc
 279              	.LFE8:
 281              		.section	.text.jpeg_write_raw_data,"ax",%progbits
 282              		.align	1
 283              		.global	jpeg_write_raw_data
 284              		.syntax unified
 285              		.thumb
 286              		.thumb_func
 287              		.fpu fpv4-sp-d16
 289              	jpeg_write_raw_data:
 290              	.LVL18:
 291              	.LFB9:
ARM GAS  /tmp/ccbuLoz7.s 			page 8


 112:Middlewares/Third_Party/LibJPEG/source/jcapistd.c **** 
 113:Middlewares/Third_Party/LibJPEG/source/jcapistd.c **** 
 114:Middlewares/Third_Party/LibJPEG/source/jcapistd.c **** /*
 115:Middlewares/Third_Party/LibJPEG/source/jcapistd.c ****  * Alternate entry point to write raw data.
 116:Middlewares/Third_Party/LibJPEG/source/jcapistd.c ****  * Processes exactly one iMCU row per call, unless suspended.
 117:Middlewares/Third_Party/LibJPEG/source/jcapistd.c ****  */
 118:Middlewares/Third_Party/LibJPEG/source/jcapistd.c **** 
 119:Middlewares/Third_Party/LibJPEG/source/jcapistd.c **** GLOBAL(JDIMENSION)
 120:Middlewares/Third_Party/LibJPEG/source/jcapistd.c **** jpeg_write_raw_data (j_compress_ptr cinfo, JSAMPIMAGE data,
 121:Middlewares/Third_Party/LibJPEG/source/jcapistd.c **** 		     JDIMENSION num_lines)
 122:Middlewares/Third_Party/LibJPEG/source/jcapistd.c **** {
 292              		.loc 1 122 1 is_stmt 1 view -0
 293              		.cfi_startproc
 294              		@ args = 0, pretend = 0, frame = 0
 295              		@ frame_needed = 0, uses_anonymous_args = 0
 296              		.loc 1 122 1 is_stmt 0 view .LVU77
 297 0000 F8B5     		push	{r3, r4, r5, r6, r7, lr}
 298              	.LCFI4:
 299              		.cfi_def_cfa_offset 24
 300              		.cfi_offset 3, -24
 301              		.cfi_offset 4, -20
 302              		.cfi_offset 5, -16
 303              		.cfi_offset 6, -12
 304              		.cfi_offset 7, -8
 305              		.cfi_offset 14, -4
 306 0002 0446     		mov	r4, r0
 307 0004 0F46     		mov	r7, r1
 308 0006 1646     		mov	r6, r2
 123:Middlewares/Third_Party/LibJPEG/source/jcapistd.c ****   JDIMENSION lines_per_iMCU_row;
 309              		.loc 1 123 3 is_stmt 1 view .LVU78
 124:Middlewares/Third_Party/LibJPEG/source/jcapistd.c **** 
 125:Middlewares/Third_Party/LibJPEG/source/jcapistd.c ****   if (cinfo->global_state != CSTATE_RAW_OK)
 310              		.loc 1 125 3 view .LVU79
 311              		.loc 1 125 12 is_stmt 0 view .LVU80
 312 0008 4369     		ldr	r3, [r0, #20]
 313              		.loc 1 125 6 view .LVU81
 314 000a 662B     		cmp	r3, #102
 315 000c 08D0     		beq	.L16
 126:Middlewares/Third_Party/LibJPEG/source/jcapistd.c ****     ERREXIT1(cinfo, JERR_BAD_STATE, cinfo->global_state);
 316              		.loc 1 126 5 is_stmt 1 view .LVU82
 317 000e 0368     		ldr	r3, [r0]
 318 0010 1522     		movs	r2, #21
 319              	.LVL19:
 320              		.loc 1 126 5 is_stmt 0 view .LVU83
 321 0012 5A61     		str	r2, [r3, #20]
 322 0014 0368     		ldr	r3, [r0]
 323 0016 4269     		ldr	r2, [r0, #20]
 324 0018 9A61     		str	r2, [r3, #24]
 325 001a 0368     		ldr	r3, [r0]
 326 001c 1B68     		ldr	r3, [r3]
 327 001e 9847     		blx	r3
 328              	.LVL20:
 329              	.L16:
 127:Middlewares/Third_Party/LibJPEG/source/jcapistd.c ****   if (cinfo->next_scanline >= cinfo->image_height) {
 330              		.loc 1 127 3 is_stmt 1 view .LVU84
 331              		.loc 1 127 12 is_stmt 0 view .LVU85
 332 0020 D4F80431 		ldr	r3, [r4, #260]
ARM GAS  /tmp/ccbuLoz7.s 			page 9


 333              		.loc 1 127 36 view .LVU86
 334 0024 206A     		ldr	r0, [r4, #32]
 335              		.loc 1 127 6 view .LVU87
 336 0026 8342     		cmp	r3, r0
 337 0028 2BD2     		bcs	.L24
 128:Middlewares/Third_Party/LibJPEG/source/jcapistd.c ****     WARNMS(cinfo, JWRN_TOO_MUCH_DATA);
 129:Middlewares/Third_Party/LibJPEG/source/jcapistd.c ****     return 0;
 130:Middlewares/Third_Party/LibJPEG/source/jcapistd.c ****   }
 131:Middlewares/Third_Party/LibJPEG/source/jcapistd.c **** 
 132:Middlewares/Third_Party/LibJPEG/source/jcapistd.c ****   /* Call progress monitor hook if present */
 133:Middlewares/Third_Party/LibJPEG/source/jcapistd.c ****   if (cinfo->progress != NULL) {
 338              		.loc 1 133 3 is_stmt 1 view .LVU88
 339              		.loc 1 133 12 is_stmt 0 view .LVU89
 340 002a A268     		ldr	r2, [r4, #8]
 341              		.loc 1 133 6 view .LVU90
 342 002c 3AB1     		cbz	r2, .L19
 134:Middlewares/Third_Party/LibJPEG/source/jcapistd.c ****     cinfo->progress->pass_counter = (long) cinfo->next_scanline;
 343              		.loc 1 134 5 is_stmt 1 view .LVU91
 344              		.loc 1 134 35 is_stmt 0 view .LVU92
 345 002e 5360     		str	r3, [r2, #4]
 135:Middlewares/Third_Party/LibJPEG/source/jcapistd.c ****     cinfo->progress->pass_limit = (long) cinfo->image_height;
 346              		.loc 1 135 5 is_stmt 1 view .LVU93
 347              		.loc 1 135 47 is_stmt 0 view .LVU94
 348 0030 226A     		ldr	r2, [r4, #32]
 349              		.loc 1 135 10 view .LVU95
 350 0032 A368     		ldr	r3, [r4, #8]
 351              		.loc 1 135 33 view .LVU96
 352 0034 9A60     		str	r2, [r3, #8]
 136:Middlewares/Third_Party/LibJPEG/source/jcapistd.c ****     (*cinfo->progress->progress_monitor) ((j_common_ptr) cinfo);
 353              		.loc 1 136 5 is_stmt 1 view .LVU97
 354              		.loc 1 136 12 is_stmt 0 view .LVU98
 355 0036 A368     		ldr	r3, [r4, #8]
 356              		.loc 1 136 6 view .LVU99
 357 0038 1B68     		ldr	r3, [r3]
 358 003a 2046     		mov	r0, r4
 359 003c 9847     		blx	r3
 360              	.LVL21:
 361              	.L19:
 137:Middlewares/Third_Party/LibJPEG/source/jcapistd.c ****   }
 138:Middlewares/Third_Party/LibJPEG/source/jcapistd.c **** 
 139:Middlewares/Third_Party/LibJPEG/source/jcapistd.c ****   /* Give master control module another chance if this is first call to
 140:Middlewares/Third_Party/LibJPEG/source/jcapistd.c ****    * jpeg_write_raw_data.  This lets output of the frame/scan headers be
 141:Middlewares/Third_Party/LibJPEG/source/jcapistd.c ****    * delayed so that application can write COM, etc, markers between
 142:Middlewares/Third_Party/LibJPEG/source/jcapistd.c ****    * jpeg_start_compress and jpeg_write_raw_data.
 143:Middlewares/Third_Party/LibJPEG/source/jcapistd.c ****    */
 144:Middlewares/Third_Party/LibJPEG/source/jcapistd.c ****   if (cinfo->master->call_pass_startup)
 362              		.loc 1 144 3 is_stmt 1 view .LVU100
 363              		.loc 1 144 12 is_stmt 0 view .LVU101
 364 003e D4F88431 		ldr	r3, [r4, #388]
 365              		.loc 1 144 20 view .LVU102
 366 0042 DA68     		ldr	r2, [r3, #12]
 367              		.loc 1 144 6 view .LVU103
 368 0044 12B1     		cbz	r2, .L20
 145:Middlewares/Third_Party/LibJPEG/source/jcapistd.c ****     (*cinfo->master->pass_startup) (cinfo);
 369              		.loc 1 145 5 is_stmt 1 view .LVU104
 370              		.loc 1 145 6 is_stmt 0 view .LVU105
 371 0046 5B68     		ldr	r3, [r3, #4]
ARM GAS  /tmp/ccbuLoz7.s 			page 10


 372 0048 2046     		mov	r0, r4
 373 004a 9847     		blx	r3
 374              	.LVL22:
 375              	.L20:
 146:Middlewares/Third_Party/LibJPEG/source/jcapistd.c **** 
 147:Middlewares/Third_Party/LibJPEG/source/jcapistd.c ****   /* Verify that at least one iMCU row has been passed. */
 148:Middlewares/Third_Party/LibJPEG/source/jcapistd.c ****   lines_per_iMCU_row = cinfo->max_v_samp_factor * DCTSIZE;
 376              		.loc 1 148 3 is_stmt 1 view .LVU106
 377              		.loc 1 148 29 is_stmt 0 view .LVU107
 378 004c D4F81031 		ldr	r3, [r4, #272]
 379              		.loc 1 148 49 view .LVU108
 380 0050 DD00     		lsls	r5, r3, #3
 381              	.LVL23:
 149:Middlewares/Third_Party/LibJPEG/source/jcapistd.c ****   if (num_lines < lines_per_iMCU_row)
 382              		.loc 1 149 3 is_stmt 1 view .LVU109
 383              		.loc 1 149 6 is_stmt 0 view .LVU110
 384 0052 B6EBC30F 		cmp	r6, r3, lsl #3
 385 0056 06D2     		bcs	.L21
 150:Middlewares/Third_Party/LibJPEG/source/jcapistd.c ****     ERREXIT(cinfo, JERR_BUFFER_SIZE);
 386              		.loc 1 150 5 is_stmt 1 view .LVU111
 387 0058 2368     		ldr	r3, [r4]
 388 005a 1822     		movs	r2, #24
 389 005c 5A61     		str	r2, [r3, #20]
 390 005e 2368     		ldr	r3, [r4]
 391 0060 1B68     		ldr	r3, [r3]
 392 0062 2046     		mov	r0, r4
 393 0064 9847     		blx	r3
 394              	.LVL24:
 395              	.L21:
 151:Middlewares/Third_Party/LibJPEG/source/jcapistd.c **** 
 152:Middlewares/Third_Party/LibJPEG/source/jcapistd.c ****   /* Directly compress the row. */
 153:Middlewares/Third_Party/LibJPEG/source/jcapistd.c ****   if (! (*cinfo->coef->compress_data) (cinfo, data)) {
 396              		.loc 1 153 3 view .LVU112
 397              		.loc 1 153 16 is_stmt 0 view .LVU113
 398 0066 D4F89031 		ldr	r3, [r4, #400]
 399              		.loc 1 153 10 view .LVU114
 400 006a 5B68     		ldr	r3, [r3, #4]
 401 006c 3946     		mov	r1, r7
 402 006e 2046     		mov	r0, r4
 403 0070 9847     		blx	r3
 404              	.LVL25:
 405              		.loc 1 153 6 view .LVU115
 406 0072 88B1     		cbz	r0, .L22
 154:Middlewares/Third_Party/LibJPEG/source/jcapistd.c ****     /* If compressor did not consume the whole row, suspend processing. */
 155:Middlewares/Third_Party/LibJPEG/source/jcapistd.c ****     return 0;
 156:Middlewares/Third_Party/LibJPEG/source/jcapistd.c ****   }
 157:Middlewares/Third_Party/LibJPEG/source/jcapistd.c **** 
 158:Middlewares/Third_Party/LibJPEG/source/jcapistd.c ****   /* OK, we processed one iMCU row. */
 159:Middlewares/Third_Party/LibJPEG/source/jcapistd.c ****   cinfo->next_scanline += lines_per_iMCU_row;
 407              		.loc 1 159 3 is_stmt 1 view .LVU116
 408              		.loc 1 159 24 is_stmt 0 view .LVU117
 409 0074 D4F80431 		ldr	r3, [r4, #260]
 410 0078 2B44     		add	r3, r3, r5
 411 007a C4F80431 		str	r3, [r4, #260]
 160:Middlewares/Third_Party/LibJPEG/source/jcapistd.c ****   return lines_per_iMCU_row;
 412              		.loc 1 160 3 is_stmt 1 view .LVU118
 413              	.LVL26:
ARM GAS  /tmp/ccbuLoz7.s 			page 11


 414              	.L15:
 161:Middlewares/Third_Party/LibJPEG/source/jcapistd.c **** }
 415              		.loc 1 161 1 is_stmt 0 view .LVU119
 416 007e 2846     		mov	r0, r5
 417 0080 F8BD     		pop	{r3, r4, r5, r6, r7, pc}
 418              	.LVL27:
 419              	.L24:
 128:Middlewares/Third_Party/LibJPEG/source/jcapistd.c ****     return 0;
 420              		.loc 1 128 5 is_stmt 1 view .LVU120
 421 0082 2368     		ldr	r3, [r4]
 422 0084 7E22     		movs	r2, #126
 423 0086 5A61     		str	r2, [r3, #20]
 424 0088 2368     		ldr	r3, [r4]
 425 008a 5B68     		ldr	r3, [r3, #4]
 426 008c 4FF0FF31 		mov	r1, #-1
 427 0090 2046     		mov	r0, r4
 428 0092 9847     		blx	r3
 429              	.LVL28:
 129:Middlewares/Third_Party/LibJPEG/source/jcapistd.c ****   }
 430              		.loc 1 129 5 view .LVU121
 129:Middlewares/Third_Party/LibJPEG/source/jcapistd.c ****   }
 431              		.loc 1 129 12 is_stmt 0 view .LVU122
 432 0094 0025     		movs	r5, #0
 433 0096 F2E7     		b	.L15
 434              	.LVL29:
 435              	.L22:
 155:Middlewares/Third_Party/LibJPEG/source/jcapistd.c ****   }
 436              		.loc 1 155 12 view .LVU123
 437 0098 0025     		movs	r5, #0
 438              	.LVL30:
 155:Middlewares/Third_Party/LibJPEG/source/jcapistd.c ****   }
 439              		.loc 1 155 12 view .LVU124
 440 009a F0E7     		b	.L15
 441              		.cfi_endproc
 442              	.LFE9:
 444              		.text
 445              	.Letext0:
 446              		.file 2 "/usr/lib/gcc/arm-none-eabi/10.3.1/include/stddef.h"
 447              		.file 3 "LIBJPEG/Target/jmorecfg.h"
 448              		.file 4 "Middlewares/Third_Party/LibJPEG/include/jpeglib.h"
 449              		.file 5 "Middlewares/Third_Party/LibJPEG/include/jpegint.h"
 450              		.file 6 "Middlewares/Third_Party/LibJPEG/include/jerror.h"
ARM GAS  /tmp/ccbuLoz7.s 			page 12


DEFINED SYMBOLS
                            *ABS*:0000000000000000 jcapistd.c
     /tmp/ccbuLoz7.s:18     .text.jpeg_start_compress:0000000000000000 $t
     /tmp/ccbuLoz7.s:26     .text.jpeg_start_compress:0000000000000000 jpeg_start_compress
     /tmp/ccbuLoz7.s:125    .text.jpeg_write_scanlines:0000000000000000 $t
     /tmp/ccbuLoz7.s:132    .text.jpeg_write_scanlines:0000000000000000 jpeg_write_scanlines
     /tmp/ccbuLoz7.s:282    .text.jpeg_write_raw_data:0000000000000000 $t
     /tmp/ccbuLoz7.s:289    .text.jpeg_write_raw_data:0000000000000000 jpeg_write_raw_data

UNDEFINED SYMBOLS
jinit_compress_master
jpeg_suppress_tables
