ARM GAS  /tmp/cc52qzDo.s 			page 1


   1              		.cpu cortex-m4
   2              		.eabi_attribute 27, 1
   3              		.eabi_attribute 28, 1
   4              		.eabi_attribute 20, 1
   5              		.eabi_attribute 21, 1
   6              		.eabi_attribute 23, 3
   7              		.eabi_attribute 24, 1
   8              		.eabi_attribute 25, 1
   9              		.eabi_attribute 26, 1
  10              		.eabi_attribute 30, 1
  11              		.eabi_attribute 34, 1
  12              		.eabi_attribute 18, 4
  13              		.file	"jcomapi.c"
  14              		.text
  15              	.Ltext0:
  16              		.cfi_sections	.debug_frame
  17              		.section	.text.jpeg_abort,"ax",%progbits
  18              		.align	1
  19              		.global	jpeg_abort
  20              		.arch armv7e-m
  21              		.syntax unified
  22              		.thumb
  23              		.thumb_func
  24              		.fpu fpv4-sp-d16
  26              	jpeg_abort:
  27              	.LVL0:
  28              	.LFB7:
  29              		.file 1 "Middlewares/Third_Party/LibJPEG/source/jcomapi.c"
   1:Middlewares/Third_Party/LibJPEG/source/jcomapi.c **** /*
   2:Middlewares/Third_Party/LibJPEG/source/jcomapi.c ****  * jcomapi.c
   3:Middlewares/Third_Party/LibJPEG/source/jcomapi.c ****  *
   4:Middlewares/Third_Party/LibJPEG/source/jcomapi.c ****  * Copyright (C) 1994-1997, Thomas G. Lane.
   5:Middlewares/Third_Party/LibJPEG/source/jcomapi.c ****  * This file is part of the Independent JPEG Group's software.
   6:Middlewares/Third_Party/LibJPEG/source/jcomapi.c ****  * For conditions of distribution and use, see the accompanying README file.
   7:Middlewares/Third_Party/LibJPEG/source/jcomapi.c ****  *
   8:Middlewares/Third_Party/LibJPEG/source/jcomapi.c ****  * This file contains application interface routines that are used for both
   9:Middlewares/Third_Party/LibJPEG/source/jcomapi.c ****  * compression and decompression.
  10:Middlewares/Third_Party/LibJPEG/source/jcomapi.c ****  */
  11:Middlewares/Third_Party/LibJPEG/source/jcomapi.c **** 
  12:Middlewares/Third_Party/LibJPEG/source/jcomapi.c **** #define JPEG_INTERNALS
  13:Middlewares/Third_Party/LibJPEG/source/jcomapi.c **** #include "jinclude.h"
  14:Middlewares/Third_Party/LibJPEG/source/jcomapi.c **** #include "jpeglib.h"
  15:Middlewares/Third_Party/LibJPEG/source/jcomapi.c **** 
  16:Middlewares/Third_Party/LibJPEG/source/jcomapi.c **** 
  17:Middlewares/Third_Party/LibJPEG/source/jcomapi.c **** /*
  18:Middlewares/Third_Party/LibJPEG/source/jcomapi.c ****  * Abort processing of a JPEG compression or decompression operation,
  19:Middlewares/Third_Party/LibJPEG/source/jcomapi.c ****  * but don't destroy the object itself.
  20:Middlewares/Third_Party/LibJPEG/source/jcomapi.c ****  *
  21:Middlewares/Third_Party/LibJPEG/source/jcomapi.c ****  * For this, we merely clean up all the nonpermanent memory pools.
  22:Middlewares/Third_Party/LibJPEG/source/jcomapi.c ****  * Note that temp files (virtual arrays) are not allowed to belong to
  23:Middlewares/Third_Party/LibJPEG/source/jcomapi.c ****  * the permanent pool, so we will be able to close all temp files here.
  24:Middlewares/Third_Party/LibJPEG/source/jcomapi.c ****  * Closing a data source or destination, if necessary, is the application's
  25:Middlewares/Third_Party/LibJPEG/source/jcomapi.c ****  * responsibility.
  26:Middlewares/Third_Party/LibJPEG/source/jcomapi.c ****  */
  27:Middlewares/Third_Party/LibJPEG/source/jcomapi.c **** 
  28:Middlewares/Third_Party/LibJPEG/source/jcomapi.c **** GLOBAL(void)
  29:Middlewares/Third_Party/LibJPEG/source/jcomapi.c **** jpeg_abort (j_common_ptr cinfo)
ARM GAS  /tmp/cc52qzDo.s 			page 2


  30:Middlewares/Third_Party/LibJPEG/source/jcomapi.c **** {
  30              		.loc 1 30 1 view -0
  31              		.cfi_startproc
  32              		@ args = 0, pretend = 0, frame = 0
  33              		@ frame_needed = 0, uses_anonymous_args = 0
  34              		.loc 1 30 1 is_stmt 0 view .LVU1
  35 0000 38B5     		push	{r3, r4, r5, lr}
  36              	.LCFI0:
  37              		.cfi_def_cfa_offset 16
  38              		.cfi_offset 3, -16
  39              		.cfi_offset 4, -12
  40              		.cfi_offset 5, -8
  41              		.cfi_offset 14, -4
  31:Middlewares/Third_Party/LibJPEG/source/jcomapi.c ****   int pool;
  42              		.loc 1 31 3 is_stmt 1 view .LVU2
  32:Middlewares/Third_Party/LibJPEG/source/jcomapi.c **** 
  33:Middlewares/Third_Party/LibJPEG/source/jcomapi.c ****   /* Do nothing if called on a not-initialized or destroyed JPEG object. */
  34:Middlewares/Third_Party/LibJPEG/source/jcomapi.c ****   if (cinfo->mem == NULL)
  43              		.loc 1 34 3 view .LVU3
  44              		.loc 1 34 12 is_stmt 0 view .LVU4
  45 0002 4368     		ldr	r3, [r0, #4]
  46              		.loc 1 34 6 view .LVU5
  47 0004 53B1     		cbz	r3, .L1
  48 0006 0446     		mov	r4, r0
  35:Middlewares/Third_Party/LibJPEG/source/jcomapi.c ****     return;
  36:Middlewares/Third_Party/LibJPEG/source/jcomapi.c **** 
  37:Middlewares/Third_Party/LibJPEG/source/jcomapi.c ****   /* Releasing pools in reverse order might help avoid fragmentation
  38:Middlewares/Third_Party/LibJPEG/source/jcomapi.c ****    * with some (brain-damaged) malloc libraries.
  39:Middlewares/Third_Party/LibJPEG/source/jcomapi.c ****    */
  40:Middlewares/Third_Party/LibJPEG/source/jcomapi.c ****   for (pool = JPOOL_NUMPOOLS-1; pool > JPOOL_PERMANENT; pool--) {
  49              		.loc 1 40 13 view .LVU6
  50 0008 0125     		movs	r5, #1
  51              	.LVL1:
  52              	.L3:
  53              		.loc 1 40 33 is_stmt 1 discriminator 1 view .LVU7
  54              		.loc 1 40 3 is_stmt 0 discriminator 1 view .LVU8
  55 000a 002D     		cmp	r5, #0
  56 000c 07DC     		bgt	.L4
  41:Middlewares/Third_Party/LibJPEG/source/jcomapi.c ****     (*cinfo->mem->free_pool) (cinfo, pool);
  42:Middlewares/Third_Party/LibJPEG/source/jcomapi.c ****   }
  43:Middlewares/Third_Party/LibJPEG/source/jcomapi.c **** 
  44:Middlewares/Third_Party/LibJPEG/source/jcomapi.c ****   /* Reset overall state for possible reuse of object */
  45:Middlewares/Third_Party/LibJPEG/source/jcomapi.c ****   if (cinfo->is_decompressor) {
  57              		.loc 1 45 3 is_stmt 1 view .LVU9
  58              		.loc 1 45 12 is_stmt 0 view .LVU10
  59 000e 2369     		ldr	r3, [r4, #16]
  60              		.loc 1 45 6 view .LVU11
  61 0010 63B1     		cbz	r3, .L5
  46:Middlewares/Third_Party/LibJPEG/source/jcomapi.c ****     cinfo->global_state = DSTATE_START;
  62              		.loc 1 46 5 is_stmt 1 view .LVU12
  63              		.loc 1 46 25 is_stmt 0 view .LVU13
  64 0012 C823     		movs	r3, #200
  65 0014 6361     		str	r3, [r4, #20]
  47:Middlewares/Third_Party/LibJPEG/source/jcomapi.c ****     /* Try to keep application from accessing now-deleted marker list.
  48:Middlewares/Third_Party/LibJPEG/source/jcomapi.c ****      * A bit kludgy to do it here, but this is the most central place.
  49:Middlewares/Third_Party/LibJPEG/source/jcomapi.c ****      */
  50:Middlewares/Third_Party/LibJPEG/source/jcomapi.c ****     ((j_decompress_ptr) cinfo)->marker_list = NULL;
ARM GAS  /tmp/cc52qzDo.s 			page 3


  66              		.loc 1 50 5 is_stmt 1 view .LVU14
  67              		.loc 1 50 45 is_stmt 0 view .LVU15
  68 0016 0023     		movs	r3, #0
  69 0018 C4F83431 		str	r3, [r4, #308]
  70              	.LVL2:
  71              	.L1:
  51:Middlewares/Third_Party/LibJPEG/source/jcomapi.c ****   } else {
  52:Middlewares/Third_Party/LibJPEG/source/jcomapi.c ****     cinfo->global_state = CSTATE_START;
  53:Middlewares/Third_Party/LibJPEG/source/jcomapi.c ****   }
  54:Middlewares/Third_Party/LibJPEG/source/jcomapi.c **** }
  72              		.loc 1 54 1 view .LVU16
  73 001c 38BD     		pop	{r3, r4, r5, pc}
  74              	.LVL3:
  75              	.L4:
  41:Middlewares/Third_Party/LibJPEG/source/jcomapi.c ****   }
  76              		.loc 1 41 5 is_stmt 1 discriminator 3 view .LVU17
  41:Middlewares/Third_Party/LibJPEG/source/jcomapi.c ****   }
  77              		.loc 1 41 12 is_stmt 0 discriminator 3 view .LVU18
  78 001e 6368     		ldr	r3, [r4, #4]
  41:Middlewares/Third_Party/LibJPEG/source/jcomapi.c ****   }
  79              		.loc 1 41 6 discriminator 3 view .LVU19
  80 0020 5B6A     		ldr	r3, [r3, #36]
  81 0022 2946     		mov	r1, r5
  82 0024 2046     		mov	r0, r4
  83 0026 9847     		blx	r3
  84              	.LVL4:
  40:Middlewares/Third_Party/LibJPEG/source/jcomapi.c ****     (*cinfo->mem->free_pool) (cinfo, pool);
  85              		.loc 1 40 57 is_stmt 1 discriminator 3 view .LVU20
  40:Middlewares/Third_Party/LibJPEG/source/jcomapi.c ****     (*cinfo->mem->free_pool) (cinfo, pool);
  86              		.loc 1 40 61 is_stmt 0 discriminator 3 view .LVU21
  87 0028 013D     		subs	r5, r5, #1
  88              	.LVL5:
  40:Middlewares/Third_Party/LibJPEG/source/jcomapi.c ****     (*cinfo->mem->free_pool) (cinfo, pool);
  89              		.loc 1 40 61 discriminator 3 view .LVU22
  90 002a EEE7     		b	.L3
  91              	.L5:
  52:Middlewares/Third_Party/LibJPEG/source/jcomapi.c ****   }
  92              		.loc 1 52 5 is_stmt 1 view .LVU23
  52:Middlewares/Third_Party/LibJPEG/source/jcomapi.c ****   }
  93              		.loc 1 52 25 is_stmt 0 view .LVU24
  94 002c 6423     		movs	r3, #100
  95 002e 6361     		str	r3, [r4, #20]
  96 0030 F4E7     		b	.L1
  97              		.cfi_endproc
  98              	.LFE7:
 100              		.section	.text.jpeg_destroy,"ax",%progbits
 101              		.align	1
 102              		.global	jpeg_destroy
 103              		.syntax unified
 104              		.thumb
 105              		.thumb_func
 106              		.fpu fpv4-sp-d16
 108              	jpeg_destroy:
 109              	.LVL6:
 110              	.LFB8:
  55:Middlewares/Third_Party/LibJPEG/source/jcomapi.c **** 
  56:Middlewares/Third_Party/LibJPEG/source/jcomapi.c **** 
ARM GAS  /tmp/cc52qzDo.s 			page 4


  57:Middlewares/Third_Party/LibJPEG/source/jcomapi.c **** /*
  58:Middlewares/Third_Party/LibJPEG/source/jcomapi.c ****  * Destruction of a JPEG object.
  59:Middlewares/Third_Party/LibJPEG/source/jcomapi.c ****  *
  60:Middlewares/Third_Party/LibJPEG/source/jcomapi.c ****  * Everything gets deallocated except the master jpeg_compress_struct itself
  61:Middlewares/Third_Party/LibJPEG/source/jcomapi.c ****  * and the error manager struct.  Both of these are supplied by the application
  62:Middlewares/Third_Party/LibJPEG/source/jcomapi.c ****  * and must be freed, if necessary, by the application.  (Often they are on
  63:Middlewares/Third_Party/LibJPEG/source/jcomapi.c ****  * the stack and so don't need to be freed anyway.)
  64:Middlewares/Third_Party/LibJPEG/source/jcomapi.c ****  * Closing a data source or destination, if necessary, is the application's
  65:Middlewares/Third_Party/LibJPEG/source/jcomapi.c ****  * responsibility.
  66:Middlewares/Third_Party/LibJPEG/source/jcomapi.c ****  */
  67:Middlewares/Third_Party/LibJPEG/source/jcomapi.c **** 
  68:Middlewares/Third_Party/LibJPEG/source/jcomapi.c **** GLOBAL(void)
  69:Middlewares/Third_Party/LibJPEG/source/jcomapi.c **** jpeg_destroy (j_common_ptr cinfo)
  70:Middlewares/Third_Party/LibJPEG/source/jcomapi.c **** {
 111              		.loc 1 70 1 is_stmt 1 view -0
 112              		.cfi_startproc
 113              		@ args = 0, pretend = 0, frame = 0
 114              		@ frame_needed = 0, uses_anonymous_args = 0
 115              		.loc 1 70 1 is_stmt 0 view .LVU26
 116 0000 10B5     		push	{r4, lr}
 117              	.LCFI1:
 118              		.cfi_def_cfa_offset 8
 119              		.cfi_offset 4, -8
 120              		.cfi_offset 14, -4
 121 0002 0446     		mov	r4, r0
  71:Middlewares/Third_Party/LibJPEG/source/jcomapi.c ****   /* We need only tell the memory manager to release everything. */
  72:Middlewares/Third_Party/LibJPEG/source/jcomapi.c ****   /* NB: mem pointer is NULL if memory mgr failed to initialize. */
  73:Middlewares/Third_Party/LibJPEG/source/jcomapi.c ****   if (cinfo->mem != NULL)
 122              		.loc 1 73 3 is_stmt 1 view .LVU27
 123              		.loc 1 73 12 is_stmt 0 view .LVU28
 124 0004 4368     		ldr	r3, [r0, #4]
 125              		.loc 1 73 6 view .LVU29
 126 0006 0BB1     		cbz	r3, .L8
  74:Middlewares/Third_Party/LibJPEG/source/jcomapi.c ****     (*cinfo->mem->self_destruct) (cinfo);
 127              		.loc 1 74 5 is_stmt 1 view .LVU30
 128              		.loc 1 74 6 is_stmt 0 view .LVU31
 129 0008 9B6A     		ldr	r3, [r3, #40]
 130 000a 9847     		blx	r3
 131              	.LVL7:
 132              	.L8:
  75:Middlewares/Third_Party/LibJPEG/source/jcomapi.c ****   cinfo->mem = NULL;		/* be safe if jpeg_destroy is called twice */
 133              		.loc 1 75 3 is_stmt 1 view .LVU32
 134              		.loc 1 75 14 is_stmt 0 view .LVU33
 135 000c 0023     		movs	r3, #0
 136 000e 6360     		str	r3, [r4, #4]
  76:Middlewares/Third_Party/LibJPEG/source/jcomapi.c ****   cinfo->global_state = 0;	/* mark it destroyed */
 137              		.loc 1 76 3 is_stmt 1 view .LVU34
 138              		.loc 1 76 23 is_stmt 0 view .LVU35
 139 0010 6361     		str	r3, [r4, #20]
  77:Middlewares/Third_Party/LibJPEG/source/jcomapi.c **** }
 140              		.loc 1 77 1 view .LVU36
 141 0012 10BD     		pop	{r4, pc}
 142              		.loc 1 77 1 view .LVU37
 143              		.cfi_endproc
 144              	.LFE8:
 146              		.section	.text.jpeg_alloc_quant_table,"ax",%progbits
 147              		.align	1
ARM GAS  /tmp/cc52qzDo.s 			page 5


 148              		.global	jpeg_alloc_quant_table
 149              		.syntax unified
 150              		.thumb
 151              		.thumb_func
 152              		.fpu fpv4-sp-d16
 154              	jpeg_alloc_quant_table:
 155              	.LVL8:
 156              	.LFB9:
  78:Middlewares/Third_Party/LibJPEG/source/jcomapi.c **** 
  79:Middlewares/Third_Party/LibJPEG/source/jcomapi.c **** 
  80:Middlewares/Third_Party/LibJPEG/source/jcomapi.c **** /*
  81:Middlewares/Third_Party/LibJPEG/source/jcomapi.c ****  * Convenience routines for allocating quantization and Huffman tables.
  82:Middlewares/Third_Party/LibJPEG/source/jcomapi.c ****  * (Would jutils.c be a more reasonable place to put these?)
  83:Middlewares/Third_Party/LibJPEG/source/jcomapi.c ****  */
  84:Middlewares/Third_Party/LibJPEG/source/jcomapi.c **** 
  85:Middlewares/Third_Party/LibJPEG/source/jcomapi.c **** GLOBAL(JQUANT_TBL *)
  86:Middlewares/Third_Party/LibJPEG/source/jcomapi.c **** jpeg_alloc_quant_table (j_common_ptr cinfo)
  87:Middlewares/Third_Party/LibJPEG/source/jcomapi.c **** {
 157              		.loc 1 87 1 is_stmt 1 view -0
 158              		.cfi_startproc
 159              		@ args = 0, pretend = 0, frame = 0
 160              		@ frame_needed = 0, uses_anonymous_args = 0
 161              		.loc 1 87 1 is_stmt 0 view .LVU39
 162 0000 08B5     		push	{r3, lr}
 163              	.LCFI2:
 164              		.cfi_def_cfa_offset 8
 165              		.cfi_offset 3, -8
 166              		.cfi_offset 14, -4
  88:Middlewares/Third_Party/LibJPEG/source/jcomapi.c ****   JQUANT_TBL *tbl;
 167              		.loc 1 88 3 is_stmt 1 view .LVU40
  89:Middlewares/Third_Party/LibJPEG/source/jcomapi.c **** 
  90:Middlewares/Third_Party/LibJPEG/source/jcomapi.c ****   tbl = (JQUANT_TBL *)
 168              		.loc 1 90 3 view .LVU41
  91:Middlewares/Third_Party/LibJPEG/source/jcomapi.c ****     (*cinfo->mem->alloc_small) (cinfo, JPOOL_PERMANENT, SIZEOF(JQUANT_TBL));
 169              		.loc 1 91 12 is_stmt 0 view .LVU42
 170 0002 4368     		ldr	r3, [r0, #4]
 171              		.loc 1 91 6 view .LVU43
 172 0004 1B68     		ldr	r3, [r3]
 173 0006 8422     		movs	r2, #132
 174 0008 0021     		movs	r1, #0
 175 000a 9847     		blx	r3
 176              	.LVL9:
  92:Middlewares/Third_Party/LibJPEG/source/jcomapi.c ****   tbl->sent_table = FALSE;	/* make sure this is false in any new table */
 177              		.loc 1 92 3 is_stmt 1 view .LVU44
 178              		.loc 1 92 19 is_stmt 0 view .LVU45
 179 000c 0022     		movs	r2, #0
 180 000e C0F88020 		str	r2, [r0, #128]
  93:Middlewares/Third_Party/LibJPEG/source/jcomapi.c ****   return tbl;
 181              		.loc 1 93 3 is_stmt 1 view .LVU46
  94:Middlewares/Third_Party/LibJPEG/source/jcomapi.c **** }
 182              		.loc 1 94 1 is_stmt 0 view .LVU47
 183 0012 08BD     		pop	{r3, pc}
 184              		.cfi_endproc
 185              	.LFE9:
 187              		.section	.text.jpeg_alloc_huff_table,"ax",%progbits
 188              		.align	1
 189              		.global	jpeg_alloc_huff_table
ARM GAS  /tmp/cc52qzDo.s 			page 6


 190              		.syntax unified
 191              		.thumb
 192              		.thumb_func
 193              		.fpu fpv4-sp-d16
 195              	jpeg_alloc_huff_table:
 196              	.LVL10:
 197              	.LFB10:
  95:Middlewares/Third_Party/LibJPEG/source/jcomapi.c **** 
  96:Middlewares/Third_Party/LibJPEG/source/jcomapi.c **** 
  97:Middlewares/Third_Party/LibJPEG/source/jcomapi.c **** GLOBAL(JHUFF_TBL *)
  98:Middlewares/Third_Party/LibJPEG/source/jcomapi.c **** jpeg_alloc_huff_table (j_common_ptr cinfo)
  99:Middlewares/Third_Party/LibJPEG/source/jcomapi.c **** {
 198              		.loc 1 99 1 is_stmt 1 view -0
 199              		.cfi_startproc
 200              		@ args = 0, pretend = 0, frame = 0
 201              		@ frame_needed = 0, uses_anonymous_args = 0
 202              		.loc 1 99 1 is_stmt 0 view .LVU49
 203 0000 08B5     		push	{r3, lr}
 204              	.LCFI3:
 205              		.cfi_def_cfa_offset 8
 206              		.cfi_offset 3, -8
 207              		.cfi_offset 14, -4
 100:Middlewares/Third_Party/LibJPEG/source/jcomapi.c ****   JHUFF_TBL *tbl;
 208              		.loc 1 100 3 is_stmt 1 view .LVU50
 101:Middlewares/Third_Party/LibJPEG/source/jcomapi.c **** 
 102:Middlewares/Third_Party/LibJPEG/source/jcomapi.c ****   tbl = (JHUFF_TBL *)
 209              		.loc 1 102 3 view .LVU51
 103:Middlewares/Third_Party/LibJPEG/source/jcomapi.c ****     (*cinfo->mem->alloc_small) (cinfo, JPOOL_PERMANENT, SIZEOF(JHUFF_TBL));
 210              		.loc 1 103 12 is_stmt 0 view .LVU52
 211 0002 4368     		ldr	r3, [r0, #4]
 212              		.loc 1 103 6 view .LVU53
 213 0004 1B68     		ldr	r3, [r3]
 214 0006 4FF48C72 		mov	r2, #280
 215 000a 0021     		movs	r1, #0
 216 000c 9847     		blx	r3
 217              	.LVL11:
 104:Middlewares/Third_Party/LibJPEG/source/jcomapi.c ****   tbl->sent_table = FALSE;	/* make sure this is false in any new table */
 218              		.loc 1 104 3 is_stmt 1 view .LVU54
 219              		.loc 1 104 19 is_stmt 0 view .LVU55
 220 000e 0022     		movs	r2, #0
 221 0010 C0F81421 		str	r2, [r0, #276]
 105:Middlewares/Third_Party/LibJPEG/source/jcomapi.c ****   return tbl;
 222              		.loc 1 105 3 is_stmt 1 view .LVU56
 106:Middlewares/Third_Party/LibJPEG/source/jcomapi.c **** }
 223              		.loc 1 106 1 is_stmt 0 view .LVU57
 224 0014 08BD     		pop	{r3, pc}
 225              		.cfi_endproc
 226              	.LFE10:
 228              		.text
 229              	.Letext0:
 230              		.file 2 "/usr/lib/gcc/arm-none-eabi/10.3.1/include/stddef.h"
 231              		.file 3 "LIBJPEG/Target/jmorecfg.h"
 232              		.file 4 "Middlewares/Third_Party/LibJPEG/include/jpeglib.h"
 233              		.file 5 "Middlewares/Third_Party/LibJPEG/include/jpegint.h"
ARM GAS  /tmp/cc52qzDo.s 			page 7


DEFINED SYMBOLS
                            *ABS*:0000000000000000 jcomapi.c
     /tmp/cc52qzDo.s:18     .text.jpeg_abort:0000000000000000 $t
     /tmp/cc52qzDo.s:26     .text.jpeg_abort:0000000000000000 jpeg_abort
     /tmp/cc52qzDo.s:101    .text.jpeg_destroy:0000000000000000 $t
     /tmp/cc52qzDo.s:108    .text.jpeg_destroy:0000000000000000 jpeg_destroy
     /tmp/cc52qzDo.s:147    .text.jpeg_alloc_quant_table:0000000000000000 $t
     /tmp/cc52qzDo.s:154    .text.jpeg_alloc_quant_table:0000000000000000 jpeg_alloc_quant_table
     /tmp/cc52qzDo.s:188    .text.jpeg_alloc_huff_table:0000000000000000 $t
     /tmp/cc52qzDo.s:195    .text.jpeg_alloc_huff_table:0000000000000000 jpeg_alloc_huff_table

NO UNDEFINED SYMBOLS
