ARM GAS  /tmp/ccAKN6S6.s 			page 1


   1              		.cpu cortex-m4
   2              		.eabi_attribute 27, 1
   3              		.eabi_attribute 28, 1
   4              		.eabi_attribute 20, 1
   5              		.eabi_attribute 21, 1
   6              		.eabi_attribute 23, 3
   7              		.eabi_attribute 24, 1
   8              		.eabi_attribute 25, 1
   9              		.eabi_attribute 26, 1
  10              		.eabi_attribute 30, 1
  11              		.eabi_attribute 34, 1
  12              		.eabi_attribute 18, 4
  13              		.file	"jdatasrc.c"
  14              		.text
  15              	.Ltext0:
  16              		.cfi_sections	.debug_frame
  17              		.section	.text.init_source,"ax",%progbits
  18              		.align	1
  19              		.arch armv7e-m
  20              		.syntax unified
  21              		.thumb
  22              		.thumb_func
  23              		.fpu fpv4-sp-d16
  25              	init_source:
  26              	.LVL0:
  27              	.LFB7:
  28              		.file 1 "Middlewares/Third_Party/LibJPEG/source/jdatasrc.c"
   1:Middlewares/Third_Party/LibJPEG/source/jdatasrc.c **** /*
   2:Middlewares/Third_Party/LibJPEG/source/jdatasrc.c ****  * jdatasrc.c
   3:Middlewares/Third_Party/LibJPEG/source/jdatasrc.c ****  *
   4:Middlewares/Third_Party/LibJPEG/source/jdatasrc.c ****  * Copyright (C) 1994-1996, Thomas G. Lane.
   5:Middlewares/Third_Party/LibJPEG/source/jdatasrc.c ****  * Modified 2009-2011 by Guido Vollbeding.
   6:Middlewares/Third_Party/LibJPEG/source/jdatasrc.c ****  * This file is part of the Independent JPEG Group's software.
   7:Middlewares/Third_Party/LibJPEG/source/jdatasrc.c ****  * For conditions of distribution and use, see the accompanying README file.
   8:Middlewares/Third_Party/LibJPEG/source/jdatasrc.c ****  *
   9:Middlewares/Third_Party/LibJPEG/source/jdatasrc.c ****  * This file contains decompression data source routines for the case of
  10:Middlewares/Third_Party/LibJPEG/source/jdatasrc.c ****  * reading JPEG data from memory or from a file (or any stdio stream).
  11:Middlewares/Third_Party/LibJPEG/source/jdatasrc.c ****  * While these routines are sufficient for most applications,
  12:Middlewares/Third_Party/LibJPEG/source/jdatasrc.c ****  * some will want to use a different source manager.
  13:Middlewares/Third_Party/LibJPEG/source/jdatasrc.c ****  * IMPORTANT: we assume that fread() will correctly transcribe an array of
  14:Middlewares/Third_Party/LibJPEG/source/jdatasrc.c ****  * JOCTETs from 8-bit-wide elements on external storage.  If char is wider
  15:Middlewares/Third_Party/LibJPEG/source/jdatasrc.c ****  * than 8 bits on your machine, you may need to do some tweaking.
  16:Middlewares/Third_Party/LibJPEG/source/jdatasrc.c ****  */
  17:Middlewares/Third_Party/LibJPEG/source/jdatasrc.c **** 
  18:Middlewares/Third_Party/LibJPEG/source/jdatasrc.c **** /* this is not a core library module, so it doesn't define JPEG_INTERNALS */
  19:Middlewares/Third_Party/LibJPEG/source/jdatasrc.c **** #include "jinclude.h"
  20:Middlewares/Third_Party/LibJPEG/source/jdatasrc.c **** #include "jpeglib.h"
  21:Middlewares/Third_Party/LibJPEG/source/jdatasrc.c **** #include "jerror.h"
  22:Middlewares/Third_Party/LibJPEG/source/jdatasrc.c **** 
  23:Middlewares/Third_Party/LibJPEG/source/jdatasrc.c **** 
  24:Middlewares/Third_Party/LibJPEG/source/jdatasrc.c **** /* Expanded data source object for stdio input */
  25:Middlewares/Third_Party/LibJPEG/source/jdatasrc.c **** #ifdef JFILE 
  26:Middlewares/Third_Party/LibJPEG/source/jdatasrc.c **** typedef struct {
  27:Middlewares/Third_Party/LibJPEG/source/jdatasrc.c ****   struct jpeg_source_mgr pub;	/* public fields */
  28:Middlewares/Third_Party/LibJPEG/source/jdatasrc.c **** 
  29:Middlewares/Third_Party/LibJPEG/source/jdatasrc.c ****   JFILE * infile;		/* source stream */
  30:Middlewares/Third_Party/LibJPEG/source/jdatasrc.c ****   JOCTET * buffer;		/* start of buffer */
ARM GAS  /tmp/ccAKN6S6.s 			page 2


  31:Middlewares/Third_Party/LibJPEG/source/jdatasrc.c ****   boolean start_of_file;	/* have we gotten any data yet? */
  32:Middlewares/Third_Party/LibJPEG/source/jdatasrc.c **** } my_source_mgr;
  33:Middlewares/Third_Party/LibJPEG/source/jdatasrc.c **** 
  34:Middlewares/Third_Party/LibJPEG/source/jdatasrc.c **** typedef my_source_mgr * my_src_ptr;
  35:Middlewares/Third_Party/LibJPEG/source/jdatasrc.c **** #endif /* 0 */
  36:Middlewares/Third_Party/LibJPEG/source/jdatasrc.c **** 
  37:Middlewares/Third_Party/LibJPEG/source/jdatasrc.c **** #define INPUT_BUF_SIZE  4096	/* choose an efficiently fread'able size */
  38:Middlewares/Third_Party/LibJPEG/source/jdatasrc.c **** 
  39:Middlewares/Third_Party/LibJPEG/source/jdatasrc.c **** 
  40:Middlewares/Third_Party/LibJPEG/source/jdatasrc.c **** /*
  41:Middlewares/Third_Party/LibJPEG/source/jdatasrc.c ****  * Initialize source --- called by jpeg_read_header
  42:Middlewares/Third_Party/LibJPEG/source/jdatasrc.c ****  * before any data is actually read.
  43:Middlewares/Third_Party/LibJPEG/source/jdatasrc.c ****  */
  44:Middlewares/Third_Party/LibJPEG/source/jdatasrc.c **** #ifdef JFILE 
  45:Middlewares/Third_Party/LibJPEG/source/jdatasrc.c **** METHODDEF(void)
  46:Middlewares/Third_Party/LibJPEG/source/jdatasrc.c **** init_source (j_decompress_ptr cinfo)
  47:Middlewares/Third_Party/LibJPEG/source/jdatasrc.c **** {
  29              		.loc 1 47 1 view -0
  30              		.cfi_startproc
  31              		@ args = 0, pretend = 0, frame = 0
  32              		@ frame_needed = 0, uses_anonymous_args = 0
  33              		@ link register save eliminated.
  48:Middlewares/Third_Party/LibJPEG/source/jdatasrc.c ****   my_src_ptr src = (my_src_ptr) cinfo->src;
  34              		.loc 1 48 3 view .LVU1
  35              		.loc 1 48 14 is_stmt 0 view .LVU2
  36 0000 8369     		ldr	r3, [r0, #24]
  37              	.LVL1:
  49:Middlewares/Third_Party/LibJPEG/source/jdatasrc.c **** 
  50:Middlewares/Third_Party/LibJPEG/source/jdatasrc.c ****   /* We reset the empty-input-file flag for each image,
  51:Middlewares/Third_Party/LibJPEG/source/jdatasrc.c ****    * but we don't clear the input buffer.
  52:Middlewares/Third_Party/LibJPEG/source/jdatasrc.c ****    * This is correct behavior for reading a series of images from one source.
  53:Middlewares/Third_Party/LibJPEG/source/jdatasrc.c ****    */
  54:Middlewares/Third_Party/LibJPEG/source/jdatasrc.c ****   src->start_of_file = TRUE;
  38              		.loc 1 54 3 is_stmt 1 view .LVU3
  39              		.loc 1 54 22 is_stmt 0 view .LVU4
  40 0002 0122     		movs	r2, #1
  41 0004 5A62     		str	r2, [r3, #36]
  55:Middlewares/Third_Party/LibJPEG/source/jdatasrc.c **** }
  42              		.loc 1 55 1 view .LVU5
  43 0006 7047     		bx	lr
  44              		.cfi_endproc
  45              	.LFE7:
  47              		.section	.text.init_mem_source,"ax",%progbits
  48              		.align	1
  49              		.syntax unified
  50              		.thumb
  51              		.thumb_func
  52              		.fpu fpv4-sp-d16
  54              	init_mem_source:
  55              	.LVL2:
  56              	.LFB8:
  56:Middlewares/Third_Party/LibJPEG/source/jdatasrc.c **** #endif /* 0 */
  57:Middlewares/Third_Party/LibJPEG/source/jdatasrc.c **** 
  58:Middlewares/Third_Party/LibJPEG/source/jdatasrc.c **** METHODDEF(void)
  59:Middlewares/Third_Party/LibJPEG/source/jdatasrc.c **** init_mem_source (j_decompress_ptr cinfo)
  60:Middlewares/Third_Party/LibJPEG/source/jdatasrc.c **** {
  57              		.loc 1 60 1 is_stmt 1 view -0
ARM GAS  /tmp/ccAKN6S6.s 			page 3


  58              		.cfi_startproc
  59              		@ args = 0, pretend = 0, frame = 0
  60              		@ frame_needed = 0, uses_anonymous_args = 0
  61              		@ link register save eliminated.
  61:Middlewares/Third_Party/LibJPEG/source/jdatasrc.c ****   /* no work necessary here */
  62:Middlewares/Third_Party/LibJPEG/source/jdatasrc.c **** }
  62              		.loc 1 62 1 view .LVU7
  63 0000 7047     		bx	lr
  64              		.cfi_endproc
  65              	.LFE8:
  67              		.section	.text.fill_mem_input_buffer,"ax",%progbits
  68              		.align	1
  69              		.syntax unified
  70              		.thumb
  71              		.thumb_func
  72              		.fpu fpv4-sp-d16
  74              	fill_mem_input_buffer:
  75              	.LVL3:
  76              	.LFB10:
  63:Middlewares/Third_Party/LibJPEG/source/jdatasrc.c **** 
  64:Middlewares/Third_Party/LibJPEG/source/jdatasrc.c **** 
  65:Middlewares/Third_Party/LibJPEG/source/jdatasrc.c **** /*
  66:Middlewares/Third_Party/LibJPEG/source/jdatasrc.c ****  * Fill the input buffer --- called whenever buffer is emptied.
  67:Middlewares/Third_Party/LibJPEG/source/jdatasrc.c ****  *
  68:Middlewares/Third_Party/LibJPEG/source/jdatasrc.c ****  * In typical applications, this should read fresh data into the buffer
  69:Middlewares/Third_Party/LibJPEG/source/jdatasrc.c ****  * (ignoring the current state of next_input_byte & bytes_in_buffer),
  70:Middlewares/Third_Party/LibJPEG/source/jdatasrc.c ****  * reset the pointer & count to the start of the buffer, and return TRUE
  71:Middlewares/Third_Party/LibJPEG/source/jdatasrc.c ****  * indicating that the buffer has been reloaded.  It is not necessary to
  72:Middlewares/Third_Party/LibJPEG/source/jdatasrc.c ****  * fill the buffer entirely, only to obtain at least one more byte.
  73:Middlewares/Third_Party/LibJPEG/source/jdatasrc.c ****  *
  74:Middlewares/Third_Party/LibJPEG/source/jdatasrc.c ****  * There is no such thing as an EOF return.  If the end of the file has been
  75:Middlewares/Third_Party/LibJPEG/source/jdatasrc.c ****  * reached, the routine has a choice of ERREXIT() or inserting fake data into
  76:Middlewares/Third_Party/LibJPEG/source/jdatasrc.c ****  * the buffer.  In most cases, generating a warning message and inserting a
  77:Middlewares/Third_Party/LibJPEG/source/jdatasrc.c ****  * fake EOI marker is the best course of action --- this will allow the
  78:Middlewares/Third_Party/LibJPEG/source/jdatasrc.c ****  * decompressor to output however much of the image is there.  However,
  79:Middlewares/Third_Party/LibJPEG/source/jdatasrc.c ****  * the resulting error message is misleading if the real problem is an empty
  80:Middlewares/Third_Party/LibJPEG/source/jdatasrc.c ****  * input file, so we handle that case specially.
  81:Middlewares/Third_Party/LibJPEG/source/jdatasrc.c ****  *
  82:Middlewares/Third_Party/LibJPEG/source/jdatasrc.c ****  * In applications that need to be able to suspend compression due to input
  83:Middlewares/Third_Party/LibJPEG/source/jdatasrc.c ****  * not being available yet, a FALSE return indicates that no more data can be
  84:Middlewares/Third_Party/LibJPEG/source/jdatasrc.c ****  * obtained right now, but more may be forthcoming later.  In this situation,
  85:Middlewares/Third_Party/LibJPEG/source/jdatasrc.c ****  * the decompressor will return to its caller (with an indication of the
  86:Middlewares/Third_Party/LibJPEG/source/jdatasrc.c ****  * number of scanlines it has read, if any).  The application should resume
  87:Middlewares/Third_Party/LibJPEG/source/jdatasrc.c ****  * decompression after it has loaded more data into the input buffer.  Note
  88:Middlewares/Third_Party/LibJPEG/source/jdatasrc.c ****  * that there are substantial restrictions on the use of suspension --- see
  89:Middlewares/Third_Party/LibJPEG/source/jdatasrc.c ****  * the documentation.
  90:Middlewares/Third_Party/LibJPEG/source/jdatasrc.c ****  *
  91:Middlewares/Third_Party/LibJPEG/source/jdatasrc.c ****  * When suspending, the decompressor will back up to a convenient restart point
  92:Middlewares/Third_Party/LibJPEG/source/jdatasrc.c ****  * (typically the start of the current MCU). next_input_byte & bytes_in_buffer
  93:Middlewares/Third_Party/LibJPEG/source/jdatasrc.c ****  * indicate where the restart point will be if the current call returns FALSE.
  94:Middlewares/Third_Party/LibJPEG/source/jdatasrc.c ****  * Data beyond this point must be rescanned after resumption, so move it to
  95:Middlewares/Third_Party/LibJPEG/source/jdatasrc.c ****  * the front of the buffer rather than discarding it.
  96:Middlewares/Third_Party/LibJPEG/source/jdatasrc.c ****  */
  97:Middlewares/Third_Party/LibJPEG/source/jdatasrc.c **** #ifdef JFILE 
  98:Middlewares/Third_Party/LibJPEG/source/jdatasrc.c **** METHODDEF(boolean)
  99:Middlewares/Third_Party/LibJPEG/source/jdatasrc.c **** fill_input_buffer (j_decompress_ptr cinfo)
 100:Middlewares/Third_Party/LibJPEG/source/jdatasrc.c **** {
ARM GAS  /tmp/ccAKN6S6.s 			page 4


 101:Middlewares/Third_Party/LibJPEG/source/jdatasrc.c ****   my_src_ptr src = (my_src_ptr) cinfo->src;
 102:Middlewares/Third_Party/LibJPEG/source/jdatasrc.c ****   size_t nbytes;
 103:Middlewares/Third_Party/LibJPEG/source/jdatasrc.c **** 
 104:Middlewares/Third_Party/LibJPEG/source/jdatasrc.c ****   nbytes = JFREAD(src->infile, src->buffer, INPUT_BUF_SIZE);
 105:Middlewares/Third_Party/LibJPEG/source/jdatasrc.c ****   
 106:Middlewares/Third_Party/LibJPEG/source/jdatasrc.c ****   if (nbytes <= 0) {
 107:Middlewares/Third_Party/LibJPEG/source/jdatasrc.c ****     if (src->start_of_file)	/* Treat empty input file as fatal error */
 108:Middlewares/Third_Party/LibJPEG/source/jdatasrc.c ****       ERREXIT(cinfo, JERR_INPUT_EMPTY);
 109:Middlewares/Third_Party/LibJPEG/source/jdatasrc.c ****     WARNMS(cinfo, JWRN_JPEG_EOF);
 110:Middlewares/Third_Party/LibJPEG/source/jdatasrc.c ****     /* Insert a fake EOI marker */
 111:Middlewares/Third_Party/LibJPEG/source/jdatasrc.c ****     src->buffer[0] = (JOCTET) 0xFF;
 112:Middlewares/Third_Party/LibJPEG/source/jdatasrc.c ****     src->buffer[1] = (JOCTET) JPEG_EOI;
 113:Middlewares/Third_Party/LibJPEG/source/jdatasrc.c ****     nbytes = 2;
 114:Middlewares/Third_Party/LibJPEG/source/jdatasrc.c ****   }
 115:Middlewares/Third_Party/LibJPEG/source/jdatasrc.c **** 
 116:Middlewares/Third_Party/LibJPEG/source/jdatasrc.c ****   src->pub.next_input_byte = src->buffer;
 117:Middlewares/Third_Party/LibJPEG/source/jdatasrc.c ****   src->pub.bytes_in_buffer = nbytes;
 118:Middlewares/Third_Party/LibJPEG/source/jdatasrc.c ****   src->start_of_file = FALSE;
 119:Middlewares/Third_Party/LibJPEG/source/jdatasrc.c **** 
 120:Middlewares/Third_Party/LibJPEG/source/jdatasrc.c ****   return TRUE;
 121:Middlewares/Third_Party/LibJPEG/source/jdatasrc.c **** }
 122:Middlewares/Third_Party/LibJPEG/source/jdatasrc.c **** #endif /* JFILE */
 123:Middlewares/Third_Party/LibJPEG/source/jdatasrc.c **** 
 124:Middlewares/Third_Party/LibJPEG/source/jdatasrc.c **** METHODDEF(boolean)
 125:Middlewares/Third_Party/LibJPEG/source/jdatasrc.c **** fill_mem_input_buffer (j_decompress_ptr cinfo)
 126:Middlewares/Third_Party/LibJPEG/source/jdatasrc.c **** {
  77              		.loc 1 126 1 view -0
  78              		.cfi_startproc
  79              		@ args = 0, pretend = 0, frame = 0
  80              		@ frame_needed = 0, uses_anonymous_args = 0
  81              		.loc 1 126 1 is_stmt 0 view .LVU9
  82 0000 10B5     		push	{r4, lr}
  83              	.LCFI0:
  84              		.cfi_def_cfa_offset 8
  85              		.cfi_offset 4, -8
  86              		.cfi_offset 14, -4
  87 0002 0446     		mov	r4, r0
 127:Middlewares/Third_Party/LibJPEG/source/jdatasrc.c ****   static const JOCTET mybuffer[4] = {
  88              		.loc 1 127 3 is_stmt 1 view .LVU10
 128:Middlewares/Third_Party/LibJPEG/source/jdatasrc.c ****     (JOCTET) 0xFF, (JOCTET) JPEG_EOI, 0, 0
 129:Middlewares/Third_Party/LibJPEG/source/jdatasrc.c ****   };
 130:Middlewares/Third_Party/LibJPEG/source/jdatasrc.c **** 
 131:Middlewares/Third_Party/LibJPEG/source/jdatasrc.c ****   /* The whole JPEG data is expected to reside in the supplied memory
 132:Middlewares/Third_Party/LibJPEG/source/jdatasrc.c ****    * buffer, so any request for more data beyond the given buffer size
 133:Middlewares/Third_Party/LibJPEG/source/jdatasrc.c ****    * is treated as an error.
 134:Middlewares/Third_Party/LibJPEG/source/jdatasrc.c ****    */
 135:Middlewares/Third_Party/LibJPEG/source/jdatasrc.c ****   WARNMS(cinfo, JWRN_JPEG_EOF);
  89              		.loc 1 135 3 view .LVU11
  90 0004 0368     		ldr	r3, [r0]
  91 0006 7B22     		movs	r2, #123
  92 0008 5A61     		str	r2, [r3, #20]
  93 000a 0368     		ldr	r3, [r0]
  94 000c 5B68     		ldr	r3, [r3, #4]
  95 000e 4FF0FF31 		mov	r1, #-1
  96 0012 9847     		blx	r3
  97              	.LVL4:
 136:Middlewares/Third_Party/LibJPEG/source/jdatasrc.c **** 
ARM GAS  /tmp/ccAKN6S6.s 			page 5


 137:Middlewares/Third_Party/LibJPEG/source/jdatasrc.c ****   /* Insert a fake EOI marker */
 138:Middlewares/Third_Party/LibJPEG/source/jdatasrc.c **** 
 139:Middlewares/Third_Party/LibJPEG/source/jdatasrc.c ****   cinfo->src->next_input_byte = mybuffer;
  98              		.loc 1 139 3 view .LVU12
  99              		.loc 1 139 8 is_stmt 0 view .LVU13
 100 0014 A369     		ldr	r3, [r4, #24]
 101              		.loc 1 139 31 view .LVU14
 102 0016 034A     		ldr	r2, .L5
 103 0018 1A60     		str	r2, [r3]
 140:Middlewares/Third_Party/LibJPEG/source/jdatasrc.c ****   cinfo->src->bytes_in_buffer = 2;
 104              		.loc 1 140 3 is_stmt 1 view .LVU15
 105              		.loc 1 140 8 is_stmt 0 view .LVU16
 106 001a A369     		ldr	r3, [r4, #24]
 107              		.loc 1 140 31 view .LVU17
 108 001c 0222     		movs	r2, #2
 109 001e 5A60     		str	r2, [r3, #4]
 141:Middlewares/Third_Party/LibJPEG/source/jdatasrc.c **** 
 142:Middlewares/Third_Party/LibJPEG/source/jdatasrc.c ****   return TRUE;
 110              		.loc 1 142 3 is_stmt 1 view .LVU18
 143:Middlewares/Third_Party/LibJPEG/source/jdatasrc.c **** }
 111              		.loc 1 143 1 is_stmt 0 view .LVU19
 112 0020 0120     		movs	r0, #1
 113 0022 10BD     		pop	{r4, pc}
 114              	.LVL5:
 115              	.L6:
 116              		.loc 1 143 1 view .LVU20
 117              		.align	2
 118              	.L5:
 119 0024 00000000 		.word	.LANCHOR0
 120              		.cfi_endproc
 121              	.LFE10:
 123              		.section	.text.skip_input_data,"ax",%progbits
 124              		.align	1
 125              		.syntax unified
 126              		.thumb
 127              		.thumb_func
 128              		.fpu fpv4-sp-d16
 130              	skip_input_data:
 131              	.LVL6:
 132              	.LFB11:
 144:Middlewares/Third_Party/LibJPEG/source/jdatasrc.c **** 
 145:Middlewares/Third_Party/LibJPEG/source/jdatasrc.c **** 
 146:Middlewares/Third_Party/LibJPEG/source/jdatasrc.c **** /*
 147:Middlewares/Third_Party/LibJPEG/source/jdatasrc.c ****  * Skip data --- used to skip over a potentially large amount of
 148:Middlewares/Third_Party/LibJPEG/source/jdatasrc.c ****  * uninteresting data (such as an APPn marker).
 149:Middlewares/Third_Party/LibJPEG/source/jdatasrc.c ****  *
 150:Middlewares/Third_Party/LibJPEG/source/jdatasrc.c ****  * Writers of suspendable-input applications must note that skip_input_data
 151:Middlewares/Third_Party/LibJPEG/source/jdatasrc.c ****  * is not granted the right to give a suspension return.  If the skip extends
 152:Middlewares/Third_Party/LibJPEG/source/jdatasrc.c ****  * beyond the data currently in the buffer, the buffer can be marked empty so
 153:Middlewares/Third_Party/LibJPEG/source/jdatasrc.c ****  * that the next read will cause a fill_input_buffer call that can suspend.
 154:Middlewares/Third_Party/LibJPEG/source/jdatasrc.c ****  * Arranging for additional bytes to be discarded before reloading the input
 155:Middlewares/Third_Party/LibJPEG/source/jdatasrc.c ****  * buffer is the application writer's problem.
 156:Middlewares/Third_Party/LibJPEG/source/jdatasrc.c ****  */
 157:Middlewares/Third_Party/LibJPEG/source/jdatasrc.c **** 
 158:Middlewares/Third_Party/LibJPEG/source/jdatasrc.c **** METHODDEF(void)
 159:Middlewares/Third_Party/LibJPEG/source/jdatasrc.c **** skip_input_data (j_decompress_ptr cinfo, long num_bytes)
 160:Middlewares/Third_Party/LibJPEG/source/jdatasrc.c **** {
ARM GAS  /tmp/ccAKN6S6.s 			page 6


 133              		.loc 1 160 1 is_stmt 1 view -0
 134              		.cfi_startproc
 135              		@ args = 0, pretend = 0, frame = 0
 136              		@ frame_needed = 0, uses_anonymous_args = 0
 137              		.loc 1 160 1 is_stmt 0 view .LVU22
 138 0000 70B5     		push	{r4, r5, r6, lr}
 139              	.LCFI1:
 140              		.cfi_def_cfa_offset 16
 141              		.cfi_offset 4, -16
 142              		.cfi_offset 5, -12
 143              		.cfi_offset 6, -8
 144              		.cfi_offset 14, -4
 145 0002 0646     		mov	r6, r0
 161:Middlewares/Third_Party/LibJPEG/source/jdatasrc.c ****   struct jpeg_source_mgr * src = cinfo->src;
 146              		.loc 1 161 3 is_stmt 1 view .LVU23
 147              		.loc 1 161 28 is_stmt 0 view .LVU24
 148 0004 8569     		ldr	r5, [r0, #24]
 149              	.LVL7:
 162:Middlewares/Third_Party/LibJPEG/source/jdatasrc.c **** 
 163:Middlewares/Third_Party/LibJPEG/source/jdatasrc.c ****   /* Just a dumb implementation for now.  Could use fseek() except
 164:Middlewares/Third_Party/LibJPEG/source/jdatasrc.c ****    * it doesn't work on pipes.  Not clear that being smart is worth
 165:Middlewares/Third_Party/LibJPEG/source/jdatasrc.c ****    * any trouble anyway --- large skips are infrequent.
 166:Middlewares/Third_Party/LibJPEG/source/jdatasrc.c ****    */
 167:Middlewares/Third_Party/LibJPEG/source/jdatasrc.c ****   if (num_bytes > 0) {
 150              		.loc 1 167 3 is_stmt 1 view .LVU25
 151              		.loc 1 167 6 is_stmt 0 view .LVU26
 152 0006 0C1E     		subs	r4, r1, #0
 153 0008 04DC     		bgt	.L8
 154 000a 0BE0     		b	.L7
 155              	.LVL8:
 156              	.L10:
 168:Middlewares/Third_Party/LibJPEG/source/jdatasrc.c ****     while (num_bytes > (long) src->bytes_in_buffer) {
 169:Middlewares/Third_Party/LibJPEG/source/jdatasrc.c ****       num_bytes -= (long) src->bytes_in_buffer;
 157              		.loc 1 169 7 is_stmt 1 view .LVU27
 158              		.loc 1 169 17 is_stmt 0 view .LVU28
 159 000c E41A     		subs	r4, r4, r3
 160              	.LVL9:
 170:Middlewares/Third_Party/LibJPEG/source/jdatasrc.c ****       (void) (*src->fill_input_buffer) (cinfo);
 161              		.loc 1 170 7 is_stmt 1 view .LVU29
 162              		.loc 1 170 15 is_stmt 0 view .LVU30
 163 000e EB68     		ldr	r3, [r5, #12]
 164 0010 3046     		mov	r0, r6
 165 0012 9847     		blx	r3
 166              	.LVL10:
 167              	.L8:
 168:Middlewares/Third_Party/LibJPEG/source/jdatasrc.c ****     while (num_bytes > (long) src->bytes_in_buffer) {
 168              		.loc 1 168 11 is_stmt 1 view .LVU31
 168:Middlewares/Third_Party/LibJPEG/source/jdatasrc.c ****     while (num_bytes > (long) src->bytes_in_buffer) {
 169              		.loc 1 168 34 is_stmt 0 view .LVU32
 170 0014 6B68     		ldr	r3, [r5, #4]
 168:Middlewares/Third_Party/LibJPEG/source/jdatasrc.c ****     while (num_bytes > (long) src->bytes_in_buffer) {
 171              		.loc 1 168 11 view .LVU33
 172 0016 A342     		cmp	r3, r4
 173 0018 F8DB     		blt	.L10
 171:Middlewares/Third_Party/LibJPEG/source/jdatasrc.c ****       /* note we assume that fill_input_buffer will never return FALSE,
 172:Middlewares/Third_Party/LibJPEG/source/jdatasrc.c ****        * so suspension need not be handled.
 173:Middlewares/Third_Party/LibJPEG/source/jdatasrc.c ****        */
ARM GAS  /tmp/ccAKN6S6.s 			page 7


 174:Middlewares/Third_Party/LibJPEG/source/jdatasrc.c ****     }
 175:Middlewares/Third_Party/LibJPEG/source/jdatasrc.c ****     src->next_input_byte += (size_t) num_bytes;
 174              		.loc 1 175 5 is_stmt 1 view .LVU34
 175              		.loc 1 175 26 is_stmt 0 view .LVU35
 176 001a 2A68     		ldr	r2, [r5]
 177 001c 2244     		add	r2, r2, r4
 178 001e 2A60     		str	r2, [r5]
 176:Middlewares/Third_Party/LibJPEG/source/jdatasrc.c ****     src->bytes_in_buffer -= (size_t) num_bytes;
 179              		.loc 1 176 5 is_stmt 1 view .LVU36
 180              		.loc 1 176 26 is_stmt 0 view .LVU37
 181 0020 1B1B     		subs	r3, r3, r4
 182 0022 6B60     		str	r3, [r5, #4]
 183              	.L7:
 177:Middlewares/Third_Party/LibJPEG/source/jdatasrc.c ****   }
 178:Middlewares/Third_Party/LibJPEG/source/jdatasrc.c **** }
 184              		.loc 1 178 1 view .LVU38
 185 0024 70BD     		pop	{r4, r5, r6, pc}
 186              		.loc 1 178 1 view .LVU39
 187              		.cfi_endproc
 188              	.LFE11:
 190              		.section	.text.term_source,"ax",%progbits
 191              		.align	1
 192              		.syntax unified
 193              		.thumb
 194              		.thumb_func
 195              		.fpu fpv4-sp-d16
 197              	term_source:
 198              	.LVL11:
 199              	.LFB12:
 179:Middlewares/Third_Party/LibJPEG/source/jdatasrc.c **** 
 180:Middlewares/Third_Party/LibJPEG/source/jdatasrc.c **** 
 181:Middlewares/Third_Party/LibJPEG/source/jdatasrc.c **** /*
 182:Middlewares/Third_Party/LibJPEG/source/jdatasrc.c ****  * An additional method that can be provided by data source modules is the
 183:Middlewares/Third_Party/LibJPEG/source/jdatasrc.c ****  * resync_to_restart method for error recovery in the presence of RST markers.
 184:Middlewares/Third_Party/LibJPEG/source/jdatasrc.c ****  * For the moment, this source module just uses the default resync method
 185:Middlewares/Third_Party/LibJPEG/source/jdatasrc.c ****  * provided by the JPEG library.  That method assumes that no backtracking
 186:Middlewares/Third_Party/LibJPEG/source/jdatasrc.c ****  * is possible.
 187:Middlewares/Third_Party/LibJPEG/source/jdatasrc.c ****  */
 188:Middlewares/Third_Party/LibJPEG/source/jdatasrc.c **** 
 189:Middlewares/Third_Party/LibJPEG/source/jdatasrc.c **** 
 190:Middlewares/Third_Party/LibJPEG/source/jdatasrc.c **** /*
 191:Middlewares/Third_Party/LibJPEG/source/jdatasrc.c ****  * Terminate source --- called by jpeg_finish_decompress
 192:Middlewares/Third_Party/LibJPEG/source/jdatasrc.c ****  * after all data has been read.  Often a no-op.
 193:Middlewares/Third_Party/LibJPEG/source/jdatasrc.c ****  *
 194:Middlewares/Third_Party/LibJPEG/source/jdatasrc.c ****  * NB: *not* called by jpeg_abort or jpeg_destroy; surrounding
 195:Middlewares/Third_Party/LibJPEG/source/jdatasrc.c ****  * application must deal with any cleanup that should happen even
 196:Middlewares/Third_Party/LibJPEG/source/jdatasrc.c ****  * for error exit.
 197:Middlewares/Third_Party/LibJPEG/source/jdatasrc.c ****  */
 198:Middlewares/Third_Party/LibJPEG/source/jdatasrc.c **** 
 199:Middlewares/Third_Party/LibJPEG/source/jdatasrc.c **** METHODDEF(void)
 200:Middlewares/Third_Party/LibJPEG/source/jdatasrc.c **** term_source (j_decompress_ptr cinfo)
 201:Middlewares/Third_Party/LibJPEG/source/jdatasrc.c **** {
 200              		.loc 1 201 1 is_stmt 1 view -0
 201              		.cfi_startproc
 202              		@ args = 0, pretend = 0, frame = 0
 203              		@ frame_needed = 0, uses_anonymous_args = 0
 204              		@ link register save eliminated.
ARM GAS  /tmp/ccAKN6S6.s 			page 8


 202:Middlewares/Third_Party/LibJPEG/source/jdatasrc.c ****   /* no work necessary here */
 203:Middlewares/Third_Party/LibJPEG/source/jdatasrc.c **** }
 205              		.loc 1 203 1 view .LVU41
 206 0000 7047     		bx	lr
 207              		.cfi_endproc
 208              	.LFE12:
 210              		.section	.text.fill_input_buffer,"ax",%progbits
 211              		.align	1
 212              		.syntax unified
 213              		.thumb
 214              		.thumb_func
 215              		.fpu fpv4-sp-d16
 217              	fill_input_buffer:
 218              	.LVL12:
 219              	.LFB9:
 100:Middlewares/Third_Party/LibJPEG/source/jdatasrc.c ****   my_src_ptr src = (my_src_ptr) cinfo->src;
 220              		.loc 1 100 1 view -0
 221              		.cfi_startproc
 222              		@ args = 0, pretend = 0, frame = 0
 223              		@ frame_needed = 0, uses_anonymous_args = 0
 100:Middlewares/Third_Party/LibJPEG/source/jdatasrc.c ****   my_src_ptr src = (my_src_ptr) cinfo->src;
 224              		.loc 1 100 1 is_stmt 0 view .LVU43
 225 0000 38B5     		push	{r3, r4, r5, lr}
 226              	.LCFI2:
 227              		.cfi_def_cfa_offset 16
 228              		.cfi_offset 3, -16
 229              		.cfi_offset 4, -12
 230              		.cfi_offset 5, -8
 231              		.cfi_offset 14, -4
 232 0002 0546     		mov	r5, r0
 101:Middlewares/Third_Party/LibJPEG/source/jdatasrc.c ****   size_t nbytes;
 233              		.loc 1 101 3 is_stmt 1 view .LVU44
 101:Middlewares/Third_Party/LibJPEG/source/jdatasrc.c ****   size_t nbytes;
 234              		.loc 1 101 14 is_stmt 0 view .LVU45
 235 0004 8469     		ldr	r4, [r0, #24]
 236              	.LVL13:
 102:Middlewares/Third_Party/LibJPEG/source/jdatasrc.c **** 
 237              		.loc 1 102 3 is_stmt 1 view .LVU46
 104:Middlewares/Third_Party/LibJPEG/source/jdatasrc.c ****   
 238              		.loc 1 104 3 view .LVU47
 104:Middlewares/Third_Party/LibJPEG/source/jdatasrc.c ****   
 239              		.loc 1 104 12 is_stmt 0 view .LVU48
 240 0006 E369     		ldr	r3, [r4, #28]
 241 0008 4FF48052 		mov	r2, #4096
 242 000c 0121     		movs	r1, #1
 243 000e 206A     		ldr	r0, [r4, #32]
 244              	.LVL14:
 104:Middlewares/Third_Party/LibJPEG/source/jdatasrc.c ****   
 245              		.loc 1 104 12 view .LVU49
 246 0010 FFF7FEFF 		bl	fread
 247              	.LVL15:
 106:Middlewares/Third_Party/LibJPEG/source/jdatasrc.c ****     if (src->start_of_file)	/* Treat empty input file as fatal error */
 248              		.loc 1 106 3 is_stmt 1 view .LVU50
 106:Middlewares/Third_Party/LibJPEG/source/jdatasrc.c ****     if (src->start_of_file)	/* Treat empty input file as fatal error */
 249              		.loc 1 106 6 is_stmt 0 view .LVU51
 250 0014 0346     		mov	r3, r0
 251 0016 C0B9     		cbnz	r0, .L14
ARM GAS  /tmp/ccAKN6S6.s 			page 9


 107:Middlewares/Third_Party/LibJPEG/source/jdatasrc.c ****       ERREXIT(cinfo, JERR_INPUT_EMPTY);
 252              		.loc 1 107 5 is_stmt 1 view .LVU52
 107:Middlewares/Third_Party/LibJPEG/source/jdatasrc.c ****       ERREXIT(cinfo, JERR_INPUT_EMPTY);
 253              		.loc 1 107 12 is_stmt 0 view .LVU53
 254 0018 636A     		ldr	r3, [r4, #36]
 107:Middlewares/Third_Party/LibJPEG/source/jdatasrc.c ****       ERREXIT(cinfo, JERR_INPUT_EMPTY);
 255              		.loc 1 107 8 view .LVU54
 256 001a 33B1     		cbz	r3, .L15
 108:Middlewares/Third_Party/LibJPEG/source/jdatasrc.c ****     WARNMS(cinfo, JWRN_JPEG_EOF);
 257              		.loc 1 108 7 is_stmt 1 view .LVU55
 258 001c 2B68     		ldr	r3, [r5]
 259 001e 2B22     		movs	r2, #43
 260 0020 5A61     		str	r2, [r3, #20]
 261 0022 2B68     		ldr	r3, [r5]
 262 0024 1B68     		ldr	r3, [r3]
 263 0026 2846     		mov	r0, r5
 264              	.LVL16:
 108:Middlewares/Third_Party/LibJPEG/source/jdatasrc.c ****     WARNMS(cinfo, JWRN_JPEG_EOF);
 265              		.loc 1 108 7 is_stmt 0 view .LVU56
 266 0028 9847     		blx	r3
 267              	.LVL17:
 268              	.L15:
 109:Middlewares/Third_Party/LibJPEG/source/jdatasrc.c ****     /* Insert a fake EOI marker */
 269              		.loc 1 109 5 is_stmt 1 view .LVU57
 270 002a 2B68     		ldr	r3, [r5]
 271 002c 7B22     		movs	r2, #123
 272 002e 5A61     		str	r2, [r3, #20]
 273 0030 2B68     		ldr	r3, [r5]
 274 0032 5B68     		ldr	r3, [r3, #4]
 275 0034 4FF0FF31 		mov	r1, #-1
 276 0038 2846     		mov	r0, r5
 277 003a 9847     		blx	r3
 278              	.LVL18:
 111:Middlewares/Third_Party/LibJPEG/source/jdatasrc.c ****     src->buffer[1] = (JOCTET) JPEG_EOI;
 279              		.loc 1 111 5 view .LVU58
 111:Middlewares/Third_Party/LibJPEG/source/jdatasrc.c ****     src->buffer[1] = (JOCTET) JPEG_EOI;
 280              		.loc 1 111 8 is_stmt 0 view .LVU59
 281 003c 236A     		ldr	r3, [r4, #32]
 111:Middlewares/Third_Party/LibJPEG/source/jdatasrc.c ****     src->buffer[1] = (JOCTET) JPEG_EOI;
 282              		.loc 1 111 20 view .LVU60
 283 003e FF22     		movs	r2, #255
 284 0040 1A70     		strb	r2, [r3]
 112:Middlewares/Third_Party/LibJPEG/source/jdatasrc.c ****     nbytes = 2;
 285              		.loc 1 112 5 is_stmt 1 view .LVU61
 112:Middlewares/Third_Party/LibJPEG/source/jdatasrc.c ****     nbytes = 2;
 286              		.loc 1 112 8 is_stmt 0 view .LVU62
 287 0042 236A     		ldr	r3, [r4, #32]
 112:Middlewares/Third_Party/LibJPEG/source/jdatasrc.c ****     nbytes = 2;
 288              		.loc 1 112 20 view .LVU63
 289 0044 D922     		movs	r2, #217
 290 0046 5A70     		strb	r2, [r3, #1]
 113:Middlewares/Third_Party/LibJPEG/source/jdatasrc.c ****   }
 291              		.loc 1 113 5 is_stmt 1 view .LVU64
 292              	.LVL19:
 113:Middlewares/Third_Party/LibJPEG/source/jdatasrc.c ****   }
 293              		.loc 1 113 12 is_stmt 0 view .LVU65
 294 0048 0223     		movs	r3, #2
ARM GAS  /tmp/ccAKN6S6.s 			page 10


 295              	.LVL20:
 296              	.L14:
 116:Middlewares/Third_Party/LibJPEG/source/jdatasrc.c ****   src->pub.bytes_in_buffer = nbytes;
 297              		.loc 1 116 3 is_stmt 1 view .LVU66
 116:Middlewares/Third_Party/LibJPEG/source/jdatasrc.c ****   src->pub.bytes_in_buffer = nbytes;
 298              		.loc 1 116 33 is_stmt 0 view .LVU67
 299 004a 226A     		ldr	r2, [r4, #32]
 116:Middlewares/Third_Party/LibJPEG/source/jdatasrc.c ****   src->pub.bytes_in_buffer = nbytes;
 300              		.loc 1 116 28 view .LVU68
 301 004c 2260     		str	r2, [r4]
 117:Middlewares/Third_Party/LibJPEG/source/jdatasrc.c ****   src->start_of_file = FALSE;
 302              		.loc 1 117 3 is_stmt 1 view .LVU69
 117:Middlewares/Third_Party/LibJPEG/source/jdatasrc.c ****   src->start_of_file = FALSE;
 303              		.loc 1 117 28 is_stmt 0 view .LVU70
 304 004e 6360     		str	r3, [r4, #4]
 118:Middlewares/Third_Party/LibJPEG/source/jdatasrc.c **** 
 305              		.loc 1 118 3 is_stmt 1 view .LVU71
 118:Middlewares/Third_Party/LibJPEG/source/jdatasrc.c **** 
 306              		.loc 1 118 22 is_stmt 0 view .LVU72
 307 0050 0023     		movs	r3, #0
 308              	.LVL21:
 118:Middlewares/Third_Party/LibJPEG/source/jdatasrc.c **** 
 309              		.loc 1 118 22 view .LVU73
 310 0052 6362     		str	r3, [r4, #36]
 120:Middlewares/Third_Party/LibJPEG/source/jdatasrc.c **** }
 311              		.loc 1 120 3 is_stmt 1 view .LVU74
 121:Middlewares/Third_Party/LibJPEG/source/jdatasrc.c **** #endif /* JFILE */
 312              		.loc 1 121 1 is_stmt 0 view .LVU75
 313 0054 0120     		movs	r0, #1
 314 0056 38BD     		pop	{r3, r4, r5, pc}
 121:Middlewares/Third_Party/LibJPEG/source/jdatasrc.c **** #endif /* JFILE */
 315              		.loc 1 121 1 view .LVU76
 316              		.cfi_endproc
 317              	.LFE9:
 319              		.section	.text.jpeg_stdio_src,"ax",%progbits
 320              		.align	1
 321              		.global	jpeg_stdio_src
 322              		.syntax unified
 323              		.thumb
 324              		.thumb_func
 325              		.fpu fpv4-sp-d16
 327              	jpeg_stdio_src:
 328              	.LVL22:
 329              	.LFB13:
 204:Middlewares/Third_Party/LibJPEG/source/jdatasrc.c **** 
 205:Middlewares/Third_Party/LibJPEG/source/jdatasrc.c **** 
 206:Middlewares/Third_Party/LibJPEG/source/jdatasrc.c **** /*
 207:Middlewares/Third_Party/LibJPEG/source/jdatasrc.c ****  * Prepare for input from a stdio stream.
 208:Middlewares/Third_Party/LibJPEG/source/jdatasrc.c ****  * The caller must have already opened the stream, and is responsible
 209:Middlewares/Third_Party/LibJPEG/source/jdatasrc.c ****  * for closing it after finishing decompression.
 210:Middlewares/Third_Party/LibJPEG/source/jdatasrc.c ****  */
 211:Middlewares/Third_Party/LibJPEG/source/jdatasrc.c **** #ifdef JFILE
 212:Middlewares/Third_Party/LibJPEG/source/jdatasrc.c **** GLOBAL(void)
 213:Middlewares/Third_Party/LibJPEG/source/jdatasrc.c **** jpeg_stdio_src (j_decompress_ptr cinfo, JFILE * infile)
 214:Middlewares/Third_Party/LibJPEG/source/jdatasrc.c **** {
 330              		.loc 1 214 1 is_stmt 1 view -0
 331              		.cfi_startproc
ARM GAS  /tmp/ccAKN6S6.s 			page 11


 332              		@ args = 0, pretend = 0, frame = 0
 333              		@ frame_needed = 0, uses_anonymous_args = 0
 334              		.loc 1 214 1 is_stmt 0 view .LVU78
 335 0000 70B5     		push	{r4, r5, r6, lr}
 336              	.LCFI3:
 337              		.cfi_def_cfa_offset 16
 338              		.cfi_offset 4, -16
 339              		.cfi_offset 5, -12
 340              		.cfi_offset 6, -8
 341              		.cfi_offset 14, -4
 342 0002 0446     		mov	r4, r0
 343 0004 0D46     		mov	r5, r1
 215:Middlewares/Third_Party/LibJPEG/source/jdatasrc.c ****   my_src_ptr src;
 344              		.loc 1 215 3 is_stmt 1 view .LVU79
 216:Middlewares/Third_Party/LibJPEG/source/jdatasrc.c **** 
 217:Middlewares/Third_Party/LibJPEG/source/jdatasrc.c ****   /* The source object and input buffer are made permanent so that a series
 218:Middlewares/Third_Party/LibJPEG/source/jdatasrc.c ****    * of JPEG images can be read from the same file by calling jpeg_stdio_src
 219:Middlewares/Third_Party/LibJPEG/source/jdatasrc.c ****    * only before the first one.  (If we discarded the buffer at the end of
 220:Middlewares/Third_Party/LibJPEG/source/jdatasrc.c ****    * one image, we'd likely lose the start of the next one.)
 221:Middlewares/Third_Party/LibJPEG/source/jdatasrc.c ****    * This makes it unsafe to use this manager and a different source
 222:Middlewares/Third_Party/LibJPEG/source/jdatasrc.c ****    * manager serially with the same JPEG object.  Caveat programmer.
 223:Middlewares/Third_Party/LibJPEG/source/jdatasrc.c ****    */
 224:Middlewares/Third_Party/LibJPEG/source/jdatasrc.c ****   if (cinfo->src == NULL) {	/* first time for this JPEG object? */
 345              		.loc 1 224 3 view .LVU80
 346              		.loc 1 224 12 is_stmt 0 view .LVU81
 347 0006 8369     		ldr	r3, [r0, #24]
 348              		.loc 1 224 6 view .LVU82
 349 0008 7BB1     		cbz	r3, .L20
 350              	.LVL23:
 351              	.L18:
 225:Middlewares/Third_Party/LibJPEG/source/jdatasrc.c ****     cinfo->src = (struct jpeg_source_mgr *)
 226:Middlewares/Third_Party/LibJPEG/source/jdatasrc.c ****       (*cinfo->mem->alloc_small) ((j_common_ptr) cinfo, JPOOL_PERMANENT,
 227:Middlewares/Third_Party/LibJPEG/source/jdatasrc.c **** 				  SIZEOF(my_source_mgr));
 228:Middlewares/Third_Party/LibJPEG/source/jdatasrc.c ****     src = (my_src_ptr) cinfo->src;
 229:Middlewares/Third_Party/LibJPEG/source/jdatasrc.c ****     src->buffer = (JOCTET *)
 230:Middlewares/Third_Party/LibJPEG/source/jdatasrc.c ****       (*cinfo->mem->alloc_small) ((j_common_ptr) cinfo, JPOOL_PERMANENT,
 231:Middlewares/Third_Party/LibJPEG/source/jdatasrc.c **** 				  INPUT_BUF_SIZE * SIZEOF(JOCTET));
 232:Middlewares/Third_Party/LibJPEG/source/jdatasrc.c ****   }
 233:Middlewares/Third_Party/LibJPEG/source/jdatasrc.c **** 
 234:Middlewares/Third_Party/LibJPEG/source/jdatasrc.c ****   src = (my_src_ptr) cinfo->src;
 352              		.loc 1 234 3 is_stmt 1 view .LVU83
 353              		.loc 1 234 7 is_stmt 0 view .LVU84
 354 000a A369     		ldr	r3, [r4, #24]
 355              	.LVL24:
 235:Middlewares/Third_Party/LibJPEG/source/jdatasrc.c ****   src->pub.init_source = init_source;
 356              		.loc 1 235 3 is_stmt 1 view .LVU85
 357              		.loc 1 235 24 is_stmt 0 view .LVU86
 358 000c 0F4A     		ldr	r2, .L21
 359 000e 9A60     		str	r2, [r3, #8]
 236:Middlewares/Third_Party/LibJPEG/source/jdatasrc.c ****   src->pub.fill_input_buffer = fill_input_buffer;
 360              		.loc 1 236 3 is_stmt 1 view .LVU87
 361              		.loc 1 236 30 is_stmt 0 view .LVU88
 362 0010 0F4A     		ldr	r2, .L21+4
 363 0012 DA60     		str	r2, [r3, #12]
 237:Middlewares/Third_Party/LibJPEG/source/jdatasrc.c ****   src->pub.skip_input_data = skip_input_data;
 364              		.loc 1 237 3 is_stmt 1 view .LVU89
 365              		.loc 1 237 28 is_stmt 0 view .LVU90
ARM GAS  /tmp/ccAKN6S6.s 			page 12


 366 0014 0F4A     		ldr	r2, .L21+8
 367 0016 1A61     		str	r2, [r3, #16]
 238:Middlewares/Third_Party/LibJPEG/source/jdatasrc.c ****   src->pub.resync_to_restart = jpeg_resync_to_restart; /* use default method */
 368              		.loc 1 238 3 is_stmt 1 view .LVU91
 369              		.loc 1 238 30 is_stmt 0 view .LVU92
 370 0018 0F4A     		ldr	r2, .L21+12
 371 001a 5A61     		str	r2, [r3, #20]
 239:Middlewares/Third_Party/LibJPEG/source/jdatasrc.c ****   src->pub.term_source = term_source;
 372              		.loc 1 239 3 is_stmt 1 view .LVU93
 373              		.loc 1 239 24 is_stmt 0 view .LVU94
 374 001c 0F4A     		ldr	r2, .L21+16
 375 001e 9A61     		str	r2, [r3, #24]
 240:Middlewares/Third_Party/LibJPEG/source/jdatasrc.c ****   src->infile = infile;
 376              		.loc 1 240 3 is_stmt 1 view .LVU95
 377              		.loc 1 240 15 is_stmt 0 view .LVU96
 378 0020 DD61     		str	r5, [r3, #28]
 241:Middlewares/Third_Party/LibJPEG/source/jdatasrc.c ****   src->pub.bytes_in_buffer = 0; /* forces fill_input_buffer on first read */
 379              		.loc 1 241 3 is_stmt 1 view .LVU97
 380              		.loc 1 241 28 is_stmt 0 view .LVU98
 381 0022 0022     		movs	r2, #0
 382 0024 5A60     		str	r2, [r3, #4]
 242:Middlewares/Third_Party/LibJPEG/source/jdatasrc.c ****   src->pub.next_input_byte = NULL; /* until buffer loaded */
 383              		.loc 1 242 3 is_stmt 1 view .LVU99
 384              		.loc 1 242 28 is_stmt 0 view .LVU100
 385 0026 1A60     		str	r2, [r3]
 243:Middlewares/Third_Party/LibJPEG/source/jdatasrc.c **** }
 386              		.loc 1 243 1 view .LVU101
 387 0028 70BD     		pop	{r4, r5, r6, pc}
 388              	.LVL25:
 389              	.L20:
 225:Middlewares/Third_Party/LibJPEG/source/jdatasrc.c ****       (*cinfo->mem->alloc_small) ((j_common_ptr) cinfo, JPOOL_PERMANENT,
 390              		.loc 1 225 5 is_stmt 1 view .LVU102
 226:Middlewares/Third_Party/LibJPEG/source/jdatasrc.c **** 				  SIZEOF(my_source_mgr));
 391              		.loc 1 226 14 is_stmt 0 view .LVU103
 392 002a 4368     		ldr	r3, [r0, #4]
 226:Middlewares/Third_Party/LibJPEG/source/jdatasrc.c **** 				  SIZEOF(my_source_mgr));
 393              		.loc 1 226 8 view .LVU104
 394 002c 1B68     		ldr	r3, [r3]
 395 002e 2822     		movs	r2, #40
 396 0030 0021     		movs	r1, #0
 397              	.LVL26:
 226:Middlewares/Third_Party/LibJPEG/source/jdatasrc.c **** 				  SIZEOF(my_source_mgr));
 398              		.loc 1 226 8 view .LVU105
 399 0032 9847     		blx	r3
 400              	.LVL27:
 226:Middlewares/Third_Party/LibJPEG/source/jdatasrc.c **** 				  SIZEOF(my_source_mgr));
 401              		.loc 1 226 8 view .LVU106
 402 0034 0646     		mov	r6, r0
 225:Middlewares/Third_Party/LibJPEG/source/jdatasrc.c ****       (*cinfo->mem->alloc_small) ((j_common_ptr) cinfo, JPOOL_PERMANENT,
 403              		.loc 1 225 16 view .LVU107
 404 0036 A061     		str	r0, [r4, #24]
 228:Middlewares/Third_Party/LibJPEG/source/jdatasrc.c ****     src->buffer = (JOCTET *)
 405              		.loc 1 228 5 is_stmt 1 view .LVU108
 406              	.LVL28:
 229:Middlewares/Third_Party/LibJPEG/source/jdatasrc.c ****       (*cinfo->mem->alloc_small) ((j_common_ptr) cinfo, JPOOL_PERMANENT,
 407              		.loc 1 229 5 view .LVU109
 230:Middlewares/Third_Party/LibJPEG/source/jdatasrc.c **** 				  INPUT_BUF_SIZE * SIZEOF(JOCTET));
ARM GAS  /tmp/ccAKN6S6.s 			page 13


 408              		.loc 1 230 14 is_stmt 0 view .LVU110
 409 0038 6368     		ldr	r3, [r4, #4]
 230:Middlewares/Third_Party/LibJPEG/source/jdatasrc.c **** 				  INPUT_BUF_SIZE * SIZEOF(JOCTET));
 410              		.loc 1 230 8 view .LVU111
 411 003a 1B68     		ldr	r3, [r3]
 412 003c 4FF48052 		mov	r2, #4096
 413 0040 0021     		movs	r1, #0
 414 0042 2046     		mov	r0, r4
 415              	.LVL29:
 230:Middlewares/Third_Party/LibJPEG/source/jdatasrc.c **** 				  INPUT_BUF_SIZE * SIZEOF(JOCTET));
 416              		.loc 1 230 8 view .LVU112
 417 0044 9847     		blx	r3
 418              	.LVL30:
 229:Middlewares/Third_Party/LibJPEG/source/jdatasrc.c ****       (*cinfo->mem->alloc_small) ((j_common_ptr) cinfo, JPOOL_PERMANENT,
 419              		.loc 1 229 17 view .LVU113
 420 0046 3062     		str	r0, [r6, #32]
 421 0048 DFE7     		b	.L18
 422              	.L22:
 423 004a 00BF     		.align	2
 424              	.L21:
 425 004c 00000000 		.word	init_source
 426 0050 00000000 		.word	fill_input_buffer
 427 0054 00000000 		.word	skip_input_data
 428 0058 00000000 		.word	jpeg_resync_to_restart
 429 005c 00000000 		.word	term_source
 430              		.cfi_endproc
 431              	.LFE13:
 433              		.section	.text.jpeg_mem_src,"ax",%progbits
 434              		.align	1
 435              		.global	jpeg_mem_src
 436              		.syntax unified
 437              		.thumb
 438              		.thumb_func
 439              		.fpu fpv4-sp-d16
 441              	jpeg_mem_src:
 442              	.LVL31:
 443              	.LFB14:
 244:Middlewares/Third_Party/LibJPEG/source/jdatasrc.c **** #endif /* JFILE */
 245:Middlewares/Third_Party/LibJPEG/source/jdatasrc.c **** 
 246:Middlewares/Third_Party/LibJPEG/source/jdatasrc.c **** /*
 247:Middlewares/Third_Party/LibJPEG/source/jdatasrc.c ****  * Prepare for input from a supplied memory buffer.
 248:Middlewares/Third_Party/LibJPEG/source/jdatasrc.c ****  * The buffer must contain the whole JPEG data.
 249:Middlewares/Third_Party/LibJPEG/source/jdatasrc.c ****  */
 250:Middlewares/Third_Party/LibJPEG/source/jdatasrc.c **** 
 251:Middlewares/Third_Party/LibJPEG/source/jdatasrc.c **** GLOBAL(void)
 252:Middlewares/Third_Party/LibJPEG/source/jdatasrc.c **** jpeg_mem_src (j_decompress_ptr cinfo,
 253:Middlewares/Third_Party/LibJPEG/source/jdatasrc.c **** 	      unsigned char * inbuffer, unsigned long insize)
 254:Middlewares/Third_Party/LibJPEG/source/jdatasrc.c **** {
 444              		.loc 1 254 1 is_stmt 1 view -0
 445              		.cfi_startproc
 446              		@ args = 0, pretend = 0, frame = 0
 447              		@ frame_needed = 0, uses_anonymous_args = 0
 448              		.loc 1 254 1 is_stmt 0 view .LVU115
 449 0000 70B5     		push	{r4, r5, r6, lr}
 450              	.LCFI4:
 451              		.cfi_def_cfa_offset 16
 452              		.cfi_offset 4, -16
ARM GAS  /tmp/ccAKN6S6.s 			page 14


 453              		.cfi_offset 5, -12
 454              		.cfi_offset 6, -8
 455              		.cfi_offset 14, -4
 456 0002 0446     		mov	r4, r0
 457 0004 1546     		mov	r5, r2
 255:Middlewares/Third_Party/LibJPEG/source/jdatasrc.c ****   struct jpeg_source_mgr * src;
 458              		.loc 1 255 3 is_stmt 1 view .LVU116
 256:Middlewares/Third_Party/LibJPEG/source/jdatasrc.c **** 
 257:Middlewares/Third_Party/LibJPEG/source/jdatasrc.c ****   if (inbuffer == NULL || insize == 0)	/* Treat empty input as fatal error */
 459              		.loc 1 257 3 view .LVU117
 460              		.loc 1 257 6 is_stmt 0 view .LVU118
 461 0006 0E46     		mov	r6, r1
 462 0008 01B1     		cbz	r1, .L24
 463              		.loc 1 257 24 discriminator 1 view .LVU119
 464 000a 32B9     		cbnz	r2, .L25
 465              	.L24:
 258:Middlewares/Third_Party/LibJPEG/source/jdatasrc.c ****     ERREXIT(cinfo, JERR_INPUT_EMPTY);
 466              		.loc 1 258 5 is_stmt 1 view .LVU120
 467 000c 2368     		ldr	r3, [r4]
 468 000e 2B22     		movs	r2, #43
 469              	.LVL32:
 470              		.loc 1 258 5 is_stmt 0 view .LVU121
 471 0010 5A61     		str	r2, [r3, #20]
 472 0012 2368     		ldr	r3, [r4]
 473 0014 1B68     		ldr	r3, [r3]
 474 0016 2046     		mov	r0, r4
 475              	.LVL33:
 476              		.loc 1 258 5 view .LVU122
 477 0018 9847     		blx	r3
 478              	.LVL34:
 479              	.L25:
 259:Middlewares/Third_Party/LibJPEG/source/jdatasrc.c **** 
 260:Middlewares/Third_Party/LibJPEG/source/jdatasrc.c ****   /* The source object is made permanent so that a series of JPEG images
 261:Middlewares/Third_Party/LibJPEG/source/jdatasrc.c ****    * can be read from the same buffer by calling jpeg_mem_src only before
 262:Middlewares/Third_Party/LibJPEG/source/jdatasrc.c ****    * the first one.
 263:Middlewares/Third_Party/LibJPEG/source/jdatasrc.c ****    */
 264:Middlewares/Third_Party/LibJPEG/source/jdatasrc.c ****   if (cinfo->src == NULL) {	/* first time for this JPEG object? */
 480              		.loc 1 264 3 is_stmt 1 view .LVU123
 481              		.loc 1 264 12 is_stmt 0 view .LVU124
 482 001a A369     		ldr	r3, [r4, #24]
 483              		.loc 1 264 6 view .LVU125
 484 001c 6BB1     		cbz	r3, .L28
 485              	.L26:
 265:Middlewares/Third_Party/LibJPEG/source/jdatasrc.c ****     cinfo->src = (struct jpeg_source_mgr *)
 266:Middlewares/Third_Party/LibJPEG/source/jdatasrc.c ****       (*cinfo->mem->alloc_small) ((j_common_ptr) cinfo, JPOOL_PERMANENT,
 267:Middlewares/Third_Party/LibJPEG/source/jdatasrc.c **** 				  SIZEOF(struct jpeg_source_mgr));
 268:Middlewares/Third_Party/LibJPEG/source/jdatasrc.c ****   }
 269:Middlewares/Third_Party/LibJPEG/source/jdatasrc.c **** 
 270:Middlewares/Third_Party/LibJPEG/source/jdatasrc.c ****   src = cinfo->src;
 486              		.loc 1 270 3 is_stmt 1 view .LVU126
 487              		.loc 1 270 7 is_stmt 0 view .LVU127
 488 001e A369     		ldr	r3, [r4, #24]
 489              	.LVL35:
 271:Middlewares/Third_Party/LibJPEG/source/jdatasrc.c ****   src->init_source = init_mem_source;
 490              		.loc 1 271 3 is_stmt 1 view .LVU128
 491              		.loc 1 271 20 is_stmt 0 view .LVU129
 492 0020 0A4A     		ldr	r2, .L29
ARM GAS  /tmp/ccAKN6S6.s 			page 15


 493 0022 9A60     		str	r2, [r3, #8]
 272:Middlewares/Third_Party/LibJPEG/source/jdatasrc.c ****   src->fill_input_buffer = fill_mem_input_buffer;
 494              		.loc 1 272 3 is_stmt 1 view .LVU130
 495              		.loc 1 272 26 is_stmt 0 view .LVU131
 496 0024 0A4A     		ldr	r2, .L29+4
 497 0026 DA60     		str	r2, [r3, #12]
 273:Middlewares/Third_Party/LibJPEG/source/jdatasrc.c ****   src->skip_input_data = skip_input_data;
 498              		.loc 1 273 3 is_stmt 1 view .LVU132
 499              		.loc 1 273 24 is_stmt 0 view .LVU133
 500 0028 0A4A     		ldr	r2, .L29+8
 501 002a 1A61     		str	r2, [r3, #16]
 274:Middlewares/Third_Party/LibJPEG/source/jdatasrc.c ****   src->resync_to_restart = jpeg_resync_to_restart; /* use default method */
 502              		.loc 1 274 3 is_stmt 1 view .LVU134
 503              		.loc 1 274 26 is_stmt 0 view .LVU135
 504 002c 0A4A     		ldr	r2, .L29+12
 505 002e 5A61     		str	r2, [r3, #20]
 275:Middlewares/Third_Party/LibJPEG/source/jdatasrc.c ****   src->term_source = term_source;
 506              		.loc 1 275 3 is_stmt 1 view .LVU136
 507              		.loc 1 275 20 is_stmt 0 view .LVU137
 508 0030 0A4A     		ldr	r2, .L29+16
 509 0032 9A61     		str	r2, [r3, #24]
 276:Middlewares/Third_Party/LibJPEG/source/jdatasrc.c ****   src->bytes_in_buffer = (size_t) insize;
 510              		.loc 1 276 3 is_stmt 1 view .LVU138
 511              		.loc 1 276 24 is_stmt 0 view .LVU139
 512 0034 5D60     		str	r5, [r3, #4]
 277:Middlewares/Third_Party/LibJPEG/source/jdatasrc.c ****   src->next_input_byte = (JOCTET *) inbuffer;
 513              		.loc 1 277 3 is_stmt 1 view .LVU140
 514              		.loc 1 277 24 is_stmt 0 view .LVU141
 515 0036 1E60     		str	r6, [r3]
 278:Middlewares/Third_Party/LibJPEG/source/jdatasrc.c **** }
 516              		.loc 1 278 1 view .LVU142
 517 0038 70BD     		pop	{r4, r5, r6, pc}
 518              	.LVL36:
 519              	.L28:
 265:Middlewares/Third_Party/LibJPEG/source/jdatasrc.c ****       (*cinfo->mem->alloc_small) ((j_common_ptr) cinfo, JPOOL_PERMANENT,
 520              		.loc 1 265 5 is_stmt 1 view .LVU143
 266:Middlewares/Third_Party/LibJPEG/source/jdatasrc.c **** 				  SIZEOF(struct jpeg_source_mgr));
 521              		.loc 1 266 14 is_stmt 0 view .LVU144
 522 003a 6368     		ldr	r3, [r4, #4]
 266:Middlewares/Third_Party/LibJPEG/source/jdatasrc.c **** 				  SIZEOF(struct jpeg_source_mgr));
 523              		.loc 1 266 8 view .LVU145
 524 003c 1B68     		ldr	r3, [r3]
 525 003e 1C22     		movs	r2, #28
 526 0040 0021     		movs	r1, #0
 527 0042 2046     		mov	r0, r4
 528 0044 9847     		blx	r3
 529              	.LVL37:
 265:Middlewares/Third_Party/LibJPEG/source/jdatasrc.c ****       (*cinfo->mem->alloc_small) ((j_common_ptr) cinfo, JPOOL_PERMANENT,
 530              		.loc 1 265 16 view .LVU146
 531 0046 A061     		str	r0, [r4, #24]
 532 0048 E9E7     		b	.L26
 533              	.L30:
 534 004a 00BF     		.align	2
 535              	.L29:
 536 004c 00000000 		.word	init_mem_source
 537 0050 00000000 		.word	fill_mem_input_buffer
 538 0054 00000000 		.word	skip_input_data
ARM GAS  /tmp/ccAKN6S6.s 			page 16


 539 0058 00000000 		.word	jpeg_resync_to_restart
 540 005c 00000000 		.word	term_source
 541              		.cfi_endproc
 542              	.LFE14:
 544              		.section	.rodata.mybuffer.0,"a"
 545              		.align	2
 546              		.set	.LANCHOR0,. + 0
 549              	mybuffer.0:
 550 0000 FFD90000 		.ascii	"\377\331\000\000"
 551              		.text
 552              	.Letext0:
 553              		.file 2 "/usr/lib/gcc/arm-none-eabi/10.3.1/include/stddef.h"
 554              		.file 3 "/usr/include/newlib/sys/_types.h"
 555              		.file 4 "/usr/include/newlib/sys/reent.h"
 556              		.file 5 "/usr/include/newlib/sys/lock.h"
 557              		.file 6 "/usr/include/newlib/stdio.h"
 558              		.file 7 "LIBJPEG/Target/jmorecfg.h"
 559              		.file 8 "Middlewares/Third_Party/LibJPEG/include/jpeglib.h"
 560              		.file 9 "Middlewares/Third_Party/LibJPEG/include/jerror.h"
ARM GAS  /tmp/ccAKN6S6.s 			page 17


DEFINED SYMBOLS
                            *ABS*:0000000000000000 jdatasrc.c
     /tmp/ccAKN6S6.s:18     .text.init_source:0000000000000000 $t
     /tmp/ccAKN6S6.s:25     .text.init_source:0000000000000000 init_source
     /tmp/ccAKN6S6.s:48     .text.init_mem_source:0000000000000000 $t
     /tmp/ccAKN6S6.s:54     .text.init_mem_source:0000000000000000 init_mem_source
     /tmp/ccAKN6S6.s:68     .text.fill_mem_input_buffer:0000000000000000 $t
     /tmp/ccAKN6S6.s:74     .text.fill_mem_input_buffer:0000000000000000 fill_mem_input_buffer
     /tmp/ccAKN6S6.s:119    .text.fill_mem_input_buffer:0000000000000024 $d
     /tmp/ccAKN6S6.s:124    .text.skip_input_data:0000000000000000 $t
     /tmp/ccAKN6S6.s:130    .text.skip_input_data:0000000000000000 skip_input_data
     /tmp/ccAKN6S6.s:191    .text.term_source:0000000000000000 $t
     /tmp/ccAKN6S6.s:197    .text.term_source:0000000000000000 term_source
     /tmp/ccAKN6S6.s:211    .text.fill_input_buffer:0000000000000000 $t
     /tmp/ccAKN6S6.s:217    .text.fill_input_buffer:0000000000000000 fill_input_buffer
     /tmp/ccAKN6S6.s:320    .text.jpeg_stdio_src:0000000000000000 $t
     /tmp/ccAKN6S6.s:327    .text.jpeg_stdio_src:0000000000000000 jpeg_stdio_src
     /tmp/ccAKN6S6.s:425    .text.jpeg_stdio_src:000000000000004c $d
     /tmp/ccAKN6S6.s:434    .text.jpeg_mem_src:0000000000000000 $t
     /tmp/ccAKN6S6.s:441    .text.jpeg_mem_src:0000000000000000 jpeg_mem_src
     /tmp/ccAKN6S6.s:536    .text.jpeg_mem_src:000000000000004c $d
     /tmp/ccAKN6S6.s:545    .rodata.mybuffer.0:0000000000000000 $d
     /tmp/ccAKN6S6.s:549    .rodata.mybuffer.0:0000000000000000 mybuffer.0

UNDEFINED SYMBOLS
fread
jpeg_resync_to_restart
