ARM GAS  /tmp/ccxjlwcY.s 			page 1


   1              		.cpu cortex-m4
   2              		.eabi_attribute 27, 1
   3              		.eabi_attribute 28, 1
   4              		.eabi_attribute 20, 1
   5              		.eabi_attribute 21, 1
   6              		.eabi_attribute 23, 3
   7              		.eabi_attribute 24, 1
   8              		.eabi_attribute 25, 1
   9              		.eabi_attribute 26, 1
  10              		.eabi_attribute 30, 1
  11              		.eabi_attribute 34, 1
  12              		.eabi_attribute 18, 4
  13              		.file	"jddctmgr.c"
  14              		.text
  15              	.Ltext0:
  16              		.cfi_sections	.debug_frame
  17              		.global	__aeabi_ui2d
  18              		.global	__aeabi_dmul
  19              		.global	__aeabi_d2f
  20              		.section	.text.start_pass,"ax",%progbits
  21              		.align	1
  22              		.arch armv7e-m
  23              		.syntax unified
  24              		.thumb
  25              		.thumb_func
  26              		.fpu fpv4-sp-d16
  28              	start_pass:
  29              	.LVL0:
  30              	.LFB7:
  31              		.file 1 "Middlewares/Third_Party/LibJPEG/source/jddctmgr.c"
   1:Middlewares/Third_Party/LibJPEG/source/jddctmgr.c **** /*
   2:Middlewares/Third_Party/LibJPEG/source/jddctmgr.c ****  * jddctmgr.c
   3:Middlewares/Third_Party/LibJPEG/source/jddctmgr.c ****  *
   4:Middlewares/Third_Party/LibJPEG/source/jddctmgr.c ****  * Copyright (C) 1994-1996, Thomas G. Lane.
   5:Middlewares/Third_Party/LibJPEG/source/jddctmgr.c ****  * Modified 2002-2010 by Guido Vollbeding.
   6:Middlewares/Third_Party/LibJPEG/source/jddctmgr.c ****  * This file is part of the Independent JPEG Group's software.
   7:Middlewares/Third_Party/LibJPEG/source/jddctmgr.c ****  * For conditions of distribution and use, see the accompanying README file.
   8:Middlewares/Third_Party/LibJPEG/source/jddctmgr.c ****  *
   9:Middlewares/Third_Party/LibJPEG/source/jddctmgr.c ****  * This file contains the inverse-DCT management logic.
  10:Middlewares/Third_Party/LibJPEG/source/jddctmgr.c ****  * This code selects a particular IDCT implementation to be used,
  11:Middlewares/Third_Party/LibJPEG/source/jddctmgr.c ****  * and it performs related housekeeping chores.  No code in this file
  12:Middlewares/Third_Party/LibJPEG/source/jddctmgr.c ****  * is executed per IDCT step, only during output pass setup.
  13:Middlewares/Third_Party/LibJPEG/source/jddctmgr.c ****  *
  14:Middlewares/Third_Party/LibJPEG/source/jddctmgr.c ****  * Note that the IDCT routines are responsible for performing coefficient
  15:Middlewares/Third_Party/LibJPEG/source/jddctmgr.c ****  * dequantization as well as the IDCT proper.  This module sets up the
  16:Middlewares/Third_Party/LibJPEG/source/jddctmgr.c ****  * dequantization multiplier table needed by the IDCT routine.
  17:Middlewares/Third_Party/LibJPEG/source/jddctmgr.c ****  */
  18:Middlewares/Third_Party/LibJPEG/source/jddctmgr.c **** 
  19:Middlewares/Third_Party/LibJPEG/source/jddctmgr.c **** #define JPEG_INTERNALS
  20:Middlewares/Third_Party/LibJPEG/source/jddctmgr.c **** #include "jinclude.h"
  21:Middlewares/Third_Party/LibJPEG/source/jddctmgr.c **** #include "jpeglib.h"
  22:Middlewares/Third_Party/LibJPEG/source/jddctmgr.c **** #include "jdct.h"		/* Private declarations for DCT subsystem */
  23:Middlewares/Third_Party/LibJPEG/source/jddctmgr.c **** 
  24:Middlewares/Third_Party/LibJPEG/source/jddctmgr.c **** 
  25:Middlewares/Third_Party/LibJPEG/source/jddctmgr.c **** /*
  26:Middlewares/Third_Party/LibJPEG/source/jddctmgr.c ****  * The decompressor input side (jdinput.c) saves away the appropriate
  27:Middlewares/Third_Party/LibJPEG/source/jddctmgr.c ****  * quantization table for each component at the start of the first scan
ARM GAS  /tmp/ccxjlwcY.s 			page 2


  28:Middlewares/Third_Party/LibJPEG/source/jddctmgr.c ****  * involving that component.  (This is necessary in order to correctly
  29:Middlewares/Third_Party/LibJPEG/source/jddctmgr.c ****  * decode files that reuse Q-table slots.)
  30:Middlewares/Third_Party/LibJPEG/source/jddctmgr.c ****  * When we are ready to make an output pass, the saved Q-table is converted
  31:Middlewares/Third_Party/LibJPEG/source/jddctmgr.c ****  * to a multiplier table that will actually be used by the IDCT routine.
  32:Middlewares/Third_Party/LibJPEG/source/jddctmgr.c ****  * The multiplier table contents are IDCT-method-dependent.  To support
  33:Middlewares/Third_Party/LibJPEG/source/jddctmgr.c ****  * application changes in IDCT method between scans, we can remake the
  34:Middlewares/Third_Party/LibJPEG/source/jddctmgr.c ****  * multiplier tables if necessary.
  35:Middlewares/Third_Party/LibJPEG/source/jddctmgr.c ****  * In buffered-image mode, the first output pass may occur before any data
  36:Middlewares/Third_Party/LibJPEG/source/jddctmgr.c ****  * has been seen for some components, and thus before their Q-tables have
  37:Middlewares/Third_Party/LibJPEG/source/jddctmgr.c ****  * been saved away.  To handle this case, multiplier tables are preset
  38:Middlewares/Third_Party/LibJPEG/source/jddctmgr.c ****  * to zeroes; the result of the IDCT will be a neutral gray level.
  39:Middlewares/Third_Party/LibJPEG/source/jddctmgr.c ****  */
  40:Middlewares/Third_Party/LibJPEG/source/jddctmgr.c **** 
  41:Middlewares/Third_Party/LibJPEG/source/jddctmgr.c **** 
  42:Middlewares/Third_Party/LibJPEG/source/jddctmgr.c **** /* Private subobject for this module */
  43:Middlewares/Third_Party/LibJPEG/source/jddctmgr.c **** 
  44:Middlewares/Third_Party/LibJPEG/source/jddctmgr.c **** typedef struct {
  45:Middlewares/Third_Party/LibJPEG/source/jddctmgr.c ****   struct jpeg_inverse_dct pub;	/* public fields */
  46:Middlewares/Third_Party/LibJPEG/source/jddctmgr.c **** 
  47:Middlewares/Third_Party/LibJPEG/source/jddctmgr.c ****   /* This array contains the IDCT method code that each multiplier table
  48:Middlewares/Third_Party/LibJPEG/source/jddctmgr.c ****    * is currently set up for, or -1 if it's not yet set up.
  49:Middlewares/Third_Party/LibJPEG/source/jddctmgr.c ****    * The actual multiplier tables are pointed to by dct_table in the
  50:Middlewares/Third_Party/LibJPEG/source/jddctmgr.c ****    * per-component comp_info structures.
  51:Middlewares/Third_Party/LibJPEG/source/jddctmgr.c ****    */
  52:Middlewares/Third_Party/LibJPEG/source/jddctmgr.c ****   int cur_method[MAX_COMPONENTS];
  53:Middlewares/Third_Party/LibJPEG/source/jddctmgr.c **** } my_idct_controller;
  54:Middlewares/Third_Party/LibJPEG/source/jddctmgr.c **** 
  55:Middlewares/Third_Party/LibJPEG/source/jddctmgr.c **** typedef my_idct_controller * my_idct_ptr;
  56:Middlewares/Third_Party/LibJPEG/source/jddctmgr.c **** 
  57:Middlewares/Third_Party/LibJPEG/source/jddctmgr.c **** 
  58:Middlewares/Third_Party/LibJPEG/source/jddctmgr.c **** /* Allocated multiplier tables: big enough for any supported variant */
  59:Middlewares/Third_Party/LibJPEG/source/jddctmgr.c **** 
  60:Middlewares/Third_Party/LibJPEG/source/jddctmgr.c **** typedef union {
  61:Middlewares/Third_Party/LibJPEG/source/jddctmgr.c ****   ISLOW_MULT_TYPE islow_array[DCTSIZE2];
  62:Middlewares/Third_Party/LibJPEG/source/jddctmgr.c **** #ifdef DCT_IFAST_SUPPORTED
  63:Middlewares/Third_Party/LibJPEG/source/jddctmgr.c ****   IFAST_MULT_TYPE ifast_array[DCTSIZE2];
  64:Middlewares/Third_Party/LibJPEG/source/jddctmgr.c **** #endif
  65:Middlewares/Third_Party/LibJPEG/source/jddctmgr.c **** #ifdef DCT_FLOAT_SUPPORTED
  66:Middlewares/Third_Party/LibJPEG/source/jddctmgr.c ****   FLOAT_MULT_TYPE float_array[DCTSIZE2];
  67:Middlewares/Third_Party/LibJPEG/source/jddctmgr.c **** #endif
  68:Middlewares/Third_Party/LibJPEG/source/jddctmgr.c **** } multiplier_table;
  69:Middlewares/Third_Party/LibJPEG/source/jddctmgr.c **** 
  70:Middlewares/Third_Party/LibJPEG/source/jddctmgr.c **** 
  71:Middlewares/Third_Party/LibJPEG/source/jddctmgr.c **** /* The current scaled-IDCT routines require ISLOW-style multiplier tables,
  72:Middlewares/Third_Party/LibJPEG/source/jddctmgr.c ****  * so be sure to compile that code if either ISLOW or SCALING is requested.
  73:Middlewares/Third_Party/LibJPEG/source/jddctmgr.c ****  */
  74:Middlewares/Third_Party/LibJPEG/source/jddctmgr.c **** #ifdef DCT_ISLOW_SUPPORTED
  75:Middlewares/Third_Party/LibJPEG/source/jddctmgr.c **** #define PROVIDE_ISLOW_TABLES
  76:Middlewares/Third_Party/LibJPEG/source/jddctmgr.c **** #else
  77:Middlewares/Third_Party/LibJPEG/source/jddctmgr.c **** #ifdef IDCT_SCALING_SUPPORTED
  78:Middlewares/Third_Party/LibJPEG/source/jddctmgr.c **** #define PROVIDE_ISLOW_TABLES
  79:Middlewares/Third_Party/LibJPEG/source/jddctmgr.c **** #endif
  80:Middlewares/Third_Party/LibJPEG/source/jddctmgr.c **** #endif
  81:Middlewares/Third_Party/LibJPEG/source/jddctmgr.c **** 
  82:Middlewares/Third_Party/LibJPEG/source/jddctmgr.c **** 
  83:Middlewares/Third_Party/LibJPEG/source/jddctmgr.c **** /*
  84:Middlewares/Third_Party/LibJPEG/source/jddctmgr.c ****  * Prepare for an output pass.
ARM GAS  /tmp/ccxjlwcY.s 			page 3


  85:Middlewares/Third_Party/LibJPEG/source/jddctmgr.c ****  * Here we select the proper IDCT routine for each component and build
  86:Middlewares/Third_Party/LibJPEG/source/jddctmgr.c ****  * a matching multiplier table.
  87:Middlewares/Third_Party/LibJPEG/source/jddctmgr.c ****  */
  88:Middlewares/Third_Party/LibJPEG/source/jddctmgr.c **** 
  89:Middlewares/Third_Party/LibJPEG/source/jddctmgr.c **** METHODDEF(void)
  90:Middlewares/Third_Party/LibJPEG/source/jddctmgr.c **** start_pass (j_decompress_ptr cinfo)
  91:Middlewares/Third_Party/LibJPEG/source/jddctmgr.c **** {
  32              		.loc 1 91 1 view -0
  33              		.cfi_startproc
  34              		@ args = 0, pretend = 0, frame = 16
  35              		@ frame_needed = 0, uses_anonymous_args = 0
  36              		.loc 1 91 1 is_stmt 0 view .LVU1
  37 0000 2DE9F04F 		push	{r4, r5, r6, r7, r8, r9, r10, fp, lr}
  38              	.LCFI0:
  39              		.cfi_def_cfa_offset 36
  40              		.cfi_offset 4, -36
  41              		.cfi_offset 5, -32
  42              		.cfi_offset 6, -28
  43              		.cfi_offset 7, -24
  44              		.cfi_offset 8, -20
  45              		.cfi_offset 9, -16
  46              		.cfi_offset 10, -12
  47              		.cfi_offset 11, -8
  48              		.cfi_offset 14, -4
  49 0004 85B0     		sub	sp, sp, #20
  50              	.LCFI1:
  51              		.cfi_def_cfa_offset 56
  52 0006 0290     		str	r0, [sp, #8]
  92:Middlewares/Third_Party/LibJPEG/source/jddctmgr.c ****   my_idct_ptr idct = (my_idct_ptr) cinfo->idct;
  53              		.loc 1 92 3 is_stmt 1 view .LVU2
  54              		.loc 1 92 15 is_stmt 0 view .LVU3
  55 0008 D0F8D421 		ldr	r2, [r0, #468]
  56 000c 0392     		str	r2, [sp, #12]
  57              	.LVL1:
  93:Middlewares/Third_Party/LibJPEG/source/jddctmgr.c ****   int ci, i;
  58              		.loc 1 93 3 is_stmt 1 view .LVU4
  94:Middlewares/Third_Party/LibJPEG/source/jddctmgr.c ****   jpeg_component_info *compptr;
  59              		.loc 1 94 3 view .LVU5
  95:Middlewares/Third_Party/LibJPEG/source/jddctmgr.c ****   int method = 0;
  60              		.loc 1 95 3 view .LVU6
  96:Middlewares/Third_Party/LibJPEG/source/jddctmgr.c ****   inverse_DCT_method_ptr method_ptr = NULL;
  61              		.loc 1 96 3 view .LVU7
  97:Middlewares/Third_Party/LibJPEG/source/jddctmgr.c ****   JQUANT_TBL * qtbl;
  62              		.loc 1 97 3 view .LVU8
  98:Middlewares/Third_Party/LibJPEG/source/jddctmgr.c **** 
  99:Middlewares/Third_Party/LibJPEG/source/jddctmgr.c ****   for (ci = 0, compptr = cinfo->comp_info; ci < cinfo->num_components;
  63              		.loc 1 99 3 view .LVU9
  64              		.loc 1 99 24 is_stmt 0 view .LVU10
  65 000e D0F8D890 		ldr	r9, [r0, #216]
  66              	.LVL2:
  96:Middlewares/Third_Party/LibJPEG/source/jddctmgr.c ****   JQUANT_TBL * qtbl;
  67              		.loc 1 96 26 view .LVU11
  68 0012 0023     		movs	r3, #0
  69 0014 0093     		str	r3, [sp]
  95:Middlewares/Third_Party/LibJPEG/source/jddctmgr.c ****   inverse_DCT_method_ptr method_ptr = NULL;
  70              		.loc 1 95 7 view .LVU12
  71 0016 9846     		mov	r8, r3
ARM GAS  /tmp/ccxjlwcY.s 			page 4


  72              		.loc 1 99 11 view .LVU13
  73 0018 0193     		str	r3, [sp, #4]
  74              		.loc 1 99 3 view .LVU14
  75 001a BEE1     		b	.L2
  76              	.LVL3:
  77              	.L75:
 100:Middlewares/Third_Party/LibJPEG/source/jddctmgr.c ****        ci++, compptr++) {
 101:Middlewares/Third_Party/LibJPEG/source/jddctmgr.c ****     /* Select the proper IDCT routine for this component's scaling */
 102:Middlewares/Third_Party/LibJPEG/source/jddctmgr.c ****     switch ((compptr->DCT_h_scaled_size << 8) + compptr->DCT_v_scaled_size) {
  78              		.loc 1 102 5 view .LVU15
  79 001c 40F20122 		movw	r2, #513
  80 0020 9342     		cmp	r3, r2
  81 0022 00F02781 		beq	.L29
  82 0026 09DD     		ble	.L62
  83 0028 40F20222 		movw	r2, #514
  84 002c 9342     		cmp	r3, r2
  85 002e 40F00281 		bne	.L8
 103:Middlewares/Third_Party/LibJPEG/source/jddctmgr.c **** #ifdef IDCT_SCALING_SUPPORTED
 104:Middlewares/Third_Party/LibJPEG/source/jddctmgr.c ****     case ((1 << 8) + 1):
 105:Middlewares/Third_Party/LibJPEG/source/jddctmgr.c ****       method_ptr = jpeg_idct_1x1;
 106:Middlewares/Third_Party/LibJPEG/source/jddctmgr.c ****       method = JDCT_ISLOW;	/* jidctint uses islow-style table */
 107:Middlewares/Third_Party/LibJPEG/source/jddctmgr.c ****       break;
 108:Middlewares/Third_Party/LibJPEG/source/jddctmgr.c ****     case ((2 << 8) + 2):
 109:Middlewares/Third_Party/LibJPEG/source/jddctmgr.c ****       method_ptr = jpeg_idct_2x2;
  86              		.loc 1 109 18 view .LVU16
  87 0032 A94B     		ldr	r3, .L77
  88 0034 0093     		str	r3, [sp]
  89              	.LVL4:
 110:Middlewares/Third_Party/LibJPEG/source/jddctmgr.c ****       method = JDCT_ISLOW;	/* jidctint uses islow-style table */
  90              		.loc 1 110 14 view .LVU17
  91 0036 4FF00008 		mov	r8, #0
  92              	.LVL5:
  93              		.loc 1 110 14 view .LVU18
  94 003a 0CE0     		b	.L3
  95              	.LVL6:
  96              	.L62:
 102:Middlewares/Third_Party/LibJPEG/source/jddctmgr.c **** #ifdef IDCT_SCALING_SUPPORTED
  97              		.loc 1 102 5 view .LVU19
  98 003c 40F20112 		movw	r2, #257
  99 0040 9342     		cmp	r3, r2
 100 0042 00F01C81 		beq	.L30
 101 0046 B3F5817F 		cmp	r3, #258
 102 004a 40F0F480 		bne	.L8
 111:Middlewares/Third_Party/LibJPEG/source/jddctmgr.c ****       break;
 112:Middlewares/Third_Party/LibJPEG/source/jddctmgr.c ****     case ((3 << 8) + 3):
 113:Middlewares/Third_Party/LibJPEG/source/jddctmgr.c ****       method_ptr = jpeg_idct_3x3;
 114:Middlewares/Third_Party/LibJPEG/source/jddctmgr.c ****       method = JDCT_ISLOW;	/* jidctint uses islow-style table */
 115:Middlewares/Third_Party/LibJPEG/source/jddctmgr.c ****       break;
 116:Middlewares/Third_Party/LibJPEG/source/jddctmgr.c ****     case ((4 << 8) + 4):
 117:Middlewares/Third_Party/LibJPEG/source/jddctmgr.c ****       method_ptr = jpeg_idct_4x4;
 118:Middlewares/Third_Party/LibJPEG/source/jddctmgr.c ****       method = JDCT_ISLOW;	/* jidctint uses islow-style table */
 119:Middlewares/Third_Party/LibJPEG/source/jddctmgr.c ****       break;
 120:Middlewares/Third_Party/LibJPEG/source/jddctmgr.c ****     case ((5 << 8) + 5):
 121:Middlewares/Third_Party/LibJPEG/source/jddctmgr.c ****       method_ptr = jpeg_idct_5x5;
 122:Middlewares/Third_Party/LibJPEG/source/jddctmgr.c ****       method = JDCT_ISLOW;	/* jidctint uses islow-style table */
 123:Middlewares/Third_Party/LibJPEG/source/jddctmgr.c ****       break;
 124:Middlewares/Third_Party/LibJPEG/source/jddctmgr.c ****     case ((6 << 8) + 6):
ARM GAS  /tmp/ccxjlwcY.s 			page 5


 125:Middlewares/Third_Party/LibJPEG/source/jddctmgr.c ****       method_ptr = jpeg_idct_6x6;
 126:Middlewares/Third_Party/LibJPEG/source/jddctmgr.c ****       method = JDCT_ISLOW;	/* jidctint uses islow-style table */
 127:Middlewares/Third_Party/LibJPEG/source/jddctmgr.c ****       break;
 128:Middlewares/Third_Party/LibJPEG/source/jddctmgr.c ****     case ((7 << 8) + 7):
 129:Middlewares/Third_Party/LibJPEG/source/jddctmgr.c ****       method_ptr = jpeg_idct_7x7;
 130:Middlewares/Third_Party/LibJPEG/source/jddctmgr.c ****       method = JDCT_ISLOW;	/* jidctint uses islow-style table */
 131:Middlewares/Third_Party/LibJPEG/source/jddctmgr.c ****       break;
 132:Middlewares/Third_Party/LibJPEG/source/jddctmgr.c ****     case ((9 << 8) + 9):
 133:Middlewares/Third_Party/LibJPEG/source/jddctmgr.c ****       method_ptr = jpeg_idct_9x9;
 134:Middlewares/Third_Party/LibJPEG/source/jddctmgr.c ****       method = JDCT_ISLOW;	/* jidctint uses islow-style table */
 135:Middlewares/Third_Party/LibJPEG/source/jddctmgr.c ****       break;
 136:Middlewares/Third_Party/LibJPEG/source/jddctmgr.c ****     case ((10 << 8) + 10):
 137:Middlewares/Third_Party/LibJPEG/source/jddctmgr.c ****       method_ptr = jpeg_idct_10x10;
 138:Middlewares/Third_Party/LibJPEG/source/jddctmgr.c ****       method = JDCT_ISLOW;	/* jidctint uses islow-style table */
 139:Middlewares/Third_Party/LibJPEG/source/jddctmgr.c ****       break;
 140:Middlewares/Third_Party/LibJPEG/source/jddctmgr.c ****     case ((11 << 8) + 11):
 141:Middlewares/Third_Party/LibJPEG/source/jddctmgr.c ****       method_ptr = jpeg_idct_11x11;
 142:Middlewares/Third_Party/LibJPEG/source/jddctmgr.c ****       method = JDCT_ISLOW;	/* jidctint uses islow-style table */
 143:Middlewares/Third_Party/LibJPEG/source/jddctmgr.c ****       break;
 144:Middlewares/Third_Party/LibJPEG/source/jddctmgr.c ****     case ((12 << 8) + 12):
 145:Middlewares/Third_Party/LibJPEG/source/jddctmgr.c ****       method_ptr = jpeg_idct_12x12;
 146:Middlewares/Third_Party/LibJPEG/source/jddctmgr.c ****       method = JDCT_ISLOW;	/* jidctint uses islow-style table */
 147:Middlewares/Third_Party/LibJPEG/source/jddctmgr.c ****       break;
 148:Middlewares/Third_Party/LibJPEG/source/jddctmgr.c ****     case ((13 << 8) + 13):
 149:Middlewares/Third_Party/LibJPEG/source/jddctmgr.c ****       method_ptr = jpeg_idct_13x13;
 150:Middlewares/Third_Party/LibJPEG/source/jddctmgr.c ****       method = JDCT_ISLOW;	/* jidctint uses islow-style table */
 151:Middlewares/Third_Party/LibJPEG/source/jddctmgr.c ****       break;
 152:Middlewares/Third_Party/LibJPEG/source/jddctmgr.c ****     case ((14 << 8) + 14):
 153:Middlewares/Third_Party/LibJPEG/source/jddctmgr.c ****       method_ptr = jpeg_idct_14x14;
 154:Middlewares/Third_Party/LibJPEG/source/jddctmgr.c ****       method = JDCT_ISLOW;	/* jidctint uses islow-style table */
 155:Middlewares/Third_Party/LibJPEG/source/jddctmgr.c ****       break;
 156:Middlewares/Third_Party/LibJPEG/source/jddctmgr.c ****     case ((15 << 8) + 15):
 157:Middlewares/Third_Party/LibJPEG/source/jddctmgr.c ****       method_ptr = jpeg_idct_15x15;
 158:Middlewares/Third_Party/LibJPEG/source/jddctmgr.c ****       method = JDCT_ISLOW;	/* jidctint uses islow-style table */
 159:Middlewares/Third_Party/LibJPEG/source/jddctmgr.c ****       break;
 160:Middlewares/Third_Party/LibJPEG/source/jddctmgr.c ****     case ((16 << 8) + 16):
 161:Middlewares/Third_Party/LibJPEG/source/jddctmgr.c ****       method_ptr = jpeg_idct_16x16;
 162:Middlewares/Third_Party/LibJPEG/source/jddctmgr.c ****       method = JDCT_ISLOW;	/* jidctint uses islow-style table */
 163:Middlewares/Third_Party/LibJPEG/source/jddctmgr.c ****       break;
 164:Middlewares/Third_Party/LibJPEG/source/jddctmgr.c ****     case ((16 << 8) + 8):
 165:Middlewares/Third_Party/LibJPEG/source/jddctmgr.c ****       method_ptr = jpeg_idct_16x8;
 166:Middlewares/Third_Party/LibJPEG/source/jddctmgr.c ****       method = JDCT_ISLOW;	/* jidctint uses islow-style table */
 167:Middlewares/Third_Party/LibJPEG/source/jddctmgr.c ****       break;
 168:Middlewares/Third_Party/LibJPEG/source/jddctmgr.c ****     case ((14 << 8) + 7):
 169:Middlewares/Third_Party/LibJPEG/source/jddctmgr.c ****       method_ptr = jpeg_idct_14x7;
 170:Middlewares/Third_Party/LibJPEG/source/jddctmgr.c ****       method = JDCT_ISLOW;	/* jidctint uses islow-style table */
 171:Middlewares/Third_Party/LibJPEG/source/jddctmgr.c ****       break;
 172:Middlewares/Third_Party/LibJPEG/source/jddctmgr.c ****     case ((12 << 8) + 6):
 173:Middlewares/Third_Party/LibJPEG/source/jddctmgr.c ****       method_ptr = jpeg_idct_12x6;
 174:Middlewares/Third_Party/LibJPEG/source/jddctmgr.c ****       method = JDCT_ISLOW;	/* jidctint uses islow-style table */
 175:Middlewares/Third_Party/LibJPEG/source/jddctmgr.c ****       break;
 176:Middlewares/Third_Party/LibJPEG/source/jddctmgr.c ****     case ((10 << 8) + 5):
 177:Middlewares/Third_Party/LibJPEG/source/jddctmgr.c ****       method_ptr = jpeg_idct_10x5;
 178:Middlewares/Third_Party/LibJPEG/source/jddctmgr.c ****       method = JDCT_ISLOW;	/* jidctint uses islow-style table */
 179:Middlewares/Third_Party/LibJPEG/source/jddctmgr.c ****       break;
 180:Middlewares/Third_Party/LibJPEG/source/jddctmgr.c ****     case ((8 << 8) + 4):
 181:Middlewares/Third_Party/LibJPEG/source/jddctmgr.c ****       method_ptr = jpeg_idct_8x4;
ARM GAS  /tmp/ccxjlwcY.s 			page 6


 182:Middlewares/Third_Party/LibJPEG/source/jddctmgr.c ****       method = JDCT_ISLOW;	/* jidctint uses islow-style table */
 183:Middlewares/Third_Party/LibJPEG/source/jddctmgr.c ****       break;
 184:Middlewares/Third_Party/LibJPEG/source/jddctmgr.c ****     case ((6 << 8) + 3):
 185:Middlewares/Third_Party/LibJPEG/source/jddctmgr.c ****       method_ptr = jpeg_idct_6x3;
 186:Middlewares/Third_Party/LibJPEG/source/jddctmgr.c ****       method = JDCT_ISLOW;	/* jidctint uses islow-style table */
 187:Middlewares/Third_Party/LibJPEG/source/jddctmgr.c ****       break;
 188:Middlewares/Third_Party/LibJPEG/source/jddctmgr.c ****     case ((4 << 8) + 2):
 189:Middlewares/Third_Party/LibJPEG/source/jddctmgr.c ****       method_ptr = jpeg_idct_4x2;
 190:Middlewares/Third_Party/LibJPEG/source/jddctmgr.c ****       method = JDCT_ISLOW;	/* jidctint uses islow-style table */
 191:Middlewares/Third_Party/LibJPEG/source/jddctmgr.c ****       break;
 192:Middlewares/Third_Party/LibJPEG/source/jddctmgr.c ****     case ((2 << 8) + 1):
 193:Middlewares/Third_Party/LibJPEG/source/jddctmgr.c ****       method_ptr = jpeg_idct_2x1;
 194:Middlewares/Third_Party/LibJPEG/source/jddctmgr.c ****       method = JDCT_ISLOW;	/* jidctint uses islow-style table */
 195:Middlewares/Third_Party/LibJPEG/source/jddctmgr.c ****       break;
 196:Middlewares/Third_Party/LibJPEG/source/jddctmgr.c ****     case ((8 << 8) + 16):
 197:Middlewares/Third_Party/LibJPEG/source/jddctmgr.c ****       method_ptr = jpeg_idct_8x16;
 198:Middlewares/Third_Party/LibJPEG/source/jddctmgr.c ****       method = JDCT_ISLOW;	/* jidctint uses islow-style table */
 199:Middlewares/Third_Party/LibJPEG/source/jddctmgr.c ****       break;
 200:Middlewares/Third_Party/LibJPEG/source/jddctmgr.c ****     case ((7 << 8) + 14):
 201:Middlewares/Third_Party/LibJPEG/source/jddctmgr.c ****       method_ptr = jpeg_idct_7x14;
 202:Middlewares/Third_Party/LibJPEG/source/jddctmgr.c ****       method = JDCT_ISLOW;	/* jidctint uses islow-style table */
 203:Middlewares/Third_Party/LibJPEG/source/jddctmgr.c ****       break;
 204:Middlewares/Third_Party/LibJPEG/source/jddctmgr.c ****     case ((6 << 8) + 12):
 205:Middlewares/Third_Party/LibJPEG/source/jddctmgr.c ****       method_ptr = jpeg_idct_6x12;
 206:Middlewares/Third_Party/LibJPEG/source/jddctmgr.c ****       method = JDCT_ISLOW;	/* jidctint uses islow-style table */
 207:Middlewares/Third_Party/LibJPEG/source/jddctmgr.c ****       break;
 208:Middlewares/Third_Party/LibJPEG/source/jddctmgr.c ****     case ((5 << 8) + 10):
 209:Middlewares/Third_Party/LibJPEG/source/jddctmgr.c ****       method_ptr = jpeg_idct_5x10;
 210:Middlewares/Third_Party/LibJPEG/source/jddctmgr.c ****       method = JDCT_ISLOW;	/* jidctint uses islow-style table */
 211:Middlewares/Third_Party/LibJPEG/source/jddctmgr.c ****       break;
 212:Middlewares/Third_Party/LibJPEG/source/jddctmgr.c ****     case ((4 << 8) + 8):
 213:Middlewares/Third_Party/LibJPEG/source/jddctmgr.c ****       method_ptr = jpeg_idct_4x8;
 214:Middlewares/Third_Party/LibJPEG/source/jddctmgr.c ****       method = JDCT_ISLOW;	/* jidctint uses islow-style table */
 215:Middlewares/Third_Party/LibJPEG/source/jddctmgr.c ****       break;
 216:Middlewares/Third_Party/LibJPEG/source/jddctmgr.c ****     case ((3 << 8) + 6):
 217:Middlewares/Third_Party/LibJPEG/source/jddctmgr.c ****       method_ptr = jpeg_idct_3x6;
 218:Middlewares/Third_Party/LibJPEG/source/jddctmgr.c ****       method = JDCT_ISLOW;	/* jidctint uses islow-style table */
 219:Middlewares/Third_Party/LibJPEG/source/jddctmgr.c ****       break;
 220:Middlewares/Third_Party/LibJPEG/source/jddctmgr.c ****     case ((2 << 8) + 4):
 221:Middlewares/Third_Party/LibJPEG/source/jddctmgr.c ****       method_ptr = jpeg_idct_2x4;
 222:Middlewares/Third_Party/LibJPEG/source/jddctmgr.c ****       method = JDCT_ISLOW;	/* jidctint uses islow-style table */
 223:Middlewares/Third_Party/LibJPEG/source/jddctmgr.c ****       break;
 224:Middlewares/Third_Party/LibJPEG/source/jddctmgr.c ****     case ((1 << 8) + 2):
 225:Middlewares/Third_Party/LibJPEG/source/jddctmgr.c ****       method_ptr = jpeg_idct_1x2;
 103              		.loc 1 225 18 view .LVU20
 104 004e A34B     		ldr	r3, .L77+4
 105 0050 0093     		str	r3, [sp]
 106              	.LVL7:
 226:Middlewares/Third_Party/LibJPEG/source/jddctmgr.c ****       method = JDCT_ISLOW;	/* jidctint uses islow-style table */
 107              		.loc 1 226 14 view .LVU21
 108 0052 4FF00008 		mov	r8, #0
 109              	.LVL8:
 110              	.L3:
 227:Middlewares/Third_Party/LibJPEG/source/jddctmgr.c ****       break;
 228:Middlewares/Third_Party/LibJPEG/source/jddctmgr.c **** #endif
 229:Middlewares/Third_Party/LibJPEG/source/jddctmgr.c ****     case ((DCTSIZE << 8) + DCTSIZE):
 230:Middlewares/Third_Party/LibJPEG/source/jddctmgr.c ****       switch (cinfo->dct_method) {
ARM GAS  /tmp/ccxjlwcY.s 			page 7


 231:Middlewares/Third_Party/LibJPEG/source/jddctmgr.c **** #ifdef DCT_ISLOW_SUPPORTED
 232:Middlewares/Third_Party/LibJPEG/source/jddctmgr.c ****       case JDCT_ISLOW:
 233:Middlewares/Third_Party/LibJPEG/source/jddctmgr.c **** 	method_ptr = jpeg_idct_islow;
 234:Middlewares/Third_Party/LibJPEG/source/jddctmgr.c **** 	method = JDCT_ISLOW;
 235:Middlewares/Third_Party/LibJPEG/source/jddctmgr.c **** 	break;
 236:Middlewares/Third_Party/LibJPEG/source/jddctmgr.c **** #endif
 237:Middlewares/Third_Party/LibJPEG/source/jddctmgr.c **** #ifdef DCT_IFAST_SUPPORTED
 238:Middlewares/Third_Party/LibJPEG/source/jddctmgr.c ****       case JDCT_IFAST:
 239:Middlewares/Third_Party/LibJPEG/source/jddctmgr.c **** 	method_ptr = jpeg_idct_ifast;
 240:Middlewares/Third_Party/LibJPEG/source/jddctmgr.c **** 	method = JDCT_IFAST;
 241:Middlewares/Third_Party/LibJPEG/source/jddctmgr.c **** 	break;
 242:Middlewares/Third_Party/LibJPEG/source/jddctmgr.c **** #endif
 243:Middlewares/Third_Party/LibJPEG/source/jddctmgr.c **** #ifdef DCT_FLOAT_SUPPORTED
 244:Middlewares/Third_Party/LibJPEG/source/jddctmgr.c ****       case JDCT_FLOAT:
 245:Middlewares/Third_Party/LibJPEG/source/jddctmgr.c **** 	method_ptr = jpeg_idct_float;
 246:Middlewares/Third_Party/LibJPEG/source/jddctmgr.c **** 	method = JDCT_FLOAT;
 247:Middlewares/Third_Party/LibJPEG/source/jddctmgr.c **** 	break;
 248:Middlewares/Third_Party/LibJPEG/source/jddctmgr.c **** #endif
 249:Middlewares/Third_Party/LibJPEG/source/jddctmgr.c ****       default:
 250:Middlewares/Third_Party/LibJPEG/source/jddctmgr.c **** 	ERREXIT(cinfo, JERR_NOT_COMPILED);
 251:Middlewares/Third_Party/LibJPEG/source/jddctmgr.c **** 	break;
 252:Middlewares/Third_Party/LibJPEG/source/jddctmgr.c ****       }
 253:Middlewares/Third_Party/LibJPEG/source/jddctmgr.c ****       break;
 254:Middlewares/Third_Party/LibJPEG/source/jddctmgr.c ****     default:
 255:Middlewares/Third_Party/LibJPEG/source/jddctmgr.c ****       ERREXIT2(cinfo, JERR_BAD_DCTSIZE,
 256:Middlewares/Third_Party/LibJPEG/source/jddctmgr.c **** 	       compptr->DCT_h_scaled_size, compptr->DCT_v_scaled_size);
 257:Middlewares/Third_Party/LibJPEG/source/jddctmgr.c ****       break;
 258:Middlewares/Third_Party/LibJPEG/source/jddctmgr.c ****     }
 259:Middlewares/Third_Party/LibJPEG/source/jddctmgr.c ****     idct->pub.inverse_DCT[ci] = method_ptr;
 111              		.loc 1 259 5 is_stmt 1 view .LVU22
 112              		.loc 1 259 31 is_stmt 0 view .LVU23
 113 0056 039A     		ldr	r2, [sp, #12]
 114 0058 0199     		ldr	r1, [sp, #4]
 115 005a 02EB8103 		add	r3, r2, r1, lsl #2
 116 005e 0098     		ldr	r0, [sp]
 117 0060 5860     		str	r0, [r3, #4]
 260:Middlewares/Third_Party/LibJPEG/source/jddctmgr.c ****     /* Create multiplier table from quant table.
 261:Middlewares/Third_Party/LibJPEG/source/jddctmgr.c ****      * However, we can skip this if the component is uninteresting
 262:Middlewares/Third_Party/LibJPEG/source/jddctmgr.c ****      * or if we already built the table.  Also, if no quant table
 263:Middlewares/Third_Party/LibJPEG/source/jddctmgr.c ****      * has yet been saved for the component, we leave the
 264:Middlewares/Third_Party/LibJPEG/source/jddctmgr.c ****      * multiplier table all-zero; we'll be reading zeroes from the
 265:Middlewares/Third_Party/LibJPEG/source/jddctmgr.c ****      * coefficient controller's buffer anyway.
 266:Middlewares/Third_Party/LibJPEG/source/jddctmgr.c ****      */
 267:Middlewares/Third_Party/LibJPEG/source/jddctmgr.c ****     if (! compptr->component_needed || idct->cur_method[ci] == method)
 118              		.loc 1 267 5 is_stmt 1 view .LVU24
 119              		.loc 1 267 18 is_stmt 0 view .LVU25
 120 0062 D9F83430 		ldr	r3, [r9, #52]
 121              		.loc 1 267 8 view .LVU26
 122 0066 002B     		cmp	r3, #0
 123 0068 00F09281 		beq	.L14
 124              		.loc 1 267 56 discriminator 1 view .LVU27
 125 006c 01F10A03 		add	r3, r1, #10
 126 0070 02EB8303 		add	r3, r2, r3, lsl #2
 127 0074 5B68     		ldr	r3, [r3, #4]
 128              		.loc 1 267 37 discriminator 1 view .LVU28
 129 0076 4345     		cmp	r3, r8
 130 0078 00F08A81 		beq	.L14
ARM GAS  /tmp/ccxjlwcY.s 			page 8


 268:Middlewares/Third_Party/LibJPEG/source/jddctmgr.c ****       continue;
 269:Middlewares/Third_Party/LibJPEG/source/jddctmgr.c ****     qtbl = compptr->quant_table;
 131              		.loc 1 269 5 is_stmt 1 view .LVU29
 132              		.loc 1 269 10 is_stmt 0 view .LVU30
 133 007c D9F85070 		ldr	r7, [r9, #80]
 134              	.LVL9:
 270:Middlewares/Third_Party/LibJPEG/source/jddctmgr.c ****     if (qtbl == NULL)		/* happens if no data yet for component */
 135              		.loc 1 270 5 is_stmt 1 view .LVU31
 136              		.loc 1 270 8 is_stmt 0 view .LVU32
 137 0080 002F     		cmp	r7, #0
 138 0082 00F08581 		beq	.L14
 271:Middlewares/Third_Party/LibJPEG/source/jddctmgr.c ****       continue;
 272:Middlewares/Third_Party/LibJPEG/source/jddctmgr.c ****     idct->cur_method[ci] = method;
 139              		.loc 1 272 5 is_stmt 1 view .LVU33
 140              		.loc 1 272 26 is_stmt 0 view .LVU34
 141 0086 01F10A03 		add	r3, r1, #10
 142 008a 02EB8303 		add	r3, r2, r3, lsl #2
 143 008e C3F80480 		str	r8, [r3, #4]
 273:Middlewares/Third_Party/LibJPEG/source/jddctmgr.c ****     switch (method) {
 144              		.loc 1 273 5 is_stmt 1 view .LVU35
 145 0092 B8F1010F 		cmp	r8, #1
 146 0096 00F0AE81 		beq	.L15
 147 009a B8F1020F 		cmp	r8, #2
 148 009e 00F0BE81 		beq	.L16
 149 00a2 B8F1000F 		cmp	r8, #0
 150 00a6 00F06881 		beq	.L63
 274:Middlewares/Third_Party/LibJPEG/source/jddctmgr.c **** #ifdef PROVIDE_ISLOW_TABLES
 275:Middlewares/Third_Party/LibJPEG/source/jddctmgr.c ****     case JDCT_ISLOW:
 276:Middlewares/Third_Party/LibJPEG/source/jddctmgr.c ****       {
 277:Middlewares/Third_Party/LibJPEG/source/jddctmgr.c **** 	/* For LL&M IDCT method, multipliers are equal to raw quantization
 278:Middlewares/Third_Party/LibJPEG/source/jddctmgr.c **** 	 * coefficients, but are stored as ints to ensure access efficiency.
 279:Middlewares/Third_Party/LibJPEG/source/jddctmgr.c **** 	 */
 280:Middlewares/Third_Party/LibJPEG/source/jddctmgr.c **** 	ISLOW_MULT_TYPE * ismtbl = (ISLOW_MULT_TYPE *) compptr->dct_table;
 281:Middlewares/Third_Party/LibJPEG/source/jddctmgr.c **** 	for (i = 0; i < DCTSIZE2; i++) {
 282:Middlewares/Third_Party/LibJPEG/source/jddctmgr.c **** 	  ismtbl[i] = (ISLOW_MULT_TYPE) qtbl->quantval[i];
 283:Middlewares/Third_Party/LibJPEG/source/jddctmgr.c **** 	}
 284:Middlewares/Third_Party/LibJPEG/source/jddctmgr.c ****       }
 285:Middlewares/Third_Party/LibJPEG/source/jddctmgr.c ****       break;
 286:Middlewares/Third_Party/LibJPEG/source/jddctmgr.c **** #endif
 287:Middlewares/Third_Party/LibJPEG/source/jddctmgr.c **** #ifdef DCT_IFAST_SUPPORTED
 288:Middlewares/Third_Party/LibJPEG/source/jddctmgr.c ****     case JDCT_IFAST:
 289:Middlewares/Third_Party/LibJPEG/source/jddctmgr.c ****       {
 290:Middlewares/Third_Party/LibJPEG/source/jddctmgr.c **** 	/* For AA&N IDCT method, multipliers are equal to quantization
 291:Middlewares/Third_Party/LibJPEG/source/jddctmgr.c **** 	 * coefficients scaled by scalefactor[row]*scalefactor[col], where
 292:Middlewares/Third_Party/LibJPEG/source/jddctmgr.c **** 	 *   scalefactor[0] = 1
 293:Middlewares/Third_Party/LibJPEG/source/jddctmgr.c **** 	 *   scalefactor[k] = cos(k*PI/16) * sqrt(2)    for k=1..7
 294:Middlewares/Third_Party/LibJPEG/source/jddctmgr.c **** 	 * For integer operation, the multiplier table is to be scaled by
 295:Middlewares/Third_Party/LibJPEG/source/jddctmgr.c **** 	 * IFAST_SCALE_BITS.
 296:Middlewares/Third_Party/LibJPEG/source/jddctmgr.c **** 	 */
 297:Middlewares/Third_Party/LibJPEG/source/jddctmgr.c **** 	IFAST_MULT_TYPE * ifmtbl = (IFAST_MULT_TYPE *) compptr->dct_table;
 298:Middlewares/Third_Party/LibJPEG/source/jddctmgr.c **** #define CONST_BITS 14
 299:Middlewares/Third_Party/LibJPEG/source/jddctmgr.c **** 	static const INT16 aanscales[DCTSIZE2] = {
 300:Middlewares/Third_Party/LibJPEG/source/jddctmgr.c **** 	  /* precomputed values scaled up by 14 bits */
 301:Middlewares/Third_Party/LibJPEG/source/jddctmgr.c **** 	  16384, 22725, 21407, 19266, 16384, 12873,  8867,  4520,
 302:Middlewares/Third_Party/LibJPEG/source/jddctmgr.c **** 	  22725, 31521, 29692, 26722, 22725, 17855, 12299,  6270,
 303:Middlewares/Third_Party/LibJPEG/source/jddctmgr.c **** 	  21407, 29692, 27969, 25172, 21407, 16819, 11585,  5906,
 304:Middlewares/Third_Party/LibJPEG/source/jddctmgr.c **** 	  19266, 26722, 25172, 22654, 19266, 15137, 10426,  5315,
ARM GAS  /tmp/ccxjlwcY.s 			page 9


 305:Middlewares/Third_Party/LibJPEG/source/jddctmgr.c **** 	  16384, 22725, 21407, 19266, 16384, 12873,  8867,  4520,
 306:Middlewares/Third_Party/LibJPEG/source/jddctmgr.c **** 	  12873, 17855, 16819, 15137, 12873, 10114,  6967,  3552,
 307:Middlewares/Third_Party/LibJPEG/source/jddctmgr.c **** 	   8867, 12299, 11585, 10426,  8867,  6967,  4799,  2446,
 308:Middlewares/Third_Party/LibJPEG/source/jddctmgr.c **** 	   4520,  6270,  5906,  5315,  4520,  3552,  2446,  1247
 309:Middlewares/Third_Party/LibJPEG/source/jddctmgr.c **** 	};
 310:Middlewares/Third_Party/LibJPEG/source/jddctmgr.c **** 	SHIFT_TEMPS
 311:Middlewares/Third_Party/LibJPEG/source/jddctmgr.c **** 
 312:Middlewares/Third_Party/LibJPEG/source/jddctmgr.c **** 	for (i = 0; i < DCTSIZE2; i++) {
 313:Middlewares/Third_Party/LibJPEG/source/jddctmgr.c **** 	  ifmtbl[i] = (IFAST_MULT_TYPE)
 314:Middlewares/Third_Party/LibJPEG/source/jddctmgr.c **** 	    DESCALE(MULTIPLY16V16((INT32) qtbl->quantval[i],
 315:Middlewares/Third_Party/LibJPEG/source/jddctmgr.c **** 				  (INT32) aanscales[i]),
 316:Middlewares/Third_Party/LibJPEG/source/jddctmgr.c **** 		    CONST_BITS-IFAST_SCALE_BITS);
 317:Middlewares/Third_Party/LibJPEG/source/jddctmgr.c **** 	}
 318:Middlewares/Third_Party/LibJPEG/source/jddctmgr.c ****       }
 319:Middlewares/Third_Party/LibJPEG/source/jddctmgr.c ****       break;
 320:Middlewares/Third_Party/LibJPEG/source/jddctmgr.c **** #endif
 321:Middlewares/Third_Party/LibJPEG/source/jddctmgr.c **** #ifdef DCT_FLOAT_SUPPORTED
 322:Middlewares/Third_Party/LibJPEG/source/jddctmgr.c ****     case JDCT_FLOAT:
 323:Middlewares/Third_Party/LibJPEG/source/jddctmgr.c ****       {
 324:Middlewares/Third_Party/LibJPEG/source/jddctmgr.c **** 	/* For float AA&N IDCT method, multipliers are equal to quantization
 325:Middlewares/Third_Party/LibJPEG/source/jddctmgr.c **** 	 * coefficients scaled by scalefactor[row]*scalefactor[col], where
 326:Middlewares/Third_Party/LibJPEG/source/jddctmgr.c **** 	 *   scalefactor[0] = 1
 327:Middlewares/Third_Party/LibJPEG/source/jddctmgr.c **** 	 *   scalefactor[k] = cos(k*PI/16) * sqrt(2)    for k=1..7
 328:Middlewares/Third_Party/LibJPEG/source/jddctmgr.c **** 	 * We apply a further scale factor of 1/8.
 329:Middlewares/Third_Party/LibJPEG/source/jddctmgr.c **** 	 */
 330:Middlewares/Third_Party/LibJPEG/source/jddctmgr.c **** 	FLOAT_MULT_TYPE * fmtbl = (FLOAT_MULT_TYPE *) compptr->dct_table;
 331:Middlewares/Third_Party/LibJPEG/source/jddctmgr.c **** 	int row, col;
 332:Middlewares/Third_Party/LibJPEG/source/jddctmgr.c **** 	static const double aanscalefactor[DCTSIZE] = {
 333:Middlewares/Third_Party/LibJPEG/source/jddctmgr.c **** 	  1.0, 1.387039845, 1.306562965, 1.175875602,
 334:Middlewares/Third_Party/LibJPEG/source/jddctmgr.c **** 	  1.0, 0.785694958, 0.541196100, 0.275899379
 335:Middlewares/Third_Party/LibJPEG/source/jddctmgr.c **** 	};
 336:Middlewares/Third_Party/LibJPEG/source/jddctmgr.c **** 
 337:Middlewares/Third_Party/LibJPEG/source/jddctmgr.c **** 	i = 0;
 338:Middlewares/Third_Party/LibJPEG/source/jddctmgr.c **** 	for (row = 0; row < DCTSIZE; row++) {
 339:Middlewares/Third_Party/LibJPEG/source/jddctmgr.c **** 	  for (col = 0; col < DCTSIZE; col++) {
 340:Middlewares/Third_Party/LibJPEG/source/jddctmgr.c **** 	    fmtbl[i] = (FLOAT_MULT_TYPE)
 341:Middlewares/Third_Party/LibJPEG/source/jddctmgr.c **** 	      ((double) qtbl->quantval[i] *
 342:Middlewares/Third_Party/LibJPEG/source/jddctmgr.c **** 	       aanscalefactor[row] * aanscalefactor[col] * 0.125);
 343:Middlewares/Third_Party/LibJPEG/source/jddctmgr.c **** 	    i++;
 344:Middlewares/Third_Party/LibJPEG/source/jddctmgr.c **** 	  }
 345:Middlewares/Third_Party/LibJPEG/source/jddctmgr.c **** 	}
 346:Middlewares/Third_Party/LibJPEG/source/jddctmgr.c ****       }
 347:Middlewares/Third_Party/LibJPEG/source/jddctmgr.c ****       break;
 348:Middlewares/Third_Party/LibJPEG/source/jddctmgr.c **** #endif
 349:Middlewares/Third_Party/LibJPEG/source/jddctmgr.c ****     default:
 350:Middlewares/Third_Party/LibJPEG/source/jddctmgr.c ****       ERREXIT(cinfo, JERR_NOT_COMPILED);
 151              		.loc 1 350 7 view .LVU36
 152 00aa 0298     		ldr	r0, [sp, #8]
 153 00ac 0368     		ldr	r3, [r0]
 154 00ae 3122     		movs	r2, #49
 155 00b0 5A61     		str	r2, [r3, #20]
 156 00b2 0368     		ldr	r3, [r0]
 157 00b4 1B68     		ldr	r3, [r3]
 158 00b6 9847     		blx	r3
 159              	.LVL10:
 351:Middlewares/Third_Party/LibJPEG/source/jddctmgr.c ****       break;
 160              		.loc 1 351 7 view .LVU37
ARM GAS  /tmp/ccxjlwcY.s 			page 10


 161 00b8 6AE1     		b	.L14
 162              	.LVL11:
 163              	.L76:
 102:Middlewares/Third_Party/LibJPEG/source/jddctmgr.c **** #ifdef IDCT_SCALING_SUPPORTED
 164              		.loc 1 102 5 is_stmt 0 view .LVU38
 165 00ba 40F20332 		movw	r2, #771
 166 00be 9342     		cmp	r3, r2
 167 00c0 40F0B980 		bne	.L8
 113:Middlewares/Third_Party/LibJPEG/source/jddctmgr.c ****       method = JDCT_ISLOW;	/* jidctint uses islow-style table */
 168              		.loc 1 113 18 view .LVU39
 169 00c4 864B     		ldr	r3, .L77+8
 170 00c6 0093     		str	r3, [sp]
 171              	.LVL12:
 114:Middlewares/Third_Party/LibJPEG/source/jddctmgr.c ****       break;
 172              		.loc 1 114 14 view .LVU40
 173 00c8 4FF00008 		mov	r8, #0
 174              	.LVL13:
 114:Middlewares/Third_Party/LibJPEG/source/jddctmgr.c ****       break;
 175              		.loc 1 114 14 view .LVU41
 176 00cc C3E7     		b	.L3
 177              	.LVL14:
 178              	.L5:
 102:Middlewares/Third_Party/LibJPEG/source/jddctmgr.c **** #ifdef IDCT_SCALING_SUPPORTED
 179              		.loc 1 102 5 view .LVU42
 180 00ce 40F20362 		movw	r2, #1539
 181 00d2 9342     		cmp	r3, r2
 182 00d4 00F0DD80 		beq	.L36
 183 00d8 0DDD     		ble	.L64
 184 00da 40F20C62 		movw	r2, #1548
 185 00de 9342     		cmp	r3, r2
 186 00e0 00F0E180 		beq	.L40
 187 00e4 40F20772 		movw	r2, #1799
 188 00e8 9342     		cmp	r3, r2
 189 00ea 1BD1     		bne	.L65
 129:Middlewares/Third_Party/LibJPEG/source/jddctmgr.c ****       method = JDCT_ISLOW;	/* jidctint uses islow-style table */
 190              		.loc 1 129 18 view .LVU43
 191 00ec 7D4B     		ldr	r3, .L77+12
 192 00ee 0093     		str	r3, [sp]
 193              	.LVL15:
 130:Middlewares/Third_Party/LibJPEG/source/jddctmgr.c ****       break;
 194              		.loc 1 130 14 view .LVU44
 195 00f0 4FF00008 		mov	r8, #0
 196              	.LVL16:
 130:Middlewares/Third_Party/LibJPEG/source/jddctmgr.c ****       break;
 197              		.loc 1 130 14 view .LVU45
 198 00f4 AFE7     		b	.L3
 199              	.LVL17:
 200              	.L64:
 102:Middlewares/Third_Party/LibJPEG/source/jddctmgr.c **** #ifdef IDCT_SCALING_SUPPORTED
 201              		.loc 1 102 5 view .LVU46
 202 00f6 40F20552 		movw	r2, #1285
 203 00fa 9342     		cmp	r3, r2
 204 00fc 00F0CE80 		beq	.L37
 205 0100 40F20A52 		movw	r2, #1290
 206 0104 9342     		cmp	r3, r2
 207 0106 04D1     		bne	.L66
 209:Middlewares/Third_Party/LibJPEG/source/jddctmgr.c ****       method = JDCT_ISLOW;	/* jidctint uses islow-style table */
ARM GAS  /tmp/ccxjlwcY.s 			page 11


 208              		.loc 1 209 18 view .LVU47
 209 0108 774B     		ldr	r3, .L77+16
 210 010a 0093     		str	r3, [sp]
 211              	.LVL18:
 210:Middlewares/Third_Party/LibJPEG/source/jddctmgr.c ****       break;
 212              		.loc 1 210 14 view .LVU48
 213 010c 4FF00008 		mov	r8, #0
 214              	.LVL19:
 210:Middlewares/Third_Party/LibJPEG/source/jddctmgr.c ****       break;
 215              		.loc 1 210 14 view .LVU49
 216 0110 A1E7     		b	.L3
 217              	.LVL20:
 218              	.L66:
 102:Middlewares/Third_Party/LibJPEG/source/jddctmgr.c **** #ifdef IDCT_SCALING_SUPPORTED
 219              		.loc 1 102 5 view .LVU50
 220 0112 B3F5816F 		cmp	r3, #1032
 221 0116 40F08E80 		bne	.L8
 213:Middlewares/Third_Party/LibJPEG/source/jddctmgr.c ****       method = JDCT_ISLOW;	/* jidctint uses islow-style table */
 222              		.loc 1 213 18 view .LVU51
 223 011a 744B     		ldr	r3, .L77+20
 224 011c 0093     		str	r3, [sp]
 225              	.LVL21:
 214:Middlewares/Third_Party/LibJPEG/source/jddctmgr.c ****       break;
 226              		.loc 1 214 14 view .LVU52
 227 011e 4FF00008 		mov	r8, #0
 228              	.LVL22:
 214:Middlewares/Third_Party/LibJPEG/source/jddctmgr.c ****       break;
 229              		.loc 1 214 14 view .LVU53
 230 0122 98E7     		b	.L3
 231              	.LVL23:
 232              	.L65:
 102:Middlewares/Third_Party/LibJPEG/source/jddctmgr.c **** #ifdef IDCT_SCALING_SUPPORTED
 233              		.loc 1 102 5 view .LVU54
 234 0124 40F20662 		movw	r2, #1542
 235 0128 9342     		cmp	r3, r2
 236 012a 40F08480 		bne	.L8
 125:Middlewares/Third_Party/LibJPEG/source/jddctmgr.c ****       method = JDCT_ISLOW;	/* jidctint uses islow-style table */
 237              		.loc 1 125 18 view .LVU55
 238 012e 704B     		ldr	r3, .L77+24
 239 0130 0093     		str	r3, [sp]
 240              	.LVL24:
 126:Middlewares/Third_Party/LibJPEG/source/jddctmgr.c ****       break;
 241              		.loc 1 126 14 view .LVU56
 242 0132 4FF00008 		mov	r8, #0
 243              	.LVL25:
 126:Middlewares/Third_Party/LibJPEG/source/jddctmgr.c ****       break;
 244              		.loc 1 126 14 view .LVU57
 245 0136 8EE7     		b	.L3
 246              	.LVL26:
 247              	.L4:
 102:Middlewares/Third_Party/LibJPEG/source/jddctmgr.c **** #ifdef IDCT_SCALING_SUPPORTED
 248              		.loc 1 102 5 view .LVU58
 249 0138 40F60642 		movw	r2, #3078
 250 013c 9342     		cmp	r3, r2
 251 013e 00F0B780 		beq	.L43
 252 0142 13DD     		ble	.L67
 253 0144 40F60E62 		movw	r2, #3598
ARM GAS  /tmp/ccxjlwcY.s 			page 12


 254 0148 9342     		cmp	r3, r2
 255 014a 00F0C080 		beq	.L50
 256 014e 3FDD     		ble	.L68
 257 0150 41F20802 		movw	r2, #4104
 258 0154 9342     		cmp	r3, r2
 259 0156 00F0FC80 		beq	.L54
 260 015a 41F21002 		movw	r2, #4112
 261 015e 9342     		cmp	r3, r2
 262 0160 4DD1     		bne	.L69
 161:Middlewares/Third_Party/LibJPEG/source/jddctmgr.c ****       method = JDCT_ISLOW;	/* jidctint uses islow-style table */
 263              		.loc 1 161 18 view .LVU59
 264 0162 644B     		ldr	r3, .L77+28
 265 0164 0093     		str	r3, [sp]
 266              	.LVL27:
 162:Middlewares/Third_Party/LibJPEG/source/jddctmgr.c ****       break;
 267              		.loc 1 162 14 view .LVU60
 268 0166 4FF00008 		mov	r8, #0
 269              	.LVL28:
 162:Middlewares/Third_Party/LibJPEG/source/jddctmgr.c ****       break;
 270              		.loc 1 162 14 view .LVU61
 271 016a 74E7     		b	.L3
 272              	.LVL29:
 273              	.L67:
 102:Middlewares/Third_Party/LibJPEG/source/jddctmgr.c **** #ifdef IDCT_SCALING_SUPPORTED
 274              		.loc 1 102 5 view .LVU62
 275 016c 40F60912 		movw	r2, #2313
 276 0170 9342     		cmp	r3, r2
 277 0172 00F0A280 		beq	.L44
 278 0176 0DDD     		ble	.L70
 279 0178 40F60A22 		movw	r2, #2570
 280 017c 9342     		cmp	r3, r2
 281 017e 00F0A180 		beq	.L47
 282 0182 40F60B32 		movw	r2, #2827
 283 0186 9342     		cmp	r3, r2
 284 0188 19D1     		bne	.L71
 141:Middlewares/Third_Party/LibJPEG/source/jddctmgr.c ****       method = JDCT_ISLOW;	/* jidctint uses islow-style table */
 285              		.loc 1 141 18 view .LVU63
 286 018a 5B4B     		ldr	r3, .L77+32
 287 018c 0093     		str	r3, [sp]
 288              	.LVL30:
 142:Middlewares/Third_Party/LibJPEG/source/jddctmgr.c ****       break;
 289              		.loc 1 142 14 view .LVU64
 290 018e 4FF00008 		mov	r8, #0
 291              	.LVL31:
 142:Middlewares/Third_Party/LibJPEG/source/jddctmgr.c ****       break;
 292              		.loc 1 142 14 view .LVU65
 293 0192 60E7     		b	.L3
 294              	.LVL32:
 295              	.L70:
 102:Middlewares/Third_Party/LibJPEG/source/jddctmgr.c **** #ifdef IDCT_SCALING_SUPPORTED
 296              		.loc 1 102 5 view .LVU66
 297 0194 40F60802 		movw	r2, #2056
 298 0198 9342     		cmp	r3, r2
 299 019a 39D0     		beq	.L12
 300 019c B3F5016F 		cmp	r3, #2064
 301 01a0 04D1     		bne	.L72
 197:Middlewares/Third_Party/LibJPEG/source/jddctmgr.c ****       method = JDCT_ISLOW;	/* jidctint uses islow-style table */
ARM GAS  /tmp/ccxjlwcY.s 			page 13


 302              		.loc 1 197 18 view .LVU67
 303 01a2 564B     		ldr	r3, .L77+36
 304 01a4 0093     		str	r3, [sp]
 305              	.LVL33:
 198:Middlewares/Third_Party/LibJPEG/source/jddctmgr.c ****       break;
 306              		.loc 1 198 14 view .LVU68
 307 01a6 4FF00008 		mov	r8, #0
 308              	.LVL34:
 198:Middlewares/Third_Party/LibJPEG/source/jddctmgr.c ****       break;
 309              		.loc 1 198 14 view .LVU69
 310 01aa 54E7     		b	.L3
 311              	.LVL35:
 312              	.L72:
 102:Middlewares/Third_Party/LibJPEG/source/jddctmgr.c **** #ifdef IDCT_SCALING_SUPPORTED
 313              		.loc 1 102 5 view .LVU70
 314 01ac 40F60402 		movw	r2, #2052
 315 01b0 9342     		cmp	r3, r2
 316 01b2 40D1     		bne	.L8
 181:Middlewares/Third_Party/LibJPEG/source/jddctmgr.c ****       method = JDCT_ISLOW;	/* jidctint uses islow-style table */
 317              		.loc 1 181 18 view .LVU71
 318 01b4 524B     		ldr	r3, .L77+40
 319 01b6 0093     		str	r3, [sp]
 320              	.LVL36:
 182:Middlewares/Third_Party/LibJPEG/source/jddctmgr.c ****       break;
 321              		.loc 1 182 14 view .LVU72
 322 01b8 4FF00008 		mov	r8, #0
 323              	.LVL37:
 182:Middlewares/Third_Party/LibJPEG/source/jddctmgr.c ****       break;
 324              		.loc 1 182 14 view .LVU73
 325 01bc 4BE7     		b	.L3
 326              	.LVL38:
 327              	.L71:
 102:Middlewares/Third_Party/LibJPEG/source/jddctmgr.c **** #ifdef IDCT_SCALING_SUPPORTED
 328              		.loc 1 102 5 view .LVU74
 329 01be 40F60522 		movw	r2, #2565
 330 01c2 9342     		cmp	r3, r2
 331 01c4 37D1     		bne	.L8
 177:Middlewares/Third_Party/LibJPEG/source/jddctmgr.c ****       method = JDCT_ISLOW;	/* jidctint uses islow-style table */
 332              		.loc 1 177 18 view .LVU75
 333 01c6 4F4B     		ldr	r3, .L77+44
 334 01c8 0093     		str	r3, [sp]
 335              	.LVL39:
 178:Middlewares/Third_Party/LibJPEG/source/jddctmgr.c ****       break;
 336              		.loc 1 178 14 view .LVU76
 337 01ca 4FF00008 		mov	r8, #0
 338              	.LVL40:
 178:Middlewares/Third_Party/LibJPEG/source/jddctmgr.c ****       break;
 339              		.loc 1 178 14 view .LVU77
 340 01ce 42E7     		b	.L3
 341              	.LVL41:
 342              	.L68:
 102:Middlewares/Third_Party/LibJPEG/source/jddctmgr.c **** #ifdef IDCT_SCALING_SUPPORTED
 343              		.loc 1 102 5 view .LVU78
 344 01d0 40F60D52 		movw	r2, #3341
 345 01d4 9342     		cmp	r3, r2
 346 01d6 00F0B780 		beq	.L51
 347 01da 40F60762 		movw	r2, #3591
ARM GAS  /tmp/ccxjlwcY.s 			page 14


 348 01de 9342     		cmp	r3, r2
 349 01e0 04D1     		bne	.L73
 169:Middlewares/Third_Party/LibJPEG/source/jddctmgr.c ****       method = JDCT_ISLOW;	/* jidctint uses islow-style table */
 350              		.loc 1 169 18 view .LVU79
 351 01e2 494B     		ldr	r3, .L77+48
 352 01e4 0093     		str	r3, [sp]
 353              	.LVL42:
 170:Middlewares/Third_Party/LibJPEG/source/jddctmgr.c ****       break;
 354              		.loc 1 170 14 view .LVU80
 355 01e6 4FF00008 		mov	r8, #0
 356              	.LVL43:
 170:Middlewares/Third_Party/LibJPEG/source/jddctmgr.c ****       break;
 357              		.loc 1 170 14 view .LVU81
 358 01ea 34E7     		b	.L3
 359              	.LVL44:
 360              	.L73:
 102:Middlewares/Third_Party/LibJPEG/source/jddctmgr.c **** #ifdef IDCT_SCALING_SUPPORTED
 361              		.loc 1 102 5 view .LVU82
 362 01ec 40F60C42 		movw	r2, #3084
 363 01f0 9342     		cmp	r3, r2
 364 01f2 20D1     		bne	.L8
 145:Middlewares/Third_Party/LibJPEG/source/jddctmgr.c ****       method = JDCT_ISLOW;	/* jidctint uses islow-style table */
 365              		.loc 1 145 18 view .LVU83
 366 01f4 454B     		ldr	r3, .L77+52
 367 01f6 0093     		str	r3, [sp]
 368              	.LVL45:
 146:Middlewares/Third_Party/LibJPEG/source/jddctmgr.c ****       break;
 369              		.loc 1 146 14 view .LVU84
 370 01f8 4FF00008 		mov	r8, #0
 371              	.LVL46:
 146:Middlewares/Third_Party/LibJPEG/source/jddctmgr.c ****       break;
 372              		.loc 1 146 14 view .LVU85
 373 01fc 2BE7     		b	.L3
 374              	.LVL47:
 375              	.L69:
 102:Middlewares/Third_Party/LibJPEG/source/jddctmgr.c **** #ifdef IDCT_SCALING_SUPPORTED
 376              		.loc 1 102 5 view .LVU86
 377 01fe 40F60F72 		movw	r2, #3855
 378 0202 9342     		cmp	r3, r2
 379 0204 17D1     		bne	.L8
 157:Middlewares/Third_Party/LibJPEG/source/jddctmgr.c ****       method = JDCT_ISLOW;	/* jidctint uses islow-style table */
 380              		.loc 1 157 18 view .LVU87
 381 0206 424B     		ldr	r3, .L77+56
 382 0208 0093     		str	r3, [sp]
 383              	.LVL48:
 158:Middlewares/Third_Party/LibJPEG/source/jddctmgr.c ****       break;
 384              		.loc 1 158 14 view .LVU88
 385 020a 4FF00008 		mov	r8, #0
 386              	.LVL49:
 158:Middlewares/Third_Party/LibJPEG/source/jddctmgr.c ****       break;
 387              		.loc 1 158 14 view .LVU89
 388 020e 22E7     		b	.L3
 389              	.LVL50:
 390              	.L12:
 230:Middlewares/Third_Party/LibJPEG/source/jddctmgr.c **** #ifdef DCT_ISLOW_SUPPORTED
 391              		.loc 1 230 7 is_stmt 1 view .LVU90
 230:Middlewares/Third_Party/LibJPEG/source/jddctmgr.c **** #ifdef DCT_ISLOW_SUPPORTED
ARM GAS  /tmp/ccxjlwcY.s 			page 15


 392              		.loc 1 230 20 is_stmt 0 view .LVU91
 393 0210 0298     		ldr	r0, [sp, #8]
 394 0212 90F84830 		ldrb	r3, [r0, #72]	@ zero_extendqisi2
 395 0216 012B     		cmp	r3, #1
 396 0218 00F0A080 		beq	.L57
 397 021c 022B     		cmp	r3, #2
 398 021e 00F0A280 		beq	.L58
 399 0222 002B     		cmp	r3, #0
 400 0224 00F0A480 		beq	.L59
 250:Middlewares/Third_Party/LibJPEG/source/jddctmgr.c **** 	break;
 401              		.loc 1 250 2 is_stmt 1 view .LVU92
 402 0228 0368     		ldr	r3, [r0]
 403 022a 3122     		movs	r2, #49
 404 022c 5A61     		str	r2, [r3, #20]
 405 022e 0368     		ldr	r3, [r0]
 406 0230 1B68     		ldr	r3, [r3]
 407 0232 9847     		blx	r3
 408              	.LVL51:
 251:Middlewares/Third_Party/LibJPEG/source/jddctmgr.c ****       }
 409              		.loc 1 251 2 view .LVU93
 410 0234 0FE7     		b	.L3
 411              	.L8:
 255:Middlewares/Third_Party/LibJPEG/source/jddctmgr.c **** 	       compptr->DCT_h_scaled_size, compptr->DCT_v_scaled_size);
 412              		.loc 1 255 7 view .LVU94
 413 0236 0298     		ldr	r0, [sp, #8]
 414 0238 0368     		ldr	r3, [r0]
 415 023a 0722     		movs	r2, #7
 416 023c 5A61     		str	r2, [r3, #20]
 417 023e 0368     		ldr	r3, [r0]
 418 0240 D9F82420 		ldr	r2, [r9, #36]
 419 0244 9A61     		str	r2, [r3, #24]
 420 0246 0368     		ldr	r3, [r0]
 421 0248 D9F82820 		ldr	r2, [r9, #40]
 422 024c DA61     		str	r2, [r3, #28]
 423 024e 0368     		ldr	r3, [r0]
 424 0250 1B68     		ldr	r3, [r3]
 425 0252 9847     		blx	r3
 426              	.LVL52:
 257:Middlewares/Third_Party/LibJPEG/source/jddctmgr.c ****     }
 427              		.loc 1 257 7 view .LVU95
 428 0254 FFE6     		b	.L3
 429              	.L26:
 201:Middlewares/Third_Party/LibJPEG/source/jddctmgr.c ****       method = JDCT_ISLOW;	/* jidctint uses islow-style table */
 430              		.loc 1 201 18 is_stmt 0 view .LVU96
 431 0256 2F4B     		ldr	r3, .L77+60
 432 0258 0093     		str	r3, [sp]
 433              	.LVL53:
 202:Middlewares/Third_Party/LibJPEG/source/jddctmgr.c ****       break;
 434              		.loc 1 202 14 view .LVU97
 435 025a 4FF00008 		mov	r8, #0
 436              	.LVL54:
 202:Middlewares/Third_Party/LibJPEG/source/jddctmgr.c ****       break;
 437              		.loc 1 202 14 view .LVU98
 438 025e FAE6     		b	.L3
 439              	.LVL55:
 440              	.L27:
 117:Middlewares/Third_Party/LibJPEG/source/jddctmgr.c ****       method = JDCT_ISLOW;	/* jidctint uses islow-style table */
ARM GAS  /tmp/ccxjlwcY.s 			page 16


 441              		.loc 1 117 18 view .LVU99
 442 0260 2D4B     		ldr	r3, .L77+64
 443 0262 0093     		str	r3, [sp]
 444              	.LVL56:
 118:Middlewares/Third_Party/LibJPEG/source/jddctmgr.c ****       break;
 445              		.loc 1 118 14 view .LVU100
 446 0264 4FF00008 		mov	r8, #0
 447              	.LVL57:
 118:Middlewares/Third_Party/LibJPEG/source/jddctmgr.c ****       break;
 448              		.loc 1 118 14 view .LVU101
 449 0268 F5E6     		b	.L3
 450              	.LVL58:
 451              	.L28:
 221:Middlewares/Third_Party/LibJPEG/source/jddctmgr.c ****       method = JDCT_ISLOW;	/* jidctint uses islow-style table */
 452              		.loc 1 221 18 view .LVU102
 453 026a 2C4B     		ldr	r3, .L77+68
 454 026c 0093     		str	r3, [sp]
 455              	.LVL59:
 222:Middlewares/Third_Party/LibJPEG/source/jddctmgr.c ****       break;
 456              		.loc 1 222 14 view .LVU103
 457 026e 4FF00008 		mov	r8, #0
 458              	.LVL60:
 222:Middlewares/Third_Party/LibJPEG/source/jddctmgr.c ****       break;
 459              		.loc 1 222 14 view .LVU104
 460 0272 F0E6     		b	.L3
 461              	.LVL61:
 462              	.L29:
 193:Middlewares/Third_Party/LibJPEG/source/jddctmgr.c ****       method = JDCT_ISLOW;	/* jidctint uses islow-style table */
 463              		.loc 1 193 18 view .LVU105
 464 0274 2A4B     		ldr	r3, .L77+72
 465 0276 0093     		str	r3, [sp]
 466              	.LVL62:
 194:Middlewares/Third_Party/LibJPEG/source/jddctmgr.c ****       break;
 467              		.loc 1 194 14 view .LVU106
 468 0278 4FF00008 		mov	r8, #0
 469              	.LVL63:
 194:Middlewares/Third_Party/LibJPEG/source/jddctmgr.c ****       break;
 470              		.loc 1 194 14 view .LVU107
 471 027c EBE6     		b	.L3
 472              	.LVL64:
 473              	.L30:
 102:Middlewares/Third_Party/LibJPEG/source/jddctmgr.c **** #ifdef IDCT_SCALING_SUPPORTED
 474              		.loc 1 102 5 view .LVU108
 475 027e 294B     		ldr	r3, .L77+76
 476 0280 0093     		str	r3, [sp]
 477              	.LVL65:
 102:Middlewares/Third_Party/LibJPEG/source/jddctmgr.c **** #ifdef IDCT_SCALING_SUPPORTED
 478              		.loc 1 102 5 view .LVU109
 479 0282 4FF00008 		mov	r8, #0
 480              	.LVL66:
 102:Middlewares/Third_Party/LibJPEG/source/jddctmgr.c **** #ifdef IDCT_SCALING_SUPPORTED
 481              		.loc 1 102 5 view .LVU110
 482 0286 E6E6     		b	.L3
 483              	.LVL67:
 484              	.L33:
 217:Middlewares/Third_Party/LibJPEG/source/jddctmgr.c ****       method = JDCT_ISLOW;	/* jidctint uses islow-style table */
 485              		.loc 1 217 18 view .LVU111
ARM GAS  /tmp/ccxjlwcY.s 			page 17


 486 0288 274B     		ldr	r3, .L77+80
 487 028a 0093     		str	r3, [sp]
 488              	.LVL68:
 218:Middlewares/Third_Party/LibJPEG/source/jddctmgr.c ****       break;
 489              		.loc 1 218 14 view .LVU112
 490 028c 4FF00008 		mov	r8, #0
 491              	.LVL69:
 218:Middlewares/Third_Party/LibJPEG/source/jddctmgr.c ****       break;
 492              		.loc 1 218 14 view .LVU113
 493 0290 E1E6     		b	.L3
 494              	.LVL70:
 495              	.L36:
 185:Middlewares/Third_Party/LibJPEG/source/jddctmgr.c ****       method = JDCT_ISLOW;	/* jidctint uses islow-style table */
 496              		.loc 1 185 18 view .LVU114
 497 0292 264B     		ldr	r3, .L77+84
 498 0294 0093     		str	r3, [sp]
 499              	.LVL71:
 186:Middlewares/Third_Party/LibJPEG/source/jddctmgr.c ****       break;
 500              		.loc 1 186 14 view .LVU115
 501 0296 4FF00008 		mov	r8, #0
 502              	.LVL72:
 186:Middlewares/Third_Party/LibJPEG/source/jddctmgr.c ****       break;
 503              		.loc 1 186 14 view .LVU116
 504 029a DCE6     		b	.L3
 505              	.LVL73:
 506              	.L37:
 121:Middlewares/Third_Party/LibJPEG/source/jddctmgr.c ****       method = JDCT_ISLOW;	/* jidctint uses islow-style table */
 507              		.loc 1 121 18 view .LVU117
 508 029c 244B     		ldr	r3, .L77+88
 509 029e 0093     		str	r3, [sp]
 510              	.LVL74:
 122:Middlewares/Third_Party/LibJPEG/source/jddctmgr.c ****       break;
 511              		.loc 1 122 14 view .LVU118
 512 02a0 4FF00008 		mov	r8, #0
 513              	.LVL75:
 122:Middlewares/Third_Party/LibJPEG/source/jddctmgr.c ****       break;
 514              		.loc 1 122 14 view .LVU119
 515 02a4 D7E6     		b	.L3
 516              	.LVL76:
 517              	.L40:
 205:Middlewares/Third_Party/LibJPEG/source/jddctmgr.c ****       method = JDCT_ISLOW;	/* jidctint uses islow-style table */
 518              		.loc 1 205 18 view .LVU120
 519 02a6 234B     		ldr	r3, .L77+92
 520 02a8 0093     		str	r3, [sp]
 521              	.LVL77:
 206:Middlewares/Third_Party/LibJPEG/source/jddctmgr.c ****       break;
 522              		.loc 1 206 14 view .LVU121
 523 02aa 4FF00008 		mov	r8, #0
 524              	.LVL78:
 206:Middlewares/Third_Party/LibJPEG/source/jddctmgr.c ****       break;
 525              		.loc 1 206 14 view .LVU122
 526 02ae D2E6     		b	.L3
 527              	.LVL79:
 528              	.L43:
 173:Middlewares/Third_Party/LibJPEG/source/jddctmgr.c ****       method = JDCT_ISLOW;	/* jidctint uses islow-style table */
 529              		.loc 1 173 18 view .LVU123
 530 02b0 214B     		ldr	r3, .L77+96
ARM GAS  /tmp/ccxjlwcY.s 			page 18


 531 02b2 0093     		str	r3, [sp]
 532              	.LVL80:
 174:Middlewares/Third_Party/LibJPEG/source/jddctmgr.c ****       break;
 533              		.loc 1 174 14 view .LVU124
 534 02b4 4FF00008 		mov	r8, #0
 535              	.LVL81:
 174:Middlewares/Third_Party/LibJPEG/source/jddctmgr.c ****       break;
 536              		.loc 1 174 14 view .LVU125
 537 02b8 CDE6     		b	.L3
 538              	.LVL82:
 539              	.L44:
 133:Middlewares/Third_Party/LibJPEG/source/jddctmgr.c ****       method = JDCT_ISLOW;	/* jidctint uses islow-style table */
 540              		.loc 1 133 18 view .LVU126
 541 02ba 204B     		ldr	r3, .L77+100
 542 02bc 0093     		str	r3, [sp]
 543              	.LVL83:
 134:Middlewares/Third_Party/LibJPEG/source/jddctmgr.c ****       break;
 544              		.loc 1 134 14 view .LVU127
 545 02be 4FF00008 		mov	r8, #0
 546              	.LVL84:
 134:Middlewares/Third_Party/LibJPEG/source/jddctmgr.c ****       break;
 547              		.loc 1 134 14 view .LVU128
 548 02c2 C8E6     		b	.L3
 549              	.LVL85:
 550              	.L47:
 137:Middlewares/Third_Party/LibJPEG/source/jddctmgr.c ****       method = JDCT_ISLOW;	/* jidctint uses islow-style table */
 551              		.loc 1 137 18 view .LVU129
 552 02c4 1E4B     		ldr	r3, .L77+104
 553 02c6 0093     		str	r3, [sp]
 554              	.LVL86:
 138:Middlewares/Third_Party/LibJPEG/source/jddctmgr.c ****       break;
 555              		.loc 1 138 14 view .LVU130
 556 02c8 4FF00008 		mov	r8, #0
 557              	.LVL87:
 138:Middlewares/Third_Party/LibJPEG/source/jddctmgr.c ****       break;
 558              		.loc 1 138 14 view .LVU131
 559 02cc C3E6     		b	.L3
 560              	.LVL88:
 561              	.L50:
 153:Middlewares/Third_Party/LibJPEG/source/jddctmgr.c ****       method = JDCT_ISLOW;	/* jidctint uses islow-style table */
 562              		.loc 1 153 18 view .LVU132
 563 02ce 1D4B     		ldr	r3, .L77+108
 564 02d0 0093     		str	r3, [sp]
 565              	.LVL89:
 154:Middlewares/Third_Party/LibJPEG/source/jddctmgr.c ****       break;
 566              		.loc 1 154 14 view .LVU133
 567 02d2 4FF00008 		mov	r8, #0
 568              	.LVL90:
 154:Middlewares/Third_Party/LibJPEG/source/jddctmgr.c ****       break;
 569              		.loc 1 154 14 view .LVU134
 570 02d6 BEE6     		b	.L3
 571              	.L78:
 572              		.align	2
 573              	.L77:
 574 02d8 00000000 		.word	jpeg_idct_2x2
 575 02dc 00000000 		.word	jpeg_idct_1x2
 576 02e0 00000000 		.word	jpeg_idct_3x3
ARM GAS  /tmp/ccxjlwcY.s 			page 19


 577 02e4 00000000 		.word	jpeg_idct_7x7
 578 02e8 00000000 		.word	jpeg_idct_5x10
 579 02ec 00000000 		.word	jpeg_idct_4x8
 580 02f0 00000000 		.word	jpeg_idct_6x6
 581 02f4 00000000 		.word	jpeg_idct_16x16
 582 02f8 00000000 		.word	jpeg_idct_11x11
 583 02fc 00000000 		.word	jpeg_idct_8x16
 584 0300 00000000 		.word	jpeg_idct_8x4
 585 0304 00000000 		.word	jpeg_idct_10x5
 586 0308 00000000 		.word	jpeg_idct_14x7
 587 030c 00000000 		.word	jpeg_idct_12x12
 588 0310 00000000 		.word	jpeg_idct_15x15
 589 0314 00000000 		.word	jpeg_idct_7x14
 590 0318 00000000 		.word	jpeg_idct_4x4
 591 031c 00000000 		.word	jpeg_idct_2x4
 592 0320 00000000 		.word	jpeg_idct_2x1
 593 0324 00000000 		.word	jpeg_idct_1x1
 594 0328 00000000 		.word	jpeg_idct_3x6
 595 032c 00000000 		.word	jpeg_idct_6x3
 596 0330 00000000 		.word	jpeg_idct_5x5
 597 0334 00000000 		.word	jpeg_idct_6x12
 598 0338 00000000 		.word	jpeg_idct_12x6
 599 033c 00000000 		.word	jpeg_idct_9x9
 600 0340 00000000 		.word	jpeg_idct_10x10
 601 0344 00000000 		.word	jpeg_idct_14x14
 602              	.LVL91:
 603              	.L51:
 149:Middlewares/Third_Party/LibJPEG/source/jddctmgr.c ****       method = JDCT_ISLOW;	/* jidctint uses islow-style table */
 604              		.loc 1 149 18 view .LVU135
 605 0348 4C4B     		ldr	r3, .L79
 606 034a 0093     		str	r3, [sp]
 607              	.LVL92:
 150:Middlewares/Third_Party/LibJPEG/source/jddctmgr.c ****       break;
 608              		.loc 1 150 14 view .LVU136
 609 034c 4FF00008 		mov	r8, #0
 610              	.LVL93:
 150:Middlewares/Third_Party/LibJPEG/source/jddctmgr.c ****       break;
 611              		.loc 1 150 14 view .LVU137
 612 0350 81E6     		b	.L3
 613              	.LVL94:
 614              	.L54:
 165:Middlewares/Third_Party/LibJPEG/source/jddctmgr.c ****       method = JDCT_ISLOW;	/* jidctint uses islow-style table */
 615              		.loc 1 165 18 view .LVU138
 616 0352 4B4B     		ldr	r3, .L79+4
 617 0354 0093     		str	r3, [sp]
 618              	.LVL95:
 166:Middlewares/Third_Party/LibJPEG/source/jddctmgr.c ****       break;
 619              		.loc 1 166 14 view .LVU139
 620 0356 4FF00008 		mov	r8, #0
 621              	.LVL96:
 166:Middlewares/Third_Party/LibJPEG/source/jddctmgr.c ****       break;
 622              		.loc 1 166 14 view .LVU140
 623 035a 7CE6     		b	.L3
 624              	.LVL97:
 625              	.L57:
 239:Middlewares/Third_Party/LibJPEG/source/jddctmgr.c **** 	method = JDCT_IFAST;
 626              		.loc 1 239 13 view .LVU141
ARM GAS  /tmp/ccxjlwcY.s 			page 20


 627 035c 494B     		ldr	r3, .L79+8
 628 035e 0093     		str	r3, [sp]
 629              	.LVL98:
 240:Middlewares/Third_Party/LibJPEG/source/jddctmgr.c **** 	break;
 630              		.loc 1 240 9 view .LVU142
 631 0360 4FF00108 		mov	r8, #1
 632              	.LVL99:
 240:Middlewares/Third_Party/LibJPEG/source/jddctmgr.c **** 	break;
 633              		.loc 1 240 9 view .LVU143
 634 0364 77E6     		b	.L3
 635              	.LVL100:
 636              	.L58:
 245:Middlewares/Third_Party/LibJPEG/source/jddctmgr.c **** 	method = JDCT_FLOAT;
 637              		.loc 1 245 13 view .LVU144
 638 0366 484B     		ldr	r3, .L79+12
 639 0368 0093     		str	r3, [sp]
 640              	.LVL101:
 246:Middlewares/Third_Party/LibJPEG/source/jddctmgr.c **** 	break;
 641              		.loc 1 246 9 view .LVU145
 642 036a 4FF00208 		mov	r8, #2
 643              	.LVL102:
 246:Middlewares/Third_Party/LibJPEG/source/jddctmgr.c **** 	break;
 644              		.loc 1 246 9 view .LVU146
 645 036e 72E6     		b	.L3
 646              	.LVL103:
 647              	.L59:
 246:Middlewares/Third_Party/LibJPEG/source/jddctmgr.c **** 	break;
 648              		.loc 1 246 9 view .LVU147
 649 0370 464B     		ldr	r3, .L79+16
 650 0372 0093     		str	r3, [sp]
 651              	.LVL104:
 246:Middlewares/Third_Party/LibJPEG/source/jddctmgr.c **** 	break;
 652              		.loc 1 246 9 view .LVU148
 653 0374 4FF00008 		mov	r8, #0
 654              	.LVL105:
 246:Middlewares/Third_Party/LibJPEG/source/jddctmgr.c **** 	break;
 655              		.loc 1 246 9 view .LVU149
 656 0378 6DE6     		b	.L3
 657              	.LVL106:
 658              	.L63:
 659              	.LBB2:
 280:Middlewares/Third_Party/LibJPEG/source/jddctmgr.c **** 	for (i = 0; i < DCTSIZE2; i++) {
 660              		.loc 1 280 2 is_stmt 1 view .LVU150
 280:Middlewares/Third_Party/LibJPEG/source/jddctmgr.c **** 	for (i = 0; i < DCTSIZE2; i++) {
 661              		.loc 1 280 20 is_stmt 0 view .LVU151
 662 037a D9F85410 		ldr	r1, [r9, #84]
 663              	.LVL107:
 281:Middlewares/Third_Party/LibJPEG/source/jddctmgr.c **** 	  ismtbl[i] = (ISLOW_MULT_TYPE) qtbl->quantval[i];
 664              		.loc 1 281 2 is_stmt 1 view .LVU152
 281:Middlewares/Third_Party/LibJPEG/source/jddctmgr.c **** 	  ismtbl[i] = (ISLOW_MULT_TYPE) qtbl->quantval[i];
 665              		.loc 1 281 9 is_stmt 0 view .LVU153
 666 037e 4346     		mov	r3, r8
 281:Middlewares/Third_Party/LibJPEG/source/jddctmgr.c **** 	  ismtbl[i] = (ISLOW_MULT_TYPE) qtbl->quantval[i];
 667              		.loc 1 281 2 view .LVU154
 668 0380 04E0     		b	.L18
 669              	.LVL108:
 670              	.L19:
ARM GAS  /tmp/ccxjlwcY.s 			page 21


 282:Middlewares/Third_Party/LibJPEG/source/jddctmgr.c **** 	}
 671              		.loc 1 282 4 is_stmt 1 discriminator 3 view .LVU155
 282:Middlewares/Third_Party/LibJPEG/source/jddctmgr.c **** 	}
 672              		.loc 1 282 48 is_stmt 0 discriminator 3 view .LVU156
 673 0382 37F81320 		ldrh	r2, [r7, r3, lsl #1]
 282:Middlewares/Third_Party/LibJPEG/source/jddctmgr.c **** 	}
 674              		.loc 1 282 14 discriminator 3 view .LVU157
 675 0386 41F82320 		str	r2, [r1, r3, lsl #2]
 281:Middlewares/Third_Party/LibJPEG/source/jddctmgr.c **** 	  ismtbl[i] = (ISLOW_MULT_TYPE) qtbl->quantval[i];
 676              		.loc 1 281 28 is_stmt 1 discriminator 3 view .LVU158
 281:Middlewares/Third_Party/LibJPEG/source/jddctmgr.c **** 	  ismtbl[i] = (ISLOW_MULT_TYPE) qtbl->quantval[i];
 677              		.loc 1 281 29 is_stmt 0 discriminator 3 view .LVU159
 678 038a 0133     		adds	r3, r3, #1
 679              	.LVL109:
 680              	.L18:
 281:Middlewares/Third_Party/LibJPEG/source/jddctmgr.c **** 	  ismtbl[i] = (ISLOW_MULT_TYPE) qtbl->quantval[i];
 681              		.loc 1 281 14 is_stmt 1 discriminator 1 view .LVU160
 281:Middlewares/Third_Party/LibJPEG/source/jddctmgr.c **** 	  ismtbl[i] = (ISLOW_MULT_TYPE) qtbl->quantval[i];
 682              		.loc 1 281 2 is_stmt 0 discriminator 1 view .LVU161
 683 038c 3F2B     		cmp	r3, #63
 684 038e F8DD     		ble	.L19
 685              	.LVL110:
 686              	.L14:
 281:Middlewares/Third_Party/LibJPEG/source/jddctmgr.c **** 	  ismtbl[i] = (ISLOW_MULT_TYPE) qtbl->quantval[i];
 687              		.loc 1 281 2 discriminator 1 view .LVU162
 688              	.LBE2:
 100:Middlewares/Third_Party/LibJPEG/source/jddctmgr.c ****     /* Select the proper IDCT routine for this component's scaling */
 689              		.loc 1 100 8 is_stmt 1 view .LVU163
 100:Middlewares/Third_Party/LibJPEG/source/jddctmgr.c ****     /* Select the proper IDCT routine for this component's scaling */
 690              		.loc 1 100 10 is_stmt 0 view .LVU164
 691 0390 019B     		ldr	r3, [sp, #4]
 692 0392 0133     		adds	r3, r3, #1
 693 0394 0193     		str	r3, [sp, #4]
 694              	.LVL111:
 100:Middlewares/Third_Party/LibJPEG/source/jddctmgr.c ****     /* Select the proper IDCT routine for this component's scaling */
 695              		.loc 1 100 21 view .LVU165
 696 0396 09F15809 		add	r9, r9, #88
 697              	.LVL112:
 698              	.L2:
  99:Middlewares/Third_Party/LibJPEG/source/jddctmgr.c ****        ci++, compptr++) {
 699              		.loc 1 99 44 is_stmt 1 discriminator 1 view .LVU166
  99:Middlewares/Third_Party/LibJPEG/source/jddctmgr.c ****        ci++, compptr++) {
 700              		.loc 1 99 54 is_stmt 0 discriminator 1 view .LVU167
 701 039a 029B     		ldr	r3, [sp, #8]
 702 039c 5B6A     		ldr	r3, [r3, #36]
  99:Middlewares/Third_Party/LibJPEG/source/jddctmgr.c ****        ci++, compptr++) {
 703              		.loc 1 99 3 discriminator 1 view .LVU168
 704 039e 019A     		ldr	r2, [sp, #4]
 705 03a0 9342     		cmp	r3, r2
 706 03a2 68DD     		ble	.L74
 102:Middlewares/Third_Party/LibJPEG/source/jddctmgr.c **** #ifdef IDCT_SCALING_SUPPORTED
 707              		.loc 1 102 5 is_stmt 1 view .LVU169
 102:Middlewares/Third_Party/LibJPEG/source/jddctmgr.c **** #ifdef IDCT_SCALING_SUPPORTED
 708              		.loc 1 102 21 is_stmt 0 view .LVU170
 709 03a4 D9F82420 		ldr	r2, [r9, #36]
 102:Middlewares/Third_Party/LibJPEG/source/jddctmgr.c **** #ifdef IDCT_SCALING_SUPPORTED
 710              		.loc 1 102 56 view .LVU171
ARM GAS  /tmp/ccxjlwcY.s 			page 22


 711 03a8 D9F82830 		ldr	r3, [r9, #40]
 102:Middlewares/Third_Party/LibJPEG/source/jddctmgr.c **** #ifdef IDCT_SCALING_SUPPORTED
 712              		.loc 1 102 47 view .LVU172
 713 03ac 03EB0223 		add	r3, r3, r2, lsl #8
 102:Middlewares/Third_Party/LibJPEG/source/jddctmgr.c **** #ifdef IDCT_SCALING_SUPPORTED
 714              		.loc 1 102 5 view .LVU173
 715 03b0 40F20E72 		movw	r2, #1806
 716 03b4 9342     		cmp	r3, r2
 717 03b6 3FF44EAF 		beq	.L26
 718 03ba 3FF7BDAE 		bgt	.L4
 719 03be 40F20442 		movw	r2, #1028
 720 03c2 9342     		cmp	r3, r2
 721 03c4 3FF44CAF 		beq	.L27
 722 03c8 3FF781AE 		bgt	.L5
 723 03cc B3F5017F 		cmp	r3, #516
 724 03d0 3FF44BAF 		beq	.L28
 725 03d4 7FF722AE 		ble	.L75
 726 03d8 40F20632 		movw	r2, #774
 727 03dc 9342     		cmp	r3, r2
 728 03de 3FF453AF 		beq	.L33
 729 03e2 40F20242 		movw	r2, #1026
 730 03e6 9342     		cmp	r3, r2
 731 03e8 7FF467AE 		bne	.L76
 189:Middlewares/Third_Party/LibJPEG/source/jddctmgr.c ****       method = JDCT_ISLOW;	/* jidctint uses islow-style table */
 732              		.loc 1 189 18 view .LVU174
 733 03ec 284B     		ldr	r3, .L79+20
 734 03ee 0093     		str	r3, [sp]
 735              	.LVL113:
 190:Middlewares/Third_Party/LibJPEG/source/jddctmgr.c ****       break;
 736              		.loc 1 190 14 view .LVU175
 737 03f0 4FF00008 		mov	r8, #0
 738              	.LVL114:
 190:Middlewares/Third_Party/LibJPEG/source/jddctmgr.c ****       break;
 739              		.loc 1 190 14 view .LVU176
 740 03f4 2FE6     		b	.L3
 741              	.LVL115:
 742              	.L15:
 743              	.LBB3:
 297:Middlewares/Third_Party/LibJPEG/source/jddctmgr.c **** #define CONST_BITS 14
 744              		.loc 1 297 2 is_stmt 1 view .LVU177
 297:Middlewares/Third_Party/LibJPEG/source/jddctmgr.c **** #define CONST_BITS 14
 745              		.loc 1 297 20 is_stmt 0 view .LVU178
 746 03f6 D9F85400 		ldr	r0, [r9, #84]
 747              	.LVL116:
 299:Middlewares/Third_Party/LibJPEG/source/jddctmgr.c **** 	  /* precomputed values scaled up by 14 bits */
 748              		.loc 1 299 2 is_stmt 1 view .LVU179
 312:Middlewares/Third_Party/LibJPEG/source/jddctmgr.c **** 	  ifmtbl[i] = (IFAST_MULT_TYPE)
 749              		.loc 1 312 2 view .LVU180
 312:Middlewares/Third_Party/LibJPEG/source/jddctmgr.c **** 	  ifmtbl[i] = (IFAST_MULT_TYPE)
 750              		.loc 1 312 9 is_stmt 0 view .LVU181
 751 03fa 0022     		movs	r2, #0
 312:Middlewares/Third_Party/LibJPEG/source/jddctmgr.c **** 	  ifmtbl[i] = (IFAST_MULT_TYPE)
 752              		.loc 1 312 2 view .LVU182
 753 03fc 0CE0     		b	.L20
 754              	.LVL117:
 755              	.L21:
 313:Middlewares/Third_Party/LibJPEG/source/jddctmgr.c **** 	    DESCALE(MULTIPLY16V16((INT32) qtbl->quantval[i],
ARM GAS  /tmp/ccxjlwcY.s 			page 23


 756              		.loc 1 313 4 is_stmt 1 discriminator 3 view .LVU183
 314:Middlewares/Third_Party/LibJPEG/source/jddctmgr.c **** 				  (INT32) aanscales[i]),
 757              		.loc 1 314 6 is_stmt 0 discriminator 3 view .LVU184
 758 03fe 37F81230 		ldrh	r3, [r7, r2, lsl #1]
 759 0402 2449     		ldr	r1, .L79+24
 760 0404 31F91210 		ldrsh	r1, [r1, r2, lsl #1]
 761 0408 01FB03F3 		mul	r3, r1, r3
 762 040c 03F50063 		add	r3, r3, #2048
 763 0410 1B13     		asrs	r3, r3, #12
 313:Middlewares/Third_Party/LibJPEG/source/jddctmgr.c **** 	    DESCALE(MULTIPLY16V16((INT32) qtbl->quantval[i],
 764              		.loc 1 313 14 discriminator 3 view .LVU185
 765 0412 40F82230 		str	r3, [r0, r2, lsl #2]
 312:Middlewares/Third_Party/LibJPEG/source/jddctmgr.c **** 	  ifmtbl[i] = (IFAST_MULT_TYPE)
 766              		.loc 1 312 28 is_stmt 1 discriminator 3 view .LVU186
 312:Middlewares/Third_Party/LibJPEG/source/jddctmgr.c **** 	  ifmtbl[i] = (IFAST_MULT_TYPE)
 767              		.loc 1 312 29 is_stmt 0 discriminator 3 view .LVU187
 768 0416 0132     		adds	r2, r2, #1
 769              	.LVL118:
 770              	.L20:
 312:Middlewares/Third_Party/LibJPEG/source/jddctmgr.c **** 	  ifmtbl[i] = (IFAST_MULT_TYPE)
 771              		.loc 1 312 14 is_stmt 1 discriminator 1 view .LVU188
 312:Middlewares/Third_Party/LibJPEG/source/jddctmgr.c **** 	  ifmtbl[i] = (IFAST_MULT_TYPE)
 772              		.loc 1 312 2 is_stmt 0 discriminator 1 view .LVU189
 773 0418 3F2A     		cmp	r2, #63
 774 041a F0DD     		ble	.L21
 775 041c B8E7     		b	.L14
 776              	.LVL119:
 777              	.L16:
 312:Middlewares/Third_Party/LibJPEG/source/jddctmgr.c **** 	  ifmtbl[i] = (IFAST_MULT_TYPE)
 778              		.loc 1 312 2 discriminator 1 view .LVU190
 779              	.LBE3:
 780              	.LBB4:
 330:Middlewares/Third_Party/LibJPEG/source/jddctmgr.c **** 	int row, col;
 781              		.loc 1 330 2 is_stmt 1 view .LVU191
 330:Middlewares/Third_Party/LibJPEG/source/jddctmgr.c **** 	int row, col;
 782              		.loc 1 330 20 is_stmt 0 view .LVU192
 783 041e D9F854A0 		ldr	r10, [r9, #84]
 784              	.LVL120:
 331:Middlewares/Third_Party/LibJPEG/source/jddctmgr.c **** 	static const double aanscalefactor[DCTSIZE] = {
 785              		.loc 1 331 2 is_stmt 1 view .LVU193
 332:Middlewares/Third_Party/LibJPEG/source/jddctmgr.c **** 	  1.0, 1.387039845, 1.306562965, 1.175875602,
 786              		.loc 1 332 2 view .LVU194
 337:Middlewares/Third_Party/LibJPEG/source/jddctmgr.c **** 	for (row = 0; row < DCTSIZE; row++) {
 787              		.loc 1 337 2 view .LVU195
 338:Middlewares/Third_Party/LibJPEG/source/jddctmgr.c **** 	  for (col = 0; col < DCTSIZE; col++) {
 788              		.loc 1 338 2 view .LVU196
 338:Middlewares/Third_Party/LibJPEG/source/jddctmgr.c **** 	  for (col = 0; col < DCTSIZE; col++) {
 789              		.loc 1 338 11 is_stmt 0 view .LVU197
 790 0422 4FF0000B 		mov	fp, #0
 337:Middlewares/Third_Party/LibJPEG/source/jddctmgr.c **** 	for (row = 0; row < DCTSIZE; row++) {
 791              		.loc 1 337 4 view .LVU198
 792 0426 5E46     		mov	r6, fp
 338:Middlewares/Third_Party/LibJPEG/source/jddctmgr.c **** 	  for (col = 0; col < DCTSIZE; col++) {
 793              		.loc 1 338 2 view .LVU199
 794 0428 20E0     		b	.L22
 795              	.LVL121:
 796              	.L23:
ARM GAS  /tmp/ccxjlwcY.s 			page 24


 340:Middlewares/Third_Party/LibJPEG/source/jddctmgr.c **** 	      ((double) qtbl->quantval[i] *
 797              		.loc 1 340 6 is_stmt 1 discriminator 3 view .LVU200
 341:Middlewares/Third_Party/LibJPEG/source/jddctmgr.c **** 	       aanscalefactor[row] * aanscalefactor[col] * 0.125);
 798              		.loc 1 341 9 is_stmt 0 discriminator 3 view .LVU201
 799 042a 37F81600 		ldrh	r0, [r7, r6, lsl #1]
 800 042e FFF7FEFF 		bl	__aeabi_ui2d
 801              	.LVL122:
 342:Middlewares/Third_Party/LibJPEG/source/jddctmgr.c **** 	    i++;
 802              		.loc 1 342 23 discriminator 3 view .LVU202
 803 0432 194C     		ldr	r4, .L79+28
 804 0434 04EBCB03 		add	r3, r4, fp, lsl #3
 341:Middlewares/Third_Party/LibJPEG/source/jddctmgr.c **** 	       aanscalefactor[row] * aanscalefactor[col] * 0.125);
 805              		.loc 1 341 36 discriminator 3 view .LVU203
 806 0438 D3E90023 		ldrd	r2, [r3]
 807 043c FFF7FEFF 		bl	__aeabi_dmul
 808              	.LVL123:
 342:Middlewares/Third_Party/LibJPEG/source/jddctmgr.c **** 	    i++;
 809              		.loc 1 342 45 discriminator 3 view .LVU204
 810 0440 04EBC504 		add	r4, r4, r5, lsl #3
 342:Middlewares/Third_Party/LibJPEG/source/jddctmgr.c **** 	    i++;
 811              		.loc 1 342 29 discriminator 3 view .LVU205
 812 0444 D4E90023 		ldrd	r2, [r4]
 813 0448 FFF7FEFF 		bl	__aeabi_dmul
 814              	.LVL124:
 342:Middlewares/Third_Party/LibJPEG/source/jddctmgr.c **** 	    i++;
 815              		.loc 1 342 51 discriminator 3 view .LVU206
 816 044c 0022     		movs	r2, #0
 817 044e 4FF07F53 		mov	r3, #1069547520
 818 0452 FFF7FEFF 		bl	__aeabi_dmul
 819              	.LVL125:
 340:Middlewares/Third_Party/LibJPEG/source/jddctmgr.c **** 	      ((double) qtbl->quantval[i] *
 820              		.loc 1 340 11 discriminator 3 view .LVU207
 821 0456 0AEB8604 		add	r4, r10, r6, lsl #2
 340:Middlewares/Third_Party/LibJPEG/source/jddctmgr.c **** 	      ((double) qtbl->quantval[i] *
 822              		.loc 1 340 17 discriminator 3 view .LVU208
 823 045a FFF7FEFF 		bl	__aeabi_d2f
 824              	.LVL126:
 340:Middlewares/Third_Party/LibJPEG/source/jddctmgr.c **** 	      ((double) qtbl->quantval[i] *
 825              		.loc 1 340 15 discriminator 3 view .LVU209
 826 045e 2060     		str	r0, [r4]	@ float
 343:Middlewares/Third_Party/LibJPEG/source/jddctmgr.c **** 	  }
 827              		.loc 1 343 6 is_stmt 1 discriminator 3 view .LVU210
 343:Middlewares/Third_Party/LibJPEG/source/jddctmgr.c **** 	  }
 828              		.loc 1 343 7 is_stmt 0 discriminator 3 view .LVU211
 829 0460 0136     		adds	r6, r6, #1
 830              	.LVL127:
 339:Middlewares/Third_Party/LibJPEG/source/jddctmgr.c **** 	    fmtbl[i] = (FLOAT_MULT_TYPE)
 831              		.loc 1 339 33 is_stmt 1 discriminator 3 view .LVU212
 339:Middlewares/Third_Party/LibJPEG/source/jddctmgr.c **** 	    fmtbl[i] = (FLOAT_MULT_TYPE)
 832              		.loc 1 339 36 is_stmt 0 discriminator 3 view .LVU213
 833 0462 0135     		adds	r5, r5, #1
 834              	.LVL128:
 835              	.L24:
 339:Middlewares/Third_Party/LibJPEG/source/jddctmgr.c **** 	    fmtbl[i] = (FLOAT_MULT_TYPE)
 836              		.loc 1 339 18 is_stmt 1 discriminator 1 view .LVU214
 339:Middlewares/Third_Party/LibJPEG/source/jddctmgr.c **** 	    fmtbl[i] = (FLOAT_MULT_TYPE)
 837              		.loc 1 339 4 is_stmt 0 discriminator 1 view .LVU215
ARM GAS  /tmp/ccxjlwcY.s 			page 25


 838 0464 072D     		cmp	r5, #7
 839 0466 E0DD     		ble	.L23
 338:Middlewares/Third_Party/LibJPEG/source/jddctmgr.c **** 	  for (col = 0; col < DCTSIZE; col++) {
 840              		.loc 1 338 31 is_stmt 1 discriminator 2 view .LVU216
 338:Middlewares/Third_Party/LibJPEG/source/jddctmgr.c **** 	  for (col = 0; col < DCTSIZE; col++) {
 841              		.loc 1 338 34 is_stmt 0 discriminator 2 view .LVU217
 842 0468 0BF1010B 		add	fp, fp, #1
 843              	.LVL129:
 844              	.L22:
 338:Middlewares/Third_Party/LibJPEG/source/jddctmgr.c **** 	  for (col = 0; col < DCTSIZE; col++) {
 845              		.loc 1 338 16 is_stmt 1 discriminator 1 view .LVU218
 338:Middlewares/Third_Party/LibJPEG/source/jddctmgr.c **** 	  for (col = 0; col < DCTSIZE; col++) {
 846              		.loc 1 338 2 is_stmt 0 discriminator 1 view .LVU219
 847 046c BBF1070F 		cmp	fp, #7
 848 0470 8EDC     		bgt	.L14
 339:Middlewares/Third_Party/LibJPEG/source/jddctmgr.c **** 	    fmtbl[i] = (FLOAT_MULT_TYPE)
 849              		.loc 1 339 13 view .LVU220
 850 0472 0025     		movs	r5, #0
 851 0474 F6E7     		b	.L24
 852              	.LVL130:
 853              	.L74:
 339:Middlewares/Third_Party/LibJPEG/source/jddctmgr.c **** 	    fmtbl[i] = (FLOAT_MULT_TYPE)
 854              		.loc 1 339 13 view .LVU221
 855              	.LBE4:
 352:Middlewares/Third_Party/LibJPEG/source/jddctmgr.c ****     }
 353:Middlewares/Third_Party/LibJPEG/source/jddctmgr.c ****   }
 354:Middlewares/Third_Party/LibJPEG/source/jddctmgr.c **** }
 856              		.loc 1 354 1 view .LVU222
 857 0476 05B0     		add	sp, sp, #20
 858              	.LCFI2:
 859              		.cfi_def_cfa_offset 36
 860              	.LVL131:
 861              		.loc 1 354 1 view .LVU223
 862              		@ sp needed
 863 0478 BDE8F08F 		pop	{r4, r5, r6, r7, r8, r9, r10, fp, pc}
 864              	.LVL132:
 865              	.L80:
 866              		.loc 1 354 1 view .LVU224
 867              		.align	2
 868              	.L79:
 869 047c 00000000 		.word	jpeg_idct_13x13
 870 0480 00000000 		.word	jpeg_idct_16x8
 871 0484 00000000 		.word	jpeg_idct_ifast
 872 0488 00000000 		.word	jpeg_idct_float
 873 048c 00000000 		.word	jpeg_idct_islow
 874 0490 00000000 		.word	jpeg_idct_4x2
 875 0494 00000000 		.word	.LANCHOR0
 876 0498 00000000 		.word	.LANCHOR1
 877              		.cfi_endproc
 878              	.LFE7:
 880              		.section	.text.jinit_inverse_dct,"ax",%progbits
 881              		.align	1
 882              		.global	jinit_inverse_dct
 883              		.syntax unified
 884              		.thumb
 885              		.thumb_func
 886              		.fpu fpv4-sp-d16
ARM GAS  /tmp/ccxjlwcY.s 			page 26


 888              	jinit_inverse_dct:
 889              	.LVL133:
 890              	.LFB8:
 355:Middlewares/Third_Party/LibJPEG/source/jddctmgr.c **** 
 356:Middlewares/Third_Party/LibJPEG/source/jddctmgr.c **** 
 357:Middlewares/Third_Party/LibJPEG/source/jddctmgr.c **** /*
 358:Middlewares/Third_Party/LibJPEG/source/jddctmgr.c ****  * Initialize IDCT manager.
 359:Middlewares/Third_Party/LibJPEG/source/jddctmgr.c ****  */
 360:Middlewares/Third_Party/LibJPEG/source/jddctmgr.c **** 
 361:Middlewares/Third_Party/LibJPEG/source/jddctmgr.c **** GLOBAL(void)
 362:Middlewares/Third_Party/LibJPEG/source/jddctmgr.c **** jinit_inverse_dct (j_decompress_ptr cinfo)
 363:Middlewares/Third_Party/LibJPEG/source/jddctmgr.c **** {
 891              		.loc 1 363 1 is_stmt 1 view -0
 892              		.cfi_startproc
 893              		@ args = 0, pretend = 0, frame = 0
 894              		@ frame_needed = 0, uses_anonymous_args = 0
 895              		.loc 1 363 1 is_stmt 0 view .LVU226
 896 0000 F8B5     		push	{r3, r4, r5, r6, r7, lr}
 897              	.LCFI3:
 898              		.cfi_def_cfa_offset 24
 899              		.cfi_offset 3, -24
 900              		.cfi_offset 4, -20
 901              		.cfi_offset 5, -16
 902              		.cfi_offset 6, -12
 903              		.cfi_offset 7, -8
 904              		.cfi_offset 14, -4
 905 0002 0546     		mov	r5, r0
 364:Middlewares/Third_Party/LibJPEG/source/jddctmgr.c ****   my_idct_ptr idct;
 906              		.loc 1 364 3 is_stmt 1 view .LVU227
 365:Middlewares/Third_Party/LibJPEG/source/jddctmgr.c ****   int ci;
 907              		.loc 1 365 3 view .LVU228
 366:Middlewares/Third_Party/LibJPEG/source/jddctmgr.c ****   jpeg_component_info *compptr;
 908              		.loc 1 366 3 view .LVU229
 367:Middlewares/Third_Party/LibJPEG/source/jddctmgr.c **** 
 368:Middlewares/Third_Party/LibJPEG/source/jddctmgr.c ****   idct = (my_idct_ptr)
 909              		.loc 1 368 3 view .LVU230
 369:Middlewares/Third_Party/LibJPEG/source/jddctmgr.c ****     (*cinfo->mem->alloc_small) ((j_common_ptr) cinfo, JPOOL_IMAGE,
 910              		.loc 1 369 12 is_stmt 0 view .LVU231
 911 0004 4368     		ldr	r3, [r0, #4]
 912              		.loc 1 369 6 view .LVU232
 913 0006 1B68     		ldr	r3, [r3]
 914 0008 5422     		movs	r2, #84
 915 000a 0121     		movs	r1, #1
 916 000c 9847     		blx	r3
 917              	.LVL134:
 918              		.loc 1 369 6 view .LVU233
 919 000e 0746     		mov	r7, r0
 920              	.LVL135:
 370:Middlewares/Third_Party/LibJPEG/source/jddctmgr.c **** 				SIZEOF(my_idct_controller));
 371:Middlewares/Third_Party/LibJPEG/source/jddctmgr.c ****   cinfo->idct = (struct jpeg_inverse_dct *) idct;
 921              		.loc 1 371 3 is_stmt 1 view .LVU234
 922              		.loc 1 371 15 is_stmt 0 view .LVU235
 923 0010 C5F8D401 		str	r0, [r5, #468]
 372:Middlewares/Third_Party/LibJPEG/source/jddctmgr.c ****   idct->pub.start_pass = start_pass;
 924              		.loc 1 372 3 is_stmt 1 view .LVU236
 925              		.loc 1 372 24 is_stmt 0 view .LVU237
 926 0014 0F4B     		ldr	r3, .L85
ARM GAS  /tmp/ccxjlwcY.s 			page 27


 927 0016 0360     		str	r3, [r0]
 373:Middlewares/Third_Party/LibJPEG/source/jddctmgr.c **** 
 374:Middlewares/Third_Party/LibJPEG/source/jddctmgr.c ****   for (ci = 0, compptr = cinfo->comp_info; ci < cinfo->num_components;
 928              		.loc 1 374 3 is_stmt 1 view .LVU238
 929              	.LVL136:
 930              		.loc 1 374 24 is_stmt 0 view .LVU239
 931 0018 D5F8D860 		ldr	r6, [r5, #216]
 932              	.LVL137:
 933              		.loc 1 374 11 view .LVU240
 934 001c 0024     		movs	r4, #0
 935              		.loc 1 374 3 view .LVU241
 936 001e 15E0     		b	.L82
 937              	.LVL138:
 938              	.L83:
 375:Middlewares/Third_Party/LibJPEG/source/jddctmgr.c ****        ci++, compptr++) {
 376:Middlewares/Third_Party/LibJPEG/source/jddctmgr.c ****     /* Allocate and pre-zero a multiplier table for each component */
 377:Middlewares/Third_Party/LibJPEG/source/jddctmgr.c ****     compptr->dct_table =
 939              		.loc 1 377 5 is_stmt 1 view .LVU242
 378:Middlewares/Third_Party/LibJPEG/source/jddctmgr.c ****       (*cinfo->mem->alloc_small) ((j_common_ptr) cinfo, JPOOL_IMAGE,
 940              		.loc 1 378 14 is_stmt 0 view .LVU243
 941 0020 6B68     		ldr	r3, [r5, #4]
 942              		.loc 1 378 8 view .LVU244
 943 0022 1B68     		ldr	r3, [r3]
 944 0024 4FF48072 		mov	r2, #256
 945 0028 0121     		movs	r1, #1
 946 002a 2846     		mov	r0, r5
 947 002c 9847     		blx	r3
 948              	.LVL139:
 377:Middlewares/Third_Party/LibJPEG/source/jddctmgr.c ****       (*cinfo->mem->alloc_small) ((j_common_ptr) cinfo, JPOOL_IMAGE,
 949              		.loc 1 377 24 view .LVU245
 950 002e 7065     		str	r0, [r6, #84]
 379:Middlewares/Third_Party/LibJPEG/source/jddctmgr.c **** 				  SIZEOF(multiplier_table));
 380:Middlewares/Third_Party/LibJPEG/source/jddctmgr.c ****     MEMZERO(compptr->dct_table, SIZEOF(multiplier_table));
 951              		.loc 1 380 5 is_stmt 1 view .LVU246
 952 0030 4FF48072 		mov	r2, #256
 953 0034 0021     		movs	r1, #0
 954 0036 FFF7FEFF 		bl	memset
 955              	.LVL140:
 381:Middlewares/Third_Party/LibJPEG/source/jddctmgr.c ****     /* Mark multiplier table not yet set up for any method */
 382:Middlewares/Third_Party/LibJPEG/source/jddctmgr.c ****     idct->cur_method[ci] = -1;
 956              		.loc 1 382 5 view .LVU247
 957              		.loc 1 382 26 is_stmt 0 view .LVU248
 958 003a 04F10A03 		add	r3, r4, #10
 959 003e 07EB8303 		add	r3, r7, r3, lsl #2
 960 0042 4FF0FF32 		mov	r2, #-1
 961 0046 5A60     		str	r2, [r3, #4]
 375:Middlewares/Third_Party/LibJPEG/source/jddctmgr.c ****     /* Allocate and pre-zero a multiplier table for each component */
 962              		.loc 1 375 8 is_stmt 1 view .LVU249
 375:Middlewares/Third_Party/LibJPEG/source/jddctmgr.c ****     /* Allocate and pre-zero a multiplier table for each component */
 963              		.loc 1 375 10 is_stmt 0 view .LVU250
 964 0048 0134     		adds	r4, r4, #1
 965              	.LVL141:
 375:Middlewares/Third_Party/LibJPEG/source/jddctmgr.c ****     /* Allocate and pre-zero a multiplier table for each component */
 966              		.loc 1 375 21 view .LVU251
 967 004a 5836     		adds	r6, r6, #88
 968              	.LVL142:
 969              	.L82:
ARM GAS  /tmp/ccxjlwcY.s 			page 28


 374:Middlewares/Third_Party/LibJPEG/source/jddctmgr.c ****        ci++, compptr++) {
 970              		.loc 1 374 44 is_stmt 1 discriminator 1 view .LVU252
 374:Middlewares/Third_Party/LibJPEG/source/jddctmgr.c ****        ci++, compptr++) {
 971              		.loc 1 374 54 is_stmt 0 discriminator 1 view .LVU253
 972 004c 6B6A     		ldr	r3, [r5, #36]
 374:Middlewares/Third_Party/LibJPEG/source/jddctmgr.c ****        ci++, compptr++) {
 973              		.loc 1 374 3 discriminator 1 view .LVU254
 974 004e A342     		cmp	r3, r4
 975 0050 E6DC     		bgt	.L83
 383:Middlewares/Third_Party/LibJPEG/source/jddctmgr.c ****   }
 384:Middlewares/Third_Party/LibJPEG/source/jddctmgr.c **** }
 976              		.loc 1 384 1 view .LVU255
 977 0052 F8BD     		pop	{r3, r4, r5, r6, r7, pc}
 978              	.LVL143:
 979              	.L86:
 980              		.loc 1 384 1 view .LVU256
 981              		.align	2
 982              	.L85:
 983 0054 00000000 		.word	start_pass
 984              		.cfi_endproc
 985              	.LFE8:
 987              		.section	.rodata.aanscalefactor.0,"a"
 988              		.align	3
 989              		.set	.LANCHOR1,. + 0
 992              	aanscalefactor.0:
 993 0000 00000000 		.word	0
 994 0004 0000F03F 		.word	1072693248
 995 0008 EF6148B1 		.word	-1320656401
 996 000c 5031F63F 		.word	1073099088
 997 0010 CA6F4D91 		.word	-1857196086
 998 0014 AEE7F43F 		.word	1073014702
 999 0018 AA116CEF 		.word	-278130262
 1000 001c 62D0F23F 		.word	1072877666
 1001 0020 00000000 		.word	0
 1002 0024 0000F03F 		.word	1072693248
 1003 0028 3BBFA7C0 		.word	-1062748357
 1004 002c 6924E93F 		.word	1072243817
 1005 0030 BB20C77B 		.word	2076647611
 1006 0034 7A51E13F 		.word	1071731066
 1007 0038 5DAB72DE 		.word	-562910371
 1008 003c 55A8D13F 		.word	1070704725
 1009              		.section	.rodata.aanscales.1,"a"
 1010              		.align	2
 1011              		.set	.LANCHOR0,. + 0
 1014              	aanscales.1:
 1015 0000 0040     		.short	16384
 1016 0002 C558     		.short	22725
 1017 0004 9F53     		.short	21407
 1018 0006 424B     		.short	19266
 1019 0008 0040     		.short	16384
 1020 000a 4932     		.short	12873
 1021 000c A322     		.short	8867
 1022 000e A811     		.short	4520
 1023 0010 C558     		.short	22725
 1024 0012 217B     		.short	31521
 1025 0014 FC73     		.short	29692
 1026 0016 6268     		.short	26722
ARM GAS  /tmp/ccxjlwcY.s 			page 29


 1027 0018 C558     		.short	22725
 1028 001a BF45     		.short	17855
 1029 001c 0B30     		.short	12299
 1030 001e 7E18     		.short	6270
 1031 0020 9F53     		.short	21407
 1032 0022 FC73     		.short	29692
 1033 0024 416D     		.short	27969
 1034 0026 5462     		.short	25172
 1035 0028 9F53     		.short	21407
 1036 002a B341     		.short	16819
 1037 002c 412D     		.short	11585
 1038 002e 1217     		.short	5906
 1039 0030 424B     		.short	19266
 1040 0032 6268     		.short	26722
 1041 0034 5462     		.short	25172
 1042 0036 7E58     		.short	22654
 1043 0038 424B     		.short	19266
 1044 003a 213B     		.short	15137
 1045 003c BA28     		.short	10426
 1046 003e C314     		.short	5315
 1047 0040 0040     		.short	16384
 1048 0042 C558     		.short	22725
 1049 0044 9F53     		.short	21407
 1050 0046 424B     		.short	19266
 1051 0048 0040     		.short	16384
 1052 004a 4932     		.short	12873
 1053 004c A322     		.short	8867
 1054 004e A811     		.short	4520
 1055 0050 4932     		.short	12873
 1056 0052 BF45     		.short	17855
 1057 0054 B341     		.short	16819
 1058 0056 213B     		.short	15137
 1059 0058 4932     		.short	12873
 1060 005a 8227     		.short	10114
 1061 005c 371B     		.short	6967
 1062 005e E00D     		.short	3552
 1063 0060 A322     		.short	8867
 1064 0062 0B30     		.short	12299
 1065 0064 412D     		.short	11585
 1066 0066 BA28     		.short	10426
 1067 0068 A322     		.short	8867
 1068 006a 371B     		.short	6967
 1069 006c BF12     		.short	4799
 1070 006e 8E09     		.short	2446
 1071 0070 A811     		.short	4520
 1072 0072 7E18     		.short	6270
 1073 0074 1217     		.short	5906
 1074 0076 C314     		.short	5315
 1075 0078 A811     		.short	4520
 1076 007a E00D     		.short	3552
 1077 007c 8E09     		.short	2446
 1078 007e DF04     		.short	1247
 1079              		.text
 1080              	.Letext0:
 1081              		.file 2 "/usr/lib/gcc/arm-none-eabi/10.3.1/include/stddef.h"
 1082              		.file 3 "LIBJPEG/Target/jmorecfg.h"
 1083              		.file 4 "Middlewares/Third_Party/LibJPEG/include/jpeglib.h"
ARM GAS  /tmp/ccxjlwcY.s 			page 30


 1084              		.file 5 "Middlewares/Third_Party/LibJPEG/include/jpegint.h"
 1085              		.file 6 "Middlewares/Third_Party/LibJPEG/include/jerror.h"
 1086              		.file 7 "Middlewares/Third_Party/LibJPEG/include/jdct.h"
 1087              		.file 8 "<built-in>"
ARM GAS  /tmp/ccxjlwcY.s 			page 31


DEFINED SYMBOLS
                            *ABS*:0000000000000000 jddctmgr.c
     /tmp/ccxjlwcY.s:21     .text.start_pass:0000000000000000 $t
     /tmp/ccxjlwcY.s:28     .text.start_pass:0000000000000000 start_pass
     /tmp/ccxjlwcY.s:574    .text.start_pass:00000000000002d8 $d
     /tmp/ccxjlwcY.s:605    .text.start_pass:0000000000000348 $t
     /tmp/ccxjlwcY.s:869    .text.start_pass:000000000000047c $d
     /tmp/ccxjlwcY.s:881    .text.jinit_inverse_dct:0000000000000000 $t
     /tmp/ccxjlwcY.s:888    .text.jinit_inverse_dct:0000000000000000 jinit_inverse_dct
     /tmp/ccxjlwcY.s:983    .text.jinit_inverse_dct:0000000000000054 $d
     /tmp/ccxjlwcY.s:988    .rodata.aanscalefactor.0:0000000000000000 $d
     /tmp/ccxjlwcY.s:992    .rodata.aanscalefactor.0:0000000000000000 aanscalefactor.0
     /tmp/ccxjlwcY.s:1010   .rodata.aanscales.1:0000000000000000 $d
     /tmp/ccxjlwcY.s:1014   .rodata.aanscales.1:0000000000000000 aanscales.1

UNDEFINED SYMBOLS
__aeabi_ui2d
__aeabi_dmul
__aeabi_d2f
jpeg_idct_2x2
jpeg_idct_1x2
jpeg_idct_3x3
jpeg_idct_7x7
jpeg_idct_5x10
jpeg_idct_4x8
jpeg_idct_6x6
jpeg_idct_16x16
jpeg_idct_11x11
jpeg_idct_8x16
jpeg_idct_8x4
jpeg_idct_10x5
jpeg_idct_14x7
jpeg_idct_12x12
jpeg_idct_15x15
jpeg_idct_7x14
jpeg_idct_4x4
jpeg_idct_2x4
jpeg_idct_2x1
jpeg_idct_1x1
jpeg_idct_3x6
jpeg_idct_6x3
jpeg_idct_5x5
jpeg_idct_6x12
jpeg_idct_12x6
jpeg_idct_9x9
jpeg_idct_10x10
jpeg_idct_14x14
jpeg_idct_13x13
jpeg_idct_16x8
jpeg_idct_ifast
jpeg_idct_float
jpeg_idct_islow
jpeg_idct_4x2
memset
