ARM GAS  /tmp/ccGLdwB6.s 			page 1


   1              		.cpu cortex-m4
   2              		.eabi_attribute 27, 1
   3              		.eabi_attribute 28, 1
   4              		.eabi_attribute 20, 1
   5              		.eabi_attribute 21, 1
   6              		.eabi_attribute 23, 3
   7              		.eabi_attribute 24, 1
   8              		.eabi_attribute 25, 1
   9              		.eabi_attribute 26, 1
  10              		.eabi_attribute 30, 1
  11              		.eabi_attribute 34, 1
  12              		.eabi_attribute 18, 4
  13              		.file	"jdsample.c"
  14              		.text
  15              	.Ltext0:
  16              		.cfi_sections	.debug_frame
  17              		.section	.text.start_pass_upsample,"ax",%progbits
  18              		.align	1
  19              		.arch armv7e-m
  20              		.syntax unified
  21              		.thumb
  22              		.thumb_func
  23              		.fpu fpv4-sp-d16
  25              	start_pass_upsample:
  26              	.LVL0:
  27              	.LFB7:
  28              		.file 1 "Middlewares/Third_Party/LibJPEG/source/jdsample.c"
   1:Middlewares/Third_Party/LibJPEG/source/jdsample.c **** /*
   2:Middlewares/Third_Party/LibJPEG/source/jdsample.c ****  * jdsample.c
   3:Middlewares/Third_Party/LibJPEG/source/jdsample.c ****  *
   4:Middlewares/Third_Party/LibJPEG/source/jdsample.c ****  * Copyright (C) 1991-1996, Thomas G. Lane.
   5:Middlewares/Third_Party/LibJPEG/source/jdsample.c ****  * Modified 2002-2008 by Guido Vollbeding.
   6:Middlewares/Third_Party/LibJPEG/source/jdsample.c ****  * This file is part of the Independent JPEG Group's software.
   7:Middlewares/Third_Party/LibJPEG/source/jdsample.c ****  * For conditions of distribution and use, see the accompanying README file.
   8:Middlewares/Third_Party/LibJPEG/source/jdsample.c ****  *
   9:Middlewares/Third_Party/LibJPEG/source/jdsample.c ****  * This file contains upsampling routines.
  10:Middlewares/Third_Party/LibJPEG/source/jdsample.c ****  *
  11:Middlewares/Third_Party/LibJPEG/source/jdsample.c ****  * Upsampling input data is counted in "row groups".  A row group
  12:Middlewares/Third_Party/LibJPEG/source/jdsample.c ****  * is defined to be (v_samp_factor * DCT_v_scaled_size / min_DCT_v_scaled_size)
  13:Middlewares/Third_Party/LibJPEG/source/jdsample.c ****  * sample rows of each component.  Upsampling will normally produce
  14:Middlewares/Third_Party/LibJPEG/source/jdsample.c ****  * max_v_samp_factor pixel rows from each row group (but this could vary
  15:Middlewares/Third_Party/LibJPEG/source/jdsample.c ****  * if the upsampler is applying a scale factor of its own).
  16:Middlewares/Third_Party/LibJPEG/source/jdsample.c ****  *
  17:Middlewares/Third_Party/LibJPEG/source/jdsample.c ****  * An excellent reference for image resampling is
  18:Middlewares/Third_Party/LibJPEG/source/jdsample.c ****  *   Digital Image Warping, George Wolberg, 1990.
  19:Middlewares/Third_Party/LibJPEG/source/jdsample.c ****  *   Pub. by IEEE Computer Society Press, Los Alamitos, CA. ISBN 0-8186-8944-7.
  20:Middlewares/Third_Party/LibJPEG/source/jdsample.c ****  */
  21:Middlewares/Third_Party/LibJPEG/source/jdsample.c **** 
  22:Middlewares/Third_Party/LibJPEG/source/jdsample.c **** #define JPEG_INTERNALS
  23:Middlewares/Third_Party/LibJPEG/source/jdsample.c **** #include "jinclude.h"
  24:Middlewares/Third_Party/LibJPEG/source/jdsample.c **** #include "jpeglib.h"
  25:Middlewares/Third_Party/LibJPEG/source/jdsample.c **** 
  26:Middlewares/Third_Party/LibJPEG/source/jdsample.c **** 
  27:Middlewares/Third_Party/LibJPEG/source/jdsample.c **** /* Pointer to routine to upsample a single component */
  28:Middlewares/Third_Party/LibJPEG/source/jdsample.c **** typedef JMETHOD(void, upsample1_ptr,
  29:Middlewares/Third_Party/LibJPEG/source/jdsample.c **** 		(j_decompress_ptr cinfo, jpeg_component_info * compptr,
  30:Middlewares/Third_Party/LibJPEG/source/jdsample.c **** 		 JSAMPARRAY input_data, JSAMPARRAY * output_data_ptr));
ARM GAS  /tmp/ccGLdwB6.s 			page 2


  31:Middlewares/Third_Party/LibJPEG/source/jdsample.c **** 
  32:Middlewares/Third_Party/LibJPEG/source/jdsample.c **** /* Private subobject */
  33:Middlewares/Third_Party/LibJPEG/source/jdsample.c **** 
  34:Middlewares/Third_Party/LibJPEG/source/jdsample.c **** typedef struct {
  35:Middlewares/Third_Party/LibJPEG/source/jdsample.c ****   struct jpeg_upsampler pub;	/* public fields */
  36:Middlewares/Third_Party/LibJPEG/source/jdsample.c **** 
  37:Middlewares/Third_Party/LibJPEG/source/jdsample.c ****   /* Color conversion buffer.  When using separate upsampling and color
  38:Middlewares/Third_Party/LibJPEG/source/jdsample.c ****    * conversion steps, this buffer holds one upsampled row group until it
  39:Middlewares/Third_Party/LibJPEG/source/jdsample.c ****    * has been color converted and output.
  40:Middlewares/Third_Party/LibJPEG/source/jdsample.c ****    * Note: we do not allocate any storage for component(s) which are full-size,
  41:Middlewares/Third_Party/LibJPEG/source/jdsample.c ****    * ie do not need rescaling.  The corresponding entry of color_buf[] is
  42:Middlewares/Third_Party/LibJPEG/source/jdsample.c ****    * simply set to point to the input data array, thereby avoiding copying.
  43:Middlewares/Third_Party/LibJPEG/source/jdsample.c ****    */
  44:Middlewares/Third_Party/LibJPEG/source/jdsample.c ****   JSAMPARRAY color_buf[MAX_COMPONENTS];
  45:Middlewares/Third_Party/LibJPEG/source/jdsample.c **** 
  46:Middlewares/Third_Party/LibJPEG/source/jdsample.c ****   /* Per-component upsampling method pointers */
  47:Middlewares/Third_Party/LibJPEG/source/jdsample.c ****   upsample1_ptr methods[MAX_COMPONENTS];
  48:Middlewares/Third_Party/LibJPEG/source/jdsample.c **** 
  49:Middlewares/Third_Party/LibJPEG/source/jdsample.c ****   int next_row_out;		/* counts rows emitted from color_buf */
  50:Middlewares/Third_Party/LibJPEG/source/jdsample.c ****   JDIMENSION rows_to_go;	/* counts rows remaining in image */
  51:Middlewares/Third_Party/LibJPEG/source/jdsample.c **** 
  52:Middlewares/Third_Party/LibJPEG/source/jdsample.c ****   /* Height of an input row group for each component. */
  53:Middlewares/Third_Party/LibJPEG/source/jdsample.c ****   int rowgroup_height[MAX_COMPONENTS];
  54:Middlewares/Third_Party/LibJPEG/source/jdsample.c **** 
  55:Middlewares/Third_Party/LibJPEG/source/jdsample.c ****   /* These arrays save pixel expansion factors so that int_expand need not
  56:Middlewares/Third_Party/LibJPEG/source/jdsample.c ****    * recompute them each time.  They are unused for other upsampling methods.
  57:Middlewares/Third_Party/LibJPEG/source/jdsample.c ****    */
  58:Middlewares/Third_Party/LibJPEG/source/jdsample.c ****   UINT8 h_expand[MAX_COMPONENTS];
  59:Middlewares/Third_Party/LibJPEG/source/jdsample.c ****   UINT8 v_expand[MAX_COMPONENTS];
  60:Middlewares/Third_Party/LibJPEG/source/jdsample.c **** } my_upsampler;
  61:Middlewares/Third_Party/LibJPEG/source/jdsample.c **** 
  62:Middlewares/Third_Party/LibJPEG/source/jdsample.c **** typedef my_upsampler * my_upsample_ptr;
  63:Middlewares/Third_Party/LibJPEG/source/jdsample.c **** 
  64:Middlewares/Third_Party/LibJPEG/source/jdsample.c **** 
  65:Middlewares/Third_Party/LibJPEG/source/jdsample.c **** /*
  66:Middlewares/Third_Party/LibJPEG/source/jdsample.c ****  * Initialize for an upsampling pass.
  67:Middlewares/Third_Party/LibJPEG/source/jdsample.c ****  */
  68:Middlewares/Third_Party/LibJPEG/source/jdsample.c **** 
  69:Middlewares/Third_Party/LibJPEG/source/jdsample.c **** METHODDEF(void)
  70:Middlewares/Third_Party/LibJPEG/source/jdsample.c **** start_pass_upsample (j_decompress_ptr cinfo)
  71:Middlewares/Third_Party/LibJPEG/source/jdsample.c **** {
  29              		.loc 1 71 1 view -0
  30              		.cfi_startproc
  31              		@ args = 0, pretend = 0, frame = 0
  32              		@ frame_needed = 0, uses_anonymous_args = 0
  33              		@ link register save eliminated.
  72:Middlewares/Third_Party/LibJPEG/source/jdsample.c ****   my_upsample_ptr upsample = (my_upsample_ptr) cinfo->upsample;
  34              		.loc 1 72 3 view .LVU1
  35              		.loc 1 72 19 is_stmt 0 view .LVU2
  36 0000 D0F8D831 		ldr	r3, [r0, #472]
  37              	.LVL1:
  73:Middlewares/Third_Party/LibJPEG/source/jdsample.c **** 
  74:Middlewares/Third_Party/LibJPEG/source/jdsample.c ****   /* Mark the conversion buffer empty */
  75:Middlewares/Third_Party/LibJPEG/source/jdsample.c ****   upsample->next_row_out = cinfo->max_v_samp_factor;
  38              		.loc 1 75 3 is_stmt 1 view .LVU3
  39              		.loc 1 75 33 is_stmt 0 view .LVU4
  40 0004 D0F83C21 		ldr	r2, [r0, #316]
ARM GAS  /tmp/ccGLdwB6.s 			page 3


  41              		.loc 1 75 26 view .LVU5
  42 0008 DA65     		str	r2, [r3, #92]
  76:Middlewares/Third_Party/LibJPEG/source/jdsample.c ****   /* Initialize total-height counter for detecting bottom of image */
  77:Middlewares/Third_Party/LibJPEG/source/jdsample.c ****   upsample->rows_to_go = cinfo->output_height;
  43              		.loc 1 77 3 is_stmt 1 view .LVU6
  44              		.loc 1 77 31 is_stmt 0 view .LVU7
  45 000a 426F     		ldr	r2, [r0, #116]
  46              		.loc 1 77 24 view .LVU8
  47 000c 1A66     		str	r2, [r3, #96]
  78:Middlewares/Third_Party/LibJPEG/source/jdsample.c **** }
  48              		.loc 1 78 1 view .LVU9
  49 000e 7047     		bx	lr
  50              		.cfi_endproc
  51              	.LFE7:
  53              		.section	.text.sep_upsample,"ax",%progbits
  54              		.align	1
  55              		.syntax unified
  56              		.thumb
  57              		.thumb_func
  58              		.fpu fpv4-sp-d16
  60              	sep_upsample:
  61              	.LVL2:
  62              	.LFB8:
  79:Middlewares/Third_Party/LibJPEG/source/jdsample.c **** 
  80:Middlewares/Third_Party/LibJPEG/source/jdsample.c **** 
  81:Middlewares/Third_Party/LibJPEG/source/jdsample.c **** /*
  82:Middlewares/Third_Party/LibJPEG/source/jdsample.c ****  * Control routine to do upsampling (and color conversion).
  83:Middlewares/Third_Party/LibJPEG/source/jdsample.c ****  *
  84:Middlewares/Third_Party/LibJPEG/source/jdsample.c ****  * In this version we upsample each component independently.
  85:Middlewares/Third_Party/LibJPEG/source/jdsample.c ****  * We upsample one row group into the conversion buffer, then apply
  86:Middlewares/Third_Party/LibJPEG/source/jdsample.c ****  * color conversion a row at a time.
  87:Middlewares/Third_Party/LibJPEG/source/jdsample.c ****  */
  88:Middlewares/Third_Party/LibJPEG/source/jdsample.c **** 
  89:Middlewares/Third_Party/LibJPEG/source/jdsample.c **** METHODDEF(void)
  90:Middlewares/Third_Party/LibJPEG/source/jdsample.c **** sep_upsample (j_decompress_ptr cinfo,
  91:Middlewares/Third_Party/LibJPEG/source/jdsample.c **** 	      JSAMPIMAGE input_buf, JDIMENSION *in_row_group_ctr,
  92:Middlewares/Third_Party/LibJPEG/source/jdsample.c **** 	      JDIMENSION in_row_groups_avail,
  93:Middlewares/Third_Party/LibJPEG/source/jdsample.c **** 	      JSAMPARRAY output_buf, JDIMENSION *out_row_ctr,
  94:Middlewares/Third_Party/LibJPEG/source/jdsample.c **** 	      JDIMENSION out_rows_avail)
  95:Middlewares/Third_Party/LibJPEG/source/jdsample.c **** {
  63              		.loc 1 95 1 is_stmt 1 view -0
  64              		.cfi_startproc
  65              		@ args = 12, pretend = 0, frame = 0
  66              		@ frame_needed = 0, uses_anonymous_args = 0
  67              		.loc 1 95 1 is_stmt 0 view .LVU11
  68 0000 2DE9F04F 		push	{r4, r5, r6, r7, r8, r9, r10, fp, lr}
  69              	.LCFI0:
  70              		.cfi_def_cfa_offset 36
  71              		.cfi_offset 4, -36
  72              		.cfi_offset 5, -32
  73              		.cfi_offset 6, -28
  74              		.cfi_offset 7, -24
  75              		.cfi_offset 8, -20
  76              		.cfi_offset 9, -16
  77              		.cfi_offset 10, -12
  78              		.cfi_offset 11, -8
  79              		.cfi_offset 14, -4
ARM GAS  /tmp/ccGLdwB6.s 			page 4


  80 0004 83B0     		sub	sp, sp, #12
  81              	.LCFI1:
  82              		.cfi_def_cfa_offset 48
  83 0006 0646     		mov	r6, r0
  84 0008 9146     		mov	r9, r2
  85 000a DDF834B0 		ldr	fp, [sp, #52]
  96:Middlewares/Third_Party/LibJPEG/source/jdsample.c ****   my_upsample_ptr upsample = (my_upsample_ptr) cinfo->upsample;
  86              		.loc 1 96 3 is_stmt 1 view .LVU12
  87              		.loc 1 96 19 is_stmt 0 view .LVU13
  88 000e D0F8D851 		ldr	r5, [r0, #472]
  89              	.LVL3:
  97:Middlewares/Third_Party/LibJPEG/source/jdsample.c ****   int ci;
  90              		.loc 1 97 3 is_stmt 1 view .LVU14
  98:Middlewares/Third_Party/LibJPEG/source/jdsample.c ****   jpeg_component_info * compptr;
  91              		.loc 1 98 3 view .LVU15
  99:Middlewares/Third_Party/LibJPEG/source/jdsample.c ****   JDIMENSION num_rows;
  92              		.loc 1 99 3 view .LVU16
 100:Middlewares/Third_Party/LibJPEG/source/jdsample.c **** 
 101:Middlewares/Third_Party/LibJPEG/source/jdsample.c ****   /* Fill the conversion buffer, if it's empty */
 102:Middlewares/Third_Party/LibJPEG/source/jdsample.c ****   if (upsample->next_row_out >= cinfo->max_v_samp_factor) {
  93              		.loc 1 102 3 view .LVU17
  94              		.loc 1 102 15 is_stmt 0 view .LVU18
  95 0012 EA6D     		ldr	r2, [r5, #92]
  96              	.LVL4:
  97              		.loc 1 102 38 view .LVU19
  98 0014 D0F83C31 		ldr	r3, [r0, #316]
  99              	.LVL5:
 100              		.loc 1 102 6 view .LVU20
 101 0018 9A42     		cmp	r2, r3
 102 001a 25DB     		blt	.L3
 103 001c 8A46     		mov	r10, r1
 103:Middlewares/Third_Party/LibJPEG/source/jdsample.c ****     for (ci = 0, compptr = cinfo->comp_info; ci < cinfo->num_components;
 104              		.loc 1 103 5 is_stmt 1 view .LVU21
 105              	.LVL6:
 106              		.loc 1 103 26 is_stmt 0 view .LVU22
 107 001e D0F8D870 		ldr	r7, [r0, #216]
 108              	.LVL7:
 109              		.loc 1 103 13 view .LVU23
 110 0022 0024     		movs	r4, #0
 111              		.loc 1 103 5 view .LVU24
 112 0024 1BE0     		b	.L4
 113              	.LVL8:
 114              	.L5:
 104:Middlewares/Third_Party/LibJPEG/source/jdsample.c **** 	 ci++, compptr++) {
 105:Middlewares/Third_Party/LibJPEG/source/jdsample.c ****       /* Invoke per-component upsample method.  Notice we pass a POINTER
 106:Middlewares/Third_Party/LibJPEG/source/jdsample.c ****        * to color_buf[ci], so that fullsize_upsample can change it.
 107:Middlewares/Third_Party/LibJPEG/source/jdsample.c ****        */
 108:Middlewares/Third_Party/LibJPEG/source/jdsample.c ****       (*upsample->methods[ci]) (cinfo, compptr,
 115              		.loc 1 108 7 is_stmt 1 view .LVU25
 109:Middlewares/Third_Party/LibJPEG/source/jdsample.c **** 	input_buf[ci] + (*in_row_group_ctr * upsample->rowgroup_height[ci]),
 116              		.loc 1 109 11 is_stmt 0 view .LVU26
 117 0026 5AF82410 		ldr	r1, [r10, r4, lsl #2]
 118              		.loc 1 109 19 view .LVU27
 119 002a D9F80020 		ldr	r2, [r9]
 120              		.loc 1 109 64 view .LVU28
 121 002e 04F11803 		add	r3, r4, #24
 122 0032 05EB8303 		add	r3, r5, r3, lsl #2
ARM GAS  /tmp/ccGLdwB6.s 			page 5


 123 0036 5B68     		ldr	r3, [r3, #4]
 124              		.loc 1 109 37 view .LVU29
 125 0038 03FB02F2 		mul	r2, r3, r2
 110:Middlewares/Third_Party/LibJPEG/source/jdsample.c **** 	upsample->color_buf + ci);
 126              		.loc 1 110 2 view .LVU30
 127 003c 05F10C03 		add	r3, r5, #12
 108:Middlewares/Third_Party/LibJPEG/source/jdsample.c **** 	input_buf[ci] + (*in_row_group_ctr * upsample->rowgroup_height[ci]),
 128              		.loc 1 108 8 view .LVU31
 129 0040 04F10C00 		add	r0, r4, #12
 130 0044 05EB8000 		add	r0, r5, r0, lsl #2
 131 0048 D0F80480 		ldr	r8, [r0, #4]
 132 004c 03EB8403 		add	r3, r3, r4, lsl #2
 133 0050 01EB8202 		add	r2, r1, r2, lsl #2
 134 0054 3946     		mov	r1, r7
 135 0056 3046     		mov	r0, r6
 136 0058 C047     		blx	r8
 137              	.LVL9:
 104:Middlewares/Third_Party/LibJPEG/source/jdsample.c ****       /* Invoke per-component upsample method.  Notice we pass a POINTER
 138              		.loc 1 104 3 is_stmt 1 view .LVU32
 104:Middlewares/Third_Party/LibJPEG/source/jdsample.c ****       /* Invoke per-component upsample method.  Notice we pass a POINTER
 139              		.loc 1 104 5 is_stmt 0 view .LVU33
 140 005a 0134     		adds	r4, r4, #1
 141              	.LVL10:
 104:Middlewares/Third_Party/LibJPEG/source/jdsample.c ****       /* Invoke per-component upsample method.  Notice we pass a POINTER
 142              		.loc 1 104 16 view .LVU34
 143 005c 5837     		adds	r7, r7, #88
 144              	.LVL11:
 145              	.L4:
 103:Middlewares/Third_Party/LibJPEG/source/jdsample.c **** 	 ci++, compptr++) {
 146              		.loc 1 103 46 is_stmt 1 discriminator 1 view .LVU35
 103:Middlewares/Third_Party/LibJPEG/source/jdsample.c **** 	 ci++, compptr++) {
 147              		.loc 1 103 56 is_stmt 0 discriminator 1 view .LVU36
 148 005e 736A     		ldr	r3, [r6, #36]
 103:Middlewares/Third_Party/LibJPEG/source/jdsample.c **** 	 ci++, compptr++) {
 149              		.loc 1 103 5 discriminator 1 view .LVU37
 150 0060 A342     		cmp	r3, r4
 151 0062 E0DC     		bgt	.L5
 111:Middlewares/Third_Party/LibJPEG/source/jdsample.c ****     }
 112:Middlewares/Third_Party/LibJPEG/source/jdsample.c ****     upsample->next_row_out = 0;
 152              		.loc 1 112 5 is_stmt 1 view .LVU38
 153              		.loc 1 112 28 is_stmt 0 view .LVU39
 154 0064 0023     		movs	r3, #0
 155 0066 EB65     		str	r3, [r5, #92]
 156              	.LVL12:
 157              	.L3:
 113:Middlewares/Third_Party/LibJPEG/source/jdsample.c ****   }
 114:Middlewares/Third_Party/LibJPEG/source/jdsample.c **** 
 115:Middlewares/Third_Party/LibJPEG/source/jdsample.c ****   /* Color-convert and emit rows */
 116:Middlewares/Third_Party/LibJPEG/source/jdsample.c **** 
 117:Middlewares/Third_Party/LibJPEG/source/jdsample.c ****   /* How many we have in the buffer: */
 118:Middlewares/Third_Party/LibJPEG/source/jdsample.c ****   num_rows = (JDIMENSION) (cinfo->max_v_samp_factor - upsample->next_row_out);
 158              		.loc 1 118 3 is_stmt 1 view .LVU40
 159              		.loc 1 118 33 is_stmt 0 view .LVU41
 160 0068 D6F83C31 		ldr	r3, [r6, #316]
 161              		.loc 1 118 63 view .LVU42
 162 006c EA6D     		ldr	r2, [r5, #92]
 163              		.loc 1 118 53 view .LVU43
ARM GAS  /tmp/ccGLdwB6.s 			page 6


 164 006e 9B1A     		subs	r3, r3, r2
 165              	.LVL13:
 119:Middlewares/Third_Party/LibJPEG/source/jdsample.c ****   /* Not more than the distance to the end of the image.  Need this test
 120:Middlewares/Third_Party/LibJPEG/source/jdsample.c ****    * in case the image height is not a multiple of max_v_samp_factor:
 121:Middlewares/Third_Party/LibJPEG/source/jdsample.c ****    */
 122:Middlewares/Third_Party/LibJPEG/source/jdsample.c ****   if (num_rows > upsample->rows_to_go) 
 166              		.loc 1 122 3 is_stmt 1 view .LVU44
 167              		.loc 1 122 26 is_stmt 0 view .LVU45
 168 0070 296E     		ldr	r1, [r5, #96]
 169              		.loc 1 122 6 view .LVU46
 170 0072 9942     		cmp	r1, r3
 171 0074 00D3     		bcc	.L6
 118:Middlewares/Third_Party/LibJPEG/source/jdsample.c ****   /* Not more than the distance to the end of the image.  Need this test
 172              		.loc 1 118 12 view .LVU47
 173 0076 1946     		mov	r1, r3
 174              	.L6:
 175              	.LVL14:
 123:Middlewares/Third_Party/LibJPEG/source/jdsample.c ****     num_rows = upsample->rows_to_go;
 124:Middlewares/Third_Party/LibJPEG/source/jdsample.c ****   /* And not more than what the client can accept: */
 125:Middlewares/Third_Party/LibJPEG/source/jdsample.c ****   out_rows_avail -= *out_row_ctr;
 176              		.loc 1 125 3 is_stmt 1 view .LVU48
 177              		.loc 1 125 21 is_stmt 0 view .LVU49
 178 0078 DBF80030 		ldr	r3, [fp]
 179              		.loc 1 125 18 view .LVU50
 180 007c 0E9C     		ldr	r4, [sp, #56]
 181 007e E41A     		subs	r4, r4, r3
 182              	.LVL15:
 126:Middlewares/Third_Party/LibJPEG/source/jdsample.c ****   if (num_rows > out_rows_avail)
 183              		.loc 1 126 3 is_stmt 1 view .LVU51
 184              		.loc 1 126 6 is_stmt 0 view .LVU52
 185 0080 A142     		cmp	r1, r4
 186 0082 00D8     		bhi	.L7
 187 0084 0C46     		mov	r4, r1
 188              	.LVL16:
 189              	.L7:
 127:Middlewares/Third_Party/LibJPEG/source/jdsample.c ****     num_rows = out_rows_avail;
 128:Middlewares/Third_Party/LibJPEG/source/jdsample.c **** 
 129:Middlewares/Third_Party/LibJPEG/source/jdsample.c ****   (*cinfo->cconvert->color_convert) (cinfo, upsample->color_buf,
 190              		.loc 1 129 3 is_stmt 1 view .LVU53
 191              		.loc 1 129 10 is_stmt 0 view .LVU54
 192 0086 D6F8DC11 		ldr	r1, [r6, #476]
 193              		.loc 1 129 4 view .LVU55
 194 008a 0094     		str	r4, [sp]
 195 008c 4F68     		ldr	r7, [r1, #4]
 196 008e 0C99     		ldr	r1, [sp, #48]
 197 0090 01EB8303 		add	r3, r1, r3, lsl #2
 198              	.LVL17:
 199              		.loc 1 129 4 view .LVU56
 200 0094 05F10C01 		add	r1, r5, #12
 201 0098 3046     		mov	r0, r6
 202 009a B847     		blx	r7
 203              	.LVL18:
 130:Middlewares/Third_Party/LibJPEG/source/jdsample.c **** 				     (JDIMENSION) upsample->next_row_out,
 131:Middlewares/Third_Party/LibJPEG/source/jdsample.c **** 				     output_buf + *out_row_ctr,
 132:Middlewares/Third_Party/LibJPEG/source/jdsample.c **** 				     (int) num_rows);
 133:Middlewares/Third_Party/LibJPEG/source/jdsample.c **** 
 134:Middlewares/Third_Party/LibJPEG/source/jdsample.c ****   /* Adjust counts */
ARM GAS  /tmp/ccGLdwB6.s 			page 7


 135:Middlewares/Third_Party/LibJPEG/source/jdsample.c ****   *out_row_ctr += num_rows;
 204              		.loc 1 135 3 is_stmt 1 view .LVU57
 205              		.loc 1 135 16 is_stmt 0 view .LVU58
 206 009c DBF80030 		ldr	r3, [fp]
 207 00a0 2344     		add	r3, r3, r4
 208 00a2 CBF80030 		str	r3, [fp]
 136:Middlewares/Third_Party/LibJPEG/source/jdsample.c ****   upsample->rows_to_go -= num_rows;
 209              		.loc 1 136 3 is_stmt 1 view .LVU59
 210              		.loc 1 136 24 is_stmt 0 view .LVU60
 211 00a6 2B6E     		ldr	r3, [r5, #96]
 212 00a8 1B1B     		subs	r3, r3, r4
 213 00aa 2B66     		str	r3, [r5, #96]
 137:Middlewares/Third_Party/LibJPEG/source/jdsample.c ****   upsample->next_row_out += num_rows;
 214              		.loc 1 137 3 is_stmt 1 view .LVU61
 215              		.loc 1 137 26 is_stmt 0 view .LVU62
 216 00ac EB6D     		ldr	r3, [r5, #92]
 217 00ae 1C44     		add	r4, r4, r3
 218              	.LVL19:
 219              		.loc 1 137 26 view .LVU63
 220 00b0 EC65     		str	r4, [r5, #92]
 138:Middlewares/Third_Party/LibJPEG/source/jdsample.c ****   /* When the buffer is emptied, declare this input row group consumed */
 139:Middlewares/Third_Party/LibJPEG/source/jdsample.c ****   if (upsample->next_row_out >= cinfo->max_v_samp_factor)
 221              		.loc 1 139 3 is_stmt 1 view .LVU64
 222              		.loc 1 139 38 is_stmt 0 view .LVU65
 223 00b2 D6F83C31 		ldr	r3, [r6, #316]
 224              		.loc 1 139 6 view .LVU66
 225 00b6 9C42     		cmp	r4, r3
 226 00b8 04DB     		blt	.L2
 140:Middlewares/Third_Party/LibJPEG/source/jdsample.c ****     (*in_row_group_ctr)++;
 227              		.loc 1 140 5 is_stmt 1 view .LVU67
 228              		.loc 1 140 6 is_stmt 0 view .LVU68
 229 00ba D9F80030 		ldr	r3, [r9]
 230              		.loc 1 140 24 view .LVU69
 231 00be 0133     		adds	r3, r3, #1
 232 00c0 C9F80030 		str	r3, [r9]
 233              	.L2:
 141:Middlewares/Third_Party/LibJPEG/source/jdsample.c **** }
 234              		.loc 1 141 1 view .LVU70
 235 00c4 03B0     		add	sp, sp, #12
 236              	.LCFI2:
 237              		.cfi_def_cfa_offset 36
 238              		@ sp needed
 239 00c6 BDE8F08F 		pop	{r4, r5, r6, r7, r8, r9, r10, fp, pc}
 240              		.loc 1 141 1 view .LVU71
 241              		.cfi_endproc
 242              	.LFE8:
 244              		.section	.text.fullsize_upsample,"ax",%progbits
 245              		.align	1
 246              		.syntax unified
 247              		.thumb
 248              		.thumb_func
 249              		.fpu fpv4-sp-d16
 251              	fullsize_upsample:
 252              	.LVL20:
 253              	.LFB9:
 142:Middlewares/Third_Party/LibJPEG/source/jdsample.c **** 
 143:Middlewares/Third_Party/LibJPEG/source/jdsample.c **** 
ARM GAS  /tmp/ccGLdwB6.s 			page 8


 144:Middlewares/Third_Party/LibJPEG/source/jdsample.c **** /*
 145:Middlewares/Third_Party/LibJPEG/source/jdsample.c ****  * These are the routines invoked by sep_upsample to upsample pixel values
 146:Middlewares/Third_Party/LibJPEG/source/jdsample.c ****  * of a single component.  One row group is processed per call.
 147:Middlewares/Third_Party/LibJPEG/source/jdsample.c ****  */
 148:Middlewares/Third_Party/LibJPEG/source/jdsample.c **** 
 149:Middlewares/Third_Party/LibJPEG/source/jdsample.c **** 
 150:Middlewares/Third_Party/LibJPEG/source/jdsample.c **** /*
 151:Middlewares/Third_Party/LibJPEG/source/jdsample.c ****  * For full-size components, we just make color_buf[ci] point at the
 152:Middlewares/Third_Party/LibJPEG/source/jdsample.c ****  * input buffer, and thus avoid copying any data.  Note that this is
 153:Middlewares/Third_Party/LibJPEG/source/jdsample.c ****  * safe only because sep_upsample doesn't declare the input row group
 154:Middlewares/Third_Party/LibJPEG/source/jdsample.c ****  * "consumed" until we are done color converting and emitting it.
 155:Middlewares/Third_Party/LibJPEG/source/jdsample.c ****  */
 156:Middlewares/Third_Party/LibJPEG/source/jdsample.c **** 
 157:Middlewares/Third_Party/LibJPEG/source/jdsample.c **** METHODDEF(void)
 158:Middlewares/Third_Party/LibJPEG/source/jdsample.c **** fullsize_upsample (j_decompress_ptr cinfo, jpeg_component_info * compptr,
 159:Middlewares/Third_Party/LibJPEG/source/jdsample.c **** 		   JSAMPARRAY input_data, JSAMPARRAY * output_data_ptr)
 160:Middlewares/Third_Party/LibJPEG/source/jdsample.c **** {
 254              		.loc 1 160 1 is_stmt 1 view -0
 255              		.cfi_startproc
 256              		@ args = 0, pretend = 0, frame = 0
 257              		@ frame_needed = 0, uses_anonymous_args = 0
 258              		@ link register save eliminated.
 161:Middlewares/Third_Party/LibJPEG/source/jdsample.c ****   *output_data_ptr = input_data;
 259              		.loc 1 161 3 view .LVU73
 260              		.loc 1 161 20 is_stmt 0 view .LVU74
 261 0000 1A60     		str	r2, [r3]
 162:Middlewares/Third_Party/LibJPEG/source/jdsample.c **** }
 262              		.loc 1 162 1 view .LVU75
 263 0002 7047     		bx	lr
 264              		.cfi_endproc
 265              	.LFE9:
 267              		.section	.text.noop_upsample,"ax",%progbits
 268              		.align	1
 269              		.syntax unified
 270              		.thumb
 271              		.thumb_func
 272              		.fpu fpv4-sp-d16
 274              	noop_upsample:
 275              	.LVL21:
 276              	.LFB10:
 163:Middlewares/Third_Party/LibJPEG/source/jdsample.c **** 
 164:Middlewares/Third_Party/LibJPEG/source/jdsample.c **** 
 165:Middlewares/Third_Party/LibJPEG/source/jdsample.c **** /*
 166:Middlewares/Third_Party/LibJPEG/source/jdsample.c ****  * This is a no-op version used for "uninteresting" components.
 167:Middlewares/Third_Party/LibJPEG/source/jdsample.c ****  * These components will not be referenced by color conversion.
 168:Middlewares/Third_Party/LibJPEG/source/jdsample.c ****  */
 169:Middlewares/Third_Party/LibJPEG/source/jdsample.c **** 
 170:Middlewares/Third_Party/LibJPEG/source/jdsample.c **** METHODDEF(void)
 171:Middlewares/Third_Party/LibJPEG/source/jdsample.c **** noop_upsample (j_decompress_ptr cinfo, jpeg_component_info * compptr,
 172:Middlewares/Third_Party/LibJPEG/source/jdsample.c **** 	       JSAMPARRAY input_data, JSAMPARRAY * output_data_ptr)
 173:Middlewares/Third_Party/LibJPEG/source/jdsample.c **** {
 277              		.loc 1 173 1 is_stmt 1 view -0
 278              		.cfi_startproc
 279              		@ args = 0, pretend = 0, frame = 0
 280              		@ frame_needed = 0, uses_anonymous_args = 0
 281              		@ link register save eliminated.
 174:Middlewares/Third_Party/LibJPEG/source/jdsample.c ****   *output_data_ptr = NULL;	/* safety check */
ARM GAS  /tmp/ccGLdwB6.s 			page 9


 282              		.loc 1 174 3 view .LVU77
 283              		.loc 1 174 20 is_stmt 0 view .LVU78
 284 0000 0022     		movs	r2, #0
 285              	.LVL22:
 286              		.loc 1 174 20 view .LVU79
 287 0002 1A60     		str	r2, [r3]
 175:Middlewares/Third_Party/LibJPEG/source/jdsample.c **** }
 288              		.loc 1 175 1 view .LVU80
 289 0004 7047     		bx	lr
 290              		.cfi_endproc
 291              	.LFE10:
 293              		.section	.text.h2v1_upsample,"ax",%progbits
 294              		.align	1
 295              		.syntax unified
 296              		.thumb
 297              		.thumb_func
 298              		.fpu fpv4-sp-d16
 300              	h2v1_upsample:
 301              	.LVL23:
 302              	.LFB12:
 176:Middlewares/Third_Party/LibJPEG/source/jdsample.c **** 
 177:Middlewares/Third_Party/LibJPEG/source/jdsample.c **** 
 178:Middlewares/Third_Party/LibJPEG/source/jdsample.c **** /*
 179:Middlewares/Third_Party/LibJPEG/source/jdsample.c ****  * This version handles any integral sampling ratios.
 180:Middlewares/Third_Party/LibJPEG/source/jdsample.c ****  * This is not used for typical JPEG files, so it need not be fast.
 181:Middlewares/Third_Party/LibJPEG/source/jdsample.c ****  * Nor, for that matter, is it particularly accurate: the algorithm is
 182:Middlewares/Third_Party/LibJPEG/source/jdsample.c ****  * simple replication of the input pixel onto the corresponding output
 183:Middlewares/Third_Party/LibJPEG/source/jdsample.c ****  * pixels.  The hi-falutin sampling literature refers to this as a
 184:Middlewares/Third_Party/LibJPEG/source/jdsample.c ****  * "box filter".  A box filter tends to introduce visible artifacts,
 185:Middlewares/Third_Party/LibJPEG/source/jdsample.c ****  * so if you are actually going to use 3:1 or 4:1 sampling ratios
 186:Middlewares/Third_Party/LibJPEG/source/jdsample.c ****  * you would be well advised to improve this code.
 187:Middlewares/Third_Party/LibJPEG/source/jdsample.c ****  */
 188:Middlewares/Third_Party/LibJPEG/source/jdsample.c **** 
 189:Middlewares/Third_Party/LibJPEG/source/jdsample.c **** METHODDEF(void)
 190:Middlewares/Third_Party/LibJPEG/source/jdsample.c **** int_upsample (j_decompress_ptr cinfo, jpeg_component_info * compptr,
 191:Middlewares/Third_Party/LibJPEG/source/jdsample.c **** 	      JSAMPARRAY input_data, JSAMPARRAY * output_data_ptr)
 192:Middlewares/Third_Party/LibJPEG/source/jdsample.c **** {
 193:Middlewares/Third_Party/LibJPEG/source/jdsample.c ****   my_upsample_ptr upsample = (my_upsample_ptr) cinfo->upsample;
 194:Middlewares/Third_Party/LibJPEG/source/jdsample.c ****   JSAMPARRAY output_data = *output_data_ptr;
 195:Middlewares/Third_Party/LibJPEG/source/jdsample.c ****   register JSAMPROW inptr, outptr;
 196:Middlewares/Third_Party/LibJPEG/source/jdsample.c ****   register JSAMPLE invalue;
 197:Middlewares/Third_Party/LibJPEG/source/jdsample.c ****   register int h;
 198:Middlewares/Third_Party/LibJPEG/source/jdsample.c ****   JSAMPROW outend;
 199:Middlewares/Third_Party/LibJPEG/source/jdsample.c ****   int h_expand, v_expand;
 200:Middlewares/Third_Party/LibJPEG/source/jdsample.c ****   int inrow, outrow;
 201:Middlewares/Third_Party/LibJPEG/source/jdsample.c **** 
 202:Middlewares/Third_Party/LibJPEG/source/jdsample.c ****   h_expand = upsample->h_expand[compptr->component_index];
 203:Middlewares/Third_Party/LibJPEG/source/jdsample.c ****   v_expand = upsample->v_expand[compptr->component_index];
 204:Middlewares/Third_Party/LibJPEG/source/jdsample.c **** 
 205:Middlewares/Third_Party/LibJPEG/source/jdsample.c ****   inrow = outrow = 0;
 206:Middlewares/Third_Party/LibJPEG/source/jdsample.c ****   while (outrow < cinfo->max_v_samp_factor) {
 207:Middlewares/Third_Party/LibJPEG/source/jdsample.c ****     /* Generate one output row with proper horizontal expansion */
 208:Middlewares/Third_Party/LibJPEG/source/jdsample.c ****     inptr = input_data[inrow];
 209:Middlewares/Third_Party/LibJPEG/source/jdsample.c ****     outptr = output_data[outrow];
 210:Middlewares/Third_Party/LibJPEG/source/jdsample.c ****     outend = outptr + cinfo->output_width;
 211:Middlewares/Third_Party/LibJPEG/source/jdsample.c ****     while (outptr < outend) {
 212:Middlewares/Third_Party/LibJPEG/source/jdsample.c ****       invalue = *inptr++;	/* don't need GETJSAMPLE() here */
ARM GAS  /tmp/ccGLdwB6.s 			page 10


 213:Middlewares/Third_Party/LibJPEG/source/jdsample.c ****       for (h = h_expand; h > 0; h--) {
 214:Middlewares/Third_Party/LibJPEG/source/jdsample.c **** 	*outptr++ = invalue;
 215:Middlewares/Third_Party/LibJPEG/source/jdsample.c ****       }
 216:Middlewares/Third_Party/LibJPEG/source/jdsample.c ****     }
 217:Middlewares/Third_Party/LibJPEG/source/jdsample.c ****     /* Generate any additional output rows by duplicating the first one */
 218:Middlewares/Third_Party/LibJPEG/source/jdsample.c ****     if (v_expand > 1) {
 219:Middlewares/Third_Party/LibJPEG/source/jdsample.c ****       jcopy_sample_rows(output_data, outrow, output_data, outrow+1,
 220:Middlewares/Third_Party/LibJPEG/source/jdsample.c **** 			v_expand-1, cinfo->output_width);
 221:Middlewares/Third_Party/LibJPEG/source/jdsample.c ****     }
 222:Middlewares/Third_Party/LibJPEG/source/jdsample.c ****     inrow++;
 223:Middlewares/Third_Party/LibJPEG/source/jdsample.c ****     outrow += v_expand;
 224:Middlewares/Third_Party/LibJPEG/source/jdsample.c ****   }
 225:Middlewares/Third_Party/LibJPEG/source/jdsample.c **** }
 226:Middlewares/Third_Party/LibJPEG/source/jdsample.c **** 
 227:Middlewares/Third_Party/LibJPEG/source/jdsample.c **** 
 228:Middlewares/Third_Party/LibJPEG/source/jdsample.c **** /*
 229:Middlewares/Third_Party/LibJPEG/source/jdsample.c ****  * Fast processing for the common case of 2:1 horizontal and 1:1 vertical.
 230:Middlewares/Third_Party/LibJPEG/source/jdsample.c ****  * It's still a box filter.
 231:Middlewares/Third_Party/LibJPEG/source/jdsample.c ****  */
 232:Middlewares/Third_Party/LibJPEG/source/jdsample.c **** 
 233:Middlewares/Third_Party/LibJPEG/source/jdsample.c **** METHODDEF(void)
 234:Middlewares/Third_Party/LibJPEG/source/jdsample.c **** h2v1_upsample (j_decompress_ptr cinfo, jpeg_component_info * compptr,
 235:Middlewares/Third_Party/LibJPEG/source/jdsample.c **** 	       JSAMPARRAY input_data, JSAMPARRAY * output_data_ptr)
 236:Middlewares/Third_Party/LibJPEG/source/jdsample.c **** {
 303              		.loc 1 236 1 is_stmt 1 view -0
 304              		.cfi_startproc
 305              		@ args = 0, pretend = 0, frame = 0
 306              		@ frame_needed = 0, uses_anonymous_args = 0
 307              		.loc 1 236 1 is_stmt 0 view .LVU82
 308 0000 70B5     		push	{r4, r5, r6, lr}
 309              	.LCFI3:
 310              		.cfi_def_cfa_offset 16
 311              		.cfi_offset 4, -16
 312              		.cfi_offset 5, -12
 313              		.cfi_offset 6, -8
 314              		.cfi_offset 14, -4
 315 0002 0446     		mov	r4, r0
 316 0004 1546     		mov	r5, r2
 237:Middlewares/Third_Party/LibJPEG/source/jdsample.c ****   JSAMPARRAY output_data = *output_data_ptr;
 317              		.loc 1 237 3 is_stmt 1 view .LVU83
 318              		.loc 1 237 14 is_stmt 0 view .LVU84
 319 0006 1E68     		ldr	r6, [r3]
 320              	.LVL24:
 238:Middlewares/Third_Party/LibJPEG/source/jdsample.c ****   register JSAMPROW inptr, outptr;
 321              		.loc 1 238 3 is_stmt 1 view .LVU85
 239:Middlewares/Third_Party/LibJPEG/source/jdsample.c ****   register JSAMPLE invalue;
 322              		.loc 1 239 3 view .LVU86
 240:Middlewares/Third_Party/LibJPEG/source/jdsample.c ****   JSAMPROW outend;
 323              		.loc 1 240 3 view .LVU87
 241:Middlewares/Third_Party/LibJPEG/source/jdsample.c ****   int outrow;
 324              		.loc 1 241 3 view .LVU88
 242:Middlewares/Third_Party/LibJPEG/source/jdsample.c **** 
 243:Middlewares/Third_Party/LibJPEG/source/jdsample.c ****   for (outrow = 0; outrow < cinfo->max_v_samp_factor; outrow++) {
 325              		.loc 1 243 3 view .LVU89
 326              		.loc 1 243 15 is_stmt 0 view .LVU90
 327 0008 0020     		movs	r0, #0
 328              	.LVL25:
ARM GAS  /tmp/ccGLdwB6.s 			page 11


 329              		.loc 1 243 3 view .LVU91
 330 000a 0AE0     		b	.L13
 331              	.LVL26:
 332              	.L15:
 244:Middlewares/Third_Party/LibJPEG/source/jdsample.c ****     inptr = input_data[outrow];
 245:Middlewares/Third_Party/LibJPEG/source/jdsample.c ****     outptr = output_data[outrow];
 246:Middlewares/Third_Party/LibJPEG/source/jdsample.c ****     outend = outptr + cinfo->output_width;
 247:Middlewares/Third_Party/LibJPEG/source/jdsample.c ****     while (outptr < outend) {
 248:Middlewares/Third_Party/LibJPEG/source/jdsample.c ****       invalue = *inptr++;	/* don't need GETJSAMPLE() here */
 333              		.loc 1 248 7 is_stmt 1 view .LVU92
 334              		.loc 1 248 15 is_stmt 0 view .LVU93
 335 000c 13F801EB 		ldrb	lr, [r3], #1	@ zero_extendqisi2
 336              	.LVL27:
 249:Middlewares/Third_Party/LibJPEG/source/jdsample.c ****       *outptr++ = invalue;
 337              		.loc 1 249 7 is_stmt 1 view .LVU94
 338              		.loc 1 249 17 is_stmt 0 view .LVU95
 339 0010 8C46     		mov	ip, r1
 340 0012 0CF802EB 		strb	lr, [ip], #2
 250:Middlewares/Third_Party/LibJPEG/source/jdsample.c ****       *outptr++ = invalue;
 341              		.loc 1 250 7 is_stmt 1 view .LVU96
 342              	.LVL28:
 343              		.loc 1 250 17 is_stmt 0 view .LVU97
 344 0016 81F801E0 		strb	lr, [r1, #1]
 345              		.loc 1 250 14 view .LVU98
 346 001a 6146     		mov	r1, ip
 347              	.LVL29:
 348              	.L14:
 247:Middlewares/Third_Party/LibJPEG/source/jdsample.c ****       invalue = *inptr++;	/* don't need GETJSAMPLE() here */
 349              		.loc 1 247 11 is_stmt 1 view .LVU99
 350 001c 9142     		cmp	r1, r2
 351 001e F5D3     		bcc	.L15
 243:Middlewares/Third_Party/LibJPEG/source/jdsample.c ****     inptr = input_data[outrow];
 352              		.loc 1 243 55 discriminator 2 view .LVU100
 243:Middlewares/Third_Party/LibJPEG/source/jdsample.c ****     inptr = input_data[outrow];
 353              		.loc 1 243 61 is_stmt 0 discriminator 2 view .LVU101
 354 0020 0130     		adds	r0, r0, #1
 355              	.LVL30:
 356              	.L13:
 243:Middlewares/Third_Party/LibJPEG/source/jdsample.c ****     inptr = input_data[outrow];
 357              		.loc 1 243 20 is_stmt 1 discriminator 1 view .LVU102
 243:Middlewares/Third_Party/LibJPEG/source/jdsample.c ****     inptr = input_data[outrow];
 358              		.loc 1 243 34 is_stmt 0 discriminator 1 view .LVU103
 359 0022 D4F83C31 		ldr	r3, [r4, #316]
 243:Middlewares/Third_Party/LibJPEG/source/jdsample.c ****     inptr = input_data[outrow];
 360              		.loc 1 243 3 discriminator 1 view .LVU104
 361 0026 8342     		cmp	r3, r0
 362 0028 06DD     		ble	.L18
 244:Middlewares/Third_Party/LibJPEG/source/jdsample.c ****     outptr = output_data[outrow];
 363              		.loc 1 244 5 is_stmt 1 view .LVU105
 244:Middlewares/Third_Party/LibJPEG/source/jdsample.c ****     outptr = output_data[outrow];
 364              		.loc 1 244 11 is_stmt 0 view .LVU106
 365 002a 55F82030 		ldr	r3, [r5, r0, lsl #2]
 366              	.LVL31:
 245:Middlewares/Third_Party/LibJPEG/source/jdsample.c ****     outend = outptr + cinfo->output_width;
 367              		.loc 1 245 5 is_stmt 1 view .LVU107
 245:Middlewares/Third_Party/LibJPEG/source/jdsample.c ****     outend = outptr + cinfo->output_width;
 368              		.loc 1 245 12 is_stmt 0 view .LVU108
ARM GAS  /tmp/ccGLdwB6.s 			page 12


 369 002e 56F82010 		ldr	r1, [r6, r0, lsl #2]
 370              	.LVL32:
 246:Middlewares/Third_Party/LibJPEG/source/jdsample.c ****     while (outptr < outend) {
 371              		.loc 1 246 5 is_stmt 1 view .LVU109
 246:Middlewares/Third_Party/LibJPEG/source/jdsample.c ****     while (outptr < outend) {
 372              		.loc 1 246 28 is_stmt 0 view .LVU110
 373 0032 226F     		ldr	r2, [r4, #112]
 246:Middlewares/Third_Party/LibJPEG/source/jdsample.c ****     while (outptr < outend) {
 374              		.loc 1 246 12 view .LVU111
 375 0034 0A44     		add	r2, r2, r1
 376              	.LVL33:
 247:Middlewares/Third_Party/LibJPEG/source/jdsample.c ****       invalue = *inptr++;	/* don't need GETJSAMPLE() here */
 377              		.loc 1 247 5 is_stmt 1 view .LVU112
 247:Middlewares/Third_Party/LibJPEG/source/jdsample.c ****       invalue = *inptr++;	/* don't need GETJSAMPLE() here */
 378              		.loc 1 247 11 is_stmt 0 view .LVU113
 379 0036 F1E7     		b	.L14
 380              	.LVL34:
 381              	.L18:
 251:Middlewares/Third_Party/LibJPEG/source/jdsample.c ****     }
 252:Middlewares/Third_Party/LibJPEG/source/jdsample.c ****   }
 253:Middlewares/Third_Party/LibJPEG/source/jdsample.c **** }
 382              		.loc 1 253 1 view .LVU114
 383 0038 70BD     		pop	{r4, r5, r6, pc}
 384              		.loc 1 253 1 view .LVU115
 385              		.cfi_endproc
 386              	.LFE12:
 388              		.section	.text.int_upsample,"ax",%progbits
 389              		.align	1
 390              		.syntax unified
 391              		.thumb
 392              		.thumb_func
 393              		.fpu fpv4-sp-d16
 395              	int_upsample:
 396              	.LVL35:
 397              	.LFB11:
 192:Middlewares/Third_Party/LibJPEG/source/jdsample.c ****   my_upsample_ptr upsample = (my_upsample_ptr) cinfo->upsample;
 398              		.loc 1 192 1 is_stmt 1 view -0
 399              		.cfi_startproc
 400              		@ args = 0, pretend = 0, frame = 0
 401              		@ frame_needed = 0, uses_anonymous_args = 0
 192:Middlewares/Third_Party/LibJPEG/source/jdsample.c ****   my_upsample_ptr upsample = (my_upsample_ptr) cinfo->upsample;
 402              		.loc 1 192 1 is_stmt 0 view .LVU117
 403 0000 2DE9F047 		push	{r4, r5, r6, r7, r8, r9, r10, lr}
 404              	.LCFI4:
 405              		.cfi_def_cfa_offset 32
 406              		.cfi_offset 4, -32
 407              		.cfi_offset 5, -28
 408              		.cfi_offset 6, -24
 409              		.cfi_offset 7, -20
 410              		.cfi_offset 8, -16
 411              		.cfi_offset 9, -12
 412              		.cfi_offset 10, -8
 413              		.cfi_offset 14, -4
 414 0004 82B0     		sub	sp, sp, #8
 415              	.LCFI5:
 416              		.cfi_def_cfa_offset 40
 417 0006 0746     		mov	r7, r0
ARM GAS  /tmp/ccGLdwB6.s 			page 13


 418 0008 9246     		mov	r10, r2
 193:Middlewares/Third_Party/LibJPEG/source/jdsample.c ****   JSAMPARRAY output_data = *output_data_ptr;
 419              		.loc 1 193 3 is_stmt 1 view .LVU118
 193:Middlewares/Third_Party/LibJPEG/source/jdsample.c ****   JSAMPARRAY output_data = *output_data_ptr;
 420              		.loc 1 193 19 is_stmt 0 view .LVU119
 421 000a D0F8D821 		ldr	r2, [r0, #472]
 422              	.LVL36:
 194:Middlewares/Third_Party/LibJPEG/source/jdsample.c ****   register JSAMPROW inptr, outptr;
 423              		.loc 1 194 3 is_stmt 1 view .LVU120
 194:Middlewares/Third_Party/LibJPEG/source/jdsample.c ****   register JSAMPROW inptr, outptr;
 424              		.loc 1 194 14 is_stmt 0 view .LVU121
 425 000e D3F80090 		ldr	r9, [r3]
 426              	.LVL37:
 195:Middlewares/Third_Party/LibJPEG/source/jdsample.c ****   register JSAMPLE invalue;
 427              		.loc 1 195 3 is_stmt 1 view .LVU122
 196:Middlewares/Third_Party/LibJPEG/source/jdsample.c ****   register int h;
 428              		.loc 1 196 3 view .LVU123
 197:Middlewares/Third_Party/LibJPEG/source/jdsample.c ****   JSAMPROW outend;
 429              		.loc 1 197 3 view .LVU124
 198:Middlewares/Third_Party/LibJPEG/source/jdsample.c ****   int h_expand, v_expand;
 430              		.loc 1 198 3 view .LVU125
 199:Middlewares/Third_Party/LibJPEG/source/jdsample.c ****   int inrow, outrow;
 431              		.loc 1 199 3 view .LVU126
 200:Middlewares/Third_Party/LibJPEG/source/jdsample.c **** 
 432              		.loc 1 200 3 view .LVU127
 202:Middlewares/Third_Party/LibJPEG/source/jdsample.c ****   v_expand = upsample->v_expand[compptr->component_index];
 433              		.loc 1 202 3 view .LVU128
 202:Middlewares/Third_Party/LibJPEG/source/jdsample.c ****   v_expand = upsample->v_expand[compptr->component_index];
 434              		.loc 1 202 40 is_stmt 0 view .LVU129
 435 0012 4B68     		ldr	r3, [r1, #4]
 436              	.LVL38:
 202:Middlewares/Third_Party/LibJPEG/source/jdsample.c ****   v_expand = upsample->v_expand[compptr->component_index];
 437              		.loc 1 202 32 view .LVU130
 438 0014 1344     		add	r3, r3, r2
 439 0016 93F88C40 		ldrb	r4, [r3, #140]	@ zero_extendqisi2
 440              	.LVL39:
 203:Middlewares/Third_Party/LibJPEG/source/jdsample.c **** 
 441              		.loc 1 203 3 is_stmt 1 view .LVU131
 203:Middlewares/Third_Party/LibJPEG/source/jdsample.c **** 
 442              		.loc 1 203 32 is_stmt 0 view .LVU132
 443 001a 93F89680 		ldrb	r8, [r3, #150]	@ zero_extendqisi2
 444              	.LVL40:
 205:Middlewares/Third_Party/LibJPEG/source/jdsample.c ****   while (outrow < cinfo->max_v_samp_factor) {
 445              		.loc 1 205 3 is_stmt 1 view .LVU133
 206:Middlewares/Third_Party/LibJPEG/source/jdsample.c ****     /* Generate one output row with proper horizontal expansion */
 446              		.loc 1 206 3 view .LVU134
 205:Middlewares/Third_Party/LibJPEG/source/jdsample.c ****   while (outrow < cinfo->max_v_samp_factor) {
 447              		.loc 1 205 18 is_stmt 0 view .LVU135
 448 001e 0025     		movs	r5, #0
 205:Middlewares/Third_Party/LibJPEG/source/jdsample.c ****   while (outrow < cinfo->max_v_samp_factor) {
 449              		.loc 1 205 9 view .LVU136
 450 0020 2E46     		mov	r6, r5
 206:Middlewares/Third_Party/LibJPEG/source/jdsample.c ****     /* Generate one output row with proper horizontal expansion */
 451              		.loc 1 206 9 view .LVU137
 452 0022 0FE0     		b	.L20
 453              	.LVL41:
 454              	.L23:
ARM GAS  /tmp/ccGLdwB6.s 			page 14


 214:Middlewares/Third_Party/LibJPEG/source/jdsample.c ****       }
 455              		.loc 1 214 2 is_stmt 1 discriminator 3 view .LVU138
 214:Middlewares/Third_Party/LibJPEG/source/jdsample.c ****       }
 456              		.loc 1 214 12 is_stmt 0 discriminator 3 view .LVU139
 457 0024 03F8011B 		strb	r1, [r3], #1
 458              	.LVL42:
 213:Middlewares/Third_Party/LibJPEG/source/jdsample.c **** 	*outptr++ = invalue;
 459              		.loc 1 213 33 is_stmt 1 discriminator 3 view .LVU140
 213:Middlewares/Third_Party/LibJPEG/source/jdsample.c **** 	*outptr++ = invalue;
 460              		.loc 1 213 34 is_stmt 0 discriminator 3 view .LVU141
 461 0028 013A     		subs	r2, r2, #1
 462              	.LVL43:
 463              	.L22:
 213:Middlewares/Third_Party/LibJPEG/source/jdsample.c **** 	*outptr++ = invalue;
 464              		.loc 1 213 26 is_stmt 1 discriminator 1 view .LVU142
 213:Middlewares/Third_Party/LibJPEG/source/jdsample.c **** 	*outptr++ = invalue;
 465              		.loc 1 213 7 is_stmt 0 discriminator 1 view .LVU143
 466 002a 002A     		cmp	r2, #0
 467 002c FADC     		bgt	.L23
 468              	.LVL44:
 469              	.L21:
 211:Middlewares/Third_Party/LibJPEG/source/jdsample.c ****       invalue = *inptr++;	/* don't need GETJSAMPLE() here */
 470              		.loc 1 211 11 is_stmt 1 view .LVU144
 471 002e 6345     		cmp	r3, ip
 472 0030 03D2     		bcs	.L28
 212:Middlewares/Third_Party/LibJPEG/source/jdsample.c ****       for (h = h_expand; h > 0; h--) {
 473              		.loc 1 212 7 view .LVU145
 474              	.LVL45:
 212:Middlewares/Third_Party/LibJPEG/source/jdsample.c ****       for (h = h_expand; h > 0; h--) {
 475              		.loc 1 212 15 is_stmt 0 view .LVU146
 476 0032 10F8011B 		ldrb	r1, [r0], #1	@ zero_extendqisi2
 477              	.LVL46:
 213:Middlewares/Third_Party/LibJPEG/source/jdsample.c **** 	*outptr++ = invalue;
 478              		.loc 1 213 7 is_stmt 1 view .LVU147
 213:Middlewares/Third_Party/LibJPEG/source/jdsample.c **** 	*outptr++ = invalue;
 479              		.loc 1 213 14 is_stmt 0 view .LVU148
 480 0036 2246     		mov	r2, r4
 213:Middlewares/Third_Party/LibJPEG/source/jdsample.c **** 	*outptr++ = invalue;
 481              		.loc 1 213 7 view .LVU149
 482 0038 F7E7     		b	.L22
 483              	.LVL47:
 484              	.L28:
 218:Middlewares/Third_Party/LibJPEG/source/jdsample.c ****       jcopy_sample_rows(output_data, outrow, output_data, outrow+1,
 485              		.loc 1 218 5 is_stmt 1 view .LVU150
 218:Middlewares/Third_Party/LibJPEG/source/jdsample.c ****       jcopy_sample_rows(output_data, outrow, output_data, outrow+1,
 486              		.loc 1 218 8 is_stmt 0 view .LVU151
 487 003a B8F1010F 		cmp	r8, #1
 488 003e 0DDC     		bgt	.L29
 489              	.LVL48:
 490              	.L25:
 222:Middlewares/Third_Party/LibJPEG/source/jdsample.c ****     outrow += v_expand;
 491              		.loc 1 222 5 is_stmt 1 view .LVU152
 222:Middlewares/Third_Party/LibJPEG/source/jdsample.c ****     outrow += v_expand;
 492              		.loc 1 222 10 is_stmt 0 view .LVU153
 493 0040 0136     		adds	r6, r6, #1
 494              	.LVL49:
 223:Middlewares/Third_Party/LibJPEG/source/jdsample.c ****   }
ARM GAS  /tmp/ccGLdwB6.s 			page 15


 495              		.loc 1 223 5 is_stmt 1 view .LVU154
 223:Middlewares/Third_Party/LibJPEG/source/jdsample.c ****   }
 496              		.loc 1 223 12 is_stmt 0 view .LVU155
 497 0042 4544     		add	r5, r5, r8
 498              	.LVL50:
 499              	.L20:
 206:Middlewares/Third_Party/LibJPEG/source/jdsample.c ****     /* Generate one output row with proper horizontal expansion */
 500              		.loc 1 206 9 is_stmt 1 view .LVU156
 206:Middlewares/Third_Party/LibJPEG/source/jdsample.c ****     /* Generate one output row with proper horizontal expansion */
 501              		.loc 1 206 24 is_stmt 0 view .LVU157
 502 0044 D7F83C31 		ldr	r3, [r7, #316]
 206:Middlewares/Third_Party/LibJPEG/source/jdsample.c ****     /* Generate one output row with proper horizontal expansion */
 503              		.loc 1 206 9 view .LVU158
 504 0048 AB42     		cmp	r3, r5
 505 004a 13DD     		ble	.L30
 208:Middlewares/Third_Party/LibJPEG/source/jdsample.c ****     outptr = output_data[outrow];
 506              		.loc 1 208 5 is_stmt 1 view .LVU159
 208:Middlewares/Third_Party/LibJPEG/source/jdsample.c ****     outptr = output_data[outrow];
 507              		.loc 1 208 11 is_stmt 0 view .LVU160
 508 004c 5AF82600 		ldr	r0, [r10, r6, lsl #2]
 509              	.LVL51:
 209:Middlewares/Third_Party/LibJPEG/source/jdsample.c ****     outend = outptr + cinfo->output_width;
 510              		.loc 1 209 5 is_stmt 1 view .LVU161
 209:Middlewares/Third_Party/LibJPEG/source/jdsample.c ****     outend = outptr + cinfo->output_width;
 511              		.loc 1 209 12 is_stmt 0 view .LVU162
 512 0050 59F82530 		ldr	r3, [r9, r5, lsl #2]
 513              	.LVL52:
 210:Middlewares/Third_Party/LibJPEG/source/jdsample.c ****     while (outptr < outend) {
 514              		.loc 1 210 5 is_stmt 1 view .LVU163
 210:Middlewares/Third_Party/LibJPEG/source/jdsample.c ****     while (outptr < outend) {
 515              		.loc 1 210 28 is_stmt 0 view .LVU164
 516 0054 3A6F     		ldr	r2, [r7, #112]
 210:Middlewares/Third_Party/LibJPEG/source/jdsample.c ****     while (outptr < outend) {
 517              		.loc 1 210 12 view .LVU165
 518 0056 03EB020C 		add	ip, r3, r2
 519              	.LVL53:
 211:Middlewares/Third_Party/LibJPEG/source/jdsample.c ****       invalue = *inptr++;	/* don't need GETJSAMPLE() here */
 520              		.loc 1 211 5 is_stmt 1 view .LVU166
 211:Middlewares/Third_Party/LibJPEG/source/jdsample.c ****       invalue = *inptr++;	/* don't need GETJSAMPLE() here */
 521              		.loc 1 211 11 is_stmt 0 view .LVU167
 522 005a E8E7     		b	.L21
 523              	.L29:
 219:Middlewares/Third_Party/LibJPEG/source/jdsample.c **** 			v_expand-1, cinfo->output_width);
 524              		.loc 1 219 7 is_stmt 1 view .LVU168
 525 005c 3B6F     		ldr	r3, [r7, #112]
 526              	.LVL54:
 219:Middlewares/Third_Party/LibJPEG/source/jdsample.c **** 			v_expand-1, cinfo->output_width);
 527              		.loc 1 219 7 is_stmt 0 view .LVU169
 528 005e 0193     		str	r3, [sp, #4]
 529 0060 08F1FF33 		add	r3, r8, #-1
 530 0064 0093     		str	r3, [sp]
 531 0066 6B1C     		adds	r3, r5, #1
 532 0068 4A46     		mov	r2, r9
 533 006a 2946     		mov	r1, r5
 534 006c 4846     		mov	r0, r9
 535              	.LVL55:
 219:Middlewares/Third_Party/LibJPEG/source/jdsample.c **** 			v_expand-1, cinfo->output_width);
ARM GAS  /tmp/ccGLdwB6.s 			page 16


 536              		.loc 1 219 7 view .LVU170
 537 006e FFF7FEFF 		bl	jcopy_sample_rows
 538              	.LVL56:
 219:Middlewares/Third_Party/LibJPEG/source/jdsample.c **** 			v_expand-1, cinfo->output_width);
 539              		.loc 1 219 7 view .LVU171
 540 0072 E5E7     		b	.L25
 541              	.L30:
 225:Middlewares/Third_Party/LibJPEG/source/jdsample.c **** 
 542              		.loc 1 225 1 view .LVU172
 543 0074 02B0     		add	sp, sp, #8
 544              	.LCFI6:
 545              		.cfi_def_cfa_offset 32
 546              		@ sp needed
 547 0076 BDE8F087 		pop	{r4, r5, r6, r7, r8, r9, r10, pc}
 225:Middlewares/Third_Party/LibJPEG/source/jdsample.c **** 
 548              		.loc 1 225 1 view .LVU173
 549              		.cfi_endproc
 550              	.LFE11:
 552              		.section	.text.h2v2_upsample,"ax",%progbits
 553              		.align	1
 554              		.syntax unified
 555              		.thumb
 556              		.thumb_func
 557              		.fpu fpv4-sp-d16
 559              	h2v2_upsample:
 560              	.LVL57:
 561              	.LFB13:
 254:Middlewares/Third_Party/LibJPEG/source/jdsample.c **** 
 255:Middlewares/Third_Party/LibJPEG/source/jdsample.c **** 
 256:Middlewares/Third_Party/LibJPEG/source/jdsample.c **** /*
 257:Middlewares/Third_Party/LibJPEG/source/jdsample.c ****  * Fast processing for the common case of 2:1 horizontal and 2:1 vertical.
 258:Middlewares/Third_Party/LibJPEG/source/jdsample.c ****  * It's still a box filter.
 259:Middlewares/Third_Party/LibJPEG/source/jdsample.c ****  */
 260:Middlewares/Third_Party/LibJPEG/source/jdsample.c **** 
 261:Middlewares/Third_Party/LibJPEG/source/jdsample.c **** METHODDEF(void)
 262:Middlewares/Third_Party/LibJPEG/source/jdsample.c **** h2v2_upsample (j_decompress_ptr cinfo, jpeg_component_info * compptr,
 263:Middlewares/Third_Party/LibJPEG/source/jdsample.c **** 	       JSAMPARRAY input_data, JSAMPARRAY * output_data_ptr)
 264:Middlewares/Third_Party/LibJPEG/source/jdsample.c **** {
 562              		.loc 1 264 1 is_stmt 1 view -0
 563              		.cfi_startproc
 564              		@ args = 0, pretend = 0, frame = 0
 565              		@ frame_needed = 0, uses_anonymous_args = 0
 566              		.loc 1 264 1 is_stmt 0 view .LVU175
 567 0000 2DE9F041 		push	{r4, r5, r6, r7, r8, lr}
 568              	.LCFI7:
 569              		.cfi_def_cfa_offset 24
 570              		.cfi_offset 4, -24
 571              		.cfi_offset 5, -20
 572              		.cfi_offset 6, -16
 573              		.cfi_offset 7, -12
 574              		.cfi_offset 8, -8
 575              		.cfi_offset 14, -4
 576 0004 82B0     		sub	sp, sp, #8
 577              	.LCFI8:
 578              		.cfi_def_cfa_offset 32
 579 0006 0546     		mov	r5, r0
 580 0008 9046     		mov	r8, r2
ARM GAS  /tmp/ccGLdwB6.s 			page 17


 265:Middlewares/Third_Party/LibJPEG/source/jdsample.c ****   JSAMPARRAY output_data = *output_data_ptr;
 581              		.loc 1 265 3 is_stmt 1 view .LVU176
 582              		.loc 1 265 14 is_stmt 0 view .LVU177
 583 000a 1F68     		ldr	r7, [r3]
 584              	.LVL58:
 266:Middlewares/Third_Party/LibJPEG/source/jdsample.c ****   register JSAMPROW inptr, outptr;
 585              		.loc 1 266 3 is_stmt 1 view .LVU178
 267:Middlewares/Third_Party/LibJPEG/source/jdsample.c ****   register JSAMPLE invalue;
 586              		.loc 1 267 3 view .LVU179
 268:Middlewares/Third_Party/LibJPEG/source/jdsample.c ****   JSAMPROW outend;
 587              		.loc 1 268 3 view .LVU180
 269:Middlewares/Third_Party/LibJPEG/source/jdsample.c ****   int inrow, outrow;
 588              		.loc 1 269 3 view .LVU181
 270:Middlewares/Third_Party/LibJPEG/source/jdsample.c **** 
 271:Middlewares/Third_Party/LibJPEG/source/jdsample.c ****   inrow = outrow = 0;
 589              		.loc 1 271 3 view .LVU182
 272:Middlewares/Third_Party/LibJPEG/source/jdsample.c ****   while (outrow < cinfo->max_v_samp_factor) {
 590              		.loc 1 272 3 view .LVU183
 271:Middlewares/Third_Party/LibJPEG/source/jdsample.c ****   while (outrow < cinfo->max_v_samp_factor) {
 591              		.loc 1 271 18 is_stmt 0 view .LVU184
 592 000c 0024     		movs	r4, #0
 271:Middlewares/Third_Party/LibJPEG/source/jdsample.c ****   while (outrow < cinfo->max_v_samp_factor) {
 593              		.loc 1 271 9 view .LVU185
 594 000e 2646     		mov	r6, r4
 595              		.loc 1 272 9 view .LVU186
 596 0010 14E0     		b	.L32
 597              	.LVL59:
 598              	.L34:
 273:Middlewares/Third_Party/LibJPEG/source/jdsample.c ****     inptr = input_data[inrow];
 274:Middlewares/Third_Party/LibJPEG/source/jdsample.c ****     outptr = output_data[outrow];
 275:Middlewares/Third_Party/LibJPEG/source/jdsample.c ****     outend = outptr + cinfo->output_width;
 276:Middlewares/Third_Party/LibJPEG/source/jdsample.c ****     while (outptr < outend) {
 277:Middlewares/Third_Party/LibJPEG/source/jdsample.c ****       invalue = *inptr++;	/* don't need GETJSAMPLE() here */
 599              		.loc 1 277 7 is_stmt 1 view .LVU187
 600              		.loc 1 277 15 is_stmt 0 view .LVU188
 601 0012 13F8010B 		ldrb	r0, [r3], #1	@ zero_extendqisi2
 602              	.LVL60:
 278:Middlewares/Third_Party/LibJPEG/source/jdsample.c ****       *outptr++ = invalue;
 603              		.loc 1 278 7 is_stmt 1 view .LVU189
 604              		.loc 1 278 17 is_stmt 0 view .LVU190
 605 0016 0A46     		mov	r2, r1
 606 0018 02F8020B 		strb	r0, [r2], #2
 279:Middlewares/Third_Party/LibJPEG/source/jdsample.c ****       *outptr++ = invalue;
 607              		.loc 1 279 7 is_stmt 1 view .LVU191
 608              	.LVL61:
 609              		.loc 1 279 17 is_stmt 0 view .LVU192
 610 001c 4870     		strb	r0, [r1, #1]
 611              		.loc 1 279 14 view .LVU193
 612 001e 1146     		mov	r1, r2
 613              	.LVL62:
 614              	.L33:
 276:Middlewares/Third_Party/LibJPEG/source/jdsample.c ****       invalue = *inptr++;	/* don't need GETJSAMPLE() here */
 615              		.loc 1 276 11 is_stmt 1 view .LVU194
 616 0020 6145     		cmp	r1, ip
 617 0022 F6D3     		bcc	.L34
 280:Middlewares/Third_Party/LibJPEG/source/jdsample.c ****     }
 281:Middlewares/Third_Party/LibJPEG/source/jdsample.c ****     jcopy_sample_rows(output_data, outrow, output_data, outrow+1,
ARM GAS  /tmp/ccGLdwB6.s 			page 18


 618              		.loc 1 281 5 view .LVU195
 619 0024 2B6F     		ldr	r3, [r5, #112]
 620              	.LVL63:
 621              		.loc 1 281 5 is_stmt 0 view .LVU196
 622 0026 0193     		str	r3, [sp, #4]
 623 0028 0123     		movs	r3, #1
 624 002a 0093     		str	r3, [sp]
 625 002c E318     		adds	r3, r4, r3
 626 002e 3A46     		mov	r2, r7
 627 0030 2146     		mov	r1, r4
 628              	.LVL64:
 629              		.loc 1 281 5 view .LVU197
 630 0032 3846     		mov	r0, r7
 631 0034 FFF7FEFF 		bl	jcopy_sample_rows
 632              	.LVL65:
 282:Middlewares/Third_Party/LibJPEG/source/jdsample.c **** 		      1, cinfo->output_width);
 283:Middlewares/Third_Party/LibJPEG/source/jdsample.c ****     inrow++;
 633              		.loc 1 283 5 is_stmt 1 view .LVU198
 634              		.loc 1 283 10 is_stmt 0 view .LVU199
 635 0038 0136     		adds	r6, r6, #1
 636              	.LVL66:
 284:Middlewares/Third_Party/LibJPEG/source/jdsample.c ****     outrow += 2;
 637              		.loc 1 284 5 is_stmt 1 view .LVU200
 638              		.loc 1 284 12 is_stmt 0 view .LVU201
 639 003a 0234     		adds	r4, r4, #2
 640              	.LVL67:
 641              	.L32:
 272:Middlewares/Third_Party/LibJPEG/source/jdsample.c ****     inptr = input_data[inrow];
 642              		.loc 1 272 9 is_stmt 1 view .LVU202
 272:Middlewares/Third_Party/LibJPEG/source/jdsample.c ****     inptr = input_data[inrow];
 643              		.loc 1 272 24 is_stmt 0 view .LVU203
 644 003c D5F83C31 		ldr	r3, [r5, #316]
 272:Middlewares/Third_Party/LibJPEG/source/jdsample.c ****     inptr = input_data[inrow];
 645              		.loc 1 272 9 view .LVU204
 646 0040 A342     		cmp	r3, r4
 647 0042 07DD     		ble	.L37
 273:Middlewares/Third_Party/LibJPEG/source/jdsample.c ****     outptr = output_data[outrow];
 648              		.loc 1 273 5 is_stmt 1 view .LVU205
 273:Middlewares/Third_Party/LibJPEG/source/jdsample.c ****     outptr = output_data[outrow];
 649              		.loc 1 273 11 is_stmt 0 view .LVU206
 650 0044 58F82630 		ldr	r3, [r8, r6, lsl #2]
 651              	.LVL68:
 274:Middlewares/Third_Party/LibJPEG/source/jdsample.c ****     outend = outptr + cinfo->output_width;
 652              		.loc 1 274 5 is_stmt 1 view .LVU207
 274:Middlewares/Third_Party/LibJPEG/source/jdsample.c ****     outend = outptr + cinfo->output_width;
 653              		.loc 1 274 12 is_stmt 0 view .LVU208
 654 0048 57F82410 		ldr	r1, [r7, r4, lsl #2]
 655              	.LVL69:
 275:Middlewares/Third_Party/LibJPEG/source/jdsample.c ****     while (outptr < outend) {
 656              		.loc 1 275 5 is_stmt 1 view .LVU209
 275:Middlewares/Third_Party/LibJPEG/source/jdsample.c ****     while (outptr < outend) {
 657              		.loc 1 275 28 is_stmt 0 view .LVU210
 658 004c 2A6F     		ldr	r2, [r5, #112]
 275:Middlewares/Third_Party/LibJPEG/source/jdsample.c ****     while (outptr < outend) {
 659              		.loc 1 275 12 view .LVU211
 660 004e 01EB020C 		add	ip, r1, r2
 661              	.LVL70:
ARM GAS  /tmp/ccGLdwB6.s 			page 19


 276:Middlewares/Third_Party/LibJPEG/source/jdsample.c ****       invalue = *inptr++;	/* don't need GETJSAMPLE() here */
 662              		.loc 1 276 5 is_stmt 1 view .LVU212
 276:Middlewares/Third_Party/LibJPEG/source/jdsample.c ****       invalue = *inptr++;	/* don't need GETJSAMPLE() here */
 663              		.loc 1 276 11 is_stmt 0 view .LVU213
 664 0052 E5E7     		b	.L33
 665              	.LVL71:
 666              	.L37:
 285:Middlewares/Third_Party/LibJPEG/source/jdsample.c ****   }
 286:Middlewares/Third_Party/LibJPEG/source/jdsample.c **** }
 667              		.loc 1 286 1 view .LVU214
 668 0054 02B0     		add	sp, sp, #8
 669              	.LCFI9:
 670              		.cfi_def_cfa_offset 24
 671              		@ sp needed
 672 0056 BDE8F081 		pop	{r4, r5, r6, r7, r8, pc}
 673              		.loc 1 286 1 view .LVU215
 674              		.cfi_endproc
 675              	.LFE13:
 677              		.section	.text.jinit_upsampler,"ax",%progbits
 678              		.align	1
 679              		.global	jinit_upsampler
 680              		.syntax unified
 681              		.thumb
 682              		.thumb_func
 683              		.fpu fpv4-sp-d16
 685              	jinit_upsampler:
 686              	.LVL72:
 687              	.LFB14:
 287:Middlewares/Third_Party/LibJPEG/source/jdsample.c **** 
 288:Middlewares/Third_Party/LibJPEG/source/jdsample.c **** 
 289:Middlewares/Third_Party/LibJPEG/source/jdsample.c **** /*
 290:Middlewares/Third_Party/LibJPEG/source/jdsample.c ****  * Module initialization routine for upsampling.
 291:Middlewares/Third_Party/LibJPEG/source/jdsample.c ****  */
 292:Middlewares/Third_Party/LibJPEG/source/jdsample.c **** 
 293:Middlewares/Third_Party/LibJPEG/source/jdsample.c **** GLOBAL(void)
 294:Middlewares/Third_Party/LibJPEG/source/jdsample.c **** jinit_upsampler (j_decompress_ptr cinfo)
 295:Middlewares/Third_Party/LibJPEG/source/jdsample.c **** {
 688              		.loc 1 295 1 is_stmt 1 view -0
 689              		.cfi_startproc
 690              		@ args = 0, pretend = 0, frame = 0
 691              		@ frame_needed = 0, uses_anonymous_args = 0
 692              		.loc 1 295 1 is_stmt 0 view .LVU217
 693 0000 2DE9F041 		push	{r4, r5, r6, r7, r8, lr}
 694              	.LCFI10:
 695              		.cfi_def_cfa_offset 24
 696              		.cfi_offset 4, -24
 697              		.cfi_offset 5, -20
 698              		.cfi_offset 6, -16
 699              		.cfi_offset 7, -12
 700              		.cfi_offset 8, -8
 701              		.cfi_offset 14, -4
 702 0004 0446     		mov	r4, r0
 296:Middlewares/Third_Party/LibJPEG/source/jdsample.c ****   my_upsample_ptr upsample;
 703              		.loc 1 296 3 is_stmt 1 view .LVU218
 297:Middlewares/Third_Party/LibJPEG/source/jdsample.c ****   int ci;
 704              		.loc 1 297 3 view .LVU219
 298:Middlewares/Third_Party/LibJPEG/source/jdsample.c ****   jpeg_component_info * compptr;
ARM GAS  /tmp/ccGLdwB6.s 			page 20


 705              		.loc 1 298 3 view .LVU220
 299:Middlewares/Third_Party/LibJPEG/source/jdsample.c ****   boolean need_buffer;
 706              		.loc 1 299 3 view .LVU221
 300:Middlewares/Third_Party/LibJPEG/source/jdsample.c ****   int h_in_group, v_in_group, h_out_group, v_out_group;
 707              		.loc 1 300 3 view .LVU222
 301:Middlewares/Third_Party/LibJPEG/source/jdsample.c **** 
 302:Middlewares/Third_Party/LibJPEG/source/jdsample.c ****   upsample = (my_upsample_ptr)
 708              		.loc 1 302 3 view .LVU223
 303:Middlewares/Third_Party/LibJPEG/source/jdsample.c ****     (*cinfo->mem->alloc_small) ((j_common_ptr) cinfo, JPOOL_IMAGE,
 709              		.loc 1 303 12 is_stmt 0 view .LVU224
 710 0006 4368     		ldr	r3, [r0, #4]
 711              		.loc 1 303 6 view .LVU225
 712 0008 1B68     		ldr	r3, [r3]
 713 000a A022     		movs	r2, #160
 714 000c 0121     		movs	r1, #1
 715 000e 9847     		blx	r3
 716              	.LVL73:
 717              		.loc 1 303 6 view .LVU226
 718 0010 0746     		mov	r7, r0
 719              	.LVL74:
 304:Middlewares/Third_Party/LibJPEG/source/jdsample.c **** 				SIZEOF(my_upsampler));
 305:Middlewares/Third_Party/LibJPEG/source/jdsample.c ****   cinfo->upsample = (struct jpeg_upsampler *) upsample;
 720              		.loc 1 305 3 is_stmt 1 view .LVU227
 721              		.loc 1 305 19 is_stmt 0 view .LVU228
 722 0012 C4F8D801 		str	r0, [r4, #472]
 306:Middlewares/Third_Party/LibJPEG/source/jdsample.c ****   upsample->pub.start_pass = start_pass_upsample;
 723              		.loc 1 306 3 is_stmt 1 view .LVU229
 724              		.loc 1 306 28 is_stmt 0 view .LVU230
 725 0016 4B4B     		ldr	r3, .L54
 726 0018 0360     		str	r3, [r0]
 307:Middlewares/Third_Party/LibJPEG/source/jdsample.c ****   upsample->pub.upsample = sep_upsample;
 727              		.loc 1 307 3 is_stmt 1 view .LVU231
 728              		.loc 1 307 26 is_stmt 0 view .LVU232
 729 001a 4B4B     		ldr	r3, .L54+4
 730 001c 4360     		str	r3, [r0, #4]
 308:Middlewares/Third_Party/LibJPEG/source/jdsample.c ****   upsample->pub.need_context_rows = FALSE; /* until we find out differently */
 731              		.loc 1 308 3 is_stmt 1 view .LVU233
 732              		.loc 1 308 35 is_stmt 0 view .LVU234
 733 001e 0023     		movs	r3, #0
 734 0020 8360     		str	r3, [r0, #8]
 309:Middlewares/Third_Party/LibJPEG/source/jdsample.c **** 
 310:Middlewares/Third_Party/LibJPEG/source/jdsample.c ****   if (cinfo->CCIR601_sampling)	/* this isn't supported */
 735              		.loc 1 310 3 is_stmt 1 view .LVU235
 736              		.loc 1 310 12 is_stmt 0 view .LVU236
 737 0022 D4F83031 		ldr	r3, [r4, #304]
 738              		.loc 1 310 6 view .LVU237
 739 0026 33B1     		cbz	r3, .L39
 311:Middlewares/Third_Party/LibJPEG/source/jdsample.c ****     ERREXIT(cinfo, JERR_CCIR601_NOTIMPL);
 740              		.loc 1 311 5 is_stmt 1 view .LVU238
 741 0028 2368     		ldr	r3, [r4]
 742 002a 1A22     		movs	r2, #26
 743 002c 5A61     		str	r2, [r3, #20]
 744 002e 2368     		ldr	r3, [r4]
 745 0030 1B68     		ldr	r3, [r3]
 746 0032 2046     		mov	r0, r4
 747              	.LVL75:
 748              		.loc 1 311 5 is_stmt 0 view .LVU239
ARM GAS  /tmp/ccGLdwB6.s 			page 21


 749 0034 9847     		blx	r3
 750              	.LVL76:
 751              	.L39:
 312:Middlewares/Third_Party/LibJPEG/source/jdsample.c **** 
 313:Middlewares/Third_Party/LibJPEG/source/jdsample.c ****   /* Verify we can handle the sampling factors, select per-component methods,
 314:Middlewares/Third_Party/LibJPEG/source/jdsample.c ****    * and create storage as needed.
 315:Middlewares/Third_Party/LibJPEG/source/jdsample.c ****    */
 316:Middlewares/Third_Party/LibJPEG/source/jdsample.c ****   for (ci = 0, compptr = cinfo->comp_info; ci < cinfo->num_components;
 752              		.loc 1 316 3 is_stmt 1 view .LVU240
 753              		.loc 1 316 24 is_stmt 0 view .LVU241
 754 0036 D4F8D850 		ldr	r5, [r4, #216]
 755              	.LVL77:
 756              		.loc 1 316 11 view .LVU242
 757 003a 0026     		movs	r6, #0
 758              		.loc 1 316 3 view .LVU243
 759 003c 5AE0     		b	.L40
 760              	.LVL78:
 761              	.L41:
 317:Middlewares/Third_Party/LibJPEG/source/jdsample.c ****        ci++, compptr++) {
 318:Middlewares/Third_Party/LibJPEG/source/jdsample.c ****     /* Compute size of an "input group" after IDCT scaling.  This many samples
 319:Middlewares/Third_Party/LibJPEG/source/jdsample.c ****      * are to be converted to max_h_samp_factor * max_v_samp_factor pixels.
 320:Middlewares/Third_Party/LibJPEG/source/jdsample.c ****      */
 321:Middlewares/Third_Party/LibJPEG/source/jdsample.c ****     h_in_group = (compptr->h_samp_factor * compptr->DCT_h_scaled_size) /
 322:Middlewares/Third_Party/LibJPEG/source/jdsample.c **** 		 cinfo->min_DCT_h_scaled_size;
 323:Middlewares/Third_Party/LibJPEG/source/jdsample.c ****     v_in_group = (compptr->v_samp_factor * compptr->DCT_v_scaled_size) /
 324:Middlewares/Third_Party/LibJPEG/source/jdsample.c **** 		 cinfo->min_DCT_v_scaled_size;
 325:Middlewares/Third_Party/LibJPEG/source/jdsample.c ****     h_out_group = cinfo->max_h_samp_factor;
 326:Middlewares/Third_Party/LibJPEG/source/jdsample.c ****     v_out_group = cinfo->max_v_samp_factor;
 327:Middlewares/Third_Party/LibJPEG/source/jdsample.c ****     upsample->rowgroup_height[ci] = v_in_group; /* save for use later */
 328:Middlewares/Third_Party/LibJPEG/source/jdsample.c ****     need_buffer = TRUE;
 329:Middlewares/Third_Party/LibJPEG/source/jdsample.c ****     if (! compptr->component_needed) {
 330:Middlewares/Third_Party/LibJPEG/source/jdsample.c ****       /* Don't bother to upsample an uninteresting component. */
 331:Middlewares/Third_Party/LibJPEG/source/jdsample.c ****       upsample->methods[ci] = noop_upsample;
 332:Middlewares/Third_Party/LibJPEG/source/jdsample.c ****       need_buffer = FALSE;
 333:Middlewares/Third_Party/LibJPEG/source/jdsample.c ****     } else if (h_in_group == h_out_group && v_in_group == v_out_group) {
 762              		.loc 1 333 12 is_stmt 1 view .LVU244
 763              		.loc 1 333 15 is_stmt 0 view .LVU245
 764 003e 8342     		cmp	r3, r0
 765 0040 21D0     		beq	.L50
 766              	.L43:
 334:Middlewares/Third_Party/LibJPEG/source/jdsample.c ****       /* Fullsize components can be processed without any work. */
 335:Middlewares/Third_Party/LibJPEG/source/jdsample.c ****       upsample->methods[ci] = fullsize_upsample;
 336:Middlewares/Third_Party/LibJPEG/source/jdsample.c ****       need_buffer = FALSE;
 337:Middlewares/Third_Party/LibJPEG/source/jdsample.c ****     } else if (h_in_group * 2 == h_out_group &&
 767              		.loc 1 337 12 is_stmt 1 view .LVU246
 768              		.loc 1 337 27 is_stmt 0 view .LVU247
 769 0042 5900     		lsls	r1, r3, #1
 770              		.loc 1 337 15 view .LVU248
 771 0044 B0EB430F 		cmp	r0, r3, lsl #1
 772 0048 26D0     		beq	.L51
 773              	.L44:
 338:Middlewares/Third_Party/LibJPEG/source/jdsample.c **** 	       v_in_group == v_out_group) {
 339:Middlewares/Third_Party/LibJPEG/source/jdsample.c ****       /* Special case for 2h1v upsampling */
 340:Middlewares/Third_Party/LibJPEG/source/jdsample.c ****       upsample->methods[ci] = h2v1_upsample;
 341:Middlewares/Third_Party/LibJPEG/source/jdsample.c ****     } else if (h_in_group * 2 == h_out_group &&
 774              		.loc 1 341 12 is_stmt 1 view .LVU249
 775              		.loc 1 341 15 is_stmt 0 view .LVU250
ARM GAS  /tmp/ccGLdwB6.s 			page 22


 776 004a 8142     		cmp	r1, r0
 777 004c 2DD0     		beq	.L52
 778              	.L46:
 342:Middlewares/Third_Party/LibJPEG/source/jdsample.c **** 	       v_in_group * 2 == v_out_group) {
 343:Middlewares/Third_Party/LibJPEG/source/jdsample.c ****       /* Special case for 2h2v upsampling */
 344:Middlewares/Third_Party/LibJPEG/source/jdsample.c ****       upsample->methods[ci] = h2v2_upsample;
 345:Middlewares/Third_Party/LibJPEG/source/jdsample.c ****     } else if ((h_out_group % h_in_group) == 0 &&
 779              		.loc 1 345 12 is_stmt 1 view .LVU251
 780              		.loc 1 345 29 is_stmt 0 view .LVU252
 781 004e 90FBF3F1 		sdiv	r1, r0, r3
 782 0052 03FB1101 		mls	r1, r3, r1, r0
 783              		.loc 1 345 15 view .LVU253
 784 0056 91BB     		cbnz	r1, .L47
 346:Middlewares/Third_Party/LibJPEG/source/jdsample.c **** 	       (v_out_group % v_in_group) == 0) {
 785              		.loc 1 346 22 discriminator 1 view .LVU254
 786 0058 9CFBF2F1 		sdiv	r1, ip, r2
 787 005c 02FB11C1 		mls	r1, r2, r1, ip
 345:Middlewares/Third_Party/LibJPEG/source/jdsample.c **** 	       (v_out_group % v_in_group) == 0) {
 788              		.loc 1 345 48 discriminator 1 view .LVU255
 789 0060 69BB     		cbnz	r1, .L47
 347:Middlewares/Third_Party/LibJPEG/source/jdsample.c ****       /* Generic integral-factors upsampling method */
 348:Middlewares/Third_Party/LibJPEG/source/jdsample.c ****       upsample->methods[ci] = int_upsample;
 790              		.loc 1 348 7 is_stmt 1 view .LVU256
 791              		.loc 1 348 29 is_stmt 0 view .LVU257
 792 0062 06F10C01 		add	r1, r6, #12
 793 0066 07EB8101 		add	r1, r7, r1, lsl #2
 794 006a DFF8F0E0 		ldr	lr, .L54+24
 795 006e C1F804E0 		str	lr, [r1, #4]
 349:Middlewares/Third_Party/LibJPEG/source/jdsample.c ****       upsample->h_expand[ci] = (UINT8) (h_out_group / h_in_group);
 796              		.loc 1 349 7 is_stmt 1 view .LVU258
 797              		.loc 1 349 53 is_stmt 0 view .LVU259
 798 0072 90FBF3F3 		sdiv	r3, r0, r3
 799              	.LVL79:
 800              		.loc 1 349 30 view .LVU260
 801 0076 B919     		adds	r1, r7, r6
 802 0078 81F88C30 		strb	r3, [r1, #140]
 350:Middlewares/Third_Party/LibJPEG/source/jdsample.c ****       upsample->v_expand[ci] = (UINT8) (v_out_group / v_in_group);
 803              		.loc 1 350 7 is_stmt 1 view .LVU261
 804              		.loc 1 350 53 is_stmt 0 view .LVU262
 805 007c 9CFBF2F2 		sdiv	r2, ip, r2
 806              	.LVL80:
 807              		.loc 1 350 30 view .LVU263
 808 0080 81F89620 		strb	r2, [r1, #150]
 351:Middlewares/Third_Party/LibJPEG/source/jdsample.c ****     } else
 352:Middlewares/Third_Party/LibJPEG/source/jdsample.c ****       ERREXIT(cinfo, JERR_FRACT_SAMPLE_NOTIMPL);
 353:Middlewares/Third_Party/LibJPEG/source/jdsample.c ****     if (need_buffer) {
 809              		.loc 1 353 5 is_stmt 1 view .LVU264
 810 0084 22E0     		b	.L45
 811              	.LVL81:
 812              	.L50:
 333:Middlewares/Third_Party/LibJPEG/source/jdsample.c ****       /* Fullsize components can be processed without any work. */
 813              		.loc 1 333 42 is_stmt 0 discriminator 1 view .LVU265
 814 0086 6245     		cmp	r2, ip
 815 0088 DBD1     		bne	.L43
 335:Middlewares/Third_Party/LibJPEG/source/jdsample.c ****       need_buffer = FALSE;
 816              		.loc 1 335 7 is_stmt 1 view .LVU266
 335:Middlewares/Third_Party/LibJPEG/source/jdsample.c ****       need_buffer = FALSE;
ARM GAS  /tmp/ccGLdwB6.s 			page 23


 817              		.loc 1 335 29 is_stmt 0 view .LVU267
 818 008a 06F10C03 		add	r3, r6, #12
 819              	.LVL82:
 335:Middlewares/Third_Party/LibJPEG/source/jdsample.c ****       need_buffer = FALSE;
 820              		.loc 1 335 29 view .LVU268
 821 008e 07EB8303 		add	r3, r7, r3, lsl #2
 822 0092 2E4A     		ldr	r2, .L54+8
 823              	.LVL83:
 335:Middlewares/Third_Party/LibJPEG/source/jdsample.c ****       need_buffer = FALSE;
 824              		.loc 1 335 29 view .LVU269
 825 0094 5A60     		str	r2, [r3, #4]
 826              	.LVL84:
 336:Middlewares/Third_Party/LibJPEG/source/jdsample.c ****     } else if (h_in_group * 2 == h_out_group &&
 827              		.loc 1 336 7 is_stmt 1 view .LVU270
 828              		.loc 1 353 5 view .LVU271
 829 0096 2BE0     		b	.L42
 830              	.LVL85:
 831              	.L51:
 337:Middlewares/Third_Party/LibJPEG/source/jdsample.c **** 	       v_in_group == v_out_group) {
 832              		.loc 1 337 46 is_stmt 0 discriminator 1 view .LVU272
 833 0098 6245     		cmp	r2, ip
 834 009a D6D1     		bne	.L44
 340:Middlewares/Third_Party/LibJPEG/source/jdsample.c ****     } else if (h_in_group * 2 == h_out_group &&
 835              		.loc 1 340 7 is_stmt 1 view .LVU273
 340:Middlewares/Third_Party/LibJPEG/source/jdsample.c ****     } else if (h_in_group * 2 == h_out_group &&
 836              		.loc 1 340 29 is_stmt 0 view .LVU274
 837 009c 06F10C03 		add	r3, r6, #12
 838              	.LVL86:
 340:Middlewares/Third_Party/LibJPEG/source/jdsample.c ****     } else if (h_in_group * 2 == h_out_group &&
 839              		.loc 1 340 29 view .LVU275
 840 00a0 07EB8303 		add	r3, r7, r3, lsl #2
 841 00a4 2A4A     		ldr	r2, .L54+12
 842              	.LVL87:
 340:Middlewares/Third_Party/LibJPEG/source/jdsample.c ****     } else if (h_in_group * 2 == h_out_group &&
 843              		.loc 1 340 29 view .LVU276
 844 00a6 5A60     		str	r2, [r3, #4]
 845              	.LVL88:
 846              		.loc 1 353 5 is_stmt 1 view .LVU277
 847 00a8 10E0     		b	.L45
 848              	.LVL89:
 849              	.L52:
 341:Middlewares/Third_Party/LibJPEG/source/jdsample.c **** 	       v_in_group * 2 == v_out_group) {
 850              		.loc 1 341 46 is_stmt 0 discriminator 1 view .LVU278
 851 00aa BCEB420F 		cmp	ip, r2, lsl #1
 852 00ae CED1     		bne	.L46
 344:Middlewares/Third_Party/LibJPEG/source/jdsample.c ****     } else if ((h_out_group % h_in_group) == 0 &&
 853              		.loc 1 344 7 is_stmt 1 view .LVU279
 344:Middlewares/Third_Party/LibJPEG/source/jdsample.c ****     } else if ((h_out_group % h_in_group) == 0 &&
 854              		.loc 1 344 29 is_stmt 0 view .LVU280
 855 00b0 06F10C03 		add	r3, r6, #12
 856              	.LVL90:
 344:Middlewares/Third_Party/LibJPEG/source/jdsample.c ****     } else if ((h_out_group % h_in_group) == 0 &&
 857              		.loc 1 344 29 view .LVU281
 858 00b4 07EB8303 		add	r3, r7, r3, lsl #2
 859 00b8 264A     		ldr	r2, .L54+16
 860              	.LVL91:
 344:Middlewares/Third_Party/LibJPEG/source/jdsample.c ****     } else if ((h_out_group % h_in_group) == 0 &&
ARM GAS  /tmp/ccGLdwB6.s 			page 24


 861              		.loc 1 344 29 view .LVU282
 862 00ba 5A60     		str	r2, [r3, #4]
 863              	.LVL92:
 864              		.loc 1 353 5 is_stmt 1 view .LVU283
 865 00bc 06E0     		b	.L45
 866              	.LVL93:
 867              	.L47:
 352:Middlewares/Third_Party/LibJPEG/source/jdsample.c ****     if (need_buffer) {
 868              		.loc 1 352 7 view .LVU284
 869 00be 2368     		ldr	r3, [r4]
 870              	.LVL94:
 352:Middlewares/Third_Party/LibJPEG/source/jdsample.c ****     if (need_buffer) {
 871              		.loc 1 352 7 is_stmt 0 view .LVU285
 872 00c0 2722     		movs	r2, #39
 873              	.LVL95:
 352:Middlewares/Third_Party/LibJPEG/source/jdsample.c ****     if (need_buffer) {
 874              		.loc 1 352 7 view .LVU286
 875 00c2 5A61     		str	r2, [r3, #20]
 876              	.LVL96:
 352:Middlewares/Third_Party/LibJPEG/source/jdsample.c ****     if (need_buffer) {
 877              		.loc 1 352 7 view .LVU287
 878 00c4 2368     		ldr	r3, [r4]
 879 00c6 1B68     		ldr	r3, [r3]
 880 00c8 2046     		mov	r0, r4
 881              	.LVL97:
 352:Middlewares/Third_Party/LibJPEG/source/jdsample.c ****     if (need_buffer) {
 882              		.loc 1 352 7 view .LVU288
 883 00ca 9847     		blx	r3
 884              	.LVL98:
 885              		.loc 1 353 5 is_stmt 1 view .LVU289
 886              	.L45:
 354:Middlewares/Third_Party/LibJPEG/source/jdsample.c ****       upsample->color_buf[ci] = (*cinfo->mem->alloc_sarray)
 887              		.loc 1 354 7 view .LVU290
 888              		.loc 1 354 40 is_stmt 0 view .LVU291
 889 00cc 6368     		ldr	r3, [r4, #4]
 890              		.loc 1 354 34 view .LVU292
 891 00ce D3F80880 		ldr	r8, [r3, #8]
 355:Middlewares/Third_Party/LibJPEG/source/jdsample.c **** 	((j_common_ptr) cinfo, JPOOL_IMAGE,
 356:Middlewares/Third_Party/LibJPEG/source/jdsample.c **** 	 (JDIMENSION) jround_up((long) cinfo->output_width,
 892              		.loc 1 356 16 view .LVU293
 893 00d2 D4F83811 		ldr	r1, [r4, #312]
 894 00d6 206F     		ldr	r0, [r4, #112]
 895 00d8 FFF7FEFF 		bl	jround_up
 896              	.LVL99:
 897 00dc 0246     		mov	r2, r0
 354:Middlewares/Third_Party/LibJPEG/source/jdsample.c ****       upsample->color_buf[ci] = (*cinfo->mem->alloc_sarray)
 898              		.loc 1 354 34 view .LVU294
 899 00de D4F83C31 		ldr	r3, [r4, #316]
 900 00e2 0121     		movs	r1, #1
 901 00e4 2046     		mov	r0, r4
 902 00e6 C047     		blx	r8
 903              	.LVL100:
 354:Middlewares/Third_Party/LibJPEG/source/jdsample.c ****       upsample->color_buf[ci] = (*cinfo->mem->alloc_sarray)
 904              		.loc 1 354 31 view .LVU295
 905 00e8 B31C     		adds	r3, r6, #2
 906 00ea 07EB8303 		add	r3, r7, r3, lsl #2
 907 00ee 5860     		str	r0, [r3, #4]
ARM GAS  /tmp/ccGLdwB6.s 			page 25


 908              	.LVL101:
 909              	.L42:
 317:Middlewares/Third_Party/LibJPEG/source/jdsample.c ****     /* Compute size of an "input group" after IDCT scaling.  This many samples
 910              		.loc 1 317 8 is_stmt 1 view .LVU296
 317:Middlewares/Third_Party/LibJPEG/source/jdsample.c ****     /* Compute size of an "input group" after IDCT scaling.  This many samples
 911              		.loc 1 317 10 is_stmt 0 view .LVU297
 912 00f0 0136     		adds	r6, r6, #1
 913              	.LVL102:
 317:Middlewares/Third_Party/LibJPEG/source/jdsample.c ****     /* Compute size of an "input group" after IDCT scaling.  This many samples
 914              		.loc 1 317 21 view .LVU298
 915 00f2 5835     		adds	r5, r5, #88
 916              	.LVL103:
 917              	.L40:
 316:Middlewares/Third_Party/LibJPEG/source/jdsample.c ****        ci++, compptr++) {
 918              		.loc 1 316 44 is_stmt 1 discriminator 1 view .LVU299
 316:Middlewares/Third_Party/LibJPEG/source/jdsample.c ****        ci++, compptr++) {
 919              		.loc 1 316 54 is_stmt 0 discriminator 1 view .LVU300
 920 00f4 636A     		ldr	r3, [r4, #36]
 316:Middlewares/Third_Party/LibJPEG/source/jdsample.c ****        ci++, compptr++) {
 921              		.loc 1 316 3 discriminator 1 view .LVU301
 922 00f6 B342     		cmp	r3, r6
 923 00f8 22DD     		ble	.L53
 321:Middlewares/Third_Party/LibJPEG/source/jdsample.c **** 		 cinfo->min_DCT_h_scaled_size;
 924              		.loc 1 321 5 is_stmt 1 view .LVU302
 321:Middlewares/Third_Party/LibJPEG/source/jdsample.c **** 		 cinfo->min_DCT_h_scaled_size;
 925              		.loc 1 321 26 is_stmt 0 view .LVU303
 926 00fa AB68     		ldr	r3, [r5, #8]
 321:Middlewares/Third_Party/LibJPEG/source/jdsample.c **** 		 cinfo->min_DCT_h_scaled_size;
 927              		.loc 1 321 51 view .LVU304
 928 00fc 6A6A     		ldr	r2, [r5, #36]
 321:Middlewares/Third_Party/LibJPEG/source/jdsample.c **** 		 cinfo->min_DCT_h_scaled_size;
 929              		.loc 1 321 42 view .LVU305
 930 00fe 02FB03F3 		mul	r3, r2, r3
 322:Middlewares/Third_Party/LibJPEG/source/jdsample.c ****     v_in_group = (compptr->v_samp_factor * compptr->DCT_v_scaled_size) /
 931              		.loc 1 322 9 view .LVU306
 932 0102 D4F84021 		ldr	r2, [r4, #320]
 321:Middlewares/Third_Party/LibJPEG/source/jdsample.c **** 		 cinfo->min_DCT_h_scaled_size;
 933              		.loc 1 321 16 view .LVU307
 934 0106 93FBF2F3 		sdiv	r3, r3, r2
 935              	.LVL104:
 323:Middlewares/Third_Party/LibJPEG/source/jdsample.c **** 		 cinfo->min_DCT_v_scaled_size;
 936              		.loc 1 323 5 is_stmt 1 view .LVU308
 323:Middlewares/Third_Party/LibJPEG/source/jdsample.c **** 		 cinfo->min_DCT_v_scaled_size;
 937              		.loc 1 323 26 is_stmt 0 view .LVU309
 938 010a EA68     		ldr	r2, [r5, #12]
 323:Middlewares/Third_Party/LibJPEG/source/jdsample.c **** 		 cinfo->min_DCT_v_scaled_size;
 939              		.loc 1 323 51 view .LVU310
 940 010c A96A     		ldr	r1, [r5, #40]
 323:Middlewares/Third_Party/LibJPEG/source/jdsample.c **** 		 cinfo->min_DCT_v_scaled_size;
 941              		.loc 1 323 42 view .LVU311
 942 010e 01FB02F2 		mul	r2, r1, r2
 324:Middlewares/Third_Party/LibJPEG/source/jdsample.c ****     h_out_group = cinfo->max_h_samp_factor;
 943              		.loc 1 324 9 view .LVU312
 944 0112 D4F84411 		ldr	r1, [r4, #324]
 323:Middlewares/Third_Party/LibJPEG/source/jdsample.c **** 		 cinfo->min_DCT_v_scaled_size;
 945              		.loc 1 323 16 view .LVU313
 946 0116 92FBF1F2 		sdiv	r2, r2, r1
ARM GAS  /tmp/ccGLdwB6.s 			page 26


 947              	.LVL105:
 325:Middlewares/Third_Party/LibJPEG/source/jdsample.c ****     v_out_group = cinfo->max_v_samp_factor;
 948              		.loc 1 325 5 is_stmt 1 view .LVU314
 325:Middlewares/Third_Party/LibJPEG/source/jdsample.c ****     v_out_group = cinfo->max_v_samp_factor;
 949              		.loc 1 325 17 is_stmt 0 view .LVU315
 950 011a D4F83801 		ldr	r0, [r4, #312]
 951              	.LVL106:
 326:Middlewares/Third_Party/LibJPEG/source/jdsample.c ****     upsample->rowgroup_height[ci] = v_in_group; /* save for use later */
 952              		.loc 1 326 5 is_stmt 1 view .LVU316
 326:Middlewares/Third_Party/LibJPEG/source/jdsample.c ****     upsample->rowgroup_height[ci] = v_in_group; /* save for use later */
 953              		.loc 1 326 17 is_stmt 0 view .LVU317
 954 011e D4F83CC1 		ldr	ip, [r4, #316]
 955              	.LVL107:
 327:Middlewares/Third_Party/LibJPEG/source/jdsample.c ****     need_buffer = TRUE;
 956              		.loc 1 327 5 is_stmt 1 view .LVU318
 327:Middlewares/Third_Party/LibJPEG/source/jdsample.c ****     need_buffer = TRUE;
 957              		.loc 1 327 35 is_stmt 0 view .LVU319
 958 0122 06F11801 		add	r1, r6, #24
 959 0126 07EB8101 		add	r1, r7, r1, lsl #2
 960 012a 4A60     		str	r2, [r1, #4]
 328:Middlewares/Third_Party/LibJPEG/source/jdsample.c ****     if (! compptr->component_needed) {
 961              		.loc 1 328 5 is_stmt 1 view .LVU320
 962              	.LVL108:
 329:Middlewares/Third_Party/LibJPEG/source/jdsample.c ****       /* Don't bother to upsample an uninteresting component. */
 963              		.loc 1 329 5 view .LVU321
 329:Middlewares/Third_Party/LibJPEG/source/jdsample.c ****       /* Don't bother to upsample an uninteresting component. */
 964              		.loc 1 329 18 is_stmt 0 view .LVU322
 965 012c 696B     		ldr	r1, [r5, #52]
 329:Middlewares/Third_Party/LibJPEG/source/jdsample.c ****       /* Don't bother to upsample an uninteresting component. */
 966              		.loc 1 329 8 view .LVU323
 967 012e 0029     		cmp	r1, #0
 968 0130 85D1     		bne	.L41
 331:Middlewares/Third_Party/LibJPEG/source/jdsample.c ****       need_buffer = FALSE;
 969              		.loc 1 331 7 is_stmt 1 view .LVU324
 331:Middlewares/Third_Party/LibJPEG/source/jdsample.c ****       need_buffer = FALSE;
 970              		.loc 1 331 29 is_stmt 0 view .LVU325
 971 0132 06F10C03 		add	r3, r6, #12
 972              	.LVL109:
 331:Middlewares/Third_Party/LibJPEG/source/jdsample.c ****       need_buffer = FALSE;
 973              		.loc 1 331 29 view .LVU326
 974 0136 07EB8303 		add	r3, r7, r3, lsl #2
 975 013a 074A     		ldr	r2, .L54+20
 976              	.LVL110:
 331:Middlewares/Third_Party/LibJPEG/source/jdsample.c ****       need_buffer = FALSE;
 977              		.loc 1 331 29 view .LVU327
 978 013c 5A60     		str	r2, [r3, #4]
 979              	.LVL111:
 332:Middlewares/Third_Party/LibJPEG/source/jdsample.c ****     } else if (h_in_group == h_out_group && v_in_group == v_out_group) {
 980              		.loc 1 332 7 is_stmt 1 view .LVU328
 353:Middlewares/Third_Party/LibJPEG/source/jdsample.c ****       upsample->color_buf[ci] = (*cinfo->mem->alloc_sarray)
 981              		.loc 1 353 5 view .LVU329
 982 013e D7E7     		b	.L42
 983              	.LVL112:
 984              	.L53:
 357:Middlewares/Third_Party/LibJPEG/source/jdsample.c **** 				(long) cinfo->max_h_samp_factor),
 358:Middlewares/Third_Party/LibJPEG/source/jdsample.c **** 	 (JDIMENSION) cinfo->max_v_samp_factor);
 359:Middlewares/Third_Party/LibJPEG/source/jdsample.c ****     }
ARM GAS  /tmp/ccGLdwB6.s 			page 27


 360:Middlewares/Third_Party/LibJPEG/source/jdsample.c ****   }
 361:Middlewares/Third_Party/LibJPEG/source/jdsample.c **** }
 985              		.loc 1 361 1 is_stmt 0 view .LVU330
 986 0140 BDE8F081 		pop	{r4, r5, r6, r7, r8, pc}
 987              	.LVL113:
 988              	.L55:
 989              		.loc 1 361 1 view .LVU331
 990              		.align	2
 991              	.L54:
 992 0144 00000000 		.word	start_pass_upsample
 993 0148 00000000 		.word	sep_upsample
 994 014c 00000000 		.word	fullsize_upsample
 995 0150 00000000 		.word	h2v1_upsample
 996 0154 00000000 		.word	h2v2_upsample
 997 0158 00000000 		.word	noop_upsample
 998 015c 00000000 		.word	int_upsample
 999              		.cfi_endproc
 1000              	.LFE14:
 1002              		.text
 1003              	.Letext0:
 1004              		.file 2 "/usr/lib/gcc/arm-none-eabi/10.3.1/include/stddef.h"
 1005              		.file 3 "LIBJPEG/Target/jmorecfg.h"
 1006              		.file 4 "Middlewares/Third_Party/LibJPEG/include/jpeglib.h"
 1007              		.file 5 "Middlewares/Third_Party/LibJPEG/include/jpegint.h"
 1008              		.file 6 "Middlewares/Third_Party/LibJPEG/include/jerror.h"
ARM GAS  /tmp/ccGLdwB6.s 			page 28


DEFINED SYMBOLS
                            *ABS*:0000000000000000 jdsample.c
     /tmp/ccGLdwB6.s:18     .text.start_pass_upsample:0000000000000000 $t
     /tmp/ccGLdwB6.s:25     .text.start_pass_upsample:0000000000000000 start_pass_upsample
     /tmp/ccGLdwB6.s:54     .text.sep_upsample:0000000000000000 $t
     /tmp/ccGLdwB6.s:60     .text.sep_upsample:0000000000000000 sep_upsample
     /tmp/ccGLdwB6.s:245    .text.fullsize_upsample:0000000000000000 $t
     /tmp/ccGLdwB6.s:251    .text.fullsize_upsample:0000000000000000 fullsize_upsample
     /tmp/ccGLdwB6.s:268    .text.noop_upsample:0000000000000000 $t
     /tmp/ccGLdwB6.s:274    .text.noop_upsample:0000000000000000 noop_upsample
     /tmp/ccGLdwB6.s:294    .text.h2v1_upsample:0000000000000000 $t
     /tmp/ccGLdwB6.s:300    .text.h2v1_upsample:0000000000000000 h2v1_upsample
     /tmp/ccGLdwB6.s:389    .text.int_upsample:0000000000000000 $t
     /tmp/ccGLdwB6.s:395    .text.int_upsample:0000000000000000 int_upsample
     /tmp/ccGLdwB6.s:553    .text.h2v2_upsample:0000000000000000 $t
     /tmp/ccGLdwB6.s:559    .text.h2v2_upsample:0000000000000000 h2v2_upsample
     /tmp/ccGLdwB6.s:678    .text.jinit_upsampler:0000000000000000 $t
     /tmp/ccGLdwB6.s:685    .text.jinit_upsampler:0000000000000000 jinit_upsampler
     /tmp/ccGLdwB6.s:992    .text.jinit_upsampler:0000000000000144 $d

UNDEFINED SYMBOLS
jcopy_sample_rows
jround_up
