ARM GAS  /tmp/cc7pTYcq.s 			page 1


   1              		.cpu cortex-m4
   2              		.eabi_attribute 27, 1
   3              		.eabi_attribute 28, 1
   4              		.eabi_attribute 20, 1
   5              		.eabi_attribute 21, 1
   6              		.eabi_attribute 23, 3
   7              		.eabi_attribute 24, 1
   8              		.eabi_attribute 25, 1
   9              		.eabi_attribute 26, 1
  10              		.eabi_attribute 30, 1
  11              		.eabi_attribute 34, 1
  12              		.eabi_attribute 18, 4
  13              		.file	"jerror.c"
  14              		.text
  15              	.Ltext0:
  16              		.cfi_sections	.debug_frame
  17              		.section	.text.output_message,"ax",%progbits
  18              		.align	1
  19              		.arch armv7e-m
  20              		.syntax unified
  21              		.thumb
  22              		.thumb_func
  23              		.fpu fpv4-sp-d16
  25              	output_message:
  26              	.LVL0:
  27              	.LFB8:
  28              		.file 1 "Middlewares/Third_Party/LibJPEG/source/jerror.c"
   1:Middlewares/Third_Party/LibJPEG/source/jerror.c **** /*
   2:Middlewares/Third_Party/LibJPEG/source/jerror.c ****  * jerror.c
   3:Middlewares/Third_Party/LibJPEG/source/jerror.c ****  *
   4:Middlewares/Third_Party/LibJPEG/source/jerror.c ****  * Copyright (C) 1991-1998, Thomas G. Lane.
   5:Middlewares/Third_Party/LibJPEG/source/jerror.c ****  * This file is part of the Independent JPEG Group's software.
   6:Middlewares/Third_Party/LibJPEG/source/jerror.c ****  * For conditions of distribution and use, see the accompanying README file.
   7:Middlewares/Third_Party/LibJPEG/source/jerror.c ****  *
   8:Middlewares/Third_Party/LibJPEG/source/jerror.c ****  * This file contains simple error-reporting and trace-message routines.
   9:Middlewares/Third_Party/LibJPEG/source/jerror.c ****  * These are suitable for Unix-like systems and others where writing to
  10:Middlewares/Third_Party/LibJPEG/source/jerror.c ****  * stderr is the right thing to do.  Many applications will want to replace
  11:Middlewares/Third_Party/LibJPEG/source/jerror.c ****  * some or all of these routines.
  12:Middlewares/Third_Party/LibJPEG/source/jerror.c ****  *
  13:Middlewares/Third_Party/LibJPEG/source/jerror.c ****  * If you define USE_WINDOWS_MESSAGEBOX in jconfig.h or in the makefile,
  14:Middlewares/Third_Party/LibJPEG/source/jerror.c ****  * you get a Windows-specific hack to display error messages in a dialog box.
  15:Middlewares/Third_Party/LibJPEG/source/jerror.c ****  * It ain't much, but it beats dropping error messages into the bit bucket,
  16:Middlewares/Third_Party/LibJPEG/source/jerror.c ****  * which is what happens to output to stderr under most Windows C compilers.
  17:Middlewares/Third_Party/LibJPEG/source/jerror.c ****  *
  18:Middlewares/Third_Party/LibJPEG/source/jerror.c ****  * These routines are used by both the compression and decompression code.
  19:Middlewares/Third_Party/LibJPEG/source/jerror.c ****  */
  20:Middlewares/Third_Party/LibJPEG/source/jerror.c **** 
  21:Middlewares/Third_Party/LibJPEG/source/jerror.c **** /* this is not a core library module, so it doesn't define JPEG_INTERNALS */
  22:Middlewares/Third_Party/LibJPEG/source/jerror.c **** #include "jinclude.h"
  23:Middlewares/Third_Party/LibJPEG/source/jerror.c **** #include "jpeglib.h"
  24:Middlewares/Third_Party/LibJPEG/source/jerror.c **** #include "jversion.h"
  25:Middlewares/Third_Party/LibJPEG/source/jerror.c **** #include "jerror.h"
  26:Middlewares/Third_Party/LibJPEG/source/jerror.c **** 
  27:Middlewares/Third_Party/LibJPEG/source/jerror.c **** #ifdef USE_WINDOWS_MESSAGEBOX
  28:Middlewares/Third_Party/LibJPEG/source/jerror.c **** #include <windows.h>
  29:Middlewares/Third_Party/LibJPEG/source/jerror.c **** #endif
  30:Middlewares/Third_Party/LibJPEG/source/jerror.c **** 
ARM GAS  /tmp/cc7pTYcq.s 			page 2


  31:Middlewares/Third_Party/LibJPEG/source/jerror.c **** #ifndef EXIT_FAILURE		/* define exit() codes if not provided */
  32:Middlewares/Third_Party/LibJPEG/source/jerror.c **** #define EXIT_FAILURE  1
  33:Middlewares/Third_Party/LibJPEG/source/jerror.c **** #endif
  34:Middlewares/Third_Party/LibJPEG/source/jerror.c **** 
  35:Middlewares/Third_Party/LibJPEG/source/jerror.c **** 
  36:Middlewares/Third_Party/LibJPEG/source/jerror.c **** /*
  37:Middlewares/Third_Party/LibJPEG/source/jerror.c ****  * Create the message string table.
  38:Middlewares/Third_Party/LibJPEG/source/jerror.c ****  * We do this from the master message list in jerror.h by re-reading
  39:Middlewares/Third_Party/LibJPEG/source/jerror.c ****  * jerror.h with a suitable definition for macro JMESSAGE.
  40:Middlewares/Third_Party/LibJPEG/source/jerror.c ****  * The message table is made an external symbol just in case any applications
  41:Middlewares/Third_Party/LibJPEG/source/jerror.c ****  * want to refer to it directly.
  42:Middlewares/Third_Party/LibJPEG/source/jerror.c ****  */
  43:Middlewares/Third_Party/LibJPEG/source/jerror.c **** 
  44:Middlewares/Third_Party/LibJPEG/source/jerror.c **** #ifdef NEED_SHORT_EXTERNAL_NAMES
  45:Middlewares/Third_Party/LibJPEG/source/jerror.c **** #define jpeg_std_message_table	jMsgTable
  46:Middlewares/Third_Party/LibJPEG/source/jerror.c **** #endif
  47:Middlewares/Third_Party/LibJPEG/source/jerror.c **** 
  48:Middlewares/Third_Party/LibJPEG/source/jerror.c **** #define JMESSAGE(code,string)	string ,
  49:Middlewares/Third_Party/LibJPEG/source/jerror.c **** 
  50:Middlewares/Third_Party/LibJPEG/source/jerror.c **** const char * const jpeg_std_message_table[] = {
  51:Middlewares/Third_Party/LibJPEG/source/jerror.c **** #include "jerror.h"
  52:Middlewares/Third_Party/LibJPEG/source/jerror.c ****   NULL
  53:Middlewares/Third_Party/LibJPEG/source/jerror.c **** };
  54:Middlewares/Third_Party/LibJPEG/source/jerror.c **** 
  55:Middlewares/Third_Party/LibJPEG/source/jerror.c **** 
  56:Middlewares/Third_Party/LibJPEG/source/jerror.c **** /*
  57:Middlewares/Third_Party/LibJPEG/source/jerror.c ****  * Error exit handler: must not return to caller.
  58:Middlewares/Third_Party/LibJPEG/source/jerror.c ****  *
  59:Middlewares/Third_Party/LibJPEG/source/jerror.c ****  * Applications may override this if they want to get control back after
  60:Middlewares/Third_Party/LibJPEG/source/jerror.c ****  * an error.  Typically one would longjmp somewhere instead of exiting.
  61:Middlewares/Third_Party/LibJPEG/source/jerror.c ****  * The setjmp buffer can be made a private field within an expanded error
  62:Middlewares/Third_Party/LibJPEG/source/jerror.c ****  * handler object.  Note that the info needed to generate an error message
  63:Middlewares/Third_Party/LibJPEG/source/jerror.c ****  * is stored in the error object, so you can generate the message now or
  64:Middlewares/Third_Party/LibJPEG/source/jerror.c ****  * later, at your convenience.
  65:Middlewares/Third_Party/LibJPEG/source/jerror.c ****  * You should make sure that the JPEG object is cleaned up (with jpeg_abort
  66:Middlewares/Third_Party/LibJPEG/source/jerror.c ****  * or jpeg_destroy) at some point.
  67:Middlewares/Third_Party/LibJPEG/source/jerror.c ****  */
  68:Middlewares/Third_Party/LibJPEG/source/jerror.c **** 
  69:Middlewares/Third_Party/LibJPEG/source/jerror.c **** METHODDEF(void)
  70:Middlewares/Third_Party/LibJPEG/source/jerror.c **** error_exit (j_common_ptr cinfo)
  71:Middlewares/Third_Party/LibJPEG/source/jerror.c **** {
  72:Middlewares/Third_Party/LibJPEG/source/jerror.c ****   /* Always display the message */
  73:Middlewares/Third_Party/LibJPEG/source/jerror.c ****   (*cinfo->err->output_message) (cinfo);
  74:Middlewares/Third_Party/LibJPEG/source/jerror.c **** 
  75:Middlewares/Third_Party/LibJPEG/source/jerror.c ****   /* Let the memory manager delete any temp files before we die */
  76:Middlewares/Third_Party/LibJPEG/source/jerror.c ****   jpeg_destroy(cinfo);
  77:Middlewares/Third_Party/LibJPEG/source/jerror.c **** 
  78:Middlewares/Third_Party/LibJPEG/source/jerror.c ****   //exit(EXIT_FAILURE);
  79:Middlewares/Third_Party/LibJPEG/source/jerror.c **** }
  80:Middlewares/Third_Party/LibJPEG/source/jerror.c **** 
  81:Middlewares/Third_Party/LibJPEG/source/jerror.c **** 
  82:Middlewares/Third_Party/LibJPEG/source/jerror.c **** /*
  83:Middlewares/Third_Party/LibJPEG/source/jerror.c ****  * Actual output of an error or trace message.
  84:Middlewares/Third_Party/LibJPEG/source/jerror.c ****  * Applications may override this method to send JPEG messages somewhere
  85:Middlewares/Third_Party/LibJPEG/source/jerror.c ****  * other than stderr.
  86:Middlewares/Third_Party/LibJPEG/source/jerror.c ****  *
  87:Middlewares/Third_Party/LibJPEG/source/jerror.c ****  * On Windows, printing to stderr is generally completely useless,
ARM GAS  /tmp/cc7pTYcq.s 			page 3


  88:Middlewares/Third_Party/LibJPEG/source/jerror.c ****  * so we provide optional code to produce an error-dialog popup.
  89:Middlewares/Third_Party/LibJPEG/source/jerror.c ****  * Most Windows applications will still prefer to override this routine,
  90:Middlewares/Third_Party/LibJPEG/source/jerror.c ****  * but if they don't, it'll do something at least marginally useful.
  91:Middlewares/Third_Party/LibJPEG/source/jerror.c ****  *
  92:Middlewares/Third_Party/LibJPEG/source/jerror.c ****  * NOTE: to use the library in an environment that doesn't support the
  93:Middlewares/Third_Party/LibJPEG/source/jerror.c ****  * C stdio library, you may have to delete the call to fprintf() entirely,
  94:Middlewares/Third_Party/LibJPEG/source/jerror.c ****  * not just not use this routine.
  95:Middlewares/Third_Party/LibJPEG/source/jerror.c ****  */
  96:Middlewares/Third_Party/LibJPEG/source/jerror.c **** 
  97:Middlewares/Third_Party/LibJPEG/source/jerror.c **** METHODDEF(void)
  98:Middlewares/Third_Party/LibJPEG/source/jerror.c **** output_message (j_common_ptr cinfo)
  99:Middlewares/Third_Party/LibJPEG/source/jerror.c **** {
  29              		.loc 1 99 1 view -0
  30              		.cfi_startproc
  31              		@ args = 0, pretend = 0, frame = 200
  32              		@ frame_needed = 0, uses_anonymous_args = 0
  33              		.loc 1 99 1 is_stmt 0 view .LVU1
  34 0000 00B5     		push	{lr}
  35              	.LCFI0:
  36              		.cfi_def_cfa_offset 4
  37              		.cfi_offset 14, -4
  38 0002 B3B0     		sub	sp, sp, #204
  39              	.LCFI1:
  40              		.cfi_def_cfa_offset 208
 100:Middlewares/Third_Party/LibJPEG/source/jerror.c ****   char buffer[JMSG_LENGTH_MAX];
  41              		.loc 1 100 3 is_stmt 1 view .LVU2
 101:Middlewares/Third_Party/LibJPEG/source/jerror.c **** 
 102:Middlewares/Third_Party/LibJPEG/source/jerror.c ****   /* Create the message */
 103:Middlewares/Third_Party/LibJPEG/source/jerror.c ****   (*cinfo->err->format_message) (cinfo, buffer);
  42              		.loc 1 103 3 view .LVU3
  43              		.loc 1 103 10 is_stmt 0 view .LVU4
  44 0004 0368     		ldr	r3, [r0]
  45              		.loc 1 103 4 view .LVU5
  46 0006 DB68     		ldr	r3, [r3, #12]
  47 0008 6946     		mov	r1, sp
  48 000a 9847     		blx	r3
  49              	.LVL1:
 104:Middlewares/Third_Party/LibJPEG/source/jerror.c **** 
 105:Middlewares/Third_Party/LibJPEG/source/jerror.c **** #ifdef USE_WINDOWS_MESSAGEBOX
 106:Middlewares/Third_Party/LibJPEG/source/jerror.c ****   /* Display it in a message dialog box */
 107:Middlewares/Third_Party/LibJPEG/source/jerror.c ****   MessageBox(GetActiveWindow(), buffer, "JPEG Library Error",
 108:Middlewares/Third_Party/LibJPEG/source/jerror.c **** 	     MB_OK | MB_ICONERROR);
 109:Middlewares/Third_Party/LibJPEG/source/jerror.c **** #else
 110:Middlewares/Third_Party/LibJPEG/source/jerror.c ****   /* Send it to stderr, adding a newline */
 111:Middlewares/Third_Party/LibJPEG/source/jerror.c **** //  fprintf(stderr, "%s\n", buffer);
 112:Middlewares/Third_Party/LibJPEG/source/jerror.c **** //  printf( "%s\n", buffer);
 113:Middlewares/Third_Party/LibJPEG/source/jerror.c **** #endif
 114:Middlewares/Third_Party/LibJPEG/source/jerror.c **** }
  50              		.loc 1 114 1 view .LVU6
  51 000c 33B0     		add	sp, sp, #204
  52              	.LCFI2:
  53              		.cfi_def_cfa_offset 4
  54              		@ sp needed
  55 000e 5DF804FB 		ldr	pc, [sp], #4
  56              		.cfi_endproc
  57              	.LFE8:
  59              		.section	.text.emit_message,"ax",%progbits
ARM GAS  /tmp/cc7pTYcq.s 			page 4


  60              		.align	1
  61              		.syntax unified
  62              		.thumb
  63              		.thumb_func
  64              		.fpu fpv4-sp-d16
  66              	emit_message:
  67              	.LVL2:
  68              	.LFB9:
 115:Middlewares/Third_Party/LibJPEG/source/jerror.c **** 
 116:Middlewares/Third_Party/LibJPEG/source/jerror.c **** 
 117:Middlewares/Third_Party/LibJPEG/source/jerror.c **** /*
 118:Middlewares/Third_Party/LibJPEG/source/jerror.c ****  * Decide whether to emit a trace or warning message.
 119:Middlewares/Third_Party/LibJPEG/source/jerror.c ****  * msg_level is one of:
 120:Middlewares/Third_Party/LibJPEG/source/jerror.c ****  *   -1: recoverable corrupt-data warning, may want to abort.
 121:Middlewares/Third_Party/LibJPEG/source/jerror.c ****  *    0: important advisory messages (always display to user).
 122:Middlewares/Third_Party/LibJPEG/source/jerror.c ****  *    1: first level of tracing detail.
 123:Middlewares/Third_Party/LibJPEG/source/jerror.c ****  *    2,3,...: successively more detailed tracing messages.
 124:Middlewares/Third_Party/LibJPEG/source/jerror.c ****  * An application might override this method if it wanted to abort on warnings
 125:Middlewares/Third_Party/LibJPEG/source/jerror.c ****  * or change the policy about which messages to display.
 126:Middlewares/Third_Party/LibJPEG/source/jerror.c ****  */
 127:Middlewares/Third_Party/LibJPEG/source/jerror.c **** 
 128:Middlewares/Third_Party/LibJPEG/source/jerror.c **** METHODDEF(void)
 129:Middlewares/Third_Party/LibJPEG/source/jerror.c **** emit_message (j_common_ptr cinfo, int msg_level)
 130:Middlewares/Third_Party/LibJPEG/source/jerror.c **** {
  69              		.loc 1 130 1 is_stmt 1 view -0
  70              		.cfi_startproc
  71              		@ args = 0, pretend = 0, frame = 0
  72              		@ frame_needed = 0, uses_anonymous_args = 0
  73              		.loc 1 130 1 is_stmt 0 view .LVU8
  74 0000 10B5     		push	{r4, lr}
  75              	.LCFI3:
  76              		.cfi_def_cfa_offset 8
  77              		.cfi_offset 4, -8
  78              		.cfi_offset 14, -4
 131:Middlewares/Third_Party/LibJPEG/source/jerror.c ****   struct jpeg_error_mgr * err = cinfo->err;
  79              		.loc 1 131 3 is_stmt 1 view .LVU9
  80              		.loc 1 131 27 is_stmt 0 view .LVU10
  81 0002 0468     		ldr	r4, [r0]
  82              	.LVL3:
 132:Middlewares/Third_Party/LibJPEG/source/jerror.c **** 
 133:Middlewares/Third_Party/LibJPEG/source/jerror.c ****   if (msg_level < 0) {
  83              		.loc 1 133 3 is_stmt 1 view .LVU11
  84              		.loc 1 133 6 is_stmt 0 view .LVU12
  85 0004 0029     		cmp	r1, #0
  86              		.loc 1 133 6 view .LVU13
  87 0006 05DB     		blt	.L9
 134:Middlewares/Third_Party/LibJPEG/source/jerror.c ****     /* It's a warning message.  Since corrupt files may generate many warnings,
 135:Middlewares/Third_Party/LibJPEG/source/jerror.c ****      * the policy implemented here is to show only the first warning,
 136:Middlewares/Third_Party/LibJPEG/source/jerror.c ****      * unless trace_level >= 3.
 137:Middlewares/Third_Party/LibJPEG/source/jerror.c ****      */
 138:Middlewares/Third_Party/LibJPEG/source/jerror.c ****     if (err->num_warnings == 0 || err->trace_level >= 3)
 139:Middlewares/Third_Party/LibJPEG/source/jerror.c ****       (*err->output_message) (cinfo);
 140:Middlewares/Third_Party/LibJPEG/source/jerror.c ****     /* Always count warnings in num_warnings. */
 141:Middlewares/Third_Party/LibJPEG/source/jerror.c ****     err->num_warnings++;
 142:Middlewares/Third_Party/LibJPEG/source/jerror.c ****   } else {
 143:Middlewares/Third_Party/LibJPEG/source/jerror.c ****     /* It's a trace message.  Show it if trace_level >= msg_level. */
 144:Middlewares/Third_Party/LibJPEG/source/jerror.c ****     if (err->trace_level >= msg_level)
ARM GAS  /tmp/cc7pTYcq.s 			page 5


  88              		.loc 1 144 5 is_stmt 1 view .LVU14
  89              		.loc 1 144 12 is_stmt 0 view .LVU15
  90 0008 A36E     		ldr	r3, [r4, #104]
  91              		.loc 1 144 8 view .LVU16
  92 000a 8B42     		cmp	r3, r1
  93 000c 0CDB     		blt	.L3
 145:Middlewares/Third_Party/LibJPEG/source/jerror.c ****       (*err->output_message) (cinfo);
  94              		.loc 1 145 7 is_stmt 1 view .LVU17
  95              		.loc 1 145 8 is_stmt 0 view .LVU18
  96 000e A368     		ldr	r3, [r4, #8]
  97 0010 9847     		blx	r3
  98              	.LVL4:
 146:Middlewares/Third_Party/LibJPEG/source/jerror.c ****   }
 147:Middlewares/Third_Party/LibJPEG/source/jerror.c **** }
  99              		.loc 1 147 1 view .LVU19
 100 0012 09E0     		b	.L3
 101              	.LVL5:
 102              	.L9:
 138:Middlewares/Third_Party/LibJPEG/source/jerror.c ****       (*err->output_message) (cinfo);
 103              		.loc 1 138 5 is_stmt 1 view .LVU20
 138:Middlewares/Third_Party/LibJPEG/source/jerror.c ****       (*err->output_message) (cinfo);
 104              		.loc 1 138 12 is_stmt 0 view .LVU21
 105 0014 E36E     		ldr	r3, [r4, #108]
 138:Middlewares/Third_Party/LibJPEG/source/jerror.c ****       (*err->output_message) (cinfo);
 106              		.loc 1 138 8 view .LVU22
 107 0016 13B1     		cbz	r3, .L5
 138:Middlewares/Third_Party/LibJPEG/source/jerror.c ****       (*err->output_message) (cinfo);
 108              		.loc 1 138 38 discriminator 1 view .LVU23
 109 0018 A36E     		ldr	r3, [r4, #104]
 138:Middlewares/Third_Party/LibJPEG/source/jerror.c ****       (*err->output_message) (cinfo);
 110              		.loc 1 138 32 discriminator 1 view .LVU24
 111 001a 022B     		cmp	r3, #2
 112 001c 01DD     		ble	.L6
 113              	.L5:
 139:Middlewares/Third_Party/LibJPEG/source/jerror.c ****     /* Always count warnings in num_warnings. */
 114              		.loc 1 139 7 is_stmt 1 view .LVU25
 139:Middlewares/Third_Party/LibJPEG/source/jerror.c ****     /* Always count warnings in num_warnings. */
 115              		.loc 1 139 8 is_stmt 0 view .LVU26
 116 001e A368     		ldr	r3, [r4, #8]
 117 0020 9847     		blx	r3
 118              	.LVL6:
 119              	.L6:
 141:Middlewares/Third_Party/LibJPEG/source/jerror.c ****   } else {
 120              		.loc 1 141 5 is_stmt 1 view .LVU27
 141:Middlewares/Third_Party/LibJPEG/source/jerror.c ****   } else {
 121              		.loc 1 141 8 is_stmt 0 view .LVU28
 122 0022 E36E     		ldr	r3, [r4, #108]
 141:Middlewares/Third_Party/LibJPEG/source/jerror.c ****   } else {
 123              		.loc 1 141 22 view .LVU29
 124 0024 0133     		adds	r3, r3, #1
 125 0026 E366     		str	r3, [r4, #108]
 126              	.L3:
 127              		.loc 1 147 1 view .LVU30
 128 0028 10BD     		pop	{r4, pc}
 129              		.loc 1 147 1 view .LVU31
 130              		.cfi_endproc
 131              	.LFE9:
ARM GAS  /tmp/cc7pTYcq.s 			page 6


 133              		.section	.text.reset_error_mgr,"ax",%progbits
 134              		.align	1
 135              		.syntax unified
 136              		.thumb
 137              		.thumb_func
 138              		.fpu fpv4-sp-d16
 140              	reset_error_mgr:
 141              	.LVL7:
 142              	.LFB11:
 148:Middlewares/Third_Party/LibJPEG/source/jerror.c **** 
 149:Middlewares/Third_Party/LibJPEG/source/jerror.c **** 
 150:Middlewares/Third_Party/LibJPEG/source/jerror.c **** /*
 151:Middlewares/Third_Party/LibJPEG/source/jerror.c ****  * Format a message string for the most recent JPEG error or message.
 152:Middlewares/Third_Party/LibJPEG/source/jerror.c ****  * The message is stored into buffer, which should be at least JMSG_LENGTH_MAX
 153:Middlewares/Third_Party/LibJPEG/source/jerror.c ****  * characters.  Note that no '\n' character is added to the string.
 154:Middlewares/Third_Party/LibJPEG/source/jerror.c ****  * Few applications should need to override this method.
 155:Middlewares/Third_Party/LibJPEG/source/jerror.c ****  */
 156:Middlewares/Third_Party/LibJPEG/source/jerror.c **** 
 157:Middlewares/Third_Party/LibJPEG/source/jerror.c **** METHODDEF(void)
 158:Middlewares/Third_Party/LibJPEG/source/jerror.c **** format_message (j_common_ptr cinfo, char * buffer)
 159:Middlewares/Third_Party/LibJPEG/source/jerror.c **** {
 160:Middlewares/Third_Party/LibJPEG/source/jerror.c ****   struct jpeg_error_mgr * err = cinfo->err;
 161:Middlewares/Third_Party/LibJPEG/source/jerror.c ****   int msg_code = err->msg_code;
 162:Middlewares/Third_Party/LibJPEG/source/jerror.c ****   const char * msgtext = NULL;
 163:Middlewares/Third_Party/LibJPEG/source/jerror.c ****   const char * msgptr;
 164:Middlewares/Third_Party/LibJPEG/source/jerror.c ****   char ch;
 165:Middlewares/Third_Party/LibJPEG/source/jerror.c ****   boolean isstring;
 166:Middlewares/Third_Party/LibJPEG/source/jerror.c **** 
 167:Middlewares/Third_Party/LibJPEG/source/jerror.c ****   /* Look up message string in proper table */
 168:Middlewares/Third_Party/LibJPEG/source/jerror.c ****   if (msg_code > 0 && msg_code <= err->last_jpeg_message) {
 169:Middlewares/Third_Party/LibJPEG/source/jerror.c ****     msgtext = err->jpeg_message_table[msg_code];
 170:Middlewares/Third_Party/LibJPEG/source/jerror.c ****   } else if (err->addon_message_table != NULL &&
 171:Middlewares/Third_Party/LibJPEG/source/jerror.c **** 	     msg_code >= err->first_addon_message &&
 172:Middlewares/Third_Party/LibJPEG/source/jerror.c **** 	     msg_code <= err->last_addon_message) {
 173:Middlewares/Third_Party/LibJPEG/source/jerror.c ****     msgtext = err->addon_message_table[msg_code - err->first_addon_message];
 174:Middlewares/Third_Party/LibJPEG/source/jerror.c ****   }
 175:Middlewares/Third_Party/LibJPEG/source/jerror.c **** 
 176:Middlewares/Third_Party/LibJPEG/source/jerror.c ****   /* Defend against bogus message number */
 177:Middlewares/Third_Party/LibJPEG/source/jerror.c ****   if (msgtext == NULL) {
 178:Middlewares/Third_Party/LibJPEG/source/jerror.c ****     err->msg_parm.i[0] = msg_code;
 179:Middlewares/Third_Party/LibJPEG/source/jerror.c ****     msgtext = err->jpeg_message_table[0];
 180:Middlewares/Third_Party/LibJPEG/source/jerror.c ****   }
 181:Middlewares/Third_Party/LibJPEG/source/jerror.c **** 
 182:Middlewares/Third_Party/LibJPEG/source/jerror.c ****   /* Check for string parameter, as indicated by %s in the message text */
 183:Middlewares/Third_Party/LibJPEG/source/jerror.c ****   isstring = FALSE;
 184:Middlewares/Third_Party/LibJPEG/source/jerror.c ****   msgptr = msgtext;
 185:Middlewares/Third_Party/LibJPEG/source/jerror.c ****   while ((ch = *msgptr++) != '\0') {
 186:Middlewares/Third_Party/LibJPEG/source/jerror.c ****     if (ch == '%') {
 187:Middlewares/Third_Party/LibJPEG/source/jerror.c ****       if (*msgptr == 's') isstring = TRUE;
 188:Middlewares/Third_Party/LibJPEG/source/jerror.c ****       break;
 189:Middlewares/Third_Party/LibJPEG/source/jerror.c ****     }
 190:Middlewares/Third_Party/LibJPEG/source/jerror.c ****   }
 191:Middlewares/Third_Party/LibJPEG/source/jerror.c **** 
 192:Middlewares/Third_Party/LibJPEG/source/jerror.c ****   /* Format the message into the passed buffer */
 193:Middlewares/Third_Party/LibJPEG/source/jerror.c ****   if (isstring)
 194:Middlewares/Third_Party/LibJPEG/source/jerror.c ****     sprintf(buffer, msgtext, err->msg_parm.s);
 195:Middlewares/Third_Party/LibJPEG/source/jerror.c ****   else
ARM GAS  /tmp/cc7pTYcq.s 			page 7


 196:Middlewares/Third_Party/LibJPEG/source/jerror.c ****     sprintf(buffer, msgtext,
 197:Middlewares/Third_Party/LibJPEG/source/jerror.c **** 	    err->msg_parm.i[0], err->msg_parm.i[1],
 198:Middlewares/Third_Party/LibJPEG/source/jerror.c **** 	    err->msg_parm.i[2], err->msg_parm.i[3],
 199:Middlewares/Third_Party/LibJPEG/source/jerror.c **** 	    err->msg_parm.i[4], err->msg_parm.i[5],
 200:Middlewares/Third_Party/LibJPEG/source/jerror.c **** 	    err->msg_parm.i[6], err->msg_parm.i[7]);
 201:Middlewares/Third_Party/LibJPEG/source/jerror.c **** }
 202:Middlewares/Third_Party/LibJPEG/source/jerror.c **** 
 203:Middlewares/Third_Party/LibJPEG/source/jerror.c **** 
 204:Middlewares/Third_Party/LibJPEG/source/jerror.c **** /*
 205:Middlewares/Third_Party/LibJPEG/source/jerror.c ****  * Reset error state variables at start of a new image.
 206:Middlewares/Third_Party/LibJPEG/source/jerror.c ****  * This is called during compression startup to reset trace/error
 207:Middlewares/Third_Party/LibJPEG/source/jerror.c ****  * processing to default state, without losing any application-specific
 208:Middlewares/Third_Party/LibJPEG/source/jerror.c ****  * method pointers.  An application might possibly want to override
 209:Middlewares/Third_Party/LibJPEG/source/jerror.c ****  * this method if it has additional error processing state.
 210:Middlewares/Third_Party/LibJPEG/source/jerror.c ****  */
 211:Middlewares/Third_Party/LibJPEG/source/jerror.c **** 
 212:Middlewares/Third_Party/LibJPEG/source/jerror.c **** METHODDEF(void)
 213:Middlewares/Third_Party/LibJPEG/source/jerror.c **** reset_error_mgr (j_common_ptr cinfo)
 214:Middlewares/Third_Party/LibJPEG/source/jerror.c **** {
 143              		.loc 1 214 1 is_stmt 1 view -0
 144              		.cfi_startproc
 145              		@ args = 0, pretend = 0, frame = 0
 146              		@ frame_needed = 0, uses_anonymous_args = 0
 147              		@ link register save eliminated.
 215:Middlewares/Third_Party/LibJPEG/source/jerror.c ****   cinfo->err->num_warnings = 0;
 148              		.loc 1 215 3 view .LVU33
 149              		.loc 1 215 8 is_stmt 0 view .LVU34
 150 0000 0268     		ldr	r2, [r0]
 151              		.loc 1 215 28 view .LVU35
 152 0002 0023     		movs	r3, #0
 153 0004 D366     		str	r3, [r2, #108]
 216:Middlewares/Third_Party/LibJPEG/source/jerror.c ****   /* trace_level is not reset since it is an application-supplied parameter */
 217:Middlewares/Third_Party/LibJPEG/source/jerror.c ****   cinfo->err->msg_code = 0;	/* may be useful as a flag for "no error" */
 154              		.loc 1 217 3 is_stmt 1 view .LVU36
 155              		.loc 1 217 8 is_stmt 0 view .LVU37
 156 0006 0268     		ldr	r2, [r0]
 157              		.loc 1 217 24 view .LVU38
 158 0008 5361     		str	r3, [r2, #20]
 218:Middlewares/Third_Party/LibJPEG/source/jerror.c **** }
 159              		.loc 1 218 1 view .LVU39
 160 000a 7047     		bx	lr
 161              		.cfi_endproc
 162              	.LFE11:
 164              		.section	.text.format_message,"ax",%progbits
 165              		.align	1
 166              		.syntax unified
 167              		.thumb
 168              		.thumb_func
 169              		.fpu fpv4-sp-d16
 171              	format_message:
 172              	.LVL8:
 173              	.LFB10:
 159:Middlewares/Third_Party/LibJPEG/source/jerror.c ****   struct jpeg_error_mgr * err = cinfo->err;
 174              		.loc 1 159 1 is_stmt 1 view -0
 175              		.cfi_startproc
 176              		@ args = 0, pretend = 0, frame = 0
 177              		@ frame_needed = 0, uses_anonymous_args = 0
ARM GAS  /tmp/cc7pTYcq.s 			page 8


 159:Middlewares/Third_Party/LibJPEG/source/jerror.c ****   struct jpeg_error_mgr * err = cinfo->err;
 178              		.loc 1 159 1 is_stmt 0 view .LVU41
 179 0000 30B5     		push	{r4, r5, lr}
 180              	.LCFI4:
 181              		.cfi_def_cfa_offset 12
 182              		.cfi_offset 4, -12
 183              		.cfi_offset 5, -8
 184              		.cfi_offset 14, -4
 185 0002 87B0     		sub	sp, sp, #28
 186              	.LCFI5:
 187              		.cfi_def_cfa_offset 40
 188 0004 0346     		mov	r3, r0
 189 0006 0846     		mov	r0, r1
 190              	.LVL9:
 160:Middlewares/Third_Party/LibJPEG/source/jerror.c ****   int msg_code = err->msg_code;
 191              		.loc 1 160 3 is_stmt 1 view .LVU42
 160:Middlewares/Third_Party/LibJPEG/source/jerror.c ****   int msg_code = err->msg_code;
 192              		.loc 1 160 27 is_stmt 0 view .LVU43
 193 0008 1C68     		ldr	r4, [r3]
 194              	.LVL10:
 161:Middlewares/Third_Party/LibJPEG/source/jerror.c ****   const char * msgtext = NULL;
 195              		.loc 1 161 3 is_stmt 1 view .LVU44
 161:Middlewares/Third_Party/LibJPEG/source/jerror.c ****   const char * msgtext = NULL;
 196              		.loc 1 161 7 is_stmt 0 view .LVU45
 197 000a 6369     		ldr	r3, [r4, #20]
 198              	.LVL11:
 162:Middlewares/Third_Party/LibJPEG/source/jerror.c ****   const char * msgptr;
 199              		.loc 1 162 3 is_stmt 1 view .LVU46
 163:Middlewares/Third_Party/LibJPEG/source/jerror.c ****   char ch;
 200              		.loc 1 163 3 view .LVU47
 164:Middlewares/Third_Party/LibJPEG/source/jerror.c ****   boolean isstring;
 201              		.loc 1 164 3 view .LVU48
 165:Middlewares/Third_Party/LibJPEG/source/jerror.c **** 
 202              		.loc 1 165 3 view .LVU49
 168:Middlewares/Third_Party/LibJPEG/source/jerror.c ****     msgtext = err->jpeg_message_table[msg_code];
 203              		.loc 1 168 3 view .LVU50
 168:Middlewares/Third_Party/LibJPEG/source/jerror.c ****     msgtext = err->jpeg_message_table[msg_code];
 204              		.loc 1 168 6 is_stmt 0 view .LVU51
 205 000c 002B     		cmp	r3, #0
 206 000e 27DD     		ble	.L12
 168:Middlewares/Third_Party/LibJPEG/source/jerror.c ****     msgtext = err->jpeg_message_table[msg_code];
 207              		.loc 1 168 38 discriminator 1 view .LVU52
 208 0010 626F     		ldr	r2, [r4, #116]
 168:Middlewares/Third_Party/LibJPEG/source/jerror.c ****     msgtext = err->jpeg_message_table[msg_code];
 209              		.loc 1 168 20 discriminator 1 view .LVU53
 210 0012 9A42     		cmp	r2, r3
 211 0014 24DB     		blt	.L12
 169:Middlewares/Third_Party/LibJPEG/source/jerror.c ****   } else if (err->addon_message_table != NULL &&
 212              		.loc 1 169 5 is_stmt 1 view .LVU54
 169:Middlewares/Third_Party/LibJPEG/source/jerror.c ****   } else if (err->addon_message_table != NULL &&
 213              		.loc 1 169 18 is_stmt 0 view .LVU55
 214 0016 226F     		ldr	r2, [r4, #112]
 169:Middlewares/Third_Party/LibJPEG/source/jerror.c ****   } else if (err->addon_message_table != NULL &&
 215              		.loc 1 169 13 view .LVU56
 216 0018 52F82310 		ldr	r1, [r2, r3, lsl #2]
 217              	.LVL12:
 218              	.L13:
ARM GAS  /tmp/cc7pTYcq.s 			page 9


 177:Middlewares/Third_Party/LibJPEG/source/jerror.c ****     err->msg_parm.i[0] = msg_code;
 219              		.loc 1 177 3 is_stmt 1 view .LVU57
 177:Middlewares/Third_Party/LibJPEG/source/jerror.c ****     err->msg_parm.i[0] = msg_code;
 220              		.loc 1 177 6 is_stmt 0 view .LVU58
 221 001c 11B9     		cbnz	r1, .L15
 222              	.LVL13:
 223              	.L14:
 178:Middlewares/Third_Party/LibJPEG/source/jerror.c ****     msgtext = err->jpeg_message_table[0];
 224              		.loc 1 178 5 is_stmt 1 view .LVU59
 178:Middlewares/Third_Party/LibJPEG/source/jerror.c ****     msgtext = err->jpeg_message_table[0];
 225              		.loc 1 178 24 is_stmt 0 view .LVU60
 226 001e A361     		str	r3, [r4, #24]
 179:Middlewares/Third_Party/LibJPEG/source/jerror.c ****   }
 227              		.loc 1 179 5 is_stmt 1 view .LVU61
 179:Middlewares/Third_Party/LibJPEG/source/jerror.c ****   }
 228              		.loc 1 179 18 is_stmt 0 view .LVU62
 229 0020 236F     		ldr	r3, [r4, #112]
 230              	.LVL14:
 179:Middlewares/Third_Party/LibJPEG/source/jerror.c ****   }
 231              		.loc 1 179 13 view .LVU63
 232 0022 1968     		ldr	r1, [r3]
 233              	.LVL15:
 234              	.L15:
 183:Middlewares/Third_Party/LibJPEG/source/jerror.c ****   msgptr = msgtext;
 235              		.loc 1 183 3 is_stmt 1 view .LVU64
 184:Middlewares/Third_Party/LibJPEG/source/jerror.c ****   while ((ch = *msgptr++) != '\0') {
 236              		.loc 1 184 3 view .LVU65
 185:Middlewares/Third_Party/LibJPEG/source/jerror.c ****     if (ch == '%') {
 237              		.loc 1 185 3 view .LVU66
 184:Middlewares/Third_Party/LibJPEG/source/jerror.c ****   while ((ch = *msgptr++) != '\0') {
 238              		.loc 1 184 10 is_stmt 0 view .LVU67
 239 0024 8C46     		mov	ip, r1
 240              	.LVL16:
 241              	.L16:
 185:Middlewares/Third_Party/LibJPEG/source/jerror.c ****     if (ch == '%') {
 242              		.loc 1 185 9 is_stmt 1 view .LVU68
 185:Middlewares/Third_Party/LibJPEG/source/jerror.c ****     if (ch == '%') {
 243              		.loc 1 185 14 is_stmt 0 view .LVU69
 244 0026 9CF80030 		ldrb	r3, [ip]	@ zero_extendqisi2
 245 002a 0CF1010C 		add	ip, ip, #1
 246              	.LVL17:
 185:Middlewares/Third_Party/LibJPEG/source/jerror.c ****     if (ch == '%') {
 247              		.loc 1 185 9 view .LVU70
 248 002e 2BB1     		cbz	r3, .L18
 186:Middlewares/Third_Party/LibJPEG/source/jerror.c ****       if (*msgptr == 's') isstring = TRUE;
 249              		.loc 1 186 5 is_stmt 1 view .LVU71
 186:Middlewares/Third_Party/LibJPEG/source/jerror.c ****       if (*msgptr == 's') isstring = TRUE;
 250              		.loc 1 186 8 is_stmt 0 view .LVU72
 251 0030 252B     		cmp	r3, #37
 252 0032 F8D1     		bne	.L16
 187:Middlewares/Third_Party/LibJPEG/source/jerror.c ****       break;
 253              		.loc 1 187 7 is_stmt 1 view .LVU73
 187:Middlewares/Third_Party/LibJPEG/source/jerror.c ****       break;
 254              		.loc 1 187 11 is_stmt 0 view .LVU74
 255 0034 9CF80030 		ldrb	r3, [ip]	@ zero_extendqisi2
 256              	.LVL18:
 187:Middlewares/Third_Party/LibJPEG/source/jerror.c ****       break;
ARM GAS  /tmp/cc7pTYcq.s 			page 10


 257              		.loc 1 187 10 view .LVU75
 258 0038 732B     		cmp	r3, #115
 259 003a 1FD0     		beq	.L22
 260              	.L18:
 261              	.LVL19:
 196:Middlewares/Third_Party/LibJPEG/source/jerror.c **** 	    err->msg_parm.i[0], err->msg_parm.i[1],
 262              		.loc 1 196 5 is_stmt 1 view .LVU76
 263 003c E369     		ldr	r3, [r4, #28]
 264 003e A269     		ldr	r2, [r4, #24]
 265 0040 656B     		ldr	r5, [r4, #52]
 266 0042 0595     		str	r5, [sp, #20]
 267              	.LVL20:
 196:Middlewares/Third_Party/LibJPEG/source/jerror.c **** 	    err->msg_parm.i[0], err->msg_parm.i[1],
 268              		.loc 1 196 5 is_stmt 0 view .LVU77
 269 0044 256B     		ldr	r5, [r4, #48]
 270 0046 0495     		str	r5, [sp, #16]
 271 0048 E56A     		ldr	r5, [r4, #44]
 272 004a 0395     		str	r5, [sp, #12]
 273 004c A56A     		ldr	r5, [r4, #40]
 274 004e 0295     		str	r5, [sp, #8]
 275 0050 656A     		ldr	r5, [r4, #36]
 276 0052 0195     		str	r5, [sp, #4]
 277 0054 246A     		ldr	r4, [r4, #32]
 278              	.LVL21:
 196:Middlewares/Third_Party/LibJPEG/source/jerror.c **** 	    err->msg_parm.i[0], err->msg_parm.i[1],
 279              		.loc 1 196 5 view .LVU78
 280 0056 0094     		str	r4, [sp]
 281 0058 FFF7FEFF 		bl	sprintf
 282              	.LVL22:
 283              	.L11:
 201:Middlewares/Third_Party/LibJPEG/source/jerror.c **** 
 284              		.loc 1 201 1 view .LVU79
 285 005c 07B0     		add	sp, sp, #28
 286              	.LCFI6:
 287              		.cfi_remember_state
 288              		.cfi_def_cfa_offset 12
 289              		@ sp needed
 290 005e 30BD     		pop	{r4, r5, pc}
 291              	.LVL23:
 292              	.L12:
 293              	.LCFI7:
 294              		.cfi_restore_state
 170:Middlewares/Third_Party/LibJPEG/source/jerror.c **** 	     msg_code >= err->first_addon_message &&
 295              		.loc 1 170 10 is_stmt 1 view .LVU80
 170:Middlewares/Third_Party/LibJPEG/source/jerror.c **** 	     msg_code >= err->first_addon_message &&
 296              		.loc 1 170 17 is_stmt 0 view .LVU81
 297 0060 A26F     		ldr	r2, [r4, #120]
 170:Middlewares/Third_Party/LibJPEG/source/jerror.c **** 	     msg_code >= err->first_addon_message &&
 298              		.loc 1 170 13 view .LVU82
 299 0062 002A     		cmp	r2, #0
 300 0064 DBD0     		beq	.L14
 171:Middlewares/Third_Party/LibJPEG/source/jerror.c **** 	     msg_code <= err->last_addon_message) {
 301              		.loc 1 171 22 discriminator 1 view .LVU83
 302 0066 E16F     		ldr	r1, [r4, #124]
 170:Middlewares/Third_Party/LibJPEG/source/jerror.c **** 	     msg_code >= err->first_addon_message &&
 303              		.loc 1 170 47 discriminator 1 view .LVU84
 304 0068 9942     		cmp	r1, r3
ARM GAS  /tmp/cc7pTYcq.s 			page 11


 305 006a D8DC     		bgt	.L14
 171:Middlewares/Third_Party/LibJPEG/source/jerror.c **** 	     msg_code <= err->last_addon_message) {
 306              		.loc 1 171 44 view .LVU85
 307 006c D4F88050 		ldr	r5, [r4, #128]
 308 0070 9D42     		cmp	r5, r3
 309 0072 D4DB     		blt	.L14
 173:Middlewares/Third_Party/LibJPEG/source/jerror.c ****   }
 310              		.loc 1 173 5 is_stmt 1 view .LVU86
 173:Middlewares/Third_Party/LibJPEG/source/jerror.c ****   }
 311              		.loc 1 173 49 is_stmt 0 view .LVU87
 312 0074 591A     		subs	r1, r3, r1
 173:Middlewares/Third_Party/LibJPEG/source/jerror.c ****   }
 313              		.loc 1 173 13 view .LVU88
 314 0076 52F82110 		ldr	r1, [r2, r1, lsl #2]
 315              	.LVL24:
 173:Middlewares/Third_Party/LibJPEG/source/jerror.c ****   }
 316              		.loc 1 173 13 view .LVU89
 317 007a CFE7     		b	.L13
 318              	.LVL25:
 319              	.L22:
 187:Middlewares/Third_Party/LibJPEG/source/jerror.c ****       break;
 320              		.loc 1 187 27 is_stmt 1 view .LVU90
 193:Middlewares/Third_Party/LibJPEG/source/jerror.c ****     sprintf(buffer, msgtext, err->msg_parm.s);
 321              		.loc 1 193 3 view .LVU91
 194:Middlewares/Third_Party/LibJPEG/source/jerror.c ****   else
 322              		.loc 1 194 5 view .LVU92
 323 007c 04F11802 		add	r2, r4, #24
 324 0080 FFF7FEFF 		bl	sprintf
 325              	.LVL26:
 194:Middlewares/Third_Party/LibJPEG/source/jerror.c ****   else
 326              		.loc 1 194 5 is_stmt 0 view .LVU93
 327 0084 EAE7     		b	.L11
 328              		.cfi_endproc
 329              	.LFE10:
 331              		.section	.text.error_exit,"ax",%progbits
 332              		.align	1
 333              		.syntax unified
 334              		.thumb
 335              		.thumb_func
 336              		.fpu fpv4-sp-d16
 338              	error_exit:
 339              	.LVL27:
 340              	.LFB7:
  71:Middlewares/Third_Party/LibJPEG/source/jerror.c ****   /* Always display the message */
 341              		.loc 1 71 1 is_stmt 1 view -0
 342              		.cfi_startproc
 343              		@ args = 0, pretend = 0, frame = 0
 344              		@ frame_needed = 0, uses_anonymous_args = 0
  71:Middlewares/Third_Party/LibJPEG/source/jerror.c ****   /* Always display the message */
 345              		.loc 1 71 1 is_stmt 0 view .LVU95
 346 0000 10B5     		push	{r4, lr}
 347              	.LCFI8:
 348              		.cfi_def_cfa_offset 8
 349              		.cfi_offset 4, -8
 350              		.cfi_offset 14, -4
 351 0002 0446     		mov	r4, r0
  73:Middlewares/Third_Party/LibJPEG/source/jerror.c **** 
ARM GAS  /tmp/cc7pTYcq.s 			page 12


 352              		.loc 1 73 3 is_stmt 1 view .LVU96
  73:Middlewares/Third_Party/LibJPEG/source/jerror.c **** 
 353              		.loc 1 73 10 is_stmt 0 view .LVU97
 354 0004 0368     		ldr	r3, [r0]
  73:Middlewares/Third_Party/LibJPEG/source/jerror.c **** 
 355              		.loc 1 73 4 view .LVU98
 356 0006 9B68     		ldr	r3, [r3, #8]
 357 0008 9847     		blx	r3
 358              	.LVL28:
  76:Middlewares/Third_Party/LibJPEG/source/jerror.c **** 
 359              		.loc 1 76 3 is_stmt 1 view .LVU99
 360 000a 2046     		mov	r0, r4
 361 000c FFF7FEFF 		bl	jpeg_destroy
 362              	.LVL29:
  79:Middlewares/Third_Party/LibJPEG/source/jerror.c **** 
 363              		.loc 1 79 1 is_stmt 0 view .LVU100
 364 0010 10BD     		pop	{r4, pc}
  79:Middlewares/Third_Party/LibJPEG/source/jerror.c **** 
 365              		.loc 1 79 1 view .LVU101
 366              		.cfi_endproc
 367              	.LFE7:
 369              		.section	.text.jpeg_std_error,"ax",%progbits
 370              		.align	1
 371              		.global	jpeg_std_error
 372              		.syntax unified
 373              		.thumb
 374              		.thumb_func
 375              		.fpu fpv4-sp-d16
 377              	jpeg_std_error:
 378              	.LVL30:
 379              	.LFB12:
 219:Middlewares/Third_Party/LibJPEG/source/jerror.c **** 
 220:Middlewares/Third_Party/LibJPEG/source/jerror.c **** 
 221:Middlewares/Third_Party/LibJPEG/source/jerror.c **** /*
 222:Middlewares/Third_Party/LibJPEG/source/jerror.c ****  * Fill in the standard error-handling methods in a jpeg_error_mgr object.
 223:Middlewares/Third_Party/LibJPEG/source/jerror.c ****  * Typical call is:
 224:Middlewares/Third_Party/LibJPEG/source/jerror.c ****  *	struct jpeg_compress_struct cinfo;
 225:Middlewares/Third_Party/LibJPEG/source/jerror.c ****  *	struct jpeg_error_mgr err;
 226:Middlewares/Third_Party/LibJPEG/source/jerror.c ****  *
 227:Middlewares/Third_Party/LibJPEG/source/jerror.c ****  *	cinfo.err = jpeg_std_error(&err);
 228:Middlewares/Third_Party/LibJPEG/source/jerror.c ****  * after which the application may override some of the methods.
 229:Middlewares/Third_Party/LibJPEG/source/jerror.c ****  */
 230:Middlewares/Third_Party/LibJPEG/source/jerror.c **** 
 231:Middlewares/Third_Party/LibJPEG/source/jerror.c **** GLOBAL(struct jpeg_error_mgr *)
 232:Middlewares/Third_Party/LibJPEG/source/jerror.c **** jpeg_std_error (struct jpeg_error_mgr * err)
 233:Middlewares/Third_Party/LibJPEG/source/jerror.c **** {
 380              		.loc 1 233 1 is_stmt 1 view -0
 381              		.cfi_startproc
 382              		@ args = 0, pretend = 0, frame = 0
 383              		@ frame_needed = 0, uses_anonymous_args = 0
 384              		@ link register save eliminated.
 234:Middlewares/Third_Party/LibJPEG/source/jerror.c ****   err->error_exit = error_exit;
 385              		.loc 1 234 3 view .LVU103
 386              		.loc 1 234 19 is_stmt 0 view .LVU104
 387 0000 0B4A     		ldr	r2, .L26
 388 0002 0260     		str	r2, [r0]
 235:Middlewares/Third_Party/LibJPEG/source/jerror.c ****   err->emit_message = emit_message;
ARM GAS  /tmp/cc7pTYcq.s 			page 13


 389              		.loc 1 235 3 is_stmt 1 view .LVU105
 390              		.loc 1 235 21 is_stmt 0 view .LVU106
 391 0004 0B4A     		ldr	r2, .L26+4
 392 0006 4260     		str	r2, [r0, #4]
 236:Middlewares/Third_Party/LibJPEG/source/jerror.c ****   err->output_message = output_message;
 393              		.loc 1 236 3 is_stmt 1 view .LVU107
 394              		.loc 1 236 23 is_stmt 0 view .LVU108
 395 0008 0B4A     		ldr	r2, .L26+8
 396 000a 8260     		str	r2, [r0, #8]
 237:Middlewares/Third_Party/LibJPEG/source/jerror.c ****   err->format_message = format_message;
 397              		.loc 1 237 3 is_stmt 1 view .LVU109
 398              		.loc 1 237 23 is_stmt 0 view .LVU110
 399 000c 0B4A     		ldr	r2, .L26+12
 400 000e C260     		str	r2, [r0, #12]
 238:Middlewares/Third_Party/LibJPEG/source/jerror.c ****   err->reset_error_mgr = reset_error_mgr;
 401              		.loc 1 238 3 is_stmt 1 view .LVU111
 402              		.loc 1 238 24 is_stmt 0 view .LVU112
 403 0010 0B4A     		ldr	r2, .L26+16
 404 0012 0261     		str	r2, [r0, #16]
 239:Middlewares/Third_Party/LibJPEG/source/jerror.c **** 
 240:Middlewares/Third_Party/LibJPEG/source/jerror.c ****   err->trace_level = 0;		/* default = no tracing */
 405              		.loc 1 240 3 is_stmt 1 view .LVU113
 406              		.loc 1 240 20 is_stmt 0 view .LVU114
 407 0014 0022     		movs	r2, #0
 408 0016 8266     		str	r2, [r0, #104]
 241:Middlewares/Third_Party/LibJPEG/source/jerror.c ****   err->num_warnings = 0;	/* no warnings emitted yet */
 409              		.loc 1 241 3 is_stmt 1 view .LVU115
 410              		.loc 1 241 21 is_stmt 0 view .LVU116
 411 0018 C266     		str	r2, [r0, #108]
 242:Middlewares/Third_Party/LibJPEG/source/jerror.c ****   err->msg_code = 0;		/* may be useful as a flag for "no error" */
 412              		.loc 1 242 3 is_stmt 1 view .LVU117
 413              		.loc 1 242 17 is_stmt 0 view .LVU118
 414 001a 4261     		str	r2, [r0, #20]
 243:Middlewares/Third_Party/LibJPEG/source/jerror.c **** 
 244:Middlewares/Third_Party/LibJPEG/source/jerror.c ****   /* Initialize message table pointers */
 245:Middlewares/Third_Party/LibJPEG/source/jerror.c ****   err->jpeg_message_table = jpeg_std_message_table;
 415              		.loc 1 245 3 is_stmt 1 view .LVU119
 416              		.loc 1 245 27 is_stmt 0 view .LVU120
 417 001c 0949     		ldr	r1, .L26+20
 418 001e 0167     		str	r1, [r0, #112]
 246:Middlewares/Third_Party/LibJPEG/source/jerror.c ****   err->last_jpeg_message = (int) JMSG_LASTMSGCODE - 1;
 419              		.loc 1 246 3 is_stmt 1 view .LVU121
 420              		.loc 1 246 26 is_stmt 0 view .LVU122
 421 0020 7E21     		movs	r1, #126
 422 0022 4167     		str	r1, [r0, #116]
 247:Middlewares/Third_Party/LibJPEG/source/jerror.c **** 
 248:Middlewares/Third_Party/LibJPEG/source/jerror.c ****   err->addon_message_table = NULL;
 423              		.loc 1 248 3 is_stmt 1 view .LVU123
 424              		.loc 1 248 28 is_stmt 0 view .LVU124
 425 0024 8267     		str	r2, [r0, #120]
 249:Middlewares/Third_Party/LibJPEG/source/jerror.c ****   err->first_addon_message = 0;	/* for safety */
 426              		.loc 1 249 3 is_stmt 1 view .LVU125
 427              		.loc 1 249 28 is_stmt 0 view .LVU126
 428 0026 C267     		str	r2, [r0, #124]
 250:Middlewares/Third_Party/LibJPEG/source/jerror.c ****   err->last_addon_message = 0;
 429              		.loc 1 250 3 is_stmt 1 view .LVU127
 430              		.loc 1 250 27 is_stmt 0 view .LVU128
ARM GAS  /tmp/cc7pTYcq.s 			page 14


 431 0028 C0F88020 		str	r2, [r0, #128]
 251:Middlewares/Third_Party/LibJPEG/source/jerror.c **** 
 252:Middlewares/Third_Party/LibJPEG/source/jerror.c ****   return err;
 432              		.loc 1 252 3 is_stmt 1 view .LVU129
 253:Middlewares/Third_Party/LibJPEG/source/jerror.c **** }
 433              		.loc 1 253 1 is_stmt 0 view .LVU130
 434 002c 7047     		bx	lr
 435              	.L27:
 436 002e 00BF     		.align	2
 437              	.L26:
 438 0030 00000000 		.word	error_exit
 439 0034 00000000 		.word	emit_message
 440 0038 00000000 		.word	output_message
 441 003c 00000000 		.word	format_message
 442 0040 00000000 		.word	reset_error_mgr
 443 0044 00000000 		.word	.LANCHOR0
 444              		.cfi_endproc
 445              	.LFE12:
 447              		.global	jpeg_std_message_table
 448              		.section	.rodata.str1.4,"aMS",%progbits,1
 449              		.align	2
 450              	.LC0:
 451 0000 426F6775 		.ascii	"Bogus message code %d\000"
 451      73206D65 
 451      73736167 
 451      6520636F 
 451      64652025 
 452 0016 0000     		.align	2
 453              	.LC1:
 454 0018 414C4947 		.ascii	"ALIGN_TYPE is wrong, please fix\000"
 454      4E5F5459 
 454      50452069 
 454      73207772 
 454      6F6E672C 
 455              		.align	2
 456              	.LC2:
 457 0038 4D41585F 		.ascii	"MAX_ALLOC_CHUNK is wrong, please fix\000"
 457      414C4C4F 
 457      435F4348 
 457      554E4B20 
 457      69732077 
 458 005d 000000   		.align	2
 459              	.LC3:
 460 0060 426F6775 		.ascii	"Bogus buffer control mode\000"
 460      73206275 
 460      66666572 
 460      20636F6E 
 460      74726F6C 
 461 007a 0000     		.align	2
 462              	.LC4:
 463 007c 496E7661 		.ascii	"Invalid component ID %d in SOS\000"
 463      6C696420 
 463      636F6D70 
 463      6F6E656E 
 463      74204944 
 464 009b 00       		.align	2
 465              	.LC5:
ARM GAS  /tmp/cc7pTYcq.s 			page 15


 466 009c 496E7661 		.ascii	"Invalid crop request\000"
 466      6C696420 
 466      63726F70 
 466      20726571 
 466      75657374 
 467 00b1 000000   		.align	2
 468              	.LC6:
 469 00b4 44435420 		.ascii	"DCT coefficient out of range\000"
 469      636F6566 
 469      66696369 
 469      656E7420 
 469      6F757420 
 470 00d1 000000   		.align	2
 471              	.LC7:
 472 00d4 44435420 		.ascii	"DCT scaled block size %dx%d not supported\000"
 472      7363616C 
 472      65642062 
 472      6C6F636B 
 472      2073697A 
 473 00fe 0000     		.align	2
 474              	.LC8:
 475 0100 436F6D70 		.ascii	"Component index %d: mismatching sampling ratio %d:%"
 475      6F6E656E 
 475      7420696E 
 475      64657820 
 475      25643A20 
 476 0133 642C2025 		.ascii	"d, %d:%d, %c\000"
 476      643A2564 
 476      2C202563 
 476      00
 477              		.align	2
 478              	.LC9:
 479 0140 426F6775 		.ascii	"Bogus Huffman table definition\000"
 479      73204875 
 479      66666D61 
 479      6E207461 
 479      626C6520 
 480 015f 00       		.align	2
 481              	.LC10:
 482 0160 426F6775 		.ascii	"Bogus input colorspace\000"
 482      7320696E 
 482      70757420 
 482      636F6C6F 
 482      72737061 
 483 0177 00       		.align	2
 484              	.LC11:
 485 0178 426F6775 		.ascii	"Bogus JPEG colorspace\000"
 485      73204A50 
 485      45472063 
 485      6F6C6F72 
 485      73706163 
 486 018e 0000     		.align	2
 487              	.LC12:
 488 0190 426F6775 		.ascii	"Bogus marker length\000"
 488      73206D61 
 488      726B6572 
 488      206C656E 
ARM GAS  /tmp/cc7pTYcq.s 			page 16


 488      67746800 
 489              		.align	2
 490              	.LC13:
 491 01a4 57726F6E 		.ascii	"Wrong JPEG library version: library is %d, caller e"
 491      67204A50 
 491      4547206C 
 491      69627261 
 491      72792076 
 492 01d7 78706563 		.ascii	"xpects %d\000"
 492      74732025 
 492      6400
 493 01e1 000000   		.align	2
 494              	.LC14:
 495 01e4 53616D70 		.ascii	"Sampling factors too large for interleaved scan\000"
 495      6C696E67 
 495      20666163 
 495      746F7273 
 495      20746F6F 
 496              		.align	2
 497              	.LC15:
 498 0214 496E7661 		.ascii	"Invalid memory pool code %d\000"
 498      6C696420 
 498      6D656D6F 
 498      72792070 
 498      6F6F6C20 
 499              		.align	2
 500              	.LC16:
 501 0230 556E7375 		.ascii	"Unsupported JPEG data precision %d\000"
 501      70706F72 
 501      74656420 
 501      4A504547 
 501      20646174 
 502 0253 00       		.align	2
 503              	.LC17:
 504 0254 496E7661 		.ascii	"Invalid progressive parameters Ss=%d Se=%d Ah=%d Al"
 504      6C696420 
 504      70726F67 
 504      72657373 
 504      69766520 
 505 0287 3D256400 		.ascii	"=%d\000"
 506 028b 00       		.align	2
 507              	.LC18:
 508 028c 496E7661 		.ascii	"Invalid progressive parameters at scan script entry"
 508      6C696420 
 508      70726F67 
 508      72657373 
 508      69766520 
 509 02bf 20256400 		.ascii	" %d\000"
 510 02c3 00       		.align	2
 511              	.LC19:
 512 02c4 426F6775 		.ascii	"Bogus sampling factors\000"
 512      73207361 
 512      6D706C69 
 512      6E672066 
 512      6163746F 
 513 02db 00       		.align	2
 514              	.LC20:
ARM GAS  /tmp/cc7pTYcq.s 			page 17


 515 02dc 496E7661 		.ascii	"Invalid scan script at entry %d\000"
 515      6C696420 
 515      7363616E 
 515      20736372 
 515      69707420 
 516              		.align	2
 517              	.LC21:
 518 02fc 496D7072 		.ascii	"Improper call to JPEG library in state %d\000"
 518      6F706572 
 518      2063616C 
 518      6C20746F 
 518      204A5045 
 519 0326 0000     		.align	2
 520              	.LC22:
 521 0328 4A504547 		.ascii	"JPEG parameter struct mismatch: library thinks size"
 521      20706172 
 521      616D6574 
 521      65722073 
 521      74727563 
 522 035b 20697320 		.ascii	" is %u, caller expects %u\000"
 522      25752C20 
 522      63616C6C 
 522      65722065 
 522      78706563 
 523 0375 000000   		.align	2
 524              	.LC23:
 525 0378 426F6775 		.ascii	"Bogus virtual array access\000"
 525      73207669 
 525      72747561 
 525      6C206172 
 525      72617920 
 526 0393 00       		.align	2
 527              	.LC24:
 528 0394 42756666 		.ascii	"Buffer passed to JPEG library is too small\000"
 528      65722070 
 528      61737365 
 528      6420746F 
 528      204A5045 
 529 03bf 00       		.align	2
 530              	.LC25:
 531 03c0 53757370 		.ascii	"Suspension not allowed here\000"
 531      656E7369 
 531      6F6E206E 
 531      6F742061 
 531      6C6C6F77 
 532              		.align	2
 533              	.LC26:
 534 03dc 43434952 		.ascii	"CCIR601 sampling not implemented yet\000"
 534      36303120 
 534      73616D70 
 534      6C696E67 
 534      206E6F74 
 535 0401 000000   		.align	2
 536              	.LC27:
 537 0404 546F6F20 		.ascii	"Too many color components: %d, max %d\000"
 537      6D616E79 
 537      20636F6C 
ARM GAS  /tmp/cc7pTYcq.s 			page 18


 537      6F722063 
 537      6F6D706F 
 538 042a 0000     		.align	2
 539              	.LC28:
 540 042c 556E7375 		.ascii	"Unsupported color conversion request\000"
 540      70706F72 
 540      74656420 
 540      636F6C6F 
 540      7220636F 
 541 0451 000000   		.align	2
 542              	.LC29:
 543 0454 426F6775 		.ascii	"Bogus DAC index %d\000"
 543      73204441 
 543      4320696E 
 543      64657820 
 543      256400
 544 0467 00       		.align	2
 545              	.LC30:
 546 0468 426F6775 		.ascii	"Bogus DAC value 0x%x\000"
 546      73204441 
 546      43207661 
 546      6C756520 
 546      30782578 
 547 047d 000000   		.align	2
 548              	.LC31:
 549 0480 426F6775 		.ascii	"Bogus DHT index %d\000"
 549      73204448 
 549      5420696E 
 549      64657820 
 549      256400
 550 0493 00       		.align	2
 551              	.LC32:
 552 0494 426F6775 		.ascii	"Bogus DQT index %d\000"
 552      73204451 
 552      5420696E 
 552      64657820 
 552      256400
 553 04a7 00       		.align	2
 554              	.LC33:
 555 04a8 456D7074 		.ascii	"Empty JPEG image (DNL not supported)\000"
 555      79204A50 
 555      45472069 
 555      6D616765 
 555      2028444E 
 556 04cd 000000   		.align	2
 557              	.LC34:
 558 04d0 52656164 		.ascii	"Read from EMS failed\000"
 558      2066726F 
 558      6D20454D 
 558      53206661 
 558      696C6564 
 559 04e5 000000   		.align	2
 560              	.LC35:
 561 04e8 57726974 		.ascii	"Write to EMS failed\000"
 561      6520746F 
 561      20454D53 
 561      20666169 
ARM GAS  /tmp/cc7pTYcq.s 			page 19


 561      6C656400 
 562              		.align	2
 563              	.LC36:
 564 04fc 4469646E 		.ascii	"Didn't expect more than one scan\000"
 564      27742065 
 564      78706563 
 564      74206D6F 
 564      72652074 
 565 051d 000000   		.align	2
 566              	.LC37:
 567 0520 496E7075 		.ascii	"Input file read error\000"
 567      74206669 
 567      6C652072 
 567      65616420 
 567      6572726F 
 568 0536 0000     		.align	2
 569              	.LC38:
 570 0538 4F757470 		.ascii	"Output file write error --- out of disk space?\000"
 570      75742066 
 570      696C6520 
 570      77726974 
 570      65206572 
 571 0567 00       		.align	2
 572              	.LC39:
 573 0568 46726163 		.ascii	"Fractional sampling not implemented yet\000"
 573      74696F6E 
 573      616C2073 
 573      616D706C 
 573      696E6720 
 574              		.align	2
 575              	.LC40:
 576 0590 48756666 		.ascii	"Huffman code size table overflow\000"
 576      6D616E20 
 576      636F6465 
 576      2073697A 
 576      65207461 
 577 05b1 000000   		.align	2
 578              	.LC41:
 579 05b4 4D697373 		.ascii	"Missing Huffman code table entry\000"
 579      696E6720 
 579      48756666 
 579      6D616E20 
 579      636F6465 
 580 05d5 000000   		.align	2
 581              	.LC42:
 582 05d8 4D617869 		.ascii	"Maximum supported image dimension is %u pixels\000"
 582      6D756D20 
 582      73757070 
 582      6F727465 
 582      6420696D 
 583 0607 00       		.align	2
 584              	.LC43:
 585 0608 456D7074 		.ascii	"Empty input file\000"
 585      7920696E 
 585      70757420 
 585      66696C65 
 585      00
ARM GAS  /tmp/cc7pTYcq.s 			page 20


 586 0619 000000   		.align	2
 587              	.LC44:
 588 061c 5072656D 		.ascii	"Premature end of input file\000"
 588      61747572 
 588      6520656E 
 588      64206F66 
 588      20696E70 
 589              		.align	2
 590              	.LC45:
 591 0638 43616E6E 		.ascii	"Cannot transcode due to multiple use of quantizatio"
 591      6F742074 
 591      72616E73 
 591      636F6465 
 591      20647565 
 592 066b 6E207461 		.ascii	"n table %d\000"
 592      626C6520 
 592      256400
 593 0676 0000     		.align	2
 594              	.LC46:
 595 0678 5363616E 		.ascii	"Scan script does not transmit all data\000"
 595      20736372 
 595      69707420 
 595      646F6573 
 595      206E6F74 
 596 069f 00       		.align	2
 597              	.LC47:
 598 06a0 496E7661 		.ascii	"Invalid color quantization mode change\000"
 598      6C696420 
 598      636F6C6F 
 598      72207175 
 598      616E7469 
 599 06c7 00       		.align	2
 600              	.LC48:
 601 06c8 4E6F7420 		.ascii	"Not implemented yet\000"
 601      696D706C 
 601      656D656E 
 601      74656420 
 601      79657400 
 602              		.align	2
 603              	.LC49:
 604 06dc 52657175 		.ascii	"Requested feature was omitted at compile time\000"
 604      65737465 
 604      64206665 
 604      61747572 
 604      65207761 
 605 070a 0000     		.align	2
 606              	.LC50:
 607 070c 41726974 		.ascii	"Arithmetic table 0x%02x was not defined\000"
 607      686D6574 
 607      69632074 
 607      61626C65 
 607      20307825 
 608              		.align	2
 609              	.LC51:
 610 0734 4261636B 		.ascii	"Backing store not supported\000"
 610      696E6720 
 610      73746F72 
ARM GAS  /tmp/cc7pTYcq.s 			page 21


 610      65206E6F 
 610      74207375 
 611              		.align	2
 612              	.LC52:
 613 0750 48756666 		.ascii	"Huffman table 0x%02x was not defined\000"
 613      6D616E20 
 613      7461626C 
 613      65203078 
 613      25303278 
 614 0775 000000   		.align	2
 615              	.LC53:
 616 0778 4A504547 		.ascii	"JPEG datastream contains no image\000"
 616      20646174 
 616      61737472 
 616      65616D20 
 616      636F6E74 
 617 079a 0000     		.align	2
 618              	.LC54:
 619 079c 5175616E 		.ascii	"Quantization table 0x%02x was not defined\000"
 619      74697A61 
 619      74696F6E 
 619      20746162 
 619      6C652030 
 620 07c6 0000     		.align	2
 621              	.LC55:
 622 07c8 4E6F7420 		.ascii	"Not a JPEG file: starts with 0x%02x 0x%02x\000"
 622      61204A50 
 622      45472066 
 622      696C653A 
 622      20737461 
 623 07f3 00       		.align	2
 624              	.LC56:
 625 07f4 496E7375 		.ascii	"Insufficient memory (case %d)\000"
 625      66666963 
 625      69656E74 
 625      206D656D 
 625      6F727920 
 626 0812 0000     		.align	2
 627              	.LC57:
 628 0814 43616E6E 		.ascii	"Cannot quantize more than %d color components\000"
 628      6F742071 
 628      75616E74 
 628      697A6520 
 628      6D6F7265 
 629 0842 0000     		.align	2
 630              	.LC58:
 631 0844 43616E6E 		.ascii	"Cannot quantize to fewer than %d colors\000"
 631      6F742071 
 631      75616E74 
 631      697A6520 
 631      746F2066 
 632              		.align	2
 633              	.LC59:
 634 086c 43616E6E 		.ascii	"Cannot quantize to more than %d colors\000"
 634      6F742071 
 634      75616E74 
 634      697A6520 
ARM GAS  /tmp/cc7pTYcq.s 			page 22


 634      746F206D 
 635 0893 00       		.align	2
 636              	.LC60:
 637 0894 496E7661 		.ascii	"Invalid JPEG file structure: two SOF markers\000"
 637      6C696420 
 637      4A504547 
 637      2066696C 
 637      65207374 
 638 08c1 000000   		.align	2
 639              	.LC61:
 640 08c4 496E7661 		.ascii	"Invalid JPEG file structure: missing SOS marker\000"
 640      6C696420 
 640      4A504547 
 640      2066696C 
 640      65207374 
 641              		.align	2
 642              	.LC62:
 643 08f4 556E7375 		.ascii	"Unsupported JPEG process: SOF type 0x%02x\000"
 643      70706F72 
 643      74656420 
 643      4A504547 
 643      2070726F 
 644 091e 0000     		.align	2
 645              	.LC63:
 646 0920 496E7661 		.ascii	"Invalid JPEG file structure: two SOI markers\000"
 646      6C696420 
 646      4A504547 
 646      2066696C 
 646      65207374 
 647 094d 000000   		.align	2
 648              	.LC64:
 649 0950 496E7661 		.ascii	"Invalid JPEG file structure: SOS before SOF\000"
 649      6C696420 
 649      4A504547 
 649      2066696C 
 649      65207374 
 650              		.align	2
 651              	.LC65:
 652 097c 4661696C 		.ascii	"Failed to create temporary file %s\000"
 652      65642074 
 652      6F206372 
 652      65617465 
 652      2074656D 
 653 099f 00       		.align	2
 654              	.LC66:
 655 09a0 52656164 		.ascii	"Read failed on temporary file\000"
 655      20666169 
 655      6C656420 
 655      6F6E2074 
 655      656D706F 
 656 09be 0000     		.align	2
 657              	.LC67:
 658 09c0 5365656B 		.ascii	"Seek failed on temporary file\000"
 658      20666169 
 658      6C656420 
 658      6F6E2074 
 658      656D706F 
ARM GAS  /tmp/cc7pTYcq.s 			page 23


 659 09de 0000     		.align	2
 660              	.LC68:
 661 09e0 57726974 		.ascii	"Write failed on temporary file --- out of disk spac"
 661      65206661 
 661      696C6564 
 661      206F6E20 
 661      74656D70 
 662 0a13 653F00   		.ascii	"e?\000"
 663 0a16 0000     		.align	2
 664              	.LC69:
 665 0a18 4170706C 		.ascii	"Application transferred too few scanlines\000"
 665      69636174 
 665      696F6E20 
 665      7472616E 
 665      73666572 
 666 0a42 0000     		.align	2
 667              	.LC70:
 668 0a44 556E7375 		.ascii	"Unsupported marker type 0x%02x\000"
 668      70706F72 
 668      74656420 
 668      6D61726B 
 668      65722074 
 669 0a63 00       		.align	2
 670              	.LC71:
 671 0a64 56697274 		.ascii	"Virtual array controller messed up\000"
 671      75616C20 
 671      61727261 
 671      7920636F 
 671      6E74726F 
 672 0a87 00       		.align	2
 673              	.LC72:
 674 0a88 496D6167 		.ascii	"Image too wide for this implementation\000"
 674      6520746F 
 674      6F207769 
 674      64652066 
 674      6F722074 
 675 0aaf 00       		.align	2
 676              	.LC73:
 677 0ab0 52656164 		.ascii	"Read from XMS failed\000"
 677      2066726F 
 677      6D20584D 
 677      53206661 
 677      696C6564 
 678 0ac5 000000   		.align	2
 679              	.LC74:
 680 0ac8 57726974 		.ascii	"Write to XMS failed\000"
 680      6520746F 
 680      20584D53 
 680      20666169 
 680      6C656400 
 681              		.align	2
 682              	.LC75:
 683 0adc 436F7079 		.ascii	"Copyright (C) 2012, Thomas G. Lane, Guido Vollbedin"
 683      72696768 
 683      74202843 
 683      29203230 
 683      31322C20 
ARM GAS  /tmp/cc7pTYcq.s 			page 24


 684 0b0f 6700     		.ascii	"g\000"
 685 0b11 000000   		.align	2
 686              	.LC76:
 687 0b14 38642020 		.ascii	"8d  15-Jan-2012\000"
 687      31352D4A 
 687      616E2D32 
 687      30313200 
 688              		.align	2
 689              	.LC77:
 690 0b24 43617574 		.ascii	"Caution: quantization tables are too coarse for bas"
 690      696F6E3A 
 690      20717561 
 690      6E74697A 
 690      6174696F 
 691 0b57 656C696E 		.ascii	"eline JPEG\000"
 691      65204A50 
 691      454700
 692 0b62 0000     		.align	2
 693              	.LC78:
 694 0b64 41646F62 		.ascii	"Adobe APP14 marker: version %d, flags 0x%04x 0x%04x"
 694      65204150 
 694      50313420 
 694      6D61726B 
 694      65723A20 
 695 0b97 2C207472 		.ascii	", transform %d\000"
 695      616E7366 
 695      6F726D20 
 695      256400
 696 0ba6 0000     		.align	2
 697              	.LC79:
 698 0ba8 556E6B6E 		.ascii	"Unknown APP0 marker (not JFIF), length %u\000"
 698      6F776E20 
 698      41505030 
 698      206D6172 
 698      6B657220 
 699 0bd2 0000     		.align	2
 700              	.LC80:
 701 0bd4 556E6B6E 		.ascii	"Unknown APP14 marker (not Adobe), length %u\000"
 701      6F776E20 
 701      41505031 
 701      34206D61 
 701      726B6572 
 702              		.align	2
 703              	.LC81:
 704 0c00 44656669 		.ascii	"Define Arithmetic Table 0x%02x: 0x%02x\000"
 704      6E652041 
 704      72697468 
 704      6D657469 
 704      63205461 
 705 0c27 00       		.align	2
 706              	.LC82:
 707 0c28 44656669 		.ascii	"Define Huffman Table 0x%02x\000"
 707      6E652048 
 707      7566666D 
 707      616E2054 
 707      61626C65 
 708              		.align	2
ARM GAS  /tmp/cc7pTYcq.s 			page 25


 709              	.LC83:
 710 0c44 44656669 		.ascii	"Define Quantization Table %d  precision %d\000"
 710      6E652051 
 710      75616E74 
 710      697A6174 
 710      696F6E20 
 711 0c6f 00       		.align	2
 712              	.LC84:
 713 0c70 44656669 		.ascii	"Define Restart Interval %u\000"
 713      6E652052 
 713      65737461 
 713      72742049 
 713      6E746572 
 714 0c8b 00       		.align	2
 715              	.LC85:
 716 0c8c 46726565 		.ascii	"Freed EMS handle %u\000"
 716      6420454D 
 716      53206861 
 716      6E646C65 
 716      20257500 
 717              		.align	2
 718              	.LC86:
 719 0ca0 4F627461 		.ascii	"Obtained EMS handle %u\000"
 719      696E6564 
 719      20454D53 
 719      2068616E 
 719      646C6520 
 720 0cb7 00       		.align	2
 721              	.LC87:
 722 0cb8 456E6420 		.ascii	"End Of Image\000"
 722      4F662049 
 722      6D616765 
 722      00
 723 0cc5 000000   		.align	2
 724              	.LC88:
 725 0cc8 20202020 		.ascii	"        %3d %3d %3d %3d %3d %3d %3d %3d\000"
 725      20202020 
 725      25336420 
 725      25336420 
 725      25336420 
 726              		.align	2
 727              	.LC89:
 728 0cf0 4A464946 		.ascii	"JFIF APP0 marker: version %d.%02d, density %dx%d  %"
 728      20415050 
 728      30206D61 
 728      726B6572 
 728      3A207665 
 729 0d23 6400     		.ascii	"d\000"
 730 0d25 000000   		.align	2
 731              	.LC90:
 732 0d28 5761726E 		.ascii	"Warning: thumbnail image size does not match data l"
 732      696E673A 
 732      20746875 
 732      6D626E61 
 732      696C2069 
 733 0d5b 656E6774 		.ascii	"ength %u\000"
 733      68202575 
ARM GAS  /tmp/cc7pTYcq.s 			page 26


 733      00
 734              		.align	2
 735              	.LC91:
 736 0d64 4A464946 		.ascii	"JFIF extension marker: type 0x%02x, length %u\000"
 736      20657874 
 736      656E7369 
 736      6F6E206D 
 736      61726B65 
 737 0d92 0000     		.align	2
 738              	.LC92:
 739 0d94 20202020 		.ascii	"    with %d x %d thumbnail image\000"
 739      77697468 
 739      20256420 
 739      78202564 
 739      20746875 
 740 0db5 000000   		.align	2
 741              	.LC93:
 742 0db8 4D697363 		.ascii	"Miscellaneous marker 0x%02x, length %u\000"
 742      656C6C61 
 742      6E656F75 
 742      73206D61 
 742      726B6572 
 743 0ddf 00       		.align	2
 744              	.LC94:
 745 0de0 556E6578 		.ascii	"Unexpected marker 0x%02x\000"
 745      70656374 
 745      6564206D 
 745      61726B65 
 745      72203078 
 746 0df9 000000   		.align	2
 747              	.LC95:
 748 0dfc 20202020 		.ascii	"        %4u %4u %4u %4u %4u %4u %4u %4u\000"
 748      20202020 
 748      25347520 
 748      25347520 
 748      25347520 
 749              		.align	2
 750              	.LC96:
 751 0e24 5175616E 		.ascii	"Quantizing to %d = %d*%d*%d colors\000"
 751      74697A69 
 751      6E672074 
 751      6F202564 
 751      203D2025 
 752 0e47 00       		.align	2
 753              	.LC97:
 754 0e48 5175616E 		.ascii	"Quantizing to %d colors\000"
 754      74697A69 
 754      6E672074 
 754      6F202564 
 754      20636F6C 
 755              		.align	2
 756              	.LC98:
 757 0e60 53656C65 		.ascii	"Selected %d colors for quantization\000"
 757      63746564 
 757      20256420 
 757      636F6C6F 
 757      72732066 
ARM GAS  /tmp/cc7pTYcq.s 			page 27


 758              		.align	2
 759              	.LC99:
 760 0e84 4174206D 		.ascii	"At marker 0x%02x, recovery action %d\000"
 760      61726B65 
 760      72203078 
 760      25303278 
 760      2C207265 
 761 0ea9 000000   		.align	2
 762              	.LC100:
 763 0eac 52535425 		.ascii	"RST%d\000"
 763      6400
 764 0eb2 0000     		.align	2
 765              	.LC101:
 766 0eb4 536D6F6F 		.ascii	"Smoothing not supported with nonstandard sampling r"
 766      7468696E 
 766      67206E6F 
 766      74207375 
 766      70706F72 
 767 0ee7 6174696F 		.ascii	"atios\000"
 767      7300
 768 0eed 000000   		.align	2
 769              	.LC102:
 770 0ef0 53746172 		.ascii	"Start Of Frame 0x%02x: width=%u, height=%u, compone"
 770      74204F66 
 770      20467261 
 770      6D652030 
 770      78253032 
 771 0f23 6E74733D 		.ascii	"nts=%d\000"
 771      256400
 772 0f2a 0000     		.align	2
 773              	.LC103:
 774 0f2c 20202020 		.ascii	"    Component %d: %dhx%dv q=%d\000"
 774      436F6D70 
 774      6F6E656E 
 774      74202564 
 774      3A202564 
 775 0f4b 00       		.align	2
 776              	.LC104:
 777 0f4c 53746172 		.ascii	"Start of Image\000"
 777      74206F66 
 777      20496D61 
 777      676500
 778 0f5b 00       		.align	2
 779              	.LC105:
 780 0f5c 53746172 		.ascii	"Start Of Scan: %d components\000"
 780      74204F66 
 780      20536361 
 780      6E3A2025 
 780      6420636F 
 781 0f79 000000   		.align	2
 782              	.LC106:
 783 0f7c 20202020 		.ascii	"    Component %d: dc=%d ac=%d\000"
 783      436F6D70 
 783      6F6E656E 
 783      74202564 
 783      3A206463 
 784 0f9a 0000     		.align	2
ARM GAS  /tmp/cc7pTYcq.s 			page 28


 785              	.LC107:
 786 0f9c 20205373 		.ascii	"  Ss=%d, Se=%d, Ah=%d, Al=%d\000"
 786      3D25642C 
 786      2053653D 
 786      25642C20 
 786      41683D25 
 787 0fb9 000000   		.align	2
 788              	.LC108:
 789 0fbc 436C6F73 		.ascii	"Closed temporary file %s\000"
 789      65642074 
 789      656D706F 
 789      72617279 
 789      2066696C 
 790 0fd5 000000   		.align	2
 791              	.LC109:
 792 0fd8 4F70656E 		.ascii	"Opened temporary file %s\000"
 792      65642074 
 792      656D706F 
 792      72617279 
 792      2066696C 
 793 0ff1 000000   		.align	2
 794              	.LC110:
 795 0ff4 4A464946 		.ascii	"JFIF extension marker: JPEG-compressed thumbnail im"
 795      20657874 
 795      656E7369 
 795      6F6E206D 
 795      61726B65 
 796 1027 6167652C 		.ascii	"age, length %u\000"
 796      206C656E 
 796      67746820 
 796      257500
 797 1036 0000     		.align	2
 798              	.LC111:
 799 1038 4A464946 		.ascii	"JFIF extension marker: palette thumbnail image, len"
 799      20657874 
 799      656E7369 
 799      6F6E206D 
 799      61726B65 
 800 106b 67746820 		.ascii	"gth %u\000"
 800      257500
 801 1072 0000     		.align	2
 802              	.LC112:
 803 1074 4A464946 		.ascii	"JFIF extension marker: RGB thumbnail image, length "
 803      20657874 
 803      656E7369 
 803      6F6E206D 
 803      61726B65 
 804 10a7 257500   		.ascii	"%u\000"
 805 10aa 0000     		.align	2
 806              	.LC113:
 807 10ac 556E7265 		.ascii	"Unrecognized component IDs %d %d %d, assuming YCbCr"
 807      636F676E 
 807      697A6564 
 807      20636F6D 
 807      706F6E65 
 808 10df 00       		.ascii	"\000"
 809              		.align	2
ARM GAS  /tmp/cc7pTYcq.s 			page 29


 810              	.LC114:
 811 10e0 46726565 		.ascii	"Freed XMS handle %u\000"
 811      6420584D 
 811      53206861 
 811      6E646C65 
 811      20257500 
 812              		.align	2
 813              	.LC115:
 814 10f4 4F627461 		.ascii	"Obtained XMS handle %u\000"
 814      696E6564 
 814      20584D53 
 814      2068616E 
 814      646C6520 
 815 110b 00       		.align	2
 816              	.LC116:
 817 110c 556E6B6E 		.ascii	"Unknown Adobe color transform code %d\000"
 817      6F776E20 
 817      41646F62 
 817      6520636F 
 817      6C6F7220 
 818 1132 0000     		.align	2
 819              	.LC117:
 820 1134 436F7272 		.ascii	"Corrupt JPEG data: bad arithmetic code\000"
 820      75707420 
 820      4A504547 
 820      20646174 
 820      613A2062 
 821 115b 00       		.align	2
 822              	.LC118:
 823 115c 496E636F 		.ascii	"Inconsistent progression sequence for component %d "
 823      6E736973 
 823      74656E74 
 823      2070726F 
 823      67726573 
 824 118f 636F6566 		.ascii	"coefficient %d\000"
 824      66696369 
 824      656E7420 
 824      256400
 825 119e 0000     		.align	2
 826              	.LC119:
 827 11a0 436F7272 		.ascii	"Corrupt JPEG data: %u extraneous bytes before marke"
 827      75707420 
 827      4A504547 
 827      20646174 
 827      613A2025 
 828 11d3 72203078 		.ascii	"r 0x%02x\000"
 828      25303278 
 828      00
 829              		.align	2
 830              	.LC120:
 831 11dc 436F7272 		.ascii	"Corrupt JPEG data: premature end of data segment\000"
 831      75707420 
 831      4A504547 
 831      20646174 
 831      613A2070 
 832 120d 000000   		.align	2
 833              	.LC121:
ARM GAS  /tmp/cc7pTYcq.s 			page 30


 834 1210 436F7272 		.ascii	"Corrupt JPEG data: bad Huffman code\000"
 834      75707420 
 834      4A504547 
 834      20646174 
 834      613A2062 
 835              		.align	2
 836              	.LC122:
 837 1234 5761726E 		.ascii	"Warning: unknown JFIF revision number %d.%02d\000"
 837      696E673A 
 837      20756E6B 
 837      6E6F776E 
 837      204A4649 
 838 1262 0000     		.align	2
 839              	.LC123:
 840 1264 5072656D 		.ascii	"Premature end of JPEG file\000"
 840      61747572 
 840      6520656E 
 840      64206F66 
 840      204A5045 
 841 127f 00       		.align	2
 842              	.LC124:
 843 1280 436F7272 		.ascii	"Corrupt JPEG data: found marker 0x%02x instead of R"
 843      75707420 
 843      4A504547 
 843      20646174 
 843      613A2066 
 844 12b3 53542564 		.ascii	"ST%d\000"
 844      00
 845              		.align	2
 846              	.LC125:
 847 12b8 496E7661 		.ascii	"Invalid SOS parameters for sequential JPEG\000"
 847      6C696420 
 847      534F5320 
 847      70617261 
 847      6D657465 
 848 12e3 00       		.align	2
 849              	.LC126:
 850 12e4 4170706C 		.ascii	"Application transferred too many scanlines\000"
 850      69636174 
 850      696F6E20 
 850      7472616E 
 850      73666572 
 851              		.section	.rodata.jpeg_std_message_table,"a"
 852              		.align	2
 853              		.set	.LANCHOR0,. + 0
 856              	jpeg_std_message_table:
 857 0000 00000000 		.word	.LC0
 858 0004 18000000 		.word	.LC1
 859 0008 38000000 		.word	.LC2
 860 000c 60000000 		.word	.LC3
 861 0010 7C000000 		.word	.LC4
 862 0014 9C000000 		.word	.LC5
 863 0018 B4000000 		.word	.LC6
 864 001c D4000000 		.word	.LC7
 865 0020 00010000 		.word	.LC8
 866 0024 40010000 		.word	.LC9
 867 0028 60010000 		.word	.LC10
ARM GAS  /tmp/cc7pTYcq.s 			page 31


 868 002c 78010000 		.word	.LC11
 869 0030 90010000 		.word	.LC12
 870 0034 A4010000 		.word	.LC13
 871 0038 E4010000 		.word	.LC14
 872 003c 14020000 		.word	.LC15
 873 0040 30020000 		.word	.LC16
 874 0044 54020000 		.word	.LC17
 875 0048 8C020000 		.word	.LC18
 876 004c C4020000 		.word	.LC19
 877 0050 DC020000 		.word	.LC20
 878 0054 FC020000 		.word	.LC21
 879 0058 28030000 		.word	.LC22
 880 005c 78030000 		.word	.LC23
 881 0060 94030000 		.word	.LC24
 882 0064 C0030000 		.word	.LC25
 883 0068 DC030000 		.word	.LC26
 884 006c 04040000 		.word	.LC27
 885 0070 2C040000 		.word	.LC28
 886 0074 54040000 		.word	.LC29
 887 0078 68040000 		.word	.LC30
 888 007c 80040000 		.word	.LC31
 889 0080 94040000 		.word	.LC32
 890 0084 A8040000 		.word	.LC33
 891 0088 D0040000 		.word	.LC34
 892 008c E8040000 		.word	.LC35
 893 0090 FC040000 		.word	.LC36
 894 0094 20050000 		.word	.LC37
 895 0098 38050000 		.word	.LC38
 896 009c 68050000 		.word	.LC39
 897 00a0 90050000 		.word	.LC40
 898 00a4 B4050000 		.word	.LC41
 899 00a8 D8050000 		.word	.LC42
 900 00ac 08060000 		.word	.LC43
 901 00b0 1C060000 		.word	.LC44
 902 00b4 38060000 		.word	.LC45
 903 00b8 78060000 		.word	.LC46
 904 00bc A0060000 		.word	.LC47
 905 00c0 C8060000 		.word	.LC48
 906 00c4 DC060000 		.word	.LC49
 907 00c8 0C070000 		.word	.LC50
 908 00cc 34070000 		.word	.LC51
 909 00d0 50070000 		.word	.LC52
 910 00d4 78070000 		.word	.LC53
 911 00d8 9C070000 		.word	.LC54
 912 00dc C8070000 		.word	.LC55
 913 00e0 F4070000 		.word	.LC56
 914 00e4 14080000 		.word	.LC57
 915 00e8 44080000 		.word	.LC58
 916 00ec 6C080000 		.word	.LC59
 917 00f0 94080000 		.word	.LC60
 918 00f4 C4080000 		.word	.LC61
 919 00f8 F4080000 		.word	.LC62
 920 00fc 20090000 		.word	.LC63
 921 0100 50090000 		.word	.LC64
 922 0104 7C090000 		.word	.LC65
 923 0108 A0090000 		.word	.LC66
 924 010c C0090000 		.word	.LC67
ARM GAS  /tmp/cc7pTYcq.s 			page 32


 925 0110 E0090000 		.word	.LC68
 926 0114 180A0000 		.word	.LC69
 927 0118 440A0000 		.word	.LC70
 928 011c 640A0000 		.word	.LC71
 929 0120 880A0000 		.word	.LC72
 930 0124 B00A0000 		.word	.LC73
 931 0128 C80A0000 		.word	.LC74
 932 012c DC0A0000 		.word	.LC75
 933 0130 140B0000 		.word	.LC76
 934 0134 240B0000 		.word	.LC77
 935 0138 640B0000 		.word	.LC78
 936 013c A80B0000 		.word	.LC79
 937 0140 D40B0000 		.word	.LC80
 938 0144 000C0000 		.word	.LC81
 939 0148 280C0000 		.word	.LC82
 940 014c 440C0000 		.word	.LC83
 941 0150 700C0000 		.word	.LC84
 942 0154 8C0C0000 		.word	.LC85
 943 0158 A00C0000 		.word	.LC86
 944 015c B80C0000 		.word	.LC87
 945 0160 C80C0000 		.word	.LC88
 946 0164 F00C0000 		.word	.LC89
 947 0168 280D0000 		.word	.LC90
 948 016c 640D0000 		.word	.LC91
 949 0170 940D0000 		.word	.LC92
 950 0174 B80D0000 		.word	.LC93
 951 0178 E00D0000 		.word	.LC94
 952 017c FC0D0000 		.word	.LC95
 953 0180 240E0000 		.word	.LC96
 954 0184 480E0000 		.word	.LC97
 955 0188 600E0000 		.word	.LC98
 956 018c 840E0000 		.word	.LC99
 957 0190 AC0E0000 		.word	.LC100
 958 0194 B40E0000 		.word	.LC101
 959 0198 F00E0000 		.word	.LC102
 960 019c 2C0F0000 		.word	.LC103
 961 01a0 4C0F0000 		.word	.LC104
 962 01a4 5C0F0000 		.word	.LC105
 963 01a8 7C0F0000 		.word	.LC106
 964 01ac 9C0F0000 		.word	.LC107
 965 01b0 BC0F0000 		.word	.LC108
 966 01b4 D80F0000 		.word	.LC109
 967 01b8 F40F0000 		.word	.LC110
 968 01bc 38100000 		.word	.LC111
 969 01c0 74100000 		.word	.LC112
 970 01c4 AC100000 		.word	.LC113
 971 01c8 E0100000 		.word	.LC114
 972 01cc F4100000 		.word	.LC115
 973 01d0 0C110000 		.word	.LC116
 974 01d4 34110000 		.word	.LC117
 975 01d8 5C110000 		.word	.LC118
 976 01dc A0110000 		.word	.LC119
 977 01e0 DC110000 		.word	.LC120
 978 01e4 10120000 		.word	.LC121
 979 01e8 34120000 		.word	.LC122
 980 01ec 64120000 		.word	.LC123
 981 01f0 80120000 		.word	.LC124
ARM GAS  /tmp/cc7pTYcq.s 			page 33


 982 01f4 B8120000 		.word	.LC125
 983 01f8 E4120000 		.word	.LC126
 984 01fc 00000000 		.word	0
 985              		.text
 986              	.Letext0:
 987              		.file 2 "/usr/lib/gcc/arm-none-eabi/10.3.1/include/stddef.h"
 988              		.file 3 "LIBJPEG/Target/jmorecfg.h"
 989              		.file 4 "Middlewares/Third_Party/LibJPEG/include/jpeglib.h"
 990              		.file 5 "/usr/include/newlib/stdio.h"
 991              		.file 6 "Middlewares/Third_Party/LibJPEG/include/jerror.h"
ARM GAS  /tmp/cc7pTYcq.s 			page 34


DEFINED SYMBOLS
                            *ABS*:0000000000000000 jerror.c
     /tmp/cc7pTYcq.s:18     .text.output_message:0000000000000000 $t
     /tmp/cc7pTYcq.s:25     .text.output_message:0000000000000000 output_message
     /tmp/cc7pTYcq.s:60     .text.emit_message:0000000000000000 $t
     /tmp/cc7pTYcq.s:66     .text.emit_message:0000000000000000 emit_message
     /tmp/cc7pTYcq.s:134    .text.reset_error_mgr:0000000000000000 $t
     /tmp/cc7pTYcq.s:140    .text.reset_error_mgr:0000000000000000 reset_error_mgr
     /tmp/cc7pTYcq.s:165    .text.format_message:0000000000000000 $t
     /tmp/cc7pTYcq.s:171    .text.format_message:0000000000000000 format_message
     /tmp/cc7pTYcq.s:332    .text.error_exit:0000000000000000 $t
     /tmp/cc7pTYcq.s:338    .text.error_exit:0000000000000000 error_exit
     /tmp/cc7pTYcq.s:370    .text.jpeg_std_error:0000000000000000 $t
     /tmp/cc7pTYcq.s:377    .text.jpeg_std_error:0000000000000000 jpeg_std_error
     /tmp/cc7pTYcq.s:438    .text.jpeg_std_error:0000000000000030 $d
     /tmp/cc7pTYcq.s:856    .rodata.jpeg_std_message_table:0000000000000000 jpeg_std_message_table
     /tmp/cc7pTYcq.s:449    .rodata.str1.4:0000000000000000 $d
     /tmp/cc7pTYcq.s:852    .rodata.jpeg_std_message_table:0000000000000000 $d

UNDEFINED SYMBOLS
sprintf
jpeg_destroy
