ARM GAS  /tmp/cccmSCXg.s 			page 1


   1              		.cpu cortex-m4
   2              		.eabi_attribute 27, 1
   3              		.eabi_attribute 28, 1
   4              		.eabi_attribute 20, 1
   5              		.eabi_attribute 21, 1
   6              		.eabi_attribute 23, 3
   7              		.eabi_attribute 24, 1
   8              		.eabi_attribute 25, 1
   9              		.eabi_attribute 26, 1
  10              		.eabi_attribute 30, 1
  11              		.eabi_attribute 34, 1
  12              		.eabi_attribute 18, 4
  13              		.file	"jidctfst.c"
  14              		.text
  15              	.Ltext0:
  16              		.cfi_sections	.debug_frame
  17              		.section	.text.jpeg_idct_ifast,"ax",%progbits
  18              		.align	1
  19              		.global	jpeg_idct_ifast
  20              		.arch armv7e-m
  21              		.syntax unified
  22              		.thumb
  23              		.thumb_func
  24              		.fpu fpv4-sp-d16
  26              	jpeg_idct_ifast:
  27              	.LVL0:
  28              	.LFB7:
  29              		.file 1 "Middlewares/Third_Party/LibJPEG/source/jidctfst.c"
   1:Middlewares/Third_Party/LibJPEG/source/jidctfst.c **** /*
   2:Middlewares/Third_Party/LibJPEG/source/jidctfst.c ****  * jidctfst.c
   3:Middlewares/Third_Party/LibJPEG/source/jidctfst.c ****  *
   4:Middlewares/Third_Party/LibJPEG/source/jidctfst.c ****  * Copyright (C) 1994-1998, Thomas G. Lane.
   5:Middlewares/Third_Party/LibJPEG/source/jidctfst.c ****  * This file is part of the Independent JPEG Group's software.
   6:Middlewares/Third_Party/LibJPEG/source/jidctfst.c ****  * For conditions of distribution and use, see the accompanying README file.
   7:Middlewares/Third_Party/LibJPEG/source/jidctfst.c ****  *
   8:Middlewares/Third_Party/LibJPEG/source/jidctfst.c ****  * This file contains a fast, not so accurate integer implementation of the
   9:Middlewares/Third_Party/LibJPEG/source/jidctfst.c ****  * inverse DCT (Discrete Cosine Transform).  In the IJG code, this routine
  10:Middlewares/Third_Party/LibJPEG/source/jidctfst.c ****  * must also perform dequantization of the input coefficients.
  11:Middlewares/Third_Party/LibJPEG/source/jidctfst.c ****  *
  12:Middlewares/Third_Party/LibJPEG/source/jidctfst.c ****  * A 2-D IDCT can be done by 1-D IDCT on each column followed by 1-D IDCT
  13:Middlewares/Third_Party/LibJPEG/source/jidctfst.c ****  * on each row (or vice versa, but it's more convenient to emit a row at
  14:Middlewares/Third_Party/LibJPEG/source/jidctfst.c ****  * a time).  Direct algorithms are also available, but they are much more
  15:Middlewares/Third_Party/LibJPEG/source/jidctfst.c ****  * complex and seem not to be any faster when reduced to code.
  16:Middlewares/Third_Party/LibJPEG/source/jidctfst.c ****  *
  17:Middlewares/Third_Party/LibJPEG/source/jidctfst.c ****  * This implementation is based on Arai, Agui, and Nakajima's algorithm for
  18:Middlewares/Third_Party/LibJPEG/source/jidctfst.c ****  * scaled DCT.  Their original paper (Trans. IEICE E-71(11):1095) is in
  19:Middlewares/Third_Party/LibJPEG/source/jidctfst.c ****  * Japanese, but the algorithm is described in the Pennebaker & Mitchell
  20:Middlewares/Third_Party/LibJPEG/source/jidctfst.c ****  * JPEG textbook (see REFERENCES section in file README).  The following code
  21:Middlewares/Third_Party/LibJPEG/source/jidctfst.c ****  * is based directly on figure 4-8 in P&M.
  22:Middlewares/Third_Party/LibJPEG/source/jidctfst.c ****  * While an 8-point DCT cannot be done in less than 11 multiplies, it is
  23:Middlewares/Third_Party/LibJPEG/source/jidctfst.c ****  * possible to arrange the computation so that many of the multiplies are
  24:Middlewares/Third_Party/LibJPEG/source/jidctfst.c ****  * simple scalings of the final outputs.  These multiplies can then be
  25:Middlewares/Third_Party/LibJPEG/source/jidctfst.c ****  * folded into the multiplications or divisions by the JPEG quantization
  26:Middlewares/Third_Party/LibJPEG/source/jidctfst.c ****  * table entries.  The AA&N method leaves only 5 multiplies and 29 adds
  27:Middlewares/Third_Party/LibJPEG/source/jidctfst.c ****  * to be done in the DCT itself.
  28:Middlewares/Third_Party/LibJPEG/source/jidctfst.c ****  * The primary disadvantage of this method is that with fixed-point math,
  29:Middlewares/Third_Party/LibJPEG/source/jidctfst.c ****  * accuracy is lost due to imprecise representation of the scaled
ARM GAS  /tmp/cccmSCXg.s 			page 2


  30:Middlewares/Third_Party/LibJPEG/source/jidctfst.c ****  * quantization values.  The smaller the quantization table entry, the less
  31:Middlewares/Third_Party/LibJPEG/source/jidctfst.c ****  * precise the scaled value, so this implementation does worse with high-
  32:Middlewares/Third_Party/LibJPEG/source/jidctfst.c ****  * quality-setting files than with low-quality ones.
  33:Middlewares/Third_Party/LibJPEG/source/jidctfst.c ****  */
  34:Middlewares/Third_Party/LibJPEG/source/jidctfst.c **** 
  35:Middlewares/Third_Party/LibJPEG/source/jidctfst.c **** #define JPEG_INTERNALS
  36:Middlewares/Third_Party/LibJPEG/source/jidctfst.c **** #include "jinclude.h"
  37:Middlewares/Third_Party/LibJPEG/source/jidctfst.c **** #include "jpeglib.h"
  38:Middlewares/Third_Party/LibJPEG/source/jidctfst.c **** #include "jdct.h"		/* Private declarations for DCT subsystem */
  39:Middlewares/Third_Party/LibJPEG/source/jidctfst.c **** 
  40:Middlewares/Third_Party/LibJPEG/source/jidctfst.c **** #ifdef DCT_IFAST_SUPPORTED
  41:Middlewares/Third_Party/LibJPEG/source/jidctfst.c **** 
  42:Middlewares/Third_Party/LibJPEG/source/jidctfst.c **** 
  43:Middlewares/Third_Party/LibJPEG/source/jidctfst.c **** /*
  44:Middlewares/Third_Party/LibJPEG/source/jidctfst.c ****  * This module is specialized to the case DCTSIZE = 8.
  45:Middlewares/Third_Party/LibJPEG/source/jidctfst.c ****  */
  46:Middlewares/Third_Party/LibJPEG/source/jidctfst.c **** 
  47:Middlewares/Third_Party/LibJPEG/source/jidctfst.c **** #if DCTSIZE != 8
  48:Middlewares/Third_Party/LibJPEG/source/jidctfst.c ****   Sorry, this code only copes with 8x8 DCTs. /* deliberate syntax err */
  49:Middlewares/Third_Party/LibJPEG/source/jidctfst.c **** #endif
  50:Middlewares/Third_Party/LibJPEG/source/jidctfst.c **** 
  51:Middlewares/Third_Party/LibJPEG/source/jidctfst.c **** 
  52:Middlewares/Third_Party/LibJPEG/source/jidctfst.c **** /* Scaling decisions are generally the same as in the LL&M algorithm;
  53:Middlewares/Third_Party/LibJPEG/source/jidctfst.c ****  * see jidctint.c for more details.  However, we choose to descale
  54:Middlewares/Third_Party/LibJPEG/source/jidctfst.c ****  * (right shift) multiplication products as soon as they are formed,
  55:Middlewares/Third_Party/LibJPEG/source/jidctfst.c ****  * rather than carrying additional fractional bits into subsequent additions.
  56:Middlewares/Third_Party/LibJPEG/source/jidctfst.c ****  * This compromises accuracy slightly, but it lets us save a few shifts.
  57:Middlewares/Third_Party/LibJPEG/source/jidctfst.c ****  * More importantly, 16-bit arithmetic is then adequate (for 8-bit samples)
  58:Middlewares/Third_Party/LibJPEG/source/jidctfst.c ****  * everywhere except in the multiplications proper; this saves a good deal
  59:Middlewares/Third_Party/LibJPEG/source/jidctfst.c ****  * of work on 16-bit-int machines.
  60:Middlewares/Third_Party/LibJPEG/source/jidctfst.c ****  *
  61:Middlewares/Third_Party/LibJPEG/source/jidctfst.c ****  * The dequantized coefficients are not integers because the AA&N scaling
  62:Middlewares/Third_Party/LibJPEG/source/jidctfst.c ****  * factors have been incorporated.  We represent them scaled up by PASS1_BITS,
  63:Middlewares/Third_Party/LibJPEG/source/jidctfst.c ****  * so that the first and second IDCT rounds have the same input scaling.
  64:Middlewares/Third_Party/LibJPEG/source/jidctfst.c ****  * For 8-bit JSAMPLEs, we choose IFAST_SCALE_BITS = PASS1_BITS so as to
  65:Middlewares/Third_Party/LibJPEG/source/jidctfst.c ****  * avoid a descaling shift; this compromises accuracy rather drastically
  66:Middlewares/Third_Party/LibJPEG/source/jidctfst.c ****  * for small quantization table entries, but it saves a lot of shifts.
  67:Middlewares/Third_Party/LibJPEG/source/jidctfst.c ****  * For 12-bit JSAMPLEs, there's no hope of using 16x16 multiplies anyway,
  68:Middlewares/Third_Party/LibJPEG/source/jidctfst.c ****  * so we use a much larger scaling factor to preserve accuracy.
  69:Middlewares/Third_Party/LibJPEG/source/jidctfst.c ****  *
  70:Middlewares/Third_Party/LibJPEG/source/jidctfst.c ****  * A final compromise is to represent the multiplicative constants to only
  71:Middlewares/Third_Party/LibJPEG/source/jidctfst.c ****  * 8 fractional bits, rather than 13.  This saves some shifting work on some
  72:Middlewares/Third_Party/LibJPEG/source/jidctfst.c ****  * machines, and may also reduce the cost of multiplication (since there
  73:Middlewares/Third_Party/LibJPEG/source/jidctfst.c ****  * are fewer one-bits in the constants).
  74:Middlewares/Third_Party/LibJPEG/source/jidctfst.c ****  */
  75:Middlewares/Third_Party/LibJPEG/source/jidctfst.c **** 
  76:Middlewares/Third_Party/LibJPEG/source/jidctfst.c **** #if BITS_IN_JSAMPLE == 8
  77:Middlewares/Third_Party/LibJPEG/source/jidctfst.c **** #define CONST_BITS  8
  78:Middlewares/Third_Party/LibJPEG/source/jidctfst.c **** #define PASS1_BITS  2
  79:Middlewares/Third_Party/LibJPEG/source/jidctfst.c **** #else
  80:Middlewares/Third_Party/LibJPEG/source/jidctfst.c **** #define CONST_BITS  8
  81:Middlewares/Third_Party/LibJPEG/source/jidctfst.c **** #define PASS1_BITS  1		/* lose a little precision to avoid overflow */
  82:Middlewares/Third_Party/LibJPEG/source/jidctfst.c **** #endif
  83:Middlewares/Third_Party/LibJPEG/source/jidctfst.c **** 
  84:Middlewares/Third_Party/LibJPEG/source/jidctfst.c **** /* Some C compilers fail to reduce "FIX(constant)" at compile time, thus
  85:Middlewares/Third_Party/LibJPEG/source/jidctfst.c ****  * causing a lot of useless floating-point operations at run time.
  86:Middlewares/Third_Party/LibJPEG/source/jidctfst.c ****  * To get around this we use the following pre-calculated constants.
ARM GAS  /tmp/cccmSCXg.s 			page 3


  87:Middlewares/Third_Party/LibJPEG/source/jidctfst.c ****  * If you change CONST_BITS you may want to add appropriate values.
  88:Middlewares/Third_Party/LibJPEG/source/jidctfst.c ****  * (With a reasonable C compiler, you can just rely on the FIX() macro...)
  89:Middlewares/Third_Party/LibJPEG/source/jidctfst.c ****  */
  90:Middlewares/Third_Party/LibJPEG/source/jidctfst.c **** 
  91:Middlewares/Third_Party/LibJPEG/source/jidctfst.c **** #if CONST_BITS == 8
  92:Middlewares/Third_Party/LibJPEG/source/jidctfst.c **** #define FIX_1_082392200  ((INT32)  277)		/* FIX(1.082392200) */
  93:Middlewares/Third_Party/LibJPEG/source/jidctfst.c **** #define FIX_1_414213562  ((INT32)  362)		/* FIX(1.414213562) */
  94:Middlewares/Third_Party/LibJPEG/source/jidctfst.c **** #define FIX_1_847759065  ((INT32)  473)		/* FIX(1.847759065) */
  95:Middlewares/Third_Party/LibJPEG/source/jidctfst.c **** #define FIX_2_613125930  ((INT32)  669)		/* FIX(2.613125930) */
  96:Middlewares/Third_Party/LibJPEG/source/jidctfst.c **** #else
  97:Middlewares/Third_Party/LibJPEG/source/jidctfst.c **** #define FIX_1_082392200  FIX(1.082392200)
  98:Middlewares/Third_Party/LibJPEG/source/jidctfst.c **** #define FIX_1_414213562  FIX(1.414213562)
  99:Middlewares/Third_Party/LibJPEG/source/jidctfst.c **** #define FIX_1_847759065  FIX(1.847759065)
 100:Middlewares/Third_Party/LibJPEG/source/jidctfst.c **** #define FIX_2_613125930  FIX(2.613125930)
 101:Middlewares/Third_Party/LibJPEG/source/jidctfst.c **** #endif
 102:Middlewares/Third_Party/LibJPEG/source/jidctfst.c **** 
 103:Middlewares/Third_Party/LibJPEG/source/jidctfst.c **** 
 104:Middlewares/Third_Party/LibJPEG/source/jidctfst.c **** /* We can gain a little more speed, with a further compromise in accuracy,
 105:Middlewares/Third_Party/LibJPEG/source/jidctfst.c ****  * by omitting the addition in a descaling shift.  This yields an incorrectly
 106:Middlewares/Third_Party/LibJPEG/source/jidctfst.c ****  * rounded result half the time...
 107:Middlewares/Third_Party/LibJPEG/source/jidctfst.c ****  */
 108:Middlewares/Third_Party/LibJPEG/source/jidctfst.c **** 
 109:Middlewares/Third_Party/LibJPEG/source/jidctfst.c **** #ifndef USE_ACCURATE_ROUNDING
 110:Middlewares/Third_Party/LibJPEG/source/jidctfst.c **** #undef DESCALE
 111:Middlewares/Third_Party/LibJPEG/source/jidctfst.c **** #define DESCALE(x,n)  RIGHT_SHIFT(x, n)
 112:Middlewares/Third_Party/LibJPEG/source/jidctfst.c **** #endif
 113:Middlewares/Third_Party/LibJPEG/source/jidctfst.c **** 
 114:Middlewares/Third_Party/LibJPEG/source/jidctfst.c **** 
 115:Middlewares/Third_Party/LibJPEG/source/jidctfst.c **** /* Multiply a DCTELEM variable by an INT32 constant, and immediately
 116:Middlewares/Third_Party/LibJPEG/source/jidctfst.c ****  * descale to yield a DCTELEM result.
 117:Middlewares/Third_Party/LibJPEG/source/jidctfst.c ****  */
 118:Middlewares/Third_Party/LibJPEG/source/jidctfst.c **** 
 119:Middlewares/Third_Party/LibJPEG/source/jidctfst.c **** #define MULTIPLY(var,const)  ((DCTELEM) DESCALE((var) * (const), CONST_BITS))
 120:Middlewares/Third_Party/LibJPEG/source/jidctfst.c **** 
 121:Middlewares/Third_Party/LibJPEG/source/jidctfst.c **** 
 122:Middlewares/Third_Party/LibJPEG/source/jidctfst.c **** /* Dequantize a coefficient by multiplying it by the multiplier-table
 123:Middlewares/Third_Party/LibJPEG/source/jidctfst.c ****  * entry; produce a DCTELEM result.  For 8-bit data a 16x16->16
 124:Middlewares/Third_Party/LibJPEG/source/jidctfst.c ****  * multiplication will do.  For 12-bit data, the multiplier table is
 125:Middlewares/Third_Party/LibJPEG/source/jidctfst.c ****  * declared INT32, so a 32-bit multiply will be used.
 126:Middlewares/Third_Party/LibJPEG/source/jidctfst.c ****  */
 127:Middlewares/Third_Party/LibJPEG/source/jidctfst.c **** 
 128:Middlewares/Third_Party/LibJPEG/source/jidctfst.c **** #if BITS_IN_JSAMPLE == 8
 129:Middlewares/Third_Party/LibJPEG/source/jidctfst.c **** #define DEQUANTIZE(coef,quantval)  (((IFAST_MULT_TYPE) (coef)) * (quantval))
 130:Middlewares/Third_Party/LibJPEG/source/jidctfst.c **** #else
 131:Middlewares/Third_Party/LibJPEG/source/jidctfst.c **** #define DEQUANTIZE(coef,quantval)  \
 132:Middlewares/Third_Party/LibJPEG/source/jidctfst.c **** 	DESCALE((coef)*(quantval), IFAST_SCALE_BITS-PASS1_BITS)
 133:Middlewares/Third_Party/LibJPEG/source/jidctfst.c **** #endif
 134:Middlewares/Third_Party/LibJPEG/source/jidctfst.c **** 
 135:Middlewares/Third_Party/LibJPEG/source/jidctfst.c **** 
 136:Middlewares/Third_Party/LibJPEG/source/jidctfst.c **** /* Like DESCALE, but applies to a DCTELEM and produces an int.
 137:Middlewares/Third_Party/LibJPEG/source/jidctfst.c ****  * We assume that int right shift is unsigned if INT32 right shift is.
 138:Middlewares/Third_Party/LibJPEG/source/jidctfst.c ****  */
 139:Middlewares/Third_Party/LibJPEG/source/jidctfst.c **** 
 140:Middlewares/Third_Party/LibJPEG/source/jidctfst.c **** #ifdef RIGHT_SHIFT_IS_UNSIGNED
 141:Middlewares/Third_Party/LibJPEG/source/jidctfst.c **** #define ISHIFT_TEMPS	DCTELEM ishift_temp;
 142:Middlewares/Third_Party/LibJPEG/source/jidctfst.c **** #if BITS_IN_JSAMPLE == 8
 143:Middlewares/Third_Party/LibJPEG/source/jidctfst.c **** #define DCTELEMBITS  16		/* DCTELEM may be 16 or 32 bits */
ARM GAS  /tmp/cccmSCXg.s 			page 4


 144:Middlewares/Third_Party/LibJPEG/source/jidctfst.c **** #else
 145:Middlewares/Third_Party/LibJPEG/source/jidctfst.c **** #define DCTELEMBITS  32		/* DCTELEM must be 32 bits */
 146:Middlewares/Third_Party/LibJPEG/source/jidctfst.c **** #endif
 147:Middlewares/Third_Party/LibJPEG/source/jidctfst.c **** #define IRIGHT_SHIFT(x,shft)  \
 148:Middlewares/Third_Party/LibJPEG/source/jidctfst.c ****     ((ishift_temp = (x)) < 0 ? \
 149:Middlewares/Third_Party/LibJPEG/source/jidctfst.c ****      (ishift_temp >> (shft)) | ((~((DCTELEM) 0)) << (DCTELEMBITS-(shft))) : \
 150:Middlewares/Third_Party/LibJPEG/source/jidctfst.c ****      (ishift_temp >> (shft)))
 151:Middlewares/Third_Party/LibJPEG/source/jidctfst.c **** #else
 152:Middlewares/Third_Party/LibJPEG/source/jidctfst.c **** #define ISHIFT_TEMPS
 153:Middlewares/Third_Party/LibJPEG/source/jidctfst.c **** #define IRIGHT_SHIFT(x,shft)	((x) >> (shft))
 154:Middlewares/Third_Party/LibJPEG/source/jidctfst.c **** #endif
 155:Middlewares/Third_Party/LibJPEG/source/jidctfst.c **** 
 156:Middlewares/Third_Party/LibJPEG/source/jidctfst.c **** #ifdef USE_ACCURATE_ROUNDING
 157:Middlewares/Third_Party/LibJPEG/source/jidctfst.c **** #define IDESCALE(x,n)  ((int) IRIGHT_SHIFT((x) + (1 << ((n)-1)), n))
 158:Middlewares/Third_Party/LibJPEG/source/jidctfst.c **** #else
 159:Middlewares/Third_Party/LibJPEG/source/jidctfst.c **** #define IDESCALE(x,n)  ((int) IRIGHT_SHIFT(x, n))
 160:Middlewares/Third_Party/LibJPEG/source/jidctfst.c **** #endif
 161:Middlewares/Third_Party/LibJPEG/source/jidctfst.c **** 
 162:Middlewares/Third_Party/LibJPEG/source/jidctfst.c **** 
 163:Middlewares/Third_Party/LibJPEG/source/jidctfst.c **** /*
 164:Middlewares/Third_Party/LibJPEG/source/jidctfst.c ****  * Perform dequantization and inverse DCT on one block of coefficients.
 165:Middlewares/Third_Party/LibJPEG/source/jidctfst.c ****  */
 166:Middlewares/Third_Party/LibJPEG/source/jidctfst.c **** 
 167:Middlewares/Third_Party/LibJPEG/source/jidctfst.c **** GLOBAL(void)
 168:Middlewares/Third_Party/LibJPEG/source/jidctfst.c **** jpeg_idct_ifast (j_decompress_ptr cinfo, jpeg_component_info * compptr,
 169:Middlewares/Third_Party/LibJPEG/source/jidctfst.c **** 		 JCOEFPTR coef_block,
 170:Middlewares/Third_Party/LibJPEG/source/jidctfst.c **** 		 JSAMPARRAY output_buf, JDIMENSION output_col)
 171:Middlewares/Third_Party/LibJPEG/source/jidctfst.c **** {
  30              		.loc 1 171 1 view -0
  31              		.cfi_startproc
  32              		@ args = 4, pretend = 0, frame = 272
  33              		@ frame_needed = 0, uses_anonymous_args = 0
  34              		.loc 1 171 1 is_stmt 0 view .LVU1
  35 0000 2DE9F04F 		push	{r4, r5, r6, r7, r8, r9, r10, fp, lr}
  36              	.LCFI0:
  37              		.cfi_def_cfa_offset 36
  38              		.cfi_offset 4, -36
  39              		.cfi_offset 5, -32
  40              		.cfi_offset 6, -28
  41              		.cfi_offset 7, -24
  42              		.cfi_offset 8, -20
  43              		.cfi_offset 9, -16
  44              		.cfi_offset 10, -12
  45              		.cfi_offset 11, -8
  46              		.cfi_offset 14, -4
  47 0004 C5B0     		sub	sp, sp, #276
  48              	.LCFI1:
  49              		.cfi_def_cfa_offset 312
  50 0006 0393     		str	r3, [sp, #12]
 172:Middlewares/Third_Party/LibJPEG/source/jidctfst.c ****   DCTELEM tmp0, tmp1, tmp2, tmp3, tmp4, tmp5, tmp6, tmp7;
  51              		.loc 1 172 3 is_stmt 1 view .LVU2
 173:Middlewares/Third_Party/LibJPEG/source/jidctfst.c ****   DCTELEM tmp10, tmp11, tmp12, tmp13;
  52              		.loc 1 173 3 view .LVU3
 174:Middlewares/Third_Party/LibJPEG/source/jidctfst.c ****   DCTELEM z5, z10, z11, z12, z13;
  53              		.loc 1 174 3 view .LVU4
 175:Middlewares/Third_Party/LibJPEG/source/jidctfst.c ****   JCOEFPTR inptr;
  54              		.loc 1 175 3 view .LVU5
ARM GAS  /tmp/cccmSCXg.s 			page 5


 176:Middlewares/Third_Party/LibJPEG/source/jidctfst.c ****   IFAST_MULT_TYPE * quantptr;
  55              		.loc 1 176 3 view .LVU6
 177:Middlewares/Third_Party/LibJPEG/source/jidctfst.c ****   int * wsptr;
  56              		.loc 1 177 3 view .LVU7
 178:Middlewares/Third_Party/LibJPEG/source/jidctfst.c ****   JSAMPROW outptr;
  57              		.loc 1 178 3 view .LVU8
 179:Middlewares/Third_Party/LibJPEG/source/jidctfst.c ****   JSAMPLE *range_limit = IDCT_range_limit(cinfo);
  58              		.loc 1 179 3 view .LVU9
  59              		.loc 1 179 26 is_stmt 0 view .LVU10
  60 0008 D0F84C31 		ldr	r3, [r0, #332]
  61              	.LVL1:
  62              		.loc 1 179 12 view .LVU11
  63 000c 8033     		adds	r3, r3, #128
  64 000e 0193     		str	r3, [sp, #4]
  65              	.LVL2:
 180:Middlewares/Third_Party/LibJPEG/source/jidctfst.c ****   int ctr;
  66              		.loc 1 180 3 is_stmt 1 view .LVU12
 181:Middlewares/Third_Party/LibJPEG/source/jidctfst.c ****   int workspace[DCTSIZE2];	/* buffers data between passes */
  67              		.loc 1 181 3 view .LVU13
 182:Middlewares/Third_Party/LibJPEG/source/jidctfst.c ****   SHIFT_TEMPS			/* for DESCALE */
 183:Middlewares/Third_Party/LibJPEG/source/jidctfst.c ****   ISHIFT_TEMPS			/* for IDESCALE */
 184:Middlewares/Third_Party/LibJPEG/source/jidctfst.c **** 
 185:Middlewares/Third_Party/LibJPEG/source/jidctfst.c ****   /* Pass 1: process columns from input, store into work array. */
 186:Middlewares/Third_Party/LibJPEG/source/jidctfst.c **** 
 187:Middlewares/Third_Party/LibJPEG/source/jidctfst.c ****   inptr = coef_block;
  68              		.loc 1 187 3 view .LVU14
 188:Middlewares/Third_Party/LibJPEG/source/jidctfst.c ****   quantptr = (IFAST_MULT_TYPE *) compptr->dct_table;
  69              		.loc 1 188 3 view .LVU15
  70              		.loc 1 188 12 is_stmt 0 view .LVU16
  71 0010 4C6D     		ldr	r4, [r1, #84]
  72              	.LVL3:
 189:Middlewares/Third_Party/LibJPEG/source/jidctfst.c ****   wsptr = workspace;
  73              		.loc 1 189 3 is_stmt 1 view .LVU17
 190:Middlewares/Third_Party/LibJPEG/source/jidctfst.c ****   for (ctr = DCTSIZE; ctr > 0; ctr--) {
  74              		.loc 1 190 3 view .LVU18
  75              		.loc 1 190 12 is_stmt 0 view .LVU19
  76 0012 0823     		movs	r3, #8
  77              	.LVL4:
 189:Middlewares/Third_Party/LibJPEG/source/jidctfst.c ****   wsptr = workspace;
  78              		.loc 1 189 9 view .LVU20
  79 0014 04A8     		add	r0, sp, #16
  80              	.LVL5:
 189:Middlewares/Third_Party/LibJPEG/source/jidctfst.c ****   wsptr = workspace;
  81              		.loc 1 189 9 view .LVU21
  82 0016 9E46     		mov	lr, r3
  83              		.loc 1 190 3 view .LVU22
  84 0018 82E0     		b	.L2
  85              	.LVL6:
  86              	.L3:
 191:Middlewares/Third_Party/LibJPEG/source/jidctfst.c ****     /* Due to quantization, we will usually find that many of the input
 192:Middlewares/Third_Party/LibJPEG/source/jidctfst.c ****      * coefficients are zero, especially the AC terms.  We can exploit this
 193:Middlewares/Third_Party/LibJPEG/source/jidctfst.c ****      * by short-circuiting the IDCT calculation for any column in which all
 194:Middlewares/Third_Party/LibJPEG/source/jidctfst.c ****      * the AC terms are zero.  In that case each output is equal to the
 195:Middlewares/Third_Party/LibJPEG/source/jidctfst.c ****      * DC coefficient (with scale factor as needed).
 196:Middlewares/Third_Party/LibJPEG/source/jidctfst.c ****      * With typical images and quantization tables, half or more of the
 197:Middlewares/Third_Party/LibJPEG/source/jidctfst.c ****      * column DCT calculations can be simplified this way.
 198:Middlewares/Third_Party/LibJPEG/source/jidctfst.c ****      */
ARM GAS  /tmp/cccmSCXg.s 			page 6


 199:Middlewares/Third_Party/LibJPEG/source/jidctfst.c ****     
 200:Middlewares/Third_Party/LibJPEG/source/jidctfst.c ****     if (inptr[DCTSIZE*1] == 0 && inptr[DCTSIZE*2] == 0 &&
 201:Middlewares/Third_Party/LibJPEG/source/jidctfst.c **** 	inptr[DCTSIZE*3] == 0 && inptr[DCTSIZE*4] == 0 &&
 202:Middlewares/Third_Party/LibJPEG/source/jidctfst.c **** 	inptr[DCTSIZE*5] == 0 && inptr[DCTSIZE*6] == 0 &&
 203:Middlewares/Third_Party/LibJPEG/source/jidctfst.c **** 	inptr[DCTSIZE*7] == 0) {
 204:Middlewares/Third_Party/LibJPEG/source/jidctfst.c ****       /* AC terms all zero */
 205:Middlewares/Third_Party/LibJPEG/source/jidctfst.c ****       int dcval = (int) DEQUANTIZE(inptr[DCTSIZE*0], quantptr[DCTSIZE*0]);
 206:Middlewares/Third_Party/LibJPEG/source/jidctfst.c **** 
 207:Middlewares/Third_Party/LibJPEG/source/jidctfst.c ****       wsptr[DCTSIZE*0] = dcval;
 208:Middlewares/Third_Party/LibJPEG/source/jidctfst.c ****       wsptr[DCTSIZE*1] = dcval;
 209:Middlewares/Third_Party/LibJPEG/source/jidctfst.c ****       wsptr[DCTSIZE*2] = dcval;
 210:Middlewares/Third_Party/LibJPEG/source/jidctfst.c ****       wsptr[DCTSIZE*3] = dcval;
 211:Middlewares/Third_Party/LibJPEG/source/jidctfst.c ****       wsptr[DCTSIZE*4] = dcval;
 212:Middlewares/Third_Party/LibJPEG/source/jidctfst.c ****       wsptr[DCTSIZE*5] = dcval;
 213:Middlewares/Third_Party/LibJPEG/source/jidctfst.c ****       wsptr[DCTSIZE*6] = dcval;
 214:Middlewares/Third_Party/LibJPEG/source/jidctfst.c ****       wsptr[DCTSIZE*7] = dcval;
 215:Middlewares/Third_Party/LibJPEG/source/jidctfst.c ****       
 216:Middlewares/Third_Party/LibJPEG/source/jidctfst.c ****       inptr++;			/* advance pointers to next column */
 217:Middlewares/Third_Party/LibJPEG/source/jidctfst.c ****       quantptr++;
 218:Middlewares/Third_Party/LibJPEG/source/jidctfst.c ****       wsptr++;
 219:Middlewares/Third_Party/LibJPEG/source/jidctfst.c ****       continue;
 220:Middlewares/Third_Party/LibJPEG/source/jidctfst.c ****     }
 221:Middlewares/Third_Party/LibJPEG/source/jidctfst.c ****     
 222:Middlewares/Third_Party/LibJPEG/source/jidctfst.c ****     /* Even part */
 223:Middlewares/Third_Party/LibJPEG/source/jidctfst.c **** 
 224:Middlewares/Third_Party/LibJPEG/source/jidctfst.c ****     tmp0 = DEQUANTIZE(inptr[DCTSIZE*0], quantptr[DCTSIZE*0]);
  87              		.loc 1 224 5 is_stmt 1 view .LVU23
  88              		.loc 1 224 12 is_stmt 0 view .LVU24
  89 001a B2F90050 		ldrsh	r5, [r2]
  90 001e 2368     		ldr	r3, [r4]
  91              		.loc 1 224 10 view .LVU25
  92 0020 03FB05F5 		mul	r5, r3, r5
  93              	.LVL7:
 225:Middlewares/Third_Party/LibJPEG/source/jidctfst.c ****     tmp1 = DEQUANTIZE(inptr[DCTSIZE*2], quantptr[DCTSIZE*2]);
  94              		.loc 1 225 5 is_stmt 1 view .LVU26
  95              		.loc 1 225 12 is_stmt 0 view .LVU27
  96 0024 B2F92010 		ldrsh	r1, [r2, #32]
  97 0028 236C     		ldr	r3, [r4, #64]
  98              		.loc 1 225 10 view .LVU28
  99 002a 03FB01F1 		mul	r1, r3, r1
 100              	.LVL8:
 226:Middlewares/Third_Party/LibJPEG/source/jidctfst.c ****     tmp2 = DEQUANTIZE(inptr[DCTSIZE*4], quantptr[DCTSIZE*4]);
 101              		.loc 1 226 5 is_stmt 1 view .LVU29
 102              		.loc 1 226 12 is_stmt 0 view .LVU30
 103 002e B2F940C0 		ldrsh	ip, [r2, #64]
 104 0032 D4F88030 		ldr	r3, [r4, #128]
 105              		.loc 1 226 10 view .LVU31
 106 0036 03FB0CFC 		mul	ip, r3, ip
 107              	.LVL9:
 227:Middlewares/Third_Party/LibJPEG/source/jidctfst.c ****     tmp3 = DEQUANTIZE(inptr[DCTSIZE*6], quantptr[DCTSIZE*6]);
 108              		.loc 1 227 5 is_stmt 1 view .LVU32
 109              		.loc 1 227 12 is_stmt 0 view .LVU33
 110 003a B2F96070 		ldrsh	r7, [r2, #96]
 111 003e D4F8C030 		ldr	r3, [r4, #192]
 112              		.loc 1 227 10 view .LVU34
 113 0042 03FB07F7 		mul	r7, r3, r7
 114              	.LVL10:
ARM GAS  /tmp/cccmSCXg.s 			page 7


 228:Middlewares/Third_Party/LibJPEG/source/jidctfst.c **** 
 229:Middlewares/Third_Party/LibJPEG/source/jidctfst.c ****     tmp10 = tmp0 + tmp2;	/* phase 3 */
 115              		.loc 1 229 5 is_stmt 1 view .LVU35
 116              		.loc 1 229 11 is_stmt 0 view .LVU36
 117 0046 05EB0C06 		add	r6, r5, ip
 118              	.LVL11:
 230:Middlewares/Third_Party/LibJPEG/source/jidctfst.c ****     tmp11 = tmp0 - tmp2;
 119              		.loc 1 230 5 is_stmt 1 view .LVU37
 120              		.loc 1 230 11 is_stmt 0 view .LVU38
 121 004a A5EB0C05 		sub	r5, r5, ip
 122              	.LVL12:
 231:Middlewares/Third_Party/LibJPEG/source/jidctfst.c **** 
 232:Middlewares/Third_Party/LibJPEG/source/jidctfst.c ****     tmp13 = tmp1 + tmp3;	/* phases 5-3 */
 123              		.loc 1 232 5 is_stmt 1 view .LVU39
 124              		.loc 1 232 11 is_stmt 0 view .LVU40
 125 004e CB19     		adds	r3, r1, r7
 126              	.LVL13:
 233:Middlewares/Third_Party/LibJPEG/source/jidctfst.c ****     tmp12 = MULTIPLY(tmp1 - tmp3, FIX_1_414213562) - tmp13; /* 2*c4 */
 127              		.loc 1 233 5 is_stmt 1 view .LVU41
 128              		.loc 1 233 13 is_stmt 0 view .LVU42
 129 0050 C91B     		subs	r1, r1, r7
 130              	.LVL14:
 131              		.loc 1 233 13 view .LVU43
 132 0052 4FF4B578 		mov	r8, #362
 133 0056 08FB01F1 		mul	r1, r8, r1
 134              		.loc 1 233 11 view .LVU44
 135 005a C3EB2121 		rsb	r1, r3, r1, asr #8
 136              	.LVL15:
 234:Middlewares/Third_Party/LibJPEG/source/jidctfst.c **** 
 235:Middlewares/Third_Party/LibJPEG/source/jidctfst.c ****     tmp0 = tmp10 + tmp13;	/* phase 2 */
 137              		.loc 1 235 5 is_stmt 1 view .LVU45
 138              		.loc 1 235 10 is_stmt 0 view .LVU46
 139 005e 06EB030C 		add	ip, r6, r3
 140              	.LVL16:
 236:Middlewares/Third_Party/LibJPEG/source/jidctfst.c ****     tmp3 = tmp10 - tmp13;
 141              		.loc 1 236 5 is_stmt 1 view .LVU47
 142              		.loc 1 236 10 is_stmt 0 view .LVU48
 143 0062 F61A     		subs	r6, r6, r3
 144              	.LVL17:
 237:Middlewares/Third_Party/LibJPEG/source/jidctfst.c ****     tmp1 = tmp11 + tmp12;
 145              		.loc 1 237 5 is_stmt 1 view .LVU49
 146              		.loc 1 237 10 is_stmt 0 view .LVU50
 147 0064 6F18     		adds	r7, r5, r1
 148              	.LVL18:
 238:Middlewares/Third_Party/LibJPEG/source/jidctfst.c ****     tmp2 = tmp11 - tmp12;
 149              		.loc 1 238 5 is_stmt 1 view .LVU51
 150              		.loc 1 238 10 is_stmt 0 view .LVU52
 151 0066 6D1A     		subs	r5, r5, r1
 152              	.LVL19:
 239:Middlewares/Third_Party/LibJPEG/source/jidctfst.c ****     
 240:Middlewares/Third_Party/LibJPEG/source/jidctfst.c ****     /* Odd part */
 241:Middlewares/Third_Party/LibJPEG/source/jidctfst.c **** 
 242:Middlewares/Third_Party/LibJPEG/source/jidctfst.c ****     tmp4 = DEQUANTIZE(inptr[DCTSIZE*1], quantptr[DCTSIZE*1]);
 153              		.loc 1 242 5 is_stmt 1 view .LVU53
 154              		.loc 1 242 12 is_stmt 0 view .LVU54
 155 0068 236A     		ldr	r3, [r4, #32]
 156              	.LVL20:
ARM GAS  /tmp/cccmSCXg.s 			page 8


 157              		.loc 1 242 10 view .LVU55
 158 006a 03FB09F9 		mul	r9, r3, r9
 159              	.LVL21:
 243:Middlewares/Third_Party/LibJPEG/source/jidctfst.c ****     tmp5 = DEQUANTIZE(inptr[DCTSIZE*3], quantptr[DCTSIZE*3]);
 160              		.loc 1 243 5 is_stmt 1 view .LVU56
 161              		.loc 1 243 12 is_stmt 0 view .LVU57
 162 006e B2F930A0 		ldrsh	r10, [r2, #48]
 163 0072 216E     		ldr	r1, [r4, #96]
 164              	.LVL22:
 165              		.loc 1 243 10 view .LVU58
 166 0074 01FB0AFA 		mul	r10, r1, r10
 167              	.LVL23:
 244:Middlewares/Third_Party/LibJPEG/source/jidctfst.c ****     tmp6 = DEQUANTIZE(inptr[DCTSIZE*5], quantptr[DCTSIZE*5]);
 168              		.loc 1 244 5 is_stmt 1 view .LVU59
 169              		.loc 1 244 12 is_stmt 0 view .LVU60
 170 0078 B2F950B0 		ldrsh	fp, [r2, #80]
 171 007c D4F8A010 		ldr	r1, [r4, #160]
 172              		.loc 1 244 10 view .LVU61
 173 0080 01FB0BFB 		mul	fp, r1, fp
 174              	.LVL24:
 245:Middlewares/Third_Party/LibJPEG/source/jidctfst.c ****     tmp7 = DEQUANTIZE(inptr[DCTSIZE*7], quantptr[DCTSIZE*7]);
 175              		.loc 1 245 5 is_stmt 1 view .LVU62
 176              		.loc 1 245 12 is_stmt 0 view .LVU63
 177 0084 B2F97030 		ldrsh	r3, [r2, #112]
 178 0088 D4F8E010 		ldr	r1, [r4, #224]
 179              		.loc 1 245 10 view .LVU64
 180 008c 01FB03F3 		mul	r3, r1, r3
 181              	.LVL25:
 246:Middlewares/Third_Party/LibJPEG/source/jidctfst.c **** 
 247:Middlewares/Third_Party/LibJPEG/source/jidctfst.c ****     z13 = tmp6 + tmp5;		/* phase 6 */
 182              		.loc 1 247 5 is_stmt 1 view .LVU65
 183              		.loc 1 247 9 is_stmt 0 view .LVU66
 184 0090 0AEB0B01 		add	r1, r10, fp
 185              	.LVL26:
 248:Middlewares/Third_Party/LibJPEG/source/jidctfst.c ****     z10 = tmp6 - tmp5;
 186              		.loc 1 248 5 is_stmt 1 view .LVU67
 187              		.loc 1 248 9 is_stmt 0 view .LVU68
 188 0094 ABEB0A0A 		sub	r10, fp, r10
 189              	.LVL27:
 249:Middlewares/Third_Party/LibJPEG/source/jidctfst.c ****     z11 = tmp4 + tmp7;
 190              		.loc 1 249 5 is_stmt 1 view .LVU69
 191              		.loc 1 249 9 is_stmt 0 view .LVU70
 192 0098 09EB030B 		add	fp, r9, r3
 193              	.LVL28:
 250:Middlewares/Third_Party/LibJPEG/source/jidctfst.c ****     z12 = tmp4 - tmp7;
 194              		.loc 1 250 5 is_stmt 1 view .LVU71
 195              		.loc 1 250 9 is_stmt 0 view .LVU72
 196 009c A9EB0303 		sub	r3, r9, r3
 197              	.LVL29:
 251:Middlewares/Third_Party/LibJPEG/source/jidctfst.c **** 
 252:Middlewares/Third_Party/LibJPEG/source/jidctfst.c ****     tmp7 = z11 + z13;		/* phase 5 */
 198              		.loc 1 252 5 is_stmt 1 view .LVU73
 199              		.loc 1 252 10 is_stmt 0 view .LVU74
 200 00a0 01EB0B09 		add	r9, r1, fp
 201              	.LVL30:
 253:Middlewares/Third_Party/LibJPEG/source/jidctfst.c ****     tmp11 = MULTIPLY(z11 - z13, FIX_1_414213562); /* 2*c4 */
 202              		.loc 1 253 5 is_stmt 1 view .LVU75
ARM GAS  /tmp/cccmSCXg.s 			page 9


 203              		.loc 1 253 13 is_stmt 0 view .LVU76
 204 00a4 ABEB0101 		sub	r1, fp, r1
 205              	.LVL31:
 206              		.loc 1 253 13 view .LVU77
 207 00a8 08FB01F8 		mul	r8, r8, r1
 208              	.LVL32:
 254:Middlewares/Third_Party/LibJPEG/source/jidctfst.c **** 
 255:Middlewares/Third_Party/LibJPEG/source/jidctfst.c ****     z5 = MULTIPLY(z10 + z12, FIX_1_847759065); /* 2*c2 */
 209              		.loc 1 255 5 is_stmt 1 view .LVU78
 210              		.loc 1 255 10 is_stmt 0 view .LVU79
 211 00ac 0AEB0301 		add	r1, r10, r3
 212 00b0 40F2D91B 		movw	fp, #473
 213              	.LVL33:
 214              		.loc 1 255 10 view .LVU80
 215 00b4 0BFB01F1 		mul	r1, fp, r1
 216              	.LVL34:
 256:Middlewares/Third_Party/LibJPEG/source/jidctfst.c ****     tmp10 = MULTIPLY(z12, FIX_1_082392200) - z5; /* 2*(c2-c6) */
 217              		.loc 1 256 5 is_stmt 1 view .LVU81
 218              		.loc 1 256 13 is_stmt 0 view .LVU82
 219 00b8 40F2151B 		movw	fp, #277
 220 00bc 0BFB03F3 		mul	r3, fp, r3
 221              	.LVL35:
 222              		.loc 1 256 13 view .LVU83
 223 00c0 1B12     		asrs	r3, r3, #8
 224              		.loc 1 256 11 view .LVU84
 225 00c2 A3EB2123 		sub	r3, r3, r1, asr #8
 226              	.LVL36:
 257:Middlewares/Third_Party/LibJPEG/source/jidctfst.c ****     tmp12 = MULTIPLY(z10, - FIX_2_613125930) + z5; /* -2*(c2+c6) */
 227              		.loc 1 257 5 is_stmt 1 view .LVU85
 228              		.loc 1 257 13 is_stmt 0 view .LVU86
 229 00c6 6FF4277B 		mvn	fp, #668
 230 00ca 0BFB0AFA 		mul	r10, fp, r10
 231              	.LVL37:
 232              		.loc 1 257 13 view .LVU87
 233 00ce 4FEA2A2A 		asr	r10, r10, #8
 234              		.loc 1 257 11 view .LVU88
 235 00d2 0AEB2121 		add	r1, r10, r1, asr #8
 236              	.LVL38:
 258:Middlewares/Third_Party/LibJPEG/source/jidctfst.c **** 
 259:Middlewares/Third_Party/LibJPEG/source/jidctfst.c ****     tmp6 = tmp12 - tmp7;	/* phase 2 */
 237              		.loc 1 259 5 is_stmt 1 view .LVU89
 238              		.loc 1 259 10 is_stmt 0 view .LVU90
 239 00d6 A1EB0901 		sub	r1, r1, r9
 240              	.LVL39:
 260:Middlewares/Third_Party/LibJPEG/source/jidctfst.c ****     tmp5 = tmp11 - tmp6;
 241              		.loc 1 260 5 is_stmt 1 view .LVU91
 242              		.loc 1 260 10 is_stmt 0 view .LVU92
 243 00da C1EB2828 		rsb	r8, r1, r8, asr #8
 244              	.LVL40:
 261:Middlewares/Third_Party/LibJPEG/source/jidctfst.c ****     tmp4 = tmp10 + tmp5;
 245              		.loc 1 261 5 is_stmt 1 view .LVU93
 246              		.loc 1 261 10 is_stmt 0 view .LVU94
 247 00de 4344     		add	r3, r3, r8
 248              	.LVL41:
 262:Middlewares/Third_Party/LibJPEG/source/jidctfst.c **** 
 263:Middlewares/Third_Party/LibJPEG/source/jidctfst.c ****     wsptr[DCTSIZE*0] = (int) (tmp0 + tmp7);
 249              		.loc 1 263 5 is_stmt 1 view .LVU95
ARM GAS  /tmp/cccmSCXg.s 			page 10


 250              		.loc 1 263 36 is_stmt 0 view .LVU96
 251 00e0 0CEB090A 		add	r10, ip, r9
 252              	.LVL42:
 253              		.loc 1 263 22 view .LVU97
 254 00e4 C0F800A0 		str	r10, [r0]
 255              	.LVL43:
 264:Middlewares/Third_Party/LibJPEG/source/jidctfst.c ****     wsptr[DCTSIZE*7] = (int) (tmp0 - tmp7);
 256              		.loc 1 264 5 is_stmt 1 view .LVU98
 257              		.loc 1 264 36 is_stmt 0 view .LVU99
 258 00e8 ACEB090C 		sub	ip, ip, r9
 259              	.LVL44:
 260              		.loc 1 264 22 view .LVU100
 261 00ec C0F8E0C0 		str	ip, [r0, #224]
 265:Middlewares/Third_Party/LibJPEG/source/jidctfst.c ****     wsptr[DCTSIZE*1] = (int) (tmp1 + tmp6);
 262              		.loc 1 265 5 is_stmt 1 view .LVU101
 263              		.loc 1 265 36 is_stmt 0 view .LVU102
 264 00f0 07EB010C 		add	ip, r7, r1
 265              		.loc 1 265 22 view .LVU103
 266 00f4 C0F820C0 		str	ip, [r0, #32]
 266:Middlewares/Third_Party/LibJPEG/source/jidctfst.c ****     wsptr[DCTSIZE*6] = (int) (tmp1 - tmp6);
 267              		.loc 1 266 5 is_stmt 1 view .LVU104
 268              		.loc 1 266 36 is_stmt 0 view .LVU105
 269 00f8 7F1A     		subs	r7, r7, r1
 270              	.LVL45:
 271              		.loc 1 266 22 view .LVU106
 272 00fa C0F8C070 		str	r7, [r0, #192]
 267:Middlewares/Third_Party/LibJPEG/source/jidctfst.c ****     wsptr[DCTSIZE*2] = (int) (tmp2 + tmp5);
 273              		.loc 1 267 5 is_stmt 1 view .LVU107
 274              		.loc 1 267 36 is_stmt 0 view .LVU108
 275 00fe 05EB0801 		add	r1, r5, r8
 276              	.LVL46:
 277              		.loc 1 267 22 view .LVU109
 278 0102 0164     		str	r1, [r0, #64]
 268:Middlewares/Third_Party/LibJPEG/source/jidctfst.c ****     wsptr[DCTSIZE*5] = (int) (tmp2 - tmp5);
 279              		.loc 1 268 5 is_stmt 1 view .LVU110
 280              		.loc 1 268 36 is_stmt 0 view .LVU111
 281 0104 A5EB0805 		sub	r5, r5, r8
 282              	.LVL47:
 283              		.loc 1 268 22 view .LVU112
 284 0108 C0F8A050 		str	r5, [r0, #160]
 269:Middlewares/Third_Party/LibJPEG/source/jidctfst.c ****     wsptr[DCTSIZE*4] = (int) (tmp3 + tmp4);
 285              		.loc 1 269 5 is_stmt 1 view .LVU113
 286              		.loc 1 269 36 is_stmt 0 view .LVU114
 287 010c F118     		adds	r1, r6, r3
 288              		.loc 1 269 22 view .LVU115
 289 010e C0F88010 		str	r1, [r0, #128]
 270:Middlewares/Third_Party/LibJPEG/source/jidctfst.c ****     wsptr[DCTSIZE*3] = (int) (tmp3 - tmp4);
 290              		.loc 1 270 5 is_stmt 1 view .LVU116
 291              		.loc 1 270 36 is_stmt 0 view .LVU117
 292 0112 F61A     		subs	r6, r6, r3
 293              	.LVL48:
 294              		.loc 1 270 22 view .LVU118
 295 0114 0666     		str	r6, [r0, #96]
 271:Middlewares/Third_Party/LibJPEG/source/jidctfst.c **** 
 272:Middlewares/Third_Party/LibJPEG/source/jidctfst.c ****     inptr++;			/* advance pointers to next column */
 296              		.loc 1 272 5 is_stmt 1 view .LVU119
 297              		.loc 1 272 10 is_stmt 0 view .LVU120
ARM GAS  /tmp/cccmSCXg.s 			page 11


 298 0116 0232     		adds	r2, r2, #2
 299              	.LVL49:
 273:Middlewares/Third_Party/LibJPEG/source/jidctfst.c ****     quantptr++;
 300              		.loc 1 273 5 is_stmt 1 view .LVU121
 301              		.loc 1 273 13 is_stmt 0 view .LVU122
 302 0118 0434     		adds	r4, r4, #4
 303              	.LVL50:
 274:Middlewares/Third_Party/LibJPEG/source/jidctfst.c ****     wsptr++;
 304              		.loc 1 274 5 is_stmt 1 view .LVU123
 305              		.loc 1 274 10 is_stmt 0 view .LVU124
 306 011a 0430     		adds	r0, r0, #4
 307              	.LVL51:
 308              	.L4:
 190:Middlewares/Third_Party/LibJPEG/source/jidctfst.c ****     /* Due to quantization, we will usually find that many of the input
 309              		.loc 1 190 32 is_stmt 1 discriminator 2 view .LVU125
 190:Middlewares/Third_Party/LibJPEG/source/jidctfst.c ****     /* Due to quantization, we will usually find that many of the input
 310              		.loc 1 190 35 is_stmt 0 discriminator 2 view .LVU126
 311 011c 0EF1FF3E 		add	lr, lr, #-1
 312              	.LVL52:
 313              	.L2:
 190:Middlewares/Third_Party/LibJPEG/source/jidctfst.c ****     /* Due to quantization, we will usually find that many of the input
 314              		.loc 1 190 23 is_stmt 1 discriminator 1 view .LVU127
 190:Middlewares/Third_Party/LibJPEG/source/jidctfst.c ****     /* Due to quantization, we will usually find that many of the input
 315              		.loc 1 190 3 is_stmt 0 discriminator 1 view .LVU128
 316 0120 BEF1000F 		cmp	lr, #0
 317 0124 37DD     		ble	.L11
 200:Middlewares/Third_Party/LibJPEG/source/jidctfst.c **** 	inptr[DCTSIZE*3] == 0 && inptr[DCTSIZE*4] == 0 &&
 318              		.loc 1 200 5 is_stmt 1 view .LVU129
 200:Middlewares/Third_Party/LibJPEG/source/jidctfst.c **** 	inptr[DCTSIZE*3] == 0 && inptr[DCTSIZE*4] == 0 &&
 319              		.loc 1 200 14 is_stmt 0 view .LVU130
 320 0126 B2F91090 		ldrsh	r9, [r2, #16]
 200:Middlewares/Third_Party/LibJPEG/source/jidctfst.c **** 	inptr[DCTSIZE*3] == 0 && inptr[DCTSIZE*4] == 0 &&
 321              		.loc 1 200 8 view .LVU131
 322 012a B9F1000F 		cmp	r9, #0
 323 012e 7FF474AF 		bne	.L3
 200:Middlewares/Third_Party/LibJPEG/source/jidctfst.c **** 	inptr[DCTSIZE*3] == 0 && inptr[DCTSIZE*4] == 0 &&
 324              		.loc 1 200 39 discriminator 1 view .LVU132
 325 0132 B2F92030 		ldrsh	r3, [r2, #32]
 200:Middlewares/Third_Party/LibJPEG/source/jidctfst.c **** 	inptr[DCTSIZE*3] == 0 && inptr[DCTSIZE*4] == 0 &&
 326              		.loc 1 200 31 discriminator 1 view .LVU133
 327 0136 002B     		cmp	r3, #0
 328 0138 7FF46FAF 		bne	.L3
 201:Middlewares/Third_Party/LibJPEG/source/jidctfst.c **** 	inptr[DCTSIZE*5] == 0 && inptr[DCTSIZE*6] == 0 &&
 329              		.loc 1 201 7 discriminator 2 view .LVU134
 330 013c B2F93030 		ldrsh	r3, [r2, #48]
 200:Middlewares/Third_Party/LibJPEG/source/jidctfst.c **** 	inptr[DCTSIZE*3] == 0 && inptr[DCTSIZE*4] == 0 &&
 331              		.loc 1 200 56 discriminator 2 view .LVU135
 332 0140 002B     		cmp	r3, #0
 333 0142 7FF46AAF 		bne	.L3
 201:Middlewares/Third_Party/LibJPEG/source/jidctfst.c **** 	inptr[DCTSIZE*5] == 0 && inptr[DCTSIZE*6] == 0 &&
 334              		.loc 1 201 32 view .LVU136
 335 0146 B2F94030 		ldrsh	r3, [r2, #64]
 201:Middlewares/Third_Party/LibJPEG/source/jidctfst.c **** 	inptr[DCTSIZE*5] == 0 && inptr[DCTSIZE*6] == 0 &&
 336              		.loc 1 201 24 view .LVU137
 337 014a 002B     		cmp	r3, #0
 338 014c 7FF465AF 		bne	.L3
 202:Middlewares/Third_Party/LibJPEG/source/jidctfst.c **** 	inptr[DCTSIZE*7] == 0) {
ARM GAS  /tmp/cccmSCXg.s 			page 12


 339              		.loc 1 202 7 discriminator 1 view .LVU138
 340 0150 B2F95030 		ldrsh	r3, [r2, #80]
 201:Middlewares/Third_Party/LibJPEG/source/jidctfst.c **** 	inptr[DCTSIZE*5] == 0 && inptr[DCTSIZE*6] == 0 &&
 341              		.loc 1 201 49 discriminator 1 view .LVU139
 342 0154 002B     		cmp	r3, #0
 343 0156 7FF460AF 		bne	.L3
 202:Middlewares/Third_Party/LibJPEG/source/jidctfst.c **** 	inptr[DCTSIZE*7] == 0) {
 344              		.loc 1 202 32 view .LVU140
 345 015a B2F96030 		ldrsh	r3, [r2, #96]
 202:Middlewares/Third_Party/LibJPEG/source/jidctfst.c **** 	inptr[DCTSIZE*7] == 0) {
 346              		.loc 1 202 24 view .LVU141
 347 015e 002B     		cmp	r3, #0
 348 0160 7FF45BAF 		bne	.L3
 203:Middlewares/Third_Party/LibJPEG/source/jidctfst.c ****       /* AC terms all zero */
 349              		.loc 1 203 7 discriminator 1 view .LVU142
 350 0164 B2F97030 		ldrsh	r3, [r2, #112]
 202:Middlewares/Third_Party/LibJPEG/source/jidctfst.c **** 	inptr[DCTSIZE*7] == 0) {
 351              		.loc 1 202 49 discriminator 1 view .LVU143
 352 0168 002B     		cmp	r3, #0
 353 016a 7FF456AF 		bne	.L3
 354              	.LBB2:
 205:Middlewares/Third_Party/LibJPEG/source/jidctfst.c **** 
 355              		.loc 1 205 7 is_stmt 1 view .LVU144
 205:Middlewares/Third_Party/LibJPEG/source/jidctfst.c **** 
 356              		.loc 1 205 25 is_stmt 0 view .LVU145
 357 016e 32F9023B 		ldrsh	r3, [r2], #2
 358              	.LVL53:
 205:Middlewares/Third_Party/LibJPEG/source/jidctfst.c **** 
 359              		.loc 1 205 25 view .LVU146
 360 0172 54F8041B 		ldr	r1, [r4], #4
 361              	.LVL54:
 205:Middlewares/Third_Party/LibJPEG/source/jidctfst.c **** 
 362              		.loc 1 205 11 view .LVU147
 363 0176 01FB03F3 		mul	r3, r1, r3
 364              	.LVL55:
 207:Middlewares/Third_Party/LibJPEG/source/jidctfst.c ****       wsptr[DCTSIZE*1] = dcval;
 365              		.loc 1 207 7 is_stmt 1 view .LVU148
 207:Middlewares/Third_Party/LibJPEG/source/jidctfst.c ****       wsptr[DCTSIZE*1] = dcval;
 366              		.loc 1 207 24 is_stmt 0 view .LVU149
 367 017a 0360     		str	r3, [r0]
 208:Middlewares/Third_Party/LibJPEG/source/jidctfst.c ****       wsptr[DCTSIZE*2] = dcval;
 368              		.loc 1 208 7 is_stmt 1 view .LVU150
 208:Middlewares/Third_Party/LibJPEG/source/jidctfst.c ****       wsptr[DCTSIZE*2] = dcval;
 369              		.loc 1 208 24 is_stmt 0 view .LVU151
 370 017c 0362     		str	r3, [r0, #32]
 209:Middlewares/Third_Party/LibJPEG/source/jidctfst.c ****       wsptr[DCTSIZE*3] = dcval;
 371              		.loc 1 209 7 is_stmt 1 view .LVU152
 209:Middlewares/Third_Party/LibJPEG/source/jidctfst.c ****       wsptr[DCTSIZE*3] = dcval;
 372              		.loc 1 209 24 is_stmt 0 view .LVU153
 373 017e 0364     		str	r3, [r0, #64]
 210:Middlewares/Third_Party/LibJPEG/source/jidctfst.c ****       wsptr[DCTSIZE*4] = dcval;
 374              		.loc 1 210 7 is_stmt 1 view .LVU154
 210:Middlewares/Third_Party/LibJPEG/source/jidctfst.c ****       wsptr[DCTSIZE*4] = dcval;
 375              		.loc 1 210 24 is_stmt 0 view .LVU155
 376 0180 0366     		str	r3, [r0, #96]
 211:Middlewares/Third_Party/LibJPEG/source/jidctfst.c ****       wsptr[DCTSIZE*5] = dcval;
 377              		.loc 1 211 7 is_stmt 1 view .LVU156
ARM GAS  /tmp/cccmSCXg.s 			page 13


 211:Middlewares/Third_Party/LibJPEG/source/jidctfst.c ****       wsptr[DCTSIZE*5] = dcval;
 378              		.loc 1 211 24 is_stmt 0 view .LVU157
 379 0182 C0F88030 		str	r3, [r0, #128]
 212:Middlewares/Third_Party/LibJPEG/source/jidctfst.c ****       wsptr[DCTSIZE*6] = dcval;
 380              		.loc 1 212 7 is_stmt 1 view .LVU158
 212:Middlewares/Third_Party/LibJPEG/source/jidctfst.c ****       wsptr[DCTSIZE*6] = dcval;
 381              		.loc 1 212 24 is_stmt 0 view .LVU159
 382 0186 C0F8A030 		str	r3, [r0, #160]
 213:Middlewares/Third_Party/LibJPEG/source/jidctfst.c ****       wsptr[DCTSIZE*7] = dcval;
 383              		.loc 1 213 7 is_stmt 1 view .LVU160
 213:Middlewares/Third_Party/LibJPEG/source/jidctfst.c ****       wsptr[DCTSIZE*7] = dcval;
 384              		.loc 1 213 24 is_stmt 0 view .LVU161
 385 018a C0F8C030 		str	r3, [r0, #192]
 214:Middlewares/Third_Party/LibJPEG/source/jidctfst.c ****       
 386              		.loc 1 214 7 is_stmt 1 view .LVU162
 214:Middlewares/Third_Party/LibJPEG/source/jidctfst.c ****       
 387              		.loc 1 214 24 is_stmt 0 view .LVU163
 388 018e C0F8E030 		str	r3, [r0, #224]
 216:Middlewares/Third_Party/LibJPEG/source/jidctfst.c ****       quantptr++;
 389              		.loc 1 216 7 is_stmt 1 view .LVU164
 390              	.LVL56:
 217:Middlewares/Third_Party/LibJPEG/source/jidctfst.c ****       wsptr++;
 391              		.loc 1 217 7 view .LVU165
 218:Middlewares/Third_Party/LibJPEG/source/jidctfst.c ****       continue;
 392              		.loc 1 218 7 view .LVU166
 218:Middlewares/Third_Party/LibJPEG/source/jidctfst.c ****       continue;
 393              		.loc 1 218 12 is_stmt 0 view .LVU167
 394 0192 0430     		adds	r0, r0, #4
 395              	.LVL57:
 219:Middlewares/Third_Party/LibJPEG/source/jidctfst.c ****     }
 396              		.loc 1 219 7 is_stmt 1 view .LVU168
 397 0194 C2E7     		b	.L4
 398              	.LVL58:
 399              	.L11:
 219:Middlewares/Third_Party/LibJPEG/source/jidctfst.c ****     }
 400              		.loc 1 219 7 is_stmt 0 view .LVU169
 401              	.LBE2:
 275:Middlewares/Third_Party/LibJPEG/source/jidctfst.c ****   }
 276:Middlewares/Third_Party/LibJPEG/source/jidctfst.c ****   
 277:Middlewares/Third_Party/LibJPEG/source/jidctfst.c ****   /* Pass 2: process rows from work array, store into output array. */
 278:Middlewares/Third_Party/LibJPEG/source/jidctfst.c ****   /* Note that we must descale the results by a factor of 8 == 2**3, */
 279:Middlewares/Third_Party/LibJPEG/source/jidctfst.c ****   /* and also undo the PASS1_BITS scaling. */
 280:Middlewares/Third_Party/LibJPEG/source/jidctfst.c **** 
 281:Middlewares/Third_Party/LibJPEG/source/jidctfst.c ****   wsptr = workspace;
 282:Middlewares/Third_Party/LibJPEG/source/jidctfst.c ****   for (ctr = 0; ctr < DCTSIZE; ctr++) {
 402              		.loc 1 282 12 view .LVU170
 403 0196 0027     		movs	r7, #0
 281:Middlewares/Third_Party/LibJPEG/source/jidctfst.c ****   for (ctr = 0; ctr < DCTSIZE; ctr++) {
 404              		.loc 1 281 9 view .LVU171
 405 0198 04A8     		add	r0, sp, #16
 406              	.LVL59:
 281:Middlewares/Third_Party/LibJPEG/source/jidctfst.c ****   for (ctr = 0; ctr < DCTSIZE; ctr++) {
 407              		.loc 1 281 9 view .LVU172
 408 019a 019E     		ldr	r6, [sp, #4]
 409 019c 77E0     		b	.L6
 410              	.LVL60:
 411              	.L7:
ARM GAS  /tmp/cccmSCXg.s 			page 14


 283:Middlewares/Third_Party/LibJPEG/source/jidctfst.c ****     outptr = output_buf[ctr] + output_col;
 284:Middlewares/Third_Party/LibJPEG/source/jidctfst.c ****     /* Rows of zeroes can be exploited in the same way as we did with columns.
 285:Middlewares/Third_Party/LibJPEG/source/jidctfst.c ****      * However, the column calculation has created many nonzero AC terms, so
 286:Middlewares/Third_Party/LibJPEG/source/jidctfst.c ****      * the simplification applies less often (typically 5% to 10% of the time).
 287:Middlewares/Third_Party/LibJPEG/source/jidctfst.c ****      * On machines with very fast multiplication, it's possible that the
 288:Middlewares/Third_Party/LibJPEG/source/jidctfst.c ****      * test takes more time than it's worth.  In that case this section
 289:Middlewares/Third_Party/LibJPEG/source/jidctfst.c ****      * may be commented out.
 290:Middlewares/Third_Party/LibJPEG/source/jidctfst.c ****      */
 291:Middlewares/Third_Party/LibJPEG/source/jidctfst.c ****     
 292:Middlewares/Third_Party/LibJPEG/source/jidctfst.c **** #ifndef NO_ZERO_ROW_TEST
 293:Middlewares/Third_Party/LibJPEG/source/jidctfst.c ****     if (wsptr[1] == 0 && wsptr[2] == 0 && wsptr[3] == 0 && wsptr[4] == 0 &&
 294:Middlewares/Third_Party/LibJPEG/source/jidctfst.c **** 	wsptr[5] == 0 && wsptr[6] == 0 && wsptr[7] == 0) {
 295:Middlewares/Third_Party/LibJPEG/source/jidctfst.c ****       /* AC terms all zero */
 296:Middlewares/Third_Party/LibJPEG/source/jidctfst.c ****       JSAMPLE dcval = range_limit[IDESCALE(wsptr[0], PASS1_BITS+3)
 297:Middlewares/Third_Party/LibJPEG/source/jidctfst.c **** 				  & RANGE_MASK];
 298:Middlewares/Third_Party/LibJPEG/source/jidctfst.c ****       
 299:Middlewares/Third_Party/LibJPEG/source/jidctfst.c ****       outptr[0] = dcval;
 300:Middlewares/Third_Party/LibJPEG/source/jidctfst.c ****       outptr[1] = dcval;
 301:Middlewares/Third_Party/LibJPEG/source/jidctfst.c ****       outptr[2] = dcval;
 302:Middlewares/Third_Party/LibJPEG/source/jidctfst.c ****       outptr[3] = dcval;
 303:Middlewares/Third_Party/LibJPEG/source/jidctfst.c ****       outptr[4] = dcval;
 304:Middlewares/Third_Party/LibJPEG/source/jidctfst.c ****       outptr[5] = dcval;
 305:Middlewares/Third_Party/LibJPEG/source/jidctfst.c ****       outptr[6] = dcval;
 306:Middlewares/Third_Party/LibJPEG/source/jidctfst.c ****       outptr[7] = dcval;
 307:Middlewares/Third_Party/LibJPEG/source/jidctfst.c **** 
 308:Middlewares/Third_Party/LibJPEG/source/jidctfst.c ****       wsptr += DCTSIZE;		/* advance pointer to next row */
 309:Middlewares/Third_Party/LibJPEG/source/jidctfst.c ****       continue;
 310:Middlewares/Third_Party/LibJPEG/source/jidctfst.c ****     }
 311:Middlewares/Third_Party/LibJPEG/source/jidctfst.c **** #endif
 312:Middlewares/Third_Party/LibJPEG/source/jidctfst.c ****     
 313:Middlewares/Third_Party/LibJPEG/source/jidctfst.c ****     /* Even part */
 314:Middlewares/Third_Party/LibJPEG/source/jidctfst.c **** 
 315:Middlewares/Third_Party/LibJPEG/source/jidctfst.c ****     tmp10 = ((DCTELEM) wsptr[0] + (DCTELEM) wsptr[4]);
 412              		.loc 1 315 5 is_stmt 1 view .LVU173
 413              		.loc 1 315 29 is_stmt 0 view .LVU174
 414 019e 0168     		ldr	r1, [r0]
 415              		.loc 1 315 50 view .LVU175
 416 01a0 0469     		ldr	r4, [r0, #16]
 417              		.loc 1 315 11 view .LVU176
 418 01a2 01EB0408 		add	r8, r1, r4
 419              	.LVL61:
 316:Middlewares/Third_Party/LibJPEG/source/jidctfst.c ****     tmp11 = ((DCTELEM) wsptr[0] - (DCTELEM) wsptr[4]);
 420              		.loc 1 316 5 is_stmt 1 view .LVU177
 421              		.loc 1 316 11 is_stmt 0 view .LVU178
 422 01a6 0C1B     		subs	r4, r1, r4
 423              	.LVL62:
 317:Middlewares/Third_Party/LibJPEG/source/jidctfst.c **** 
 318:Middlewares/Third_Party/LibJPEG/source/jidctfst.c ****     tmp13 = ((DCTELEM) wsptr[2] + (DCTELEM) wsptr[6]);
 424              		.loc 1 318 5 is_stmt 1 view .LVU179
 425              		.loc 1 318 29 is_stmt 0 view .LVU180
 426 01a8 8168     		ldr	r1, [r0, #8]
 427              		.loc 1 318 50 view .LVU181
 428 01aa 8269     		ldr	r2, [r0, #24]
 429              		.loc 1 318 11 view .LVU182
 430 01ac 01EB020C 		add	ip, r1, r2
 431              	.LVL63:
 319:Middlewares/Third_Party/LibJPEG/source/jidctfst.c ****     tmp12 = MULTIPLY((DCTELEM) wsptr[2] - (DCTELEM) wsptr[6], FIX_1_414213562)
ARM GAS  /tmp/cccmSCXg.s 			page 15


 432              		.loc 1 319 5 is_stmt 1 view .LVU183
 433              		.loc 1 319 13 is_stmt 0 view .LVU184
 434 01b0 891A     		subs	r1, r1, r2
 435 01b2 4FF4B57A 		mov	r10, #362
 436 01b6 0AFB01F1 		mul	r1, r10, r1
 437              		.loc 1 319 11 view .LVU185
 438 01ba CCEB2122 		rsb	r2, ip, r1, asr #8
 439              	.LVL64:
 320:Middlewares/Third_Party/LibJPEG/source/jidctfst.c **** 	    - tmp13;
 321:Middlewares/Third_Party/LibJPEG/source/jidctfst.c **** 
 322:Middlewares/Third_Party/LibJPEG/source/jidctfst.c ****     tmp0 = tmp10 + tmp13;
 440              		.loc 1 322 5 is_stmt 1 view .LVU186
 441              		.loc 1 322 10 is_stmt 0 view .LVU187
 442 01be 08EB0C0E 		add	lr, r8, ip
 443              	.LVL65:
 323:Middlewares/Third_Party/LibJPEG/source/jidctfst.c ****     tmp3 = tmp10 - tmp13;
 444              		.loc 1 323 5 is_stmt 1 view .LVU188
 445              		.loc 1 323 10 is_stmt 0 view .LVU189
 446 01c2 A8EB0C09 		sub	r9, r8, ip
 447              	.LVL66:
 324:Middlewares/Third_Party/LibJPEG/source/jidctfst.c ****     tmp1 = tmp11 + tmp12;
 448              		.loc 1 324 5 is_stmt 1 view .LVU190
 449              		.loc 1 324 10 is_stmt 0 view .LVU191
 450 01c6 04EB020C 		add	ip, r4, r2
 451              	.LVL67:
 325:Middlewares/Third_Party/LibJPEG/source/jidctfst.c ****     tmp2 = tmp11 - tmp12;
 452              		.loc 1 325 5 is_stmt 1 view .LVU192
 453              		.loc 1 325 10 is_stmt 0 view .LVU193
 454 01ca A21A     		subs	r2, r4, r2
 455              	.LVL68:
 456              		.loc 1 325 10 view .LVU194
 457 01cc 0292     		str	r2, [sp, #8]
 458              	.LVL69:
 326:Middlewares/Third_Party/LibJPEG/source/jidctfst.c **** 
 327:Middlewares/Third_Party/LibJPEG/source/jidctfst.c ****     /* Odd part */
 328:Middlewares/Third_Party/LibJPEG/source/jidctfst.c **** 
 329:Middlewares/Third_Party/LibJPEG/source/jidctfst.c ****     z13 = (DCTELEM) wsptr[5] + (DCTELEM) wsptr[3];
 459              		.loc 1 329 5 is_stmt 1 view .LVU195
 460              		.loc 1 329 26 is_stmt 0 view .LVU196
 461 01ce 4469     		ldr	r4, [r0, #20]
 462              	.LVL70:
 463              		.loc 1 329 47 view .LVU197
 464 01d0 C268     		ldr	r2, [r0, #12]
 465              	.LVL71:
 466              		.loc 1 329 9 view .LVU198
 467 01d2 04EB020B 		add	fp, r4, r2
 468              	.LVL72:
 330:Middlewares/Third_Party/LibJPEG/source/jidctfst.c ****     z10 = (DCTELEM) wsptr[5] - (DCTELEM) wsptr[3];
 469              		.loc 1 330 5 is_stmt 1 view .LVU199
 470              		.loc 1 330 9 is_stmt 0 view .LVU200
 471 01d6 A21A     		subs	r2, r4, r2
 472              	.LVL73:
 331:Middlewares/Third_Party/LibJPEG/source/jidctfst.c ****     z11 = (DCTELEM) wsptr[1] + (DCTELEM) wsptr[7];
 473              		.loc 1 331 5 is_stmt 1 view .LVU201
 474              		.loc 1 331 47 is_stmt 0 view .LVU202
 475 01d8 D0F81C80 		ldr	r8, [r0, #28]
 476              	.LVL74:
ARM GAS  /tmp/cccmSCXg.s 			page 16


 477              		.loc 1 331 9 view .LVU203
 478 01dc 03EB0804 		add	r4, r3, r8
 479              	.LVL75:
 332:Middlewares/Third_Party/LibJPEG/source/jidctfst.c ****     z12 = (DCTELEM) wsptr[1] - (DCTELEM) wsptr[7];
 480              		.loc 1 332 5 is_stmt 1 view .LVU204
 481              		.loc 1 332 9 is_stmt 0 view .LVU205
 482 01e0 A3EB0803 		sub	r3, r3, r8
 483              	.LVL76:
 333:Middlewares/Third_Party/LibJPEG/source/jidctfst.c **** 
 334:Middlewares/Third_Party/LibJPEG/source/jidctfst.c ****     tmp7 = z11 + z13;		/* phase 5 */
 484              		.loc 1 334 5 is_stmt 1 view .LVU206
 485              		.loc 1 334 10 is_stmt 0 view .LVU207
 486 01e4 0BEB0408 		add	r8, fp, r4
 487              	.LVL77:
 335:Middlewares/Third_Party/LibJPEG/source/jidctfst.c ****     tmp11 = MULTIPLY(z11 - z13, FIX_1_414213562); /* 2*c4 */
 488              		.loc 1 335 5 is_stmt 1 view .LVU208
 489              		.loc 1 335 13 is_stmt 0 view .LVU209
 490 01e8 A4EB0B04 		sub	r4, r4, fp
 491              	.LVL78:
 492              		.loc 1 335 13 view .LVU210
 493 01ec 0AFB04F4 		mul	r4, r10, r4
 494              	.LVL79:
 336:Middlewares/Third_Party/LibJPEG/source/jidctfst.c **** 
 337:Middlewares/Third_Party/LibJPEG/source/jidctfst.c ****     z5 = MULTIPLY(z10 + z12, FIX_1_847759065); /* 2*c2 */
 495              		.loc 1 337 5 is_stmt 1 view .LVU211
 496              		.loc 1 337 10 is_stmt 0 view .LVU212
 497 01f0 02EB030A 		add	r10, r2, r3
 498 01f4 40F2D91B 		movw	fp, #473
 499              	.LVL80:
 500              		.loc 1 337 10 view .LVU213
 501 01f8 0BFB0AFA 		mul	r10, fp, r10
 502              	.LVL81:
 338:Middlewares/Third_Party/LibJPEG/source/jidctfst.c ****     tmp10 = MULTIPLY(z12, FIX_1_082392200) - z5; /* 2*(c2-c6) */
 503              		.loc 1 338 5 is_stmt 1 view .LVU214
 504              		.loc 1 338 13 is_stmt 0 view .LVU215
 505 01fc 40F2151B 		movw	fp, #277
 506 0200 0BFB03F3 		mul	r3, fp, r3
 507              	.LVL82:
 508              		.loc 1 338 13 view .LVU216
 509 0204 1B12     		asrs	r3, r3, #8
 510              		.loc 1 338 11 view .LVU217
 511 0206 A3EB2A23 		sub	r3, r3, r10, asr #8
 512              	.LVL83:
 339:Middlewares/Third_Party/LibJPEG/source/jidctfst.c ****     tmp12 = MULTIPLY(z10, - FIX_2_613125930) + z5; /* -2*(c2+c6) */
 513              		.loc 1 339 5 is_stmt 1 view .LVU218
 514              		.loc 1 339 13 is_stmt 0 view .LVU219
 515 020a 6FF4277B 		mvn	fp, #668
 516 020e 0BFB02F2 		mul	r2, fp, r2
 517              	.LVL84:
 518              		.loc 1 339 13 view .LVU220
 519 0212 1212     		asrs	r2, r2, #8
 520              		.loc 1 339 11 view .LVU221
 521 0214 02EB2A2A 		add	r10, r2, r10, asr #8
 522              	.LVL85:
 340:Middlewares/Third_Party/LibJPEG/source/jidctfst.c **** 
 341:Middlewares/Third_Party/LibJPEG/source/jidctfst.c ****     tmp6 = tmp12 - tmp7;	/* phase 2 */
 523              		.loc 1 341 5 is_stmt 1 view .LVU222
ARM GAS  /tmp/cccmSCXg.s 			page 17


 524              		.loc 1 341 10 is_stmt 0 view .LVU223
 525 0218 AAEB080A 		sub	r10, r10, r8
 526              	.LVL86:
 342:Middlewares/Third_Party/LibJPEG/source/jidctfst.c ****     tmp5 = tmp11 - tmp6;
 527              		.loc 1 342 5 is_stmt 1 view .LVU224
 528              		.loc 1 342 10 is_stmt 0 view .LVU225
 529 021c CAEB2424 		rsb	r4, r10, r4, asr #8
 530              	.LVL87:
 343:Middlewares/Third_Party/LibJPEG/source/jidctfst.c ****     tmp4 = tmp10 + tmp5;
 531              		.loc 1 343 5 is_stmt 1 view .LVU226
 532              		.loc 1 343 10 is_stmt 0 view .LVU227
 533 0220 03EB040B 		add	fp, r3, r4
 534              	.LVL88:
 344:Middlewares/Third_Party/LibJPEG/source/jidctfst.c **** 
 345:Middlewares/Third_Party/LibJPEG/source/jidctfst.c ****     /* Final output stage: scale down by a factor of 8 and range-limit */
 346:Middlewares/Third_Party/LibJPEG/source/jidctfst.c **** 
 347:Middlewares/Third_Party/LibJPEG/source/jidctfst.c ****     outptr[0] = range_limit[IDESCALE(tmp0 + tmp7, PASS1_BITS+3)
 535              		.loc 1 347 5 is_stmt 1 view .LVU228
 536              		.loc 1 347 29 is_stmt 0 view .LVU229
 537 0224 0EEB0802 		add	r2, lr, r8
 538              	.LVL89:
 348:Middlewares/Third_Party/LibJPEG/source/jidctfst.c **** 			    & RANGE_MASK];
 539              		.loc 1 348 8 view .LVU230
 540 0228 C2F34912 		ubfx	r2, r2, #5, #10
 347:Middlewares/Third_Party/LibJPEG/source/jidctfst.c **** 			    & RANGE_MASK];
 541              		.loc 1 347 28 view .LVU231
 542 022c B25C     		ldrb	r2, [r6, r2]	@ zero_extendqisi2
 347:Middlewares/Third_Party/LibJPEG/source/jidctfst.c **** 			    & RANGE_MASK];
 543              		.loc 1 347 15 view .LVU232
 544 022e 019B     		ldr	r3, [sp, #4]
 545              	.LVL90:
 347:Middlewares/Third_Party/LibJPEG/source/jidctfst.c **** 			    & RANGE_MASK];
 546              		.loc 1 347 15 view .LVU233
 547 0230 4E99     		ldr	r1, [sp, #312]
 548 0232 5A54     		strb	r2, [r3, r1]
 549              	.LVL91:
 349:Middlewares/Third_Party/LibJPEG/source/jidctfst.c ****     outptr[7] = range_limit[IDESCALE(tmp0 - tmp7, PASS1_BITS+3)
 550              		.loc 1 349 5 is_stmt 1 view .LVU234
 551              		.loc 1 349 29 is_stmt 0 view .LVU235
 552 0234 AEEB080E 		sub	lr, lr, r8
 553              	.LVL92:
 350:Middlewares/Third_Party/LibJPEG/source/jidctfst.c **** 			    & RANGE_MASK];
 554              		.loc 1 350 8 view .LVU236
 555 0238 CEF3491E 		ubfx	lr, lr, #5, #10
 349:Middlewares/Third_Party/LibJPEG/source/jidctfst.c ****     outptr[7] = range_limit[IDESCALE(tmp0 - tmp7, PASS1_BITS+3)
 556              		.loc 1 349 28 view .LVU237
 557 023c 16F80E20 		ldrb	r2, [r6, lr]	@ zero_extendqisi2
 349:Middlewares/Third_Party/LibJPEG/source/jidctfst.c ****     outptr[7] = range_limit[IDESCALE(tmp0 - tmp7, PASS1_BITS+3)
 558              		.loc 1 349 15 view .LVU238
 559 0240 EA71     		strb	r2, [r5, #7]
 351:Middlewares/Third_Party/LibJPEG/source/jidctfst.c ****     outptr[1] = range_limit[IDESCALE(tmp1 + tmp6, PASS1_BITS+3)
 560              		.loc 1 351 5 is_stmt 1 view .LVU239
 561              		.loc 1 351 29 is_stmt 0 view .LVU240
 562 0242 0CEB0A02 		add	r2, ip, r10
 352:Middlewares/Third_Party/LibJPEG/source/jidctfst.c **** 			    & RANGE_MASK];
 563              		.loc 1 352 8 view .LVU241
 564 0246 C2F34912 		ubfx	r2, r2, #5, #10
ARM GAS  /tmp/cccmSCXg.s 			page 18


 351:Middlewares/Third_Party/LibJPEG/source/jidctfst.c ****     outptr[1] = range_limit[IDESCALE(tmp1 + tmp6, PASS1_BITS+3)
 565              		.loc 1 351 28 view .LVU242
 566 024a B25C     		ldrb	r2, [r6, r2]	@ zero_extendqisi2
 351:Middlewares/Third_Party/LibJPEG/source/jidctfst.c ****     outptr[1] = range_limit[IDESCALE(tmp1 + tmp6, PASS1_BITS+3)
 567              		.loc 1 351 15 view .LVU243
 568 024c 6A70     		strb	r2, [r5, #1]
 353:Middlewares/Third_Party/LibJPEG/source/jidctfst.c ****     outptr[6] = range_limit[IDESCALE(tmp1 - tmp6, PASS1_BITS+3)
 569              		.loc 1 353 5 is_stmt 1 view .LVU244
 570              		.loc 1 353 29 is_stmt 0 view .LVU245
 571 024e ACEB0A0A 		sub	r10, ip, r10
 572              	.LVL93:
 354:Middlewares/Third_Party/LibJPEG/source/jidctfst.c **** 			    & RANGE_MASK];
 573              		.loc 1 354 8 view .LVU246
 574 0252 CAF3491A 		ubfx	r10, r10, #5, #10
 353:Middlewares/Third_Party/LibJPEG/source/jidctfst.c ****     outptr[6] = range_limit[IDESCALE(tmp1 - tmp6, PASS1_BITS+3)
 575              		.loc 1 353 28 view .LVU247
 576 0256 16F80A20 		ldrb	r2, [r6, r10]	@ zero_extendqisi2
 353:Middlewares/Third_Party/LibJPEG/source/jidctfst.c ****     outptr[6] = range_limit[IDESCALE(tmp1 - tmp6, PASS1_BITS+3)
 577              		.loc 1 353 15 view .LVU248
 578 025a AA71     		strb	r2, [r5, #6]
 355:Middlewares/Third_Party/LibJPEG/source/jidctfst.c ****     outptr[2] = range_limit[IDESCALE(tmp2 + tmp5, PASS1_BITS+3)
 579              		.loc 1 355 5 is_stmt 1 view .LVU249
 580              		.loc 1 355 29 is_stmt 0 view .LVU250
 581 025c 029B     		ldr	r3, [sp, #8]
 582 025e 1A19     		adds	r2, r3, r4
 356:Middlewares/Third_Party/LibJPEG/source/jidctfst.c **** 			    & RANGE_MASK];
 583              		.loc 1 356 8 view .LVU251
 584 0260 C2F34912 		ubfx	r2, r2, #5, #10
 355:Middlewares/Third_Party/LibJPEG/source/jidctfst.c ****     outptr[2] = range_limit[IDESCALE(tmp2 + tmp5, PASS1_BITS+3)
 585              		.loc 1 355 28 view .LVU252
 586 0264 B25C     		ldrb	r2, [r6, r2]	@ zero_extendqisi2
 355:Middlewares/Third_Party/LibJPEG/source/jidctfst.c ****     outptr[2] = range_limit[IDESCALE(tmp2 + tmp5, PASS1_BITS+3)
 587              		.loc 1 355 15 view .LVU253
 588 0266 AA70     		strb	r2, [r5, #2]
 357:Middlewares/Third_Party/LibJPEG/source/jidctfst.c ****     outptr[5] = range_limit[IDESCALE(tmp2 - tmp5, PASS1_BITS+3)
 589              		.loc 1 357 5 is_stmt 1 view .LVU254
 590              		.loc 1 357 29 is_stmt 0 view .LVU255
 591 0268 1C1B     		subs	r4, r3, r4
 592              	.LVL94:
 358:Middlewares/Third_Party/LibJPEG/source/jidctfst.c **** 			    & RANGE_MASK];
 593              		.loc 1 358 8 view .LVU256
 594 026a C4F34914 		ubfx	r4, r4, #5, #10
 357:Middlewares/Third_Party/LibJPEG/source/jidctfst.c ****     outptr[5] = range_limit[IDESCALE(tmp2 - tmp5, PASS1_BITS+3)
 595              		.loc 1 357 28 view .LVU257
 596 026e 325D     		ldrb	r2, [r6, r4]	@ zero_extendqisi2
 357:Middlewares/Third_Party/LibJPEG/source/jidctfst.c ****     outptr[5] = range_limit[IDESCALE(tmp2 - tmp5, PASS1_BITS+3)
 597              		.loc 1 357 15 view .LVU258
 598 0270 6A71     		strb	r2, [r5, #5]
 359:Middlewares/Third_Party/LibJPEG/source/jidctfst.c ****     outptr[4] = range_limit[IDESCALE(tmp3 + tmp4, PASS1_BITS+3)
 599              		.loc 1 359 5 is_stmt 1 view .LVU259
 600              		.loc 1 359 29 is_stmt 0 view .LVU260
 601 0272 09EB0B02 		add	r2, r9, fp
 360:Middlewares/Third_Party/LibJPEG/source/jidctfst.c **** 			    & RANGE_MASK];
 602              		.loc 1 360 8 view .LVU261
 603 0276 C2F34912 		ubfx	r2, r2, #5, #10
 359:Middlewares/Third_Party/LibJPEG/source/jidctfst.c ****     outptr[4] = range_limit[IDESCALE(tmp3 + tmp4, PASS1_BITS+3)
 604              		.loc 1 359 28 view .LVU262
ARM GAS  /tmp/cccmSCXg.s 			page 19


 605 027a B25C     		ldrb	r2, [r6, r2]	@ zero_extendqisi2
 359:Middlewares/Third_Party/LibJPEG/source/jidctfst.c ****     outptr[4] = range_limit[IDESCALE(tmp3 + tmp4, PASS1_BITS+3)
 606              		.loc 1 359 15 view .LVU263
 607 027c 2A71     		strb	r2, [r5, #4]
 361:Middlewares/Third_Party/LibJPEG/source/jidctfst.c ****     outptr[3] = range_limit[IDESCALE(tmp3 - tmp4, PASS1_BITS+3)
 608              		.loc 1 361 5 is_stmt 1 view .LVU264
 609              		.loc 1 361 29 is_stmt 0 view .LVU265
 610 027e A9EB0B03 		sub	r3, r9, fp
 362:Middlewares/Third_Party/LibJPEG/source/jidctfst.c **** 			    & RANGE_MASK];
 611              		.loc 1 362 8 view .LVU266
 612 0282 C3F34913 		ubfx	r3, r3, #5, #10
 361:Middlewares/Third_Party/LibJPEG/source/jidctfst.c ****     outptr[3] = range_limit[IDESCALE(tmp3 - tmp4, PASS1_BITS+3)
 613              		.loc 1 361 28 view .LVU267
 614 0286 F35C     		ldrb	r3, [r6, r3]	@ zero_extendqisi2
 361:Middlewares/Third_Party/LibJPEG/source/jidctfst.c ****     outptr[3] = range_limit[IDESCALE(tmp3 - tmp4, PASS1_BITS+3)
 615              		.loc 1 361 15 view .LVU268
 616 0288 EB70     		strb	r3, [r5, #3]
 363:Middlewares/Third_Party/LibJPEG/source/jidctfst.c **** 
 364:Middlewares/Third_Party/LibJPEG/source/jidctfst.c ****     wsptr += DCTSIZE;		/* advance pointer to next row */
 617              		.loc 1 364 5 is_stmt 1 view .LVU269
 618              		.loc 1 364 11 is_stmt 0 view .LVU270
 619 028a 2030     		adds	r0, r0, #32
 620              	.LVL95:
 621              	.L8:
 282:Middlewares/Third_Party/LibJPEG/source/jidctfst.c ****     outptr = output_buf[ctr] + output_col;
 622              		.loc 1 282 32 is_stmt 1 discriminator 2 view .LVU271
 282:Middlewares/Third_Party/LibJPEG/source/jidctfst.c ****     outptr = output_buf[ctr] + output_col;
 623              		.loc 1 282 35 is_stmt 0 discriminator 2 view .LVU272
 624 028c 0137     		adds	r7, r7, #1
 625              	.LVL96:
 626              	.L6:
 282:Middlewares/Third_Party/LibJPEG/source/jidctfst.c ****     outptr = output_buf[ctr] + output_col;
 627              		.loc 1 282 17 is_stmt 1 discriminator 1 view .LVU273
 282:Middlewares/Third_Party/LibJPEG/source/jidctfst.c ****     outptr = output_buf[ctr] + output_col;
 628              		.loc 1 282 3 is_stmt 0 discriminator 1 view .LVU274
 629 028e 072F     		cmp	r7, #7
 630 0290 31DC     		bgt	.L12
 283:Middlewares/Third_Party/LibJPEG/source/jidctfst.c ****     /* Rows of zeroes can be exploited in the same way as we did with columns.
 631              		.loc 1 283 5 is_stmt 1 view .LVU275
 283:Middlewares/Third_Party/LibJPEG/source/jidctfst.c ****     /* Rows of zeroes can be exploited in the same way as we did with columns.
 632              		.loc 1 283 24 is_stmt 0 view .LVU276
 633 0292 039B     		ldr	r3, [sp, #12]
 634 0294 53F82730 		ldr	r3, [r3, r7, lsl #2]
 635 0298 0193     		str	r3, [sp, #4]
 283:Middlewares/Third_Party/LibJPEG/source/jidctfst.c ****     /* Rows of zeroes can be exploited in the same way as we did with columns.
 636              		.loc 1 283 12 view .LVU277
 637 029a 4E9A     		ldr	r2, [sp, #312]
 638 029c 9D18     		adds	r5, r3, r2
 639              	.LVL97:
 293:Middlewares/Third_Party/LibJPEG/source/jidctfst.c **** 	wsptr[5] == 0 && wsptr[6] == 0 && wsptr[7] == 0) {
 640              		.loc 1 293 5 is_stmt 1 view .LVU278
 293:Middlewares/Third_Party/LibJPEG/source/jidctfst.c **** 	wsptr[5] == 0 && wsptr[6] == 0 && wsptr[7] == 0) {
 641              		.loc 1 293 14 is_stmt 0 view .LVU279
 642 029e 4368     		ldr	r3, [r0, #4]
 293:Middlewares/Third_Party/LibJPEG/source/jidctfst.c **** 	wsptr[5] == 0 && wsptr[6] == 0 && wsptr[7] == 0) {
 643              		.loc 1 293 8 view .LVU280
 644 02a0 002B     		cmp	r3, #0
ARM GAS  /tmp/cccmSCXg.s 			page 20


 645 02a2 7FF47CAF 		bne	.L7
 293:Middlewares/Third_Party/LibJPEG/source/jidctfst.c **** 	wsptr[5] == 0 && wsptr[6] == 0 && wsptr[7] == 0) {
 646              		.loc 1 293 31 discriminator 1 view .LVU281
 647 02a6 8268     		ldr	r2, [r0, #8]
 293:Middlewares/Third_Party/LibJPEG/source/jidctfst.c **** 	wsptr[5] == 0 && wsptr[6] == 0 && wsptr[7] == 0) {
 648              		.loc 1 293 23 discriminator 1 view .LVU282
 649 02a8 002A     		cmp	r2, #0
 650 02aa 7FF478AF 		bne	.L7
 293:Middlewares/Third_Party/LibJPEG/source/jidctfst.c **** 	wsptr[5] == 0 && wsptr[6] == 0 && wsptr[7] == 0) {
 651              		.loc 1 293 48 discriminator 2 view .LVU283
 652 02ae C268     		ldr	r2, [r0, #12]
 293:Middlewares/Third_Party/LibJPEG/source/jidctfst.c **** 	wsptr[5] == 0 && wsptr[6] == 0 && wsptr[7] == 0) {
 653              		.loc 1 293 40 discriminator 2 view .LVU284
 654 02b0 002A     		cmp	r2, #0
 655 02b2 7FF474AF 		bne	.L7
 293:Middlewares/Third_Party/LibJPEG/source/jidctfst.c **** 	wsptr[5] == 0 && wsptr[6] == 0 && wsptr[7] == 0) {
 656              		.loc 1 293 65 discriminator 3 view .LVU285
 657 02b6 0269     		ldr	r2, [r0, #16]
 293:Middlewares/Third_Party/LibJPEG/source/jidctfst.c **** 	wsptr[5] == 0 && wsptr[6] == 0 && wsptr[7] == 0) {
 658              		.loc 1 293 57 discriminator 3 view .LVU286
 659 02b8 002A     		cmp	r2, #0
 660 02ba 7FF470AF 		bne	.L7
 294:Middlewares/Third_Party/LibJPEG/source/jidctfst.c ****       /* AC terms all zero */
 661              		.loc 1 294 7 discriminator 4 view .LVU287
 662 02be 4269     		ldr	r2, [r0, #20]
 293:Middlewares/Third_Party/LibJPEG/source/jidctfst.c **** 	wsptr[5] == 0 && wsptr[6] == 0 && wsptr[7] == 0) {
 663              		.loc 1 293 74 discriminator 4 view .LVU288
 664 02c0 002A     		cmp	r2, #0
 665 02c2 7FF46CAF 		bne	.L7
 294:Middlewares/Third_Party/LibJPEG/source/jidctfst.c ****       /* AC terms all zero */
 666              		.loc 1 294 24 view .LVU289
 667 02c6 8269     		ldr	r2, [r0, #24]
 294:Middlewares/Third_Party/LibJPEG/source/jidctfst.c ****       /* AC terms all zero */
 668              		.loc 1 294 16 view .LVU290
 669 02c8 002A     		cmp	r2, #0
 670 02ca 7FF468AF 		bne	.L7
 294:Middlewares/Third_Party/LibJPEG/source/jidctfst.c ****       /* AC terms all zero */
 671              		.loc 1 294 41 discriminator 1 view .LVU291
 672 02ce C269     		ldr	r2, [r0, #28]
 294:Middlewares/Third_Party/LibJPEG/source/jidctfst.c ****       /* AC terms all zero */
 673              		.loc 1 294 33 discriminator 1 view .LVU292
 674 02d0 002A     		cmp	r2, #0
 675 02d2 7FF464AF 		bne	.L7
 676              	.LBB3:
 296:Middlewares/Third_Party/LibJPEG/source/jidctfst.c **** 				  & RANGE_MASK];
 677              		.loc 1 296 7 is_stmt 1 view .LVU293
 296:Middlewares/Third_Party/LibJPEG/source/jidctfst.c **** 				  & RANGE_MASK];
 678              		.loc 1 296 35 is_stmt 0 view .LVU294
 679 02d6 50F8203B 		ldr	r3, [r0], #32
 680              	.LVL98:
 297:Middlewares/Third_Party/LibJPEG/source/jidctfst.c ****       
 681              		.loc 1 297 7 view .LVU295
 682 02da C3F34913 		ubfx	r3, r3, #5, #10
 296:Middlewares/Third_Party/LibJPEG/source/jidctfst.c **** 				  & RANGE_MASK];
 683              		.loc 1 296 15 view .LVU296
 684 02de F35C     		ldrb	r3, [r6, r3]	@ zero_extendqisi2
 685              	.LVL99:
ARM GAS  /tmp/cccmSCXg.s 			page 21


 299:Middlewares/Third_Party/LibJPEG/source/jidctfst.c ****       outptr[1] = dcval;
 686              		.loc 1 299 7 is_stmt 1 view .LVU297
 299:Middlewares/Third_Party/LibJPEG/source/jidctfst.c ****       outptr[1] = dcval;
 687              		.loc 1 299 17 is_stmt 0 view .LVU298
 688 02e0 019A     		ldr	r2, [sp, #4]
 689 02e2 4E99     		ldr	r1, [sp, #312]
 690 02e4 5354     		strb	r3, [r2, r1]
 300:Middlewares/Third_Party/LibJPEG/source/jidctfst.c ****       outptr[2] = dcval;
 691              		.loc 1 300 7 is_stmt 1 view .LVU299
 300:Middlewares/Third_Party/LibJPEG/source/jidctfst.c ****       outptr[2] = dcval;
 692              		.loc 1 300 17 is_stmt 0 view .LVU300
 693 02e6 6B70     		strb	r3, [r5, #1]
 301:Middlewares/Third_Party/LibJPEG/source/jidctfst.c ****       outptr[3] = dcval;
 694              		.loc 1 301 7 is_stmt 1 view .LVU301
 301:Middlewares/Third_Party/LibJPEG/source/jidctfst.c ****       outptr[3] = dcval;
 695              		.loc 1 301 17 is_stmt 0 view .LVU302
 696 02e8 AB70     		strb	r3, [r5, #2]
 302:Middlewares/Third_Party/LibJPEG/source/jidctfst.c ****       outptr[4] = dcval;
 697              		.loc 1 302 7 is_stmt 1 view .LVU303
 302:Middlewares/Third_Party/LibJPEG/source/jidctfst.c ****       outptr[4] = dcval;
 698              		.loc 1 302 17 is_stmt 0 view .LVU304
 699 02ea EB70     		strb	r3, [r5, #3]
 303:Middlewares/Third_Party/LibJPEG/source/jidctfst.c ****       outptr[5] = dcval;
 700              		.loc 1 303 7 is_stmt 1 view .LVU305
 303:Middlewares/Third_Party/LibJPEG/source/jidctfst.c ****       outptr[5] = dcval;
 701              		.loc 1 303 17 is_stmt 0 view .LVU306
 702 02ec 2B71     		strb	r3, [r5, #4]
 304:Middlewares/Third_Party/LibJPEG/source/jidctfst.c ****       outptr[6] = dcval;
 703              		.loc 1 304 7 is_stmt 1 view .LVU307
 304:Middlewares/Third_Party/LibJPEG/source/jidctfst.c ****       outptr[6] = dcval;
 704              		.loc 1 304 17 is_stmt 0 view .LVU308
 705 02ee 6B71     		strb	r3, [r5, #5]
 305:Middlewares/Third_Party/LibJPEG/source/jidctfst.c ****       outptr[7] = dcval;
 706              		.loc 1 305 7 is_stmt 1 view .LVU309
 305:Middlewares/Third_Party/LibJPEG/source/jidctfst.c ****       outptr[7] = dcval;
 707              		.loc 1 305 17 is_stmt 0 view .LVU310
 708 02f0 AB71     		strb	r3, [r5, #6]
 306:Middlewares/Third_Party/LibJPEG/source/jidctfst.c **** 
 709              		.loc 1 306 7 is_stmt 1 view .LVU311
 306:Middlewares/Third_Party/LibJPEG/source/jidctfst.c **** 
 710              		.loc 1 306 17 is_stmt 0 view .LVU312
 711 02f2 EB71     		strb	r3, [r5, #7]
 308:Middlewares/Third_Party/LibJPEG/source/jidctfst.c ****       continue;
 712              		.loc 1 308 7 is_stmt 1 view .LVU313
 713              	.LVL100:
 309:Middlewares/Third_Party/LibJPEG/source/jidctfst.c ****     }
 714              		.loc 1 309 7 view .LVU314
 715 02f4 CAE7     		b	.L8
 716              	.LVL101:
 717              	.L12:
 309:Middlewares/Third_Party/LibJPEG/source/jidctfst.c ****     }
 718              		.loc 1 309 7 is_stmt 0 view .LVU315
 719              	.LBE3:
 365:Middlewares/Third_Party/LibJPEG/source/jidctfst.c ****   }
 366:Middlewares/Third_Party/LibJPEG/source/jidctfst.c **** }
 720              		.loc 1 366 1 view .LVU316
 721 02f6 45B0     		add	sp, sp, #276
ARM GAS  /tmp/cccmSCXg.s 			page 22


 722              	.LCFI2:
 723              		.cfi_def_cfa_offset 36
 724              		@ sp needed
 725 02f8 BDE8F08F 		pop	{r4, r5, r6, r7, r8, r9, r10, fp, pc}
 726              		.loc 1 366 1 view .LVU317
 727              		.cfi_endproc
 728              	.LFE7:
 730              		.text
 731              	.Letext0:
 732              		.file 2 "/usr/lib/gcc/arm-none-eabi/10.3.1/include/stddef.h"
 733              		.file 3 "LIBJPEG/Target/jmorecfg.h"
 734              		.file 4 "Middlewares/Third_Party/LibJPEG/include/jpeglib.h"
 735              		.file 5 "Middlewares/Third_Party/LibJPEG/include/jpegint.h"
 736              		.file 6 "Middlewares/Third_Party/LibJPEG/include/jdct.h"
ARM GAS  /tmp/cccmSCXg.s 			page 23


DEFINED SYMBOLS
                            *ABS*:0000000000000000 jidctfst.c
     /tmp/cccmSCXg.s:18     .text.jpeg_idct_ifast:0000000000000000 $t
     /tmp/cccmSCXg.s:26     .text.jpeg_idct_ifast:0000000000000000 jpeg_idct_ifast

NO UNDEFINED SYMBOLS
