ARM GAS  /tmp/cc45jT38.s 			page 1


   1              		.cpu cortex-m4
   2              		.eabi_attribute 27, 1
   3              		.eabi_attribute 28, 1
   4              		.eabi_attribute 20, 1
   5              		.eabi_attribute 21, 1
   6              		.eabi_attribute 23, 3
   7              		.eabi_attribute 24, 1
   8              		.eabi_attribute 25, 1
   9              		.eabi_attribute 26, 1
  10              		.eabi_attribute 30, 1
  11              		.eabi_attribute 34, 1
  12              		.eabi_attribute 18, 4
  13              		.file	"jmemnobs.c"
  14              		.text
  15              	.Ltext0:
  16              		.cfi_sections	.debug_frame
  17              		.section	.text.jpeg_get_small,"ax",%progbits
  18              		.align	1
  19              		.global	jpeg_get_small
  20              		.arch armv7e-m
  21              		.syntax unified
  22              		.thumb
  23              		.thumb_func
  24              		.fpu fpv4-sp-d16
  26              	jpeg_get_small:
  27              	.LVL0:
  28              	.LFB7:
  29              		.file 1 "Middlewares/Third_Party/LibJPEG/source/jmemnobs.c"
   1:Middlewares/Third_Party/LibJPEG/source/jmemnobs.c **** /*
   2:Middlewares/Third_Party/LibJPEG/source/jmemnobs.c ****  * jmemnobs.c
   3:Middlewares/Third_Party/LibJPEG/source/jmemnobs.c ****  *
   4:Middlewares/Third_Party/LibJPEG/source/jmemnobs.c ****  * Copyright (C) 1992-1996, Thomas G. Lane.
   5:Middlewares/Third_Party/LibJPEG/source/jmemnobs.c ****  * This file is part of the Independent JPEG Group's software.
   6:Middlewares/Third_Party/LibJPEG/source/jmemnobs.c ****  * For conditions of distribution and use, see the accompanying README file.
   7:Middlewares/Third_Party/LibJPEG/source/jmemnobs.c ****  *
   8:Middlewares/Third_Party/LibJPEG/source/jmemnobs.c ****  * This file provides a really simple implementation of the system-
   9:Middlewares/Third_Party/LibJPEG/source/jmemnobs.c ****  * dependent portion of the JPEG memory manager.  This implementation
  10:Middlewares/Third_Party/LibJPEG/source/jmemnobs.c ****  * assumes that no backing-store files are needed: all required space
  11:Middlewares/Third_Party/LibJPEG/source/jmemnobs.c ****  * can be obtained from malloc().
  12:Middlewares/Third_Party/LibJPEG/source/jmemnobs.c ****  * This is very portable in the sense that it'll compile on almost anything,
  13:Middlewares/Third_Party/LibJPEG/source/jmemnobs.c ****  * but you'd better have lots of main memory (or virtual memory) if you want
  14:Middlewares/Third_Party/LibJPEG/source/jmemnobs.c ****  * to process big images.
  15:Middlewares/Third_Party/LibJPEG/source/jmemnobs.c ****  * Note that the max_memory_to_use option is ignored by this implementation.
  16:Middlewares/Third_Party/LibJPEG/source/jmemnobs.c ****  */
  17:Middlewares/Third_Party/LibJPEG/source/jmemnobs.c **** 
  18:Middlewares/Third_Party/LibJPEG/source/jmemnobs.c **** #define JPEG_INTERNALS
  19:Middlewares/Third_Party/LibJPEG/source/jmemnobs.c **** #include "jinclude.h"
  20:Middlewares/Third_Party/LibJPEG/source/jmemnobs.c **** #include "jpeglib.h"
  21:Middlewares/Third_Party/LibJPEG/source/jmemnobs.c **** #include "jmemsys.h"		/* import the system-dependent declarations */
  22:Middlewares/Third_Party/LibJPEG/source/jmemnobs.c **** 
  23:Middlewares/Third_Party/LibJPEG/source/jmemnobs.c **** /*
  24:Middlewares/Third_Party/LibJPEG/source/jmemnobs.c ****  * Memory allocation and freeing are controlled by the regular library
  25:Middlewares/Third_Party/LibJPEG/source/jmemnobs.c ****  * routines malloc() and free().
  26:Middlewares/Third_Party/LibJPEG/source/jmemnobs.c ****  */
  27:Middlewares/Third_Party/LibJPEG/source/jmemnobs.c **** 
  28:Middlewares/Third_Party/LibJPEG/source/jmemnobs.c **** GLOBAL(void *)
  29:Middlewares/Third_Party/LibJPEG/source/jmemnobs.c **** jpeg_get_small (j_common_ptr cinfo, size_t sizeofobject)
ARM GAS  /tmp/cc45jT38.s 			page 2


  30:Middlewares/Third_Party/LibJPEG/source/jmemnobs.c **** {
  30              		.loc 1 30 1 view -0
  31              		.cfi_startproc
  32              		@ args = 0, pretend = 0, frame = 0
  33              		@ frame_needed = 0, uses_anonymous_args = 0
  34              		.loc 1 30 1 is_stmt 0 view .LVU1
  35 0000 08B5     		push	{r3, lr}
  36              	.LCFI0:
  37              		.cfi_def_cfa_offset 8
  38              		.cfi_offset 3, -8
  39              		.cfi_offset 14, -4
  31:Middlewares/Third_Party/LibJPEG/source/jmemnobs.c ****   return (void *) JMALLOC(sizeofobject);
  40              		.loc 1 31 3 is_stmt 1 view .LVU2
  41              		.loc 1 31 10 is_stmt 0 view .LVU3
  42 0002 0846     		mov	r0, r1
  43              	.LVL1:
  44              		.loc 1 31 10 view .LVU4
  45 0004 FFF7FEFF 		bl	pvPortMalloc
  46              	.LVL2:
  32:Middlewares/Third_Party/LibJPEG/source/jmemnobs.c **** }
  47              		.loc 1 32 1 view .LVU5
  48 0008 08BD     		pop	{r3, pc}
  49              		.cfi_endproc
  50              	.LFE7:
  52              		.section	.text.jpeg_free_small,"ax",%progbits
  53              		.align	1
  54              		.global	jpeg_free_small
  55              		.syntax unified
  56              		.thumb
  57              		.thumb_func
  58              		.fpu fpv4-sp-d16
  60              	jpeg_free_small:
  61              	.LVL3:
  62              	.LFB8:
  33:Middlewares/Third_Party/LibJPEG/source/jmemnobs.c **** 
  34:Middlewares/Third_Party/LibJPEG/source/jmemnobs.c **** GLOBAL(void)
  35:Middlewares/Third_Party/LibJPEG/source/jmemnobs.c **** jpeg_free_small (j_common_ptr cinfo, void * object, size_t sizeofobject)
  36:Middlewares/Third_Party/LibJPEG/source/jmemnobs.c **** {
  63              		.loc 1 36 1 is_stmt 1 view -0
  64              		.cfi_startproc
  65              		@ args = 0, pretend = 0, frame = 0
  66              		@ frame_needed = 0, uses_anonymous_args = 0
  67              		.loc 1 36 1 is_stmt 0 view .LVU7
  68 0000 08B5     		push	{r3, lr}
  69              	.LCFI1:
  70              		.cfi_def_cfa_offset 8
  71              		.cfi_offset 3, -8
  72              		.cfi_offset 14, -4
  37:Middlewares/Third_Party/LibJPEG/source/jmemnobs.c ****   JFREE(object);
  73              		.loc 1 37 3 is_stmt 1 view .LVU8
  74 0002 0846     		mov	r0, r1
  75              	.LVL4:
  76              		.loc 1 37 3 is_stmt 0 view .LVU9
  77 0004 FFF7FEFF 		bl	vPortFree
  78              	.LVL5:
  38:Middlewares/Third_Party/LibJPEG/source/jmemnobs.c **** }
  79              		.loc 1 38 1 view .LVU10
ARM GAS  /tmp/cc45jT38.s 			page 3


  80 0008 08BD     		pop	{r3, pc}
  81              		.cfi_endproc
  82              	.LFE8:
  84              		.section	.text.jpeg_get_large,"ax",%progbits
  85              		.align	1
  86              		.global	jpeg_get_large
  87              		.syntax unified
  88              		.thumb
  89              		.thumb_func
  90              		.fpu fpv4-sp-d16
  92              	jpeg_get_large:
  93              	.LVL6:
  94              	.LFB9:
  39:Middlewares/Third_Party/LibJPEG/source/jmemnobs.c **** 
  40:Middlewares/Third_Party/LibJPEG/source/jmemnobs.c **** 
  41:Middlewares/Third_Party/LibJPEG/source/jmemnobs.c **** /*
  42:Middlewares/Third_Party/LibJPEG/source/jmemnobs.c ****  * "Large" objects are treated the same as "small" ones.
  43:Middlewares/Third_Party/LibJPEG/source/jmemnobs.c ****  * NB: although we include FAR keywords in the routine declarations,
  44:Middlewares/Third_Party/LibJPEG/source/jmemnobs.c ****  * this file won't actually work in 80x86 small/medium model; at least,
  45:Middlewares/Third_Party/LibJPEG/source/jmemnobs.c ****  * you probably won't be able to process useful-size images in only 64KB.
  46:Middlewares/Third_Party/LibJPEG/source/jmemnobs.c ****  */
  47:Middlewares/Third_Party/LibJPEG/source/jmemnobs.c **** 
  48:Middlewares/Third_Party/LibJPEG/source/jmemnobs.c **** GLOBAL(void FAR *)
  49:Middlewares/Third_Party/LibJPEG/source/jmemnobs.c **** jpeg_get_large (j_common_ptr cinfo, size_t sizeofobject)
  50:Middlewares/Third_Party/LibJPEG/source/jmemnobs.c **** {
  95              		.loc 1 50 1 is_stmt 1 view -0
  96              		.cfi_startproc
  97              		@ args = 0, pretend = 0, frame = 0
  98              		@ frame_needed = 0, uses_anonymous_args = 0
  99              		.loc 1 50 1 is_stmt 0 view .LVU12
 100 0000 08B5     		push	{r3, lr}
 101              	.LCFI2:
 102              		.cfi_def_cfa_offset 8
 103              		.cfi_offset 3, -8
 104              		.cfi_offset 14, -4
  51:Middlewares/Third_Party/LibJPEG/source/jmemnobs.c ****   return (void FAR *) JMALLOC(sizeofobject);
 105              		.loc 1 51 3 is_stmt 1 view .LVU13
 106              		.loc 1 51 10 is_stmt 0 view .LVU14
 107 0002 0846     		mov	r0, r1
 108              	.LVL7:
 109              		.loc 1 51 10 view .LVU15
 110 0004 FFF7FEFF 		bl	pvPortMalloc
 111              	.LVL8:
  52:Middlewares/Third_Party/LibJPEG/source/jmemnobs.c **** }
 112              		.loc 1 52 1 view .LVU16
 113 0008 08BD     		pop	{r3, pc}
 114              		.cfi_endproc
 115              	.LFE9:
 117              		.section	.text.jpeg_free_large,"ax",%progbits
 118              		.align	1
 119              		.global	jpeg_free_large
 120              		.syntax unified
 121              		.thumb
 122              		.thumb_func
 123              		.fpu fpv4-sp-d16
 125              	jpeg_free_large:
 126              	.LVL9:
ARM GAS  /tmp/cc45jT38.s 			page 4


 127              	.LFB10:
  53:Middlewares/Third_Party/LibJPEG/source/jmemnobs.c **** 
  54:Middlewares/Third_Party/LibJPEG/source/jmemnobs.c **** GLOBAL(void)
  55:Middlewares/Third_Party/LibJPEG/source/jmemnobs.c **** jpeg_free_large (j_common_ptr cinfo, void FAR * object, size_t sizeofobject)
  56:Middlewares/Third_Party/LibJPEG/source/jmemnobs.c **** {
 128              		.loc 1 56 1 is_stmt 1 view -0
 129              		.cfi_startproc
 130              		@ args = 0, pretend = 0, frame = 0
 131              		@ frame_needed = 0, uses_anonymous_args = 0
 132              		.loc 1 56 1 is_stmt 0 view .LVU18
 133 0000 08B5     		push	{r3, lr}
 134              	.LCFI3:
 135              		.cfi_def_cfa_offset 8
 136              		.cfi_offset 3, -8
 137              		.cfi_offset 14, -4
  57:Middlewares/Third_Party/LibJPEG/source/jmemnobs.c ****   JFREE(object);
 138              		.loc 1 57 3 is_stmt 1 view .LVU19
 139 0002 0846     		mov	r0, r1
 140              	.LVL10:
 141              		.loc 1 57 3 is_stmt 0 view .LVU20
 142 0004 FFF7FEFF 		bl	vPortFree
 143              	.LVL11:
  58:Middlewares/Third_Party/LibJPEG/source/jmemnobs.c **** }
 144              		.loc 1 58 1 view .LVU21
 145 0008 08BD     		pop	{r3, pc}
 146              		.cfi_endproc
 147              	.LFE10:
 149              		.section	.text.jpeg_mem_available,"ax",%progbits
 150              		.align	1
 151              		.global	jpeg_mem_available
 152              		.syntax unified
 153              		.thumb
 154              		.thumb_func
 155              		.fpu fpv4-sp-d16
 157              	jpeg_mem_available:
 158              	.LVL12:
 159              	.LFB11:
  59:Middlewares/Third_Party/LibJPEG/source/jmemnobs.c **** 
  60:Middlewares/Third_Party/LibJPEG/source/jmemnobs.c **** 
  61:Middlewares/Third_Party/LibJPEG/source/jmemnobs.c **** /*
  62:Middlewares/Third_Party/LibJPEG/source/jmemnobs.c ****  * This routine computes the total memory space available for allocation.
  63:Middlewares/Third_Party/LibJPEG/source/jmemnobs.c ****  * Here we always say, "we got all you want bud!"
  64:Middlewares/Third_Party/LibJPEG/source/jmemnobs.c ****  */
  65:Middlewares/Third_Party/LibJPEG/source/jmemnobs.c **** 
  66:Middlewares/Third_Party/LibJPEG/source/jmemnobs.c **** GLOBAL(long)
  67:Middlewares/Third_Party/LibJPEG/source/jmemnobs.c **** jpeg_mem_available (j_common_ptr cinfo, long min_bytes_needed,
  68:Middlewares/Third_Party/LibJPEG/source/jmemnobs.c **** 		    long max_bytes_needed, long already_allocated)
  69:Middlewares/Third_Party/LibJPEG/source/jmemnobs.c **** {
 160              		.loc 1 69 1 is_stmt 1 view -0
 161              		.cfi_startproc
 162              		@ args = 0, pretend = 0, frame = 0
 163              		@ frame_needed = 0, uses_anonymous_args = 0
 164              		@ link register save eliminated.
  70:Middlewares/Third_Party/LibJPEG/source/jmemnobs.c ****   return max_bytes_needed;
 165              		.loc 1 70 3 view .LVU23
  71:Middlewares/Third_Party/LibJPEG/source/jmemnobs.c **** }
 166              		.loc 1 71 1 is_stmt 0 view .LVU24
ARM GAS  /tmp/cc45jT38.s 			page 5


 167 0000 1046     		mov	r0, r2
 168              	.LVL13:
 169              		.loc 1 71 1 view .LVU25
 170 0002 7047     		bx	lr
 171              		.cfi_endproc
 172              	.LFE11:
 174              		.section	.text.jpeg_open_backing_store,"ax",%progbits
 175              		.align	1
 176              		.global	jpeg_open_backing_store
 177              		.syntax unified
 178              		.thumb
 179              		.thumb_func
 180              		.fpu fpv4-sp-d16
 182              	jpeg_open_backing_store:
 183              	.LVL14:
 184              	.LFB12:
  72:Middlewares/Third_Party/LibJPEG/source/jmemnobs.c **** 
  73:Middlewares/Third_Party/LibJPEG/source/jmemnobs.c **** 
  74:Middlewares/Third_Party/LibJPEG/source/jmemnobs.c **** /*
  75:Middlewares/Third_Party/LibJPEG/source/jmemnobs.c ****  * Backing store (temporary file) management.
  76:Middlewares/Third_Party/LibJPEG/source/jmemnobs.c ****  * Since jpeg_mem_available always promised the moon,
  77:Middlewares/Third_Party/LibJPEG/source/jmemnobs.c ****  * this should never be called and we can just error out.
  78:Middlewares/Third_Party/LibJPEG/source/jmemnobs.c ****  */
  79:Middlewares/Third_Party/LibJPEG/source/jmemnobs.c **** 
  80:Middlewares/Third_Party/LibJPEG/source/jmemnobs.c **** GLOBAL(void)
  81:Middlewares/Third_Party/LibJPEG/source/jmemnobs.c **** jpeg_open_backing_store (j_common_ptr cinfo, backing_store_ptr info,
  82:Middlewares/Third_Party/LibJPEG/source/jmemnobs.c **** 			 long total_bytes_needed)
  83:Middlewares/Third_Party/LibJPEG/source/jmemnobs.c **** {
 185              		.loc 1 83 1 is_stmt 1 view -0
 186              		.cfi_startproc
 187              		@ args = 0, pretend = 0, frame = 0
 188              		@ frame_needed = 0, uses_anonymous_args = 0
 189              		.loc 1 83 1 is_stmt 0 view .LVU27
 190 0000 08B5     		push	{r3, lr}
 191              	.LCFI4:
 192              		.cfi_def_cfa_offset 8
 193              		.cfi_offset 3, -8
 194              		.cfi_offset 14, -4
  84:Middlewares/Third_Party/LibJPEG/source/jmemnobs.c ****   ERREXIT(cinfo, JERR_NO_BACKING_STORE);
 195              		.loc 1 84 3 is_stmt 1 view .LVU28
 196 0002 0268     		ldr	r2, [r0]
 197              	.LVL15:
 198              		.loc 1 84 3 is_stmt 0 view .LVU29
 199 0004 3321     		movs	r1, #51
 200              	.LVL16:
 201              		.loc 1 84 3 view .LVU30
 202 0006 5161     		str	r1, [r2, #20]
 203 0008 0368     		ldr	r3, [r0]
 204 000a 1B68     		ldr	r3, [r3]
 205 000c 9847     		blx	r3
 206              	.LVL17:
  85:Middlewares/Third_Party/LibJPEG/source/jmemnobs.c **** }
 207              		.loc 1 85 1 view .LVU31
 208 000e 08BD     		pop	{r3, pc}
 209              		.cfi_endproc
 210              	.LFE12:
 212              		.section	.text.jpeg_mem_init,"ax",%progbits
ARM GAS  /tmp/cc45jT38.s 			page 6


 213              		.align	1
 214              		.global	jpeg_mem_init
 215              		.syntax unified
 216              		.thumb
 217              		.thumb_func
 218              		.fpu fpv4-sp-d16
 220              	jpeg_mem_init:
 221              	.LVL18:
 222              	.LFB13:
  86:Middlewares/Third_Party/LibJPEG/source/jmemnobs.c **** 
  87:Middlewares/Third_Party/LibJPEG/source/jmemnobs.c **** 
  88:Middlewares/Third_Party/LibJPEG/source/jmemnobs.c **** /*
  89:Middlewares/Third_Party/LibJPEG/source/jmemnobs.c ****  * These routines take care of any system-dependent initialization and
  90:Middlewares/Third_Party/LibJPEG/source/jmemnobs.c ****  * cleanup required.  Here, there isn't any.
  91:Middlewares/Third_Party/LibJPEG/source/jmemnobs.c ****  */
  92:Middlewares/Third_Party/LibJPEG/source/jmemnobs.c **** 
  93:Middlewares/Third_Party/LibJPEG/source/jmemnobs.c **** GLOBAL(long)
  94:Middlewares/Third_Party/LibJPEG/source/jmemnobs.c **** jpeg_mem_init (j_common_ptr cinfo)
  95:Middlewares/Third_Party/LibJPEG/source/jmemnobs.c **** {
 223              		.loc 1 95 1 is_stmt 1 view -0
 224              		.cfi_startproc
 225              		@ args = 0, pretend = 0, frame = 0
 226              		@ frame_needed = 0, uses_anonymous_args = 0
 227              		@ link register save eliminated.
  96:Middlewares/Third_Party/LibJPEG/source/jmemnobs.c ****   return 0;			/* just set max_memory_to_use to 0 */
 228              		.loc 1 96 3 view .LVU33
  97:Middlewares/Third_Party/LibJPEG/source/jmemnobs.c **** }
 229              		.loc 1 97 1 is_stmt 0 view .LVU34
 230 0000 0020     		movs	r0, #0
 231              	.LVL19:
 232              		.loc 1 97 1 view .LVU35
 233 0002 7047     		bx	lr
 234              		.cfi_endproc
 235              	.LFE13:
 237              		.section	.text.jpeg_mem_term,"ax",%progbits
 238              		.align	1
 239              		.global	jpeg_mem_term
 240              		.syntax unified
 241              		.thumb
 242              		.thumb_func
 243              		.fpu fpv4-sp-d16
 245              	jpeg_mem_term:
 246              	.LVL20:
 247              	.LFB14:
  98:Middlewares/Third_Party/LibJPEG/source/jmemnobs.c **** 
  99:Middlewares/Third_Party/LibJPEG/source/jmemnobs.c **** GLOBAL(void)
 100:Middlewares/Third_Party/LibJPEG/source/jmemnobs.c **** jpeg_mem_term (j_common_ptr cinfo)
 101:Middlewares/Third_Party/LibJPEG/source/jmemnobs.c **** {
 248              		.loc 1 101 1 is_stmt 1 view -0
 249              		.cfi_startproc
 250              		@ args = 0, pretend = 0, frame = 0
 251              		@ frame_needed = 0, uses_anonymous_args = 0
 252              		@ link register save eliminated.
 102:Middlewares/Third_Party/LibJPEG/source/jmemnobs.c **** }
 253              		.loc 1 102 1 view .LVU37
 254 0000 7047     		bx	lr
 255              		.cfi_endproc
ARM GAS  /tmp/cc45jT38.s 			page 7


 256              	.LFE14:
 258              		.text
 259              	.Letext0:
 260              		.file 2 "/usr/lib/gcc/arm-none-eabi/10.3.1/include/stddef.h"
 261              		.file 3 "LIBJPEG/Target/jmorecfg.h"
 262              		.file 4 "Middlewares/Third_Party/LibJPEG/include/jpeglib.h"
 263              		.file 5 "Middlewares/Third_Party/LibJPEG/include/jmemsys.h"
 264              		.file 6 "Middlewares/Third_Party/FreeRTOS/Source/include/portable.h"
 265              		.file 7 "Middlewares/Third_Party/LibJPEG/include/jerror.h"
ARM GAS  /tmp/cc45jT38.s 			page 8


DEFINED SYMBOLS
                            *ABS*:0000000000000000 jmemnobs.c
     /tmp/cc45jT38.s:18     .text.jpeg_get_small:0000000000000000 $t
     /tmp/cc45jT38.s:26     .text.jpeg_get_small:0000000000000000 jpeg_get_small
     /tmp/cc45jT38.s:53     .text.jpeg_free_small:0000000000000000 $t
     /tmp/cc45jT38.s:60     .text.jpeg_free_small:0000000000000000 jpeg_free_small
     /tmp/cc45jT38.s:85     .text.jpeg_get_large:0000000000000000 $t
     /tmp/cc45jT38.s:92     .text.jpeg_get_large:0000000000000000 jpeg_get_large
     /tmp/cc45jT38.s:118    .text.jpeg_free_large:0000000000000000 $t
     /tmp/cc45jT38.s:125    .text.jpeg_free_large:0000000000000000 jpeg_free_large
     /tmp/cc45jT38.s:150    .text.jpeg_mem_available:0000000000000000 $t
     /tmp/cc45jT38.s:157    .text.jpeg_mem_available:0000000000000000 jpeg_mem_available
     /tmp/cc45jT38.s:175    .text.jpeg_open_backing_store:0000000000000000 $t
     /tmp/cc45jT38.s:182    .text.jpeg_open_backing_store:0000000000000000 jpeg_open_backing_store
     /tmp/cc45jT38.s:213    .text.jpeg_mem_init:0000000000000000 $t
     /tmp/cc45jT38.s:220    .text.jpeg_mem_init:0000000000000000 jpeg_mem_init
     /tmp/cc45jT38.s:238    .text.jpeg_mem_term:0000000000000000 $t
     /tmp/cc45jT38.s:245    .text.jpeg_mem_term:0000000000000000 jpeg_mem_term

UNDEFINED SYMBOLS
pvPortMalloc
vPortFree
