ARM GAS  /tmp/ccgFufKa.s 			page 1


   1              		.cpu cortex-m4
   2              		.eabi_attribute 27, 1
   3              		.eabi_attribute 28, 1
   4              		.eabi_attribute 20, 1
   5              		.eabi_attribute 21, 1
   6              		.eabi_attribute 23, 3
   7              		.eabi_attribute 24, 1
   8              		.eabi_attribute 25, 1
   9              		.eabi_attribute 26, 1
  10              		.eabi_attribute 30, 1
  11              		.eabi_attribute 34, 1
  12              		.eabi_attribute 18, 4
  13              		.file	"libjpeg.c"
  14              		.text
  15              	.Ltext0:
  16              		.cfi_sections	.debug_frame
  17              		.section	.text.MX_LIBJPEG_Init,"ax",%progbits
  18              		.align	1
  19              		.global	MX_LIBJPEG_Init
  20              		.arch armv7e-m
  21              		.syntax unified
  22              		.thumb
  23              		.thumb_func
  24              		.fpu fpv4-sp-d16
  26              	MX_LIBJPEG_Init:
  27              	.LFB7:
  28              		.file 1 "LIBJPEG/App/libjpeg.c"
   1:LIBJPEG/App/libjpeg.c **** /* USER CODE BEGIN Header */
   2:LIBJPEG/App/libjpeg.c **** /**
   3:LIBJPEG/App/libjpeg.c ****  ******************************************************************************
   4:LIBJPEG/App/libjpeg.c ****   * File Name          : libjpeg.c
   5:LIBJPEG/App/libjpeg.c ****   * Description        : This file provides code for the configuration
   6:LIBJPEG/App/libjpeg.c ****   *                      of the libjpeg instances.
   7:LIBJPEG/App/libjpeg.c ****   ******************************************************************************
   8:LIBJPEG/App/libjpeg.c ****   * @attention
   9:LIBJPEG/App/libjpeg.c ****   *
  10:LIBJPEG/App/libjpeg.c ****   * Copyright (c) 2023 STMicroelectronics.
  11:LIBJPEG/App/libjpeg.c ****   * All rights reserved.
  12:LIBJPEG/App/libjpeg.c ****   *
  13:LIBJPEG/App/libjpeg.c ****   * This software is licensed under terms that can be found in the LICENSE file
  14:LIBJPEG/App/libjpeg.c ****   * in the root directory of this software component.
  15:LIBJPEG/App/libjpeg.c ****   * If no LICENSE file comes with this software, it is provided AS-IS.
  16:LIBJPEG/App/libjpeg.c ****   *
  17:LIBJPEG/App/libjpeg.c ****   ******************************************************************************
  18:LIBJPEG/App/libjpeg.c ****   */
  19:LIBJPEG/App/libjpeg.c **** /* USER CODE END Header */
  20:LIBJPEG/App/libjpeg.c **** 
  21:LIBJPEG/App/libjpeg.c **** /* Includes ------------------------------------------------------------------*/
  22:LIBJPEG/App/libjpeg.c **** #include "libjpeg.h"
  23:LIBJPEG/App/libjpeg.c **** 
  24:LIBJPEG/App/libjpeg.c **** /* USER CODE BEGIN 0 */
  25:LIBJPEG/App/libjpeg.c **** /* USER CODE END 0 */
  26:LIBJPEG/App/libjpeg.c **** 
  27:LIBJPEG/App/libjpeg.c **** /* USER CODE BEGIN 1 */
  28:LIBJPEG/App/libjpeg.c **** /* USER CODE END 1 */
  29:LIBJPEG/App/libjpeg.c **** 
  30:LIBJPEG/App/libjpeg.c **** /* Global variables ---------------------------------------------------------*/
ARM GAS  /tmp/ccgFufKa.s 			page 2


  31:LIBJPEG/App/libjpeg.c **** 
  32:LIBJPEG/App/libjpeg.c **** /* USER CODE BEGIN 2 */
  33:LIBJPEG/App/libjpeg.c **** /* USER CODE END 2 */
  34:LIBJPEG/App/libjpeg.c **** 
  35:LIBJPEG/App/libjpeg.c **** /* LIBJPEG init function */
  36:LIBJPEG/App/libjpeg.c **** void MX_LIBJPEG_Init(void)
  37:LIBJPEG/App/libjpeg.c **** {
  29              		.loc 1 37 1 view -0
  30              		.cfi_startproc
  31              		@ args = 0, pretend = 0, frame = 0
  32              		@ frame_needed = 0, uses_anonymous_args = 0
  33              		@ link register save eliminated.
  38:LIBJPEG/App/libjpeg.c **** /***************************************/
  39:LIBJPEG/App/libjpeg.c ****    /**
  40:LIBJPEG/App/libjpeg.c ****   */
  41:LIBJPEG/App/libjpeg.c **** 
  42:LIBJPEG/App/libjpeg.c ****   /* USER CODE BEGIN 3 */
  43:LIBJPEG/App/libjpeg.c ****   /* USER CODE END 3 */
  44:LIBJPEG/App/libjpeg.c **** 
  45:LIBJPEG/App/libjpeg.c **** }
  34              		.loc 1 45 1 view .LVU1
  35 0000 7047     		bx	lr
  36              		.cfi_endproc
  37              	.LFE7:
  39              		.text
  40              	.Letext0:
ARM GAS  /tmp/ccgFufKa.s 			page 3


DEFINED SYMBOLS
                            *ABS*:0000000000000000 libjpeg.c
     /tmp/ccgFufKa.s:18     .text.MX_LIBJPEG_Init:0000000000000000 $t
     /tmp/ccgFufKa.s:26     .text.MX_LIBJPEG_Init:0000000000000000 MX_LIBJPEG_Init

NO UNDEFINED SYMBOLS
