ARM GAS  /tmp/cc60DIO2.s 			page 1


   1              		.cpu cortex-m4
   2              		.eabi_attribute 27, 1
   3              		.eabi_attribute 28, 1
   4              		.eabi_attribute 20, 1
   5              		.eabi_attribute 21, 1
   6              		.eabi_attribute 23, 3
   7              		.eabi_attribute 24, 1
   8              		.eabi_attribute 25, 1
   9              		.eabi_attribute 26, 1
  10              		.eabi_attribute 30, 1
  11              		.eabi_attribute 34, 1
  12              		.eabi_attribute 18, 4
  13              		.file	"microros_allocators.c"
  14              		.text
  15              	.Ltext0:
  16              		.cfi_sections	.debug_frame
  17              		.section	.text.microros_allocate,"ax",%progbits
  18              		.align	1
  19              		.global	microros_allocate
  20              		.syntax unified
  21              		.thumb
  22              		.thumb_func
  23              		.fpu fpv4-sp-d16
  25              	microros_allocate:
  26              	.LFB4:
  27              		.file 1 "micro_ros_stm32cubemx_utils/extra_sources/microros_allocators.c"
   1:micro_ros_stm32cubemx_utils/extra_sources/microros_allocators.c **** 
   2:micro_ros_stm32cubemx_utils/extra_sources/microros_allocators.c **** #include <unistd.h>
   3:micro_ros_stm32cubemx_utils/extra_sources/microros_allocators.c **** #include "cmsis_os.h"
   4:micro_ros_stm32cubemx_utils/extra_sources/microros_allocators.c **** 
   5:micro_ros_stm32cubemx_utils/extra_sources/microros_allocators.c **** int absoluteUsedMemory = 0;
   6:micro_ros_stm32cubemx_utils/extra_sources/microros_allocators.c **** int usedMemory = 0;
   7:micro_ros_stm32cubemx_utils/extra_sources/microros_allocators.c **** 
   8:micro_ros_stm32cubemx_utils/extra_sources/microros_allocators.c **** void *pvPortMallocMicroROS( size_t xWantedSize );
   9:micro_ros_stm32cubemx_utils/extra_sources/microros_allocators.c **** void vPortFreeMicroROS( void *pv );
  10:micro_ros_stm32cubemx_utils/extra_sources/microros_allocators.c **** void *pvPortReallocMicroROS( void *pv, size_t xWantedSize );
  11:micro_ros_stm32cubemx_utils/extra_sources/microros_allocators.c **** size_t getBlockSize( void *pv );
  12:micro_ros_stm32cubemx_utils/extra_sources/microros_allocators.c **** void *pvPortCallocMicroROS( size_t num, size_t xWantedSize );
  13:micro_ros_stm32cubemx_utils/extra_sources/microros_allocators.c **** 
  14:micro_ros_stm32cubemx_utils/extra_sources/microros_allocators.c **** void * microros_allocate(size_t size, void * state){
  28              		.loc 1 14 0
  29              		.cfi_startproc
  30              		@ args = 0, pretend = 0, frame = 0
  31              		@ frame_needed = 0, uses_anonymous_args = 0
  32              	.LVL0:
  33 0000 08B5     		push	{r3, lr}
  34              	.LCFI0:
  35              		.cfi_def_cfa_offset 8
  36              		.cfi_offset 3, -8
  37              		.cfi_offset 14, -4
  15:micro_ros_stm32cubemx_utils/extra_sources/microros_allocators.c ****   (void) state;
  16:micro_ros_stm32cubemx_utils/extra_sources/microros_allocators.c ****   // printf("-- Alloc %d (prev: %d B)\n",size, xPortGetFreeHeapSize());
  17:micro_ros_stm32cubemx_utils/extra_sources/microros_allocators.c ****   absoluteUsedMemory += size;
  38              		.loc 1 17 0
  39 0002 054B     		ldr	r3, .L3
  40 0004 1A68     		ldr	r2, [r3]
  41 0006 0244     		add	r2, r2, r0
ARM GAS  /tmp/cc60DIO2.s 			page 2


  42 0008 1A60     		str	r2, [r3]
  18:micro_ros_stm32cubemx_utils/extra_sources/microros_allocators.c ****   usedMemory += size;
  43              		.loc 1 18 0
  44 000a 044A     		ldr	r2, .L3+4
  45 000c 1368     		ldr	r3, [r2]
  46 000e 0344     		add	r3, r3, r0
  47 0010 1360     		str	r3, [r2]
  19:micro_ros_stm32cubemx_utils/extra_sources/microros_allocators.c ****   return pvPortMallocMicroROS(size);
  48              		.loc 1 19 0
  49 0012 FFF7FEFF 		bl	pvPortMallocMicroROS
  50              	.LVL1:
  20:micro_ros_stm32cubemx_utils/extra_sources/microros_allocators.c **** }
  51              		.loc 1 20 0
  52 0016 08BD     		pop	{r3, pc}
  53              	.L4:
  54              		.align	2
  55              	.L3:
  56 0018 00000000 		.word	.LANCHOR0
  57 001c 00000000 		.word	.LANCHOR1
  58              		.cfi_endproc
  59              	.LFE4:
  61              		.section	.text.microros_deallocate,"ax",%progbits
  62              		.align	1
  63              		.global	microros_deallocate
  64              		.syntax unified
  65              		.thumb
  66              		.thumb_func
  67              		.fpu fpv4-sp-d16
  69              	microros_deallocate:
  70              	.LFB5:
  21:micro_ros_stm32cubemx_utils/extra_sources/microros_allocators.c **** 
  22:micro_ros_stm32cubemx_utils/extra_sources/microros_allocators.c **** void microros_deallocate(void * pointer, void * state){
  71              		.loc 1 22 0
  72              		.cfi_startproc
  73              		@ args = 0, pretend = 0, frame = 0
  74              		@ frame_needed = 0, uses_anonymous_args = 0
  75              	.LVL2:
  23:micro_ros_stm32cubemx_utils/extra_sources/microros_allocators.c ****   (void) state;
  24:micro_ros_stm32cubemx_utils/extra_sources/microros_allocators.c ****   // printf("-- Free %d (prev: %d B)\n",getBlockSize(pointer), xPortGetFreeHeapSize());
  25:micro_ros_stm32cubemx_utils/extra_sources/microros_allocators.c ****   if (NULL != pointer){
  76              		.loc 1 25 0
  77 0000 58B1     		cbz	r0, .L8
  22:micro_ros_stm32cubemx_utils/extra_sources/microros_allocators.c ****   (void) state;
  78              		.loc 1 22 0
  79 0002 10B5     		push	{r4, lr}
  80              	.LCFI1:
  81              		.cfi_def_cfa_offset 8
  82              		.cfi_offset 4, -8
  83              		.cfi_offset 14, -4
  84 0004 0446     		mov	r4, r0
  26:micro_ros_stm32cubemx_utils/extra_sources/microros_allocators.c ****     usedMemory -= getBlockSize(pointer);
  85              		.loc 1 26 0
  86 0006 FFF7FEFF 		bl	getBlockSize
  87              	.LVL3:
  88 000a 044A     		ldr	r2, .L11
  89 000c 1368     		ldr	r3, [r2]
  90 000e 181A     		subs	r0, r3, r0
ARM GAS  /tmp/cc60DIO2.s 			page 3


  91 0010 1060     		str	r0, [r2]
  27:micro_ros_stm32cubemx_utils/extra_sources/microros_allocators.c ****     vPortFreeMicroROS(pointer);
  92              		.loc 1 27 0
  93 0012 2046     		mov	r0, r4
  94 0014 FFF7FEFF 		bl	vPortFreeMicroROS
  95              	.LVL4:
  96 0018 10BD     		pop	{r4, pc}
  97              	.LVL5:
  98              	.L8:
  99              	.LCFI2:
 100              		.cfi_def_cfa_offset 0
 101              		.cfi_restore 4
 102              		.cfi_restore 14
 103 001a 7047     		bx	lr
 104              	.L12:
 105              		.align	2
 106              	.L11:
 107 001c 00000000 		.word	.LANCHOR1
 108              		.cfi_endproc
 109              	.LFE5:
 111              		.section	.text.microros_reallocate,"ax",%progbits
 112              		.align	1
 113              		.global	microros_reallocate
 114              		.syntax unified
 115              		.thumb
 116              		.thumb_func
 117              		.fpu fpv4-sp-d16
 119              	microros_reallocate:
 120              	.LFB6:
  28:micro_ros_stm32cubemx_utils/extra_sources/microros_allocators.c ****   }
  29:micro_ros_stm32cubemx_utils/extra_sources/microros_allocators.c **** }
  30:micro_ros_stm32cubemx_utils/extra_sources/microros_allocators.c **** 
  31:micro_ros_stm32cubemx_utils/extra_sources/microros_allocators.c **** void * microros_reallocate(void * pointer, size_t size, void * state){
 121              		.loc 1 31 0
 122              		.cfi_startproc
 123              		@ args = 0, pretend = 0, frame = 0
 124              		@ frame_needed = 0, uses_anonymous_args = 0
 125              	.LVL6:
 126 0000 38B5     		push	{r3, r4, r5, lr}
 127              	.LCFI3:
 128              		.cfi_def_cfa_offset 16
 129              		.cfi_offset 3, -16
 130              		.cfi_offset 4, -12
 131              		.cfi_offset 5, -8
 132              		.cfi_offset 14, -4
 133 0002 0C46     		mov	r4, r1
  32:micro_ros_stm32cubemx_utils/extra_sources/microros_allocators.c ****   (void) state;
  33:micro_ros_stm32cubemx_utils/extra_sources/microros_allocators.c ****   // printf("-- Realloc %d -> %d (prev: %d B)\n",getBlockSize(pointer),size, xPortGetFreeHeapSize()
  34:micro_ros_stm32cubemx_utils/extra_sources/microros_allocators.c ****   absoluteUsedMemory += size;
 134              		.loc 1 34 0
 135 0004 0C4A     		ldr	r2, .L18
 136              	.LVL7:
 137 0006 1368     		ldr	r3, [r2]
 138 0008 0B44     		add	r3, r3, r1
 139 000a 1360     		str	r3, [r2]
  35:micro_ros_stm32cubemx_utils/extra_sources/microros_allocators.c ****   usedMemory += size;
 140              		.loc 1 35 0
ARM GAS  /tmp/cc60DIO2.s 			page 4


 141 000c 0B4A     		ldr	r2, .L18+4
 142 000e 1368     		ldr	r3, [r2]
 143 0010 0B44     		add	r3, r3, r1
 144 0012 1360     		str	r3, [r2]
  36:micro_ros_stm32cubemx_utils/extra_sources/microros_allocators.c ****   if (NULL == pointer){
 145              		.loc 1 36 0
 146 0014 58B1     		cbz	r0, .L17
 147 0016 0546     		mov	r5, r0
  37:micro_ros_stm32cubemx_utils/extra_sources/microros_allocators.c ****     return pvPortMallocMicroROS(size);
  38:micro_ros_stm32cubemx_utils/extra_sources/microros_allocators.c ****   } else {
  39:micro_ros_stm32cubemx_utils/extra_sources/microros_allocators.c ****     usedMemory -= getBlockSize(pointer);
 148              		.loc 1 39 0
 149 0018 FFF7FEFF 		bl	getBlockSize
 150              	.LVL8:
 151 001c 074A     		ldr	r2, .L18+4
 152 001e 1368     		ldr	r3, [r2]
 153 0020 181A     		subs	r0, r3, r0
 154 0022 1060     		str	r0, [r2]
  40:micro_ros_stm32cubemx_utils/extra_sources/microros_allocators.c ****     return pvPortReallocMicroROS(pointer,size);
 155              		.loc 1 40 0
 156 0024 2146     		mov	r1, r4
 157 0026 2846     		mov	r0, r5
 158 0028 FFF7FEFF 		bl	pvPortReallocMicroROS
 159              	.LVL9:
  41:micro_ros_stm32cubemx_utils/extra_sources/microros_allocators.c ****   }
  42:micro_ros_stm32cubemx_utils/extra_sources/microros_allocators.c **** }
 160              		.loc 1 42 0
 161 002c 38BD     		pop	{r3, r4, r5, pc}
 162              	.LVL10:
 163              	.L17:
  37:micro_ros_stm32cubemx_utils/extra_sources/microros_allocators.c ****   } else {
 164              		.loc 1 37 0
 165 002e 0846     		mov	r0, r1
 166              	.LVL11:
 167 0030 FFF7FEFF 		bl	pvPortMallocMicroROS
 168              	.LVL12:
 169 0034 38BD     		pop	{r3, r4, r5, pc}
 170              	.LVL13:
 171              	.L19:
 172 0036 00BF     		.align	2
 173              	.L18:
 174 0038 00000000 		.word	.LANCHOR0
 175 003c 00000000 		.word	.LANCHOR1
 176              		.cfi_endproc
 177              	.LFE6:
 179              		.section	.text.microros_zero_allocate,"ax",%progbits
 180              		.align	1
 181              		.global	microros_zero_allocate
 182              		.syntax unified
 183              		.thumb
 184              		.thumb_func
 185              		.fpu fpv4-sp-d16
 187              	microros_zero_allocate:
 188              	.LFB7:
  43:micro_ros_stm32cubemx_utils/extra_sources/microros_allocators.c **** 
  44:micro_ros_stm32cubemx_utils/extra_sources/microros_allocators.c **** void * microros_zero_allocate(size_t number_of_elements, size_t size_of_element, void * state){
 189              		.loc 1 44 0
ARM GAS  /tmp/cc60DIO2.s 			page 5


 190              		.cfi_startproc
 191              		@ args = 0, pretend = 0, frame = 0
 192              		@ frame_needed = 0, uses_anonymous_args = 0
 193              	.LVL14:
 194 0000 10B5     		push	{r4, lr}
 195              	.LCFI4:
 196              		.cfi_def_cfa_offset 8
 197              		.cfi_offset 4, -8
 198              		.cfi_offset 14, -4
  45:micro_ros_stm32cubemx_utils/extra_sources/microros_allocators.c ****   (void) state;
  46:micro_ros_stm32cubemx_utils/extra_sources/microros_allocators.c ****   // printf("-- Calloc %d x %d = %d -> (prev: %d B)\n",number_of_elements,size_of_element, number_o
  47:micro_ros_stm32cubemx_utils/extra_sources/microros_allocators.c ****   absoluteUsedMemory += number_of_elements*size_of_element;
 199              		.loc 1 47 0
 200 0002 01FB00F4 		mul	r4, r1, r0
 201 0006 054B     		ldr	r3, .L22
 202 0008 1A68     		ldr	r2, [r3]
 203              	.LVL15:
 204 000a 2244     		add	r2, r2, r4
 205 000c 1A60     		str	r2, [r3]
  48:micro_ros_stm32cubemx_utils/extra_sources/microros_allocators.c ****   usedMemory += number_of_elements*size_of_element;
 206              		.loc 1 48 0
 207 000e 044A     		ldr	r2, .L22+4
 208 0010 1368     		ldr	r3, [r2]
 209 0012 2344     		add	r3, r3, r4
 210 0014 1360     		str	r3, [r2]
  49:micro_ros_stm32cubemx_utils/extra_sources/microros_allocators.c ****   return pvPortCallocMicroROS(number_of_elements,size_of_element);
 211              		.loc 1 49 0
 212 0016 FFF7FEFF 		bl	pvPortCallocMicroROS
 213              	.LVL16:
  50:micro_ros_stm32cubemx_utils/extra_sources/microros_allocators.c **** }...
 214              		.loc 1 50 0
 215 001a 10BD     		pop	{r4, pc}
 216              	.L23:
 217              		.align	2
 218              	.L22:
 219 001c 00000000 		.word	.LANCHOR0
 220 0020 00000000 		.word	.LANCHOR1
 221              		.cfi_endproc
 222              	.LFE7:
 224              		.global	usedMemory
 225              		.global	absoluteUsedMemory
 226              		.section	.bss.absoluteUsedMemory,"aw",%nobits
 227              		.align	2
 228              		.set	.LANCHOR0,. + 0
 231              	absoluteUsedMemory:
 232 0000 00000000 		.space	4
 233              		.section	.bss.usedMemory,"aw",%nobits
 234              		.align	2
 235              		.set	.LANCHOR1,. + 0
 238              	usedMemory:
 239 0000 00000000 		.space	4
 240              		.text
 241              	.Letext0:
 242              		.file 2 "/usr/include/newlib/machine/_default_types.h"
 243              		.file 3 "/usr/lib/gcc/arm-none-eabi/6.3.1/include/stddef.h"
 244              		.file 4 "/usr/include/newlib/sys/_stdint.h"
 245              		.file 5 "/usr/include/newlib/sys/unistd.h"
ARM GAS  /tmp/cc60DIO2.s 			page 6


 246              		.file 6 "Core/Inc/FreeRTOSConfig.h"
ARM GAS  /tmp/cc60DIO2.s 			page 7


DEFINED SYMBOLS
                            *ABS*:0000000000000000 microros_allocators.c
     /tmp/cc60DIO2.s:18     .text.microros_allocate:0000000000000000 $t
     /tmp/cc60DIO2.s:25     .text.microros_allocate:0000000000000000 microros_allocate
     /tmp/cc60DIO2.s:56     .text.microros_allocate:0000000000000018 $d
     /tmp/cc60DIO2.s:62     .text.microros_deallocate:0000000000000000 $t
     /tmp/cc60DIO2.s:69     .text.microros_deallocate:0000000000000000 microros_deallocate
     /tmp/cc60DIO2.s:107    .text.microros_deallocate:000000000000001c $d
     /tmp/cc60DIO2.s:112    .text.microros_reallocate:0000000000000000 $t
     /tmp/cc60DIO2.s:119    .text.microros_reallocate:0000000000000000 microros_reallocate
     /tmp/cc60DIO2.s:174    .text.microros_reallocate:0000000000000038 $d
     /tmp/cc60DIO2.s:180    .text.microros_zero_allocate:0000000000000000 $t
     /tmp/cc60DIO2.s:187    .text.microros_zero_allocate:0000000000000000 microros_zero_allocate
     /tmp/cc60DIO2.s:219    .text.microros_zero_allocate:000000000000001c $d
     /tmp/cc60DIO2.s:238    .bss.usedMemory:0000000000000000 usedMemory
     /tmp/cc60DIO2.s:231    .bss.absoluteUsedMemory:0000000000000000 absoluteUsedMemory
     /tmp/cc60DIO2.s:227    .bss.absoluteUsedMemory:0000000000000000 $d
     /tmp/cc60DIO2.s:234    .bss.usedMemory:0000000000000000 $d
                     .debug_frame:0000000000000010 $d

UNDEFINED SYMBOLS
pvPortMallocMicroROS
getBlockSize
vPortFreeMicroROS
pvPortReallocMicroROS
pvPortCallocMicroROS
