ARM GAS  /tmp/ccihm2qP.s 			page 1


   1              		.cpu cortex-m4
   2              		.eabi_attribute 27, 1
   3              		.eabi_attribute 28, 1
   4              		.eabi_attribute 20, 1
   5              		.eabi_attribute 21, 1
   6              		.eabi_attribute 23, 3
   7              		.eabi_attribute 24, 1
   8              		.eabi_attribute 25, 1
   9              		.eabi_attribute 26, 1
  10              		.eabi_attribute 30, 1
  11              		.eabi_attribute 34, 1
  12              		.eabi_attribute 18, 4
  13              		.file	"pid.c"
  14              		.text
  15              	.Ltext0:
  16              		.cfi_sections	.debug_frame
  17              		.section	.text.PID_Init,"ax",%progbits
  18              		.align	1
  19              		.global	PID_Init
  20              		.arch armv7e-m
  21              		.syntax unified
  22              		.thumb
  23              		.thumb_func
  24              		.fpu fpv4-sp-d16
  26              	PID_Init:
  27              	.LVL0:
  28              	.LFB134:
  29              		.file 1 "Cus/MOTOR_DRV/pid.c"
   1:Cus/MOTOR_DRV/pid.c **** // pid.c
   2:Cus/MOTOR_DRV/pid.c **** #include "pid.h"
   3:Cus/MOTOR_DRV/pid.c **** #include <math.h>
   4:Cus/MOTOR_DRV/pid.c **** 
   5:Cus/MOTOR_DRV/pid.c **** void PID_Init(PID_HandleTypeDef *pid, float Kp, float Ki, float Kd, float setpoint)
   6:Cus/MOTOR_DRV/pid.c **** {
  30              		.loc 1 6 1 view -0
  31              		.cfi_startproc
  32              		@ args = 0, pretend = 0, frame = 0
  33              		@ frame_needed = 0, uses_anonymous_args = 0
  34              		@ link register save eliminated.
   7:Cus/MOTOR_DRV/pid.c ****     pid->Kp = Kp;
  35              		.loc 1 7 5 view .LVU1
  36              		.loc 1 7 13 is_stmt 0 view .LVU2
  37 0000 80ED000A 		vstr.32	s0, [r0]
   8:Cus/MOTOR_DRV/pid.c ****     pid->Ki = Ki;
  38              		.loc 1 8 5 is_stmt 1 view .LVU3
  39              		.loc 1 8 13 is_stmt 0 view .LVU4
  40 0004 C0ED010A 		vstr.32	s1, [r0, #4]
   9:Cus/MOTOR_DRV/pid.c ****     pid->Kd = Kd;
  41              		.loc 1 9 5 is_stmt 1 view .LVU5
  42              		.loc 1 9 13 is_stmt 0 view .LVU6
  43 0008 80ED021A 		vstr.32	s2, [r0, #8]
  10:Cus/MOTOR_DRV/pid.c ****     pid->setpoint = setpoint;
  44              		.loc 1 10 5 is_stmt 1 view .LVU7
  45              		.loc 1 10 19 is_stmt 0 view .LVU8
  46 000c C0ED031A 		vstr.32	s3, [r0, #12]
  11:Cus/MOTOR_DRV/pid.c ****     pid->integral = 0.0f;
  47              		.loc 1 11 5 is_stmt 1 view .LVU9
ARM GAS  /tmp/ccihm2qP.s 			page 2


  48              		.loc 1 11 19 is_stmt 0 view .LVU10
  49 0010 0023     		movs	r3, #0
  50 0012 0361     		str	r3, [r0, #16]	@ float
  12:Cus/MOTOR_DRV/pid.c ****     pid->last_error = 0.0f;
  51              		.loc 1 12 5 is_stmt 1 view .LVU11
  52              		.loc 1 12 21 is_stmt 0 view .LVU12
  53 0014 4361     		str	r3, [r0, #20]	@ float
  13:Cus/MOTOR_DRV/pid.c ****     pid->output = 0.0f;
  54              		.loc 1 13 5 is_stmt 1 view .LVU13
  55              		.loc 1 13 17 is_stmt 0 view .LVU14
  56 0016 8361     		str	r3, [r0, #24]	@ float
  14:Cus/MOTOR_DRV/pid.c ****     
  15:Cus/MOTOR_DRV/pid.c ****     // 默认输出限幅为PWM范围
  16:Cus/MOTOR_DRV/pid.c ****     pid->output_limit_min = -1000.0f;
  57              		.loc 1 16 5 is_stmt 1 view .LVU15
  58              		.loc 1 16 27 is_stmt 0 view .LVU16
  59 0018 024B     		ldr	r3, .L2
  60 001a C361     		str	r3, [r0, #28]	@ float
  17:Cus/MOTOR_DRV/pid.c ****     pid->output_limit_max = 1000.0f;
  61              		.loc 1 17 5 is_stmt 1 view .LVU17
  62              		.loc 1 17 27 is_stmt 0 view .LVU18
  63 001c 024B     		ldr	r3, .L2+4
  64 001e 0362     		str	r3, [r0, #32]	@ float
  18:Cus/MOTOR_DRV/pid.c ****     
  19:Cus/MOTOR_DRV/pid.c ****     // 默认积分限幅
  20:Cus/MOTOR_DRV/pid.c ****     pid->integral_limit = 1000.0f;
  65              		.loc 1 20 5 is_stmt 1 view .LVU19
  66              		.loc 1 20 25 is_stmt 0 view .LVU20
  67 0020 4362     		str	r3, [r0, #36]	@ float
  21:Cus/MOTOR_DRV/pid.c **** }
  68              		.loc 1 21 1 view .LVU21
  69 0022 7047     		bx	lr
  70              	.L3:
  71              		.align	2
  72              	.L2:
  73 0024 00007AC4 		.word	-998637568
  74 0028 00007A44 		.word	1148846080
  75              		.cfi_endproc
  76              	.LFE134:
  78              		.section	.text.PID_Update,"ax",%progbits
  79              		.align	1
  80              		.global	PID_Update
  81              		.syntax unified
  82              		.thumb
  83              		.thumb_func
  84              		.fpu fpv4-sp-d16
  86              	PID_Update:
  87              	.LVL1:
  88              	.LFB135:
  22:Cus/MOTOR_DRV/pid.c **** 
  23:Cus/MOTOR_DRV/pid.c **** float PID_Update(PID_HandleTypeDef *pid, float measurement)
  24:Cus/MOTOR_DRV/pid.c **** {
  89              		.loc 1 24 1 is_stmt 1 view -0
  90              		.cfi_startproc
  91              		@ args = 0, pretend = 0, frame = 0
  92              		@ frame_needed = 0, uses_anonymous_args = 0
  93              		@ link register save eliminated.
ARM GAS  /tmp/ccihm2qP.s 			page 3


  25:Cus/MOTOR_DRV/pid.c ****     float error = pid->setpoint - measurement;
  94              		.loc 1 25 5 view .LVU23
  95              		.loc 1 25 22 is_stmt 0 view .LVU24
  96 0000 D0ED037A 		vldr.32	s15, [r0, #12]
  97              		.loc 1 25 11 view .LVU25
  98 0004 37EEC00A 		vsub.f32	s0, s15, s0
  99              	.LVL2:
  26:Cus/MOTOR_DRV/pid.c ****     
  27:Cus/MOTOR_DRV/pid.c ****     // 计算积分项
  28:Cus/MOTOR_DRV/pid.c ****     pid->integral += error;
 100              		.loc 1 28 5 is_stmt 1 view .LVU26
 101              		.loc 1 28 19 is_stmt 0 view .LVU27
 102 0008 D0ED047A 		vldr.32	s15, [r0, #16]
 103 000c 70EE277A 		vadd.f32	s15, s0, s15
 104 0010 C0ED047A 		vstr.32	s15, [r0, #16]
  29:Cus/MOTOR_DRV/pid.c ****     
  30:Cus/MOTOR_DRV/pid.c ****     // 积分限幅
  31:Cus/MOTOR_DRV/pid.c ****     if (pid->integral > pid->integral_limit)
 105              		.loc 1 31 5 is_stmt 1 view .LVU28
 106              		.loc 1 31 28 is_stmt 0 view .LVU29
 107 0014 90ED097A 		vldr.32	s14, [r0, #36]
 108              		.loc 1 31 8 view .LVU30
 109 0018 F4EEC77A 		vcmpe.f32	s15, s14
 110 001c F1EE10FA 		vmrs	APSR_nzcv, FPSCR
 111 0020 27DD     		ble	.L17
  32:Cus/MOTOR_DRV/pid.c ****         pid->integral = pid->integral_limit;
 112              		.loc 1 32 9 is_stmt 1 view .LVU31
 113              		.loc 1 32 23 is_stmt 0 view .LVU32
 114 0022 80ED047A 		vstr.32	s14, [r0, #16]
 115              	.L7:
  33:Cus/MOTOR_DRV/pid.c ****     else if (pid->integral < -pid->integral_limit)
  34:Cus/MOTOR_DRV/pid.c ****         pid->integral = -pid->integral_limit;
  35:Cus/MOTOR_DRV/pid.c ****     
  36:Cus/MOTOR_DRV/pid.c ****     // 计算微分项
  37:Cus/MOTOR_DRV/pid.c ****     float derivative = error - pid->last_error;
 116              		.loc 1 37 5 is_stmt 1 view .LVU33
 117              		.loc 1 37 35 is_stmt 0 view .LVU34
 118 0026 90ED057A 		vldr.32	s14, [r0, #20]
 119              		.loc 1 37 11 view .LVU35
 120 002a 70EE476A 		vsub.f32	s13, s0, s14
 121              	.LVL3:
  38:Cus/MOTOR_DRV/pid.c ****     
  39:Cus/MOTOR_DRV/pid.c ****     // 计算PID输出
  40:Cus/MOTOR_DRV/pid.c ****     pid->output = pid->Kp * error + 
 122              		.loc 1 40 5 is_stmt 1 view .LVU36
 123              		.loc 1 40 22 is_stmt 0 view .LVU37
 124 002e D0ED007A 		vldr.32	s15, [r0]
 125              		.loc 1 40 27 view .LVU38
 126 0032 67EE807A 		vmul.f32	s15, s15, s0
  41:Cus/MOTOR_DRV/pid.c ****                  pid->Ki * pid->integral + 
 127              		.loc 1 41 21 view .LVU39
 128 0036 90ED017A 		vldr.32	s14, [r0, #4]
 129              		.loc 1 41 31 view .LVU40
 130 003a 90ED046A 		vldr.32	s12, [r0, #16]
 131              		.loc 1 41 26 view .LVU41
 132 003e 27EE067A 		vmul.f32	s14, s14, s12
  40:Cus/MOTOR_DRV/pid.c ****                  pid->Ki * pid->integral + 
ARM GAS  /tmp/ccihm2qP.s 			page 4


 133              		.loc 1 40 35 view .LVU42
 134 0042 77EE877A 		vadd.f32	s15, s15, s14
  42:Cus/MOTOR_DRV/pid.c ****                  pid->Kd * derivative;
 135              		.loc 1 42 21 view .LVU43
 136 0046 90ED027A 		vldr.32	s14, [r0, #8]
 137              		.loc 1 42 26 view .LVU44
 138 004a 27EE267A 		vmul.f32	s14, s14, s13
  41:Cus/MOTOR_DRV/pid.c ****                  pid->Ki * pid->integral + 
 139              		.loc 1 41 42 view .LVU45
 140 004e 77EE877A 		vadd.f32	s15, s15, s14
  40:Cus/MOTOR_DRV/pid.c ****                  pid->Ki * pid->integral + 
 141              		.loc 1 40 17 view .LVU46
 142 0052 C0ED067A 		vstr.32	s15, [r0, #24]
  43:Cus/MOTOR_DRV/pid.c ****     
  44:Cus/MOTOR_DRV/pid.c ****     // 输出限幅
  45:Cus/MOTOR_DRV/pid.c ****     if (pid->output > pid->output_limit_max)
 143              		.loc 1 45 5 is_stmt 1 view .LVU47
 144              		.loc 1 45 26 is_stmt 0 view .LVU48
 145 0056 90ED087A 		vldr.32	s14, [r0, #32]
 146              		.loc 1 45 8 view .LVU49
 147 005a F4EEC77A 		vcmpe.f32	s15, s14
 148 005e F1EE10FA 		vmrs	APSR_nzcv, FPSCR
 149 0062 10DD     		ble	.L18
  46:Cus/MOTOR_DRV/pid.c ****         pid->output = pid->output_limit_max;
 150              		.loc 1 46 9 is_stmt 1 view .LVU50
 151              		.loc 1 46 21 is_stmt 0 view .LVU51
 152 0064 80ED067A 		vstr.32	s14, [r0, #24]
 153              	.L11:
  47:Cus/MOTOR_DRV/pid.c ****     else if (pid->output < pid->output_limit_min)
  48:Cus/MOTOR_DRV/pid.c ****         pid->output = pid->output_limit_min;
  49:Cus/MOTOR_DRV/pid.c ****     
  50:Cus/MOTOR_DRV/pid.c ****     // 保存误差
  51:Cus/MOTOR_DRV/pid.c ****     pid->last_error = error;
 154              		.loc 1 51 5 is_stmt 1 view .LVU52
 155              		.loc 1 51 21 is_stmt 0 view .LVU53
 156 0068 80ED050A 		vstr.32	s0, [r0, #20]
  52:Cus/MOTOR_DRV/pid.c ****     
  53:Cus/MOTOR_DRV/pid.c ****     return pid->output;
 157              		.loc 1 53 5 is_stmt 1 view .LVU54
  54:Cus/MOTOR_DRV/pid.c **** }
 158              		.loc 1 54 1 is_stmt 0 view .LVU55
 159 006c 90ED060A 		vldr.32	s0, [r0, #24]
 160              	.LVL4:
 161              		.loc 1 54 1 view .LVU56
 162 0070 7047     		bx	lr
 163              	.LVL5:
 164              	.L17:
  33:Cus/MOTOR_DRV/pid.c ****         pid->integral = -pid->integral_limit;
 165              		.loc 1 33 10 is_stmt 1 view .LVU57
  33:Cus/MOTOR_DRV/pid.c ****         pid->integral = -pid->integral_limit;
 166              		.loc 1 33 30 is_stmt 0 view .LVU58
 167 0072 B1EE477A 		vneg.f32	s14, s14
  33:Cus/MOTOR_DRV/pid.c ****         pid->integral = -pid->integral_limit;
 168              		.loc 1 33 13 view .LVU59
 169 0076 F4EEC77A 		vcmpe.f32	s15, s14
 170 007a F1EE10FA 		vmrs	APSR_nzcv, FPSCR
 171 007e D2D5     		bpl	.L7
ARM GAS  /tmp/ccihm2qP.s 			page 5


  34:Cus/MOTOR_DRV/pid.c ****     
 172              		.loc 1 34 9 is_stmt 1 view .LVU60
  34:Cus/MOTOR_DRV/pid.c ****     
 173              		.loc 1 34 23 is_stmt 0 view .LVU61
 174 0080 80ED047A 		vstr.32	s14, [r0, #16]
 175 0084 CFE7     		b	.L7
 176              	.LVL6:
 177              	.L18:
  47:Cus/MOTOR_DRV/pid.c ****         pid->output = pid->output_limit_min;
 178              		.loc 1 47 10 is_stmt 1 view .LVU62
  47:Cus/MOTOR_DRV/pid.c ****         pid->output = pid->output_limit_min;
 179              		.loc 1 47 31 is_stmt 0 view .LVU63
 180 0086 90ED077A 		vldr.32	s14, [r0, #28]
  47:Cus/MOTOR_DRV/pid.c ****         pid->output = pid->output_limit_min;
 181              		.loc 1 47 13 view .LVU64
 182 008a F4EEC77A 		vcmpe.f32	s15, s14
 183 008e F1EE10FA 		vmrs	APSR_nzcv, FPSCR
 184 0092 E9D5     		bpl	.L11
  48:Cus/MOTOR_DRV/pid.c ****     
 185              		.loc 1 48 9 is_stmt 1 view .LVU65
  48:Cus/MOTOR_DRV/pid.c ****     
 186              		.loc 1 48 21 is_stmt 0 view .LVU66
 187 0094 80ED067A 		vstr.32	s14, [r0, #24]
 188 0098 E6E7     		b	.L11
 189              		.cfi_endproc
 190              	.LFE135:
 192              		.section	.text.PID_SetSetpoint,"ax",%progbits
 193              		.align	1
 194              		.global	PID_SetSetpoint
 195              		.syntax unified
 196              		.thumb
 197              		.thumb_func
 198              		.fpu fpv4-sp-d16
 200              	PID_SetSetpoint:
 201              	.LVL7:
 202              	.LFB136:
  55:Cus/MOTOR_DRV/pid.c **** 
  56:Cus/MOTOR_DRV/pid.c **** void PID_SetSetpoint(PID_HandleTypeDef *pid, float setpoint)
  57:Cus/MOTOR_DRV/pid.c **** {
 203              		.loc 1 57 1 is_stmt 1 view -0
 204              		.cfi_startproc
 205              		@ args = 0, pretend = 0, frame = 0
 206              		@ frame_needed = 0, uses_anonymous_args = 0
 207              		@ link register save eliminated.
  58:Cus/MOTOR_DRV/pid.c ****     pid->setpoint = setpoint;
 208              		.loc 1 58 5 view .LVU68
 209              		.loc 1 58 19 is_stmt 0 view .LVU69
 210 0000 80ED030A 		vstr.32	s0, [r0, #12]
  59:Cus/MOTOR_DRV/pid.c **** }
 211              		.loc 1 59 1 view .LVU70
 212 0004 7047     		bx	lr
 213              		.cfi_endproc
 214              	.LFE136:
 216              		.section	.text.PID_Reset,"ax",%progbits
 217              		.align	1
 218              		.global	PID_Reset
 219              		.syntax unified
ARM GAS  /tmp/ccihm2qP.s 			page 6


 220              		.thumb
 221              		.thumb_func
 222              		.fpu fpv4-sp-d16
 224              	PID_Reset:
 225              	.LVL8:
 226              	.LFB137:
  60:Cus/MOTOR_DRV/pid.c **** 
  61:Cus/MOTOR_DRV/pid.c **** void PID_Reset(PID_HandleTypeDef *pid)
  62:Cus/MOTOR_DRV/pid.c **** {
 227              		.loc 1 62 1 is_stmt 1 view -0
 228              		.cfi_startproc
 229              		@ args = 0, pretend = 0, frame = 0
 230              		@ frame_needed = 0, uses_anonymous_args = 0
 231              		@ link register save eliminated.
  63:Cus/MOTOR_DRV/pid.c ****     pid->integral = 0.0f;
 232              		.loc 1 63 5 view .LVU72
 233              		.loc 1 63 19 is_stmt 0 view .LVU73
 234 0000 0023     		movs	r3, #0
 235 0002 0361     		str	r3, [r0, #16]	@ float
  64:Cus/MOTOR_DRV/pid.c ****     pid->last_error = 0.0f;
 236              		.loc 1 64 5 is_stmt 1 view .LVU74
 237              		.loc 1 64 21 is_stmt 0 view .LVU75
 238 0004 4361     		str	r3, [r0, #20]	@ float
  65:Cus/MOTOR_DRV/pid.c ****     pid->output = 0.0f;
 239              		.loc 1 65 5 is_stmt 1 view .LVU76
 240              		.loc 1 65 17 is_stmt 0 view .LVU77
 241 0006 8361     		str	r3, [r0, #24]	@ float
  66:Cus/MOTOR_DRV/pid.c **** }
 242              		.loc 1 66 1 view .LVU78
 243 0008 7047     		bx	lr
 244              		.cfi_endproc
 245              	.LFE137:
 247              		.section	.text.PID_SetOutputLimits,"ax",%progbits
 248              		.align	1
 249              		.global	PID_SetOutputLimits
 250              		.syntax unified
 251              		.thumb
 252              		.thumb_func
 253              		.fpu fpv4-sp-d16
 255              	PID_SetOutputLimits:
 256              	.LVL9:
 257              	.LFB138:
  67:Cus/MOTOR_DRV/pid.c **** 
  68:Cus/MOTOR_DRV/pid.c **** void PID_SetOutputLimits(PID_HandleTypeDef *pid, float min, float max)
  69:Cus/MOTOR_DRV/pid.c **** {
 258              		.loc 1 69 1 is_stmt 1 view -0
 259              		.cfi_startproc
 260              		@ args = 0, pretend = 0, frame = 0
 261              		@ frame_needed = 0, uses_anonymous_args = 0
 262              		@ link register save eliminated.
  70:Cus/MOTOR_DRV/pid.c ****     pid->output_limit_min = min;
 263              		.loc 1 70 5 view .LVU80
 264              		.loc 1 70 27 is_stmt 0 view .LVU81
 265 0000 80ED070A 		vstr.32	s0, [r0, #28]
  71:Cus/MOTOR_DRV/pid.c ****     pid->output_limit_max = max;
 266              		.loc 1 71 5 is_stmt 1 view .LVU82
 267              		.loc 1 71 27 is_stmt 0 view .LVU83
ARM GAS  /tmp/ccihm2qP.s 			page 7


 268 0004 C0ED080A 		vstr.32	s1, [r0, #32]
  72:Cus/MOTOR_DRV/pid.c **** }
 269              		.loc 1 72 1 view .LVU84
 270 0008 7047     		bx	lr
 271              		.cfi_endproc
 272              	.LFE138:
 274              		.section	.text.PID_SetIntegralLimit,"ax",%progbits
 275              		.align	1
 276              		.global	PID_SetIntegralLimit
 277              		.syntax unified
 278              		.thumb
 279              		.thumb_func
 280              		.fpu fpv4-sp-d16
 282              	PID_SetIntegralLimit:
 283              	.LVL10:
 284              	.LFB139:
  73:Cus/MOTOR_DRV/pid.c **** 
  74:Cus/MOTOR_DRV/pid.c **** void PID_SetIntegralLimit(PID_HandleTypeDef *pid, float limit)
  75:Cus/MOTOR_DRV/pid.c **** {
 285              		.loc 1 75 1 is_stmt 1 view -0
 286              		.cfi_startproc
 287              		@ args = 0, pretend = 0, frame = 0
 288              		@ frame_needed = 0, uses_anonymous_args = 0
 289              		@ link register save eliminated.
  76:Cus/MOTOR_DRV/pid.c ****     pid->integral_limit = limit;
 290              		.loc 1 76 5 view .LVU86
 291              		.loc 1 76 25 is_stmt 0 view .LVU87
 292 0000 80ED090A 		vstr.32	s0, [r0, #36]
  77:Cus/MOTOR_DRV/pid.c **** }...
 293              		.loc 1 77 1 view .LVU88
 294 0004 7047     		bx	lr
 295              		.cfi_endproc
 296              	.LFE139:
 298              		.text
 299              	.Letext0:
 300              		.file 2 "/opt/gcc-arm-none-eabi-9-2020-q2-update/arm-none-eabi/include/machine/_default_types.h"
 301              		.file 3 "/opt/gcc-arm-none-eabi-9-2020-q2-update/arm-none-eabi/include/sys/_stdint.h"
 302              		.file 4 "Drivers/CMSIS/Include/core_cm4.h"
 303              		.file 5 "Drivers/CMSIS/Device/ST/STM32F4xx/Include/system_stm32f4xx.h"
 304              		.file 6 "Drivers/STM32F4xx_HAL_Driver/Inc/stm32f4xx_hal.h"
 305              		.file 7 "Cus/MOTOR_DRV/pid.h"
 306              		.file 8 "/opt/gcc-arm-none-eabi-9-2020-q2-update/lib/gcc/arm-none-eabi/9.3.1/include/stddef.h"
 307              		.file 9 "/opt/gcc-arm-none-eabi-9-2020-q2-update/arm-none-eabi/include/sys/_types.h"
 308              		.file 10 "/opt/gcc-arm-none-eabi-9-2020-q2-update/arm-none-eabi/include/sys/reent.h"
 309              		.file 11 "/opt/gcc-arm-none-eabi-9-2020-q2-update/arm-none-eabi/include/sys/lock.h"
 310              		.file 12 "/opt/gcc-arm-none-eabi-9-2020-q2-update/arm-none-eabi/include/math.h"
ARM GAS  /tmp/ccihm2qP.s 			page 8


DEFINED SYMBOLS
                            *ABS*:0000000000000000 pid.c
     /tmp/ccihm2qP.s:18     .text.PID_Init:0000000000000000 $t
     /tmp/ccihm2qP.s:26     .text.PID_Init:0000000000000000 PID_Init
     /tmp/ccihm2qP.s:73     .text.PID_Init:0000000000000024 $d
     /tmp/ccihm2qP.s:79     .text.PID_Update:0000000000000000 $t
     /tmp/ccihm2qP.s:86     .text.PID_Update:0000000000000000 PID_Update
     /tmp/ccihm2qP.s:193    .text.PID_SetSetpoint:0000000000000000 $t
     /tmp/ccihm2qP.s:200    .text.PID_SetSetpoint:0000000000000000 PID_SetSetpoint
     /tmp/ccihm2qP.s:217    .text.PID_Reset:0000000000000000 $t
     /tmp/ccihm2qP.s:224    .text.PID_Reset:0000000000000000 PID_Reset
     /tmp/ccihm2qP.s:248    .text.PID_SetOutputLimits:0000000000000000 $t
     /tmp/ccihm2qP.s:255    .text.PID_SetOutputLimits:0000000000000000 PID_SetOutputLimits
     /tmp/ccihm2qP.s:275    .text.PID_SetIntegralLimit:0000000000000000 $t
     /tmp/ccihm2qP.s:282    .text.PID_SetIntegralLimit:0000000000000000 PID_SetIntegralLimit

NO UNDEFINED SYMBOLS
