ARM GAS  /tmp/cchTtEJb.s 			page 1


   1              		.cpu cortex-m4
   2              		.eabi_attribute 27, 1
   3              		.eabi_attribute 28, 1
   4              		.eabi_attribute 20, 1
   5              		.eabi_attribute 21, 1
   6              		.eabi_attribute 23, 3
   7              		.eabi_attribute 24, 1
   8              		.eabi_attribute 25, 1
   9              		.eabi_attribute 26, 1
  10              		.eabi_attribute 30, 1
  11              		.eabi_attribute 34, 1
  12              		.eabi_attribute 18, 4
  13              		.file	"publisher.c"
  14              		.text
  15              	.Ltext0:
  16              		.cfi_sections	.debug_frame
  17              		.section	.rodata.publish_current_state.str1.4,"aMS",%progbits,1
  18              		.align	2
  19              	.LC0:
  20 0000 4661696C 		.ascii	"Failed to publish current state.\000"
  20      65642074 
  20      6F207075 
  20      626C6973 
  20      68206375 
  21              		.section	.text.publish_current_state,"ax",%progbits
  22              		.align	1
  23              		.global	publish_current_state
  24              		.arch armv7e-m
  25              		.syntax unified
  26              		.thumb
  27              		.thumb_func
  28              		.fpu fpv4-sp-d16
  30              	publish_current_state:
  31              	.LVL0:
  32              	.LFB243:
  33              		.file 1 "cooneo_Drivers/microros_scheduler/publisher.c"
   1:cooneo_Drivers/microros_scheduler/publisher.c **** #include "include.h"
   2:cooneo_Drivers/microros_scheduler/publisher.c **** #include <std_msgs/msg/int32.h>
   3:cooneo_Drivers/microros_scheduler/publisher.c **** #include <rmw/rmw.h>  // 包含rmw_qos_profile_default
   4:cooneo_Drivers/microros_scheduler/publisher.c **** 
   5:cooneo_Drivers/microros_scheduler/publisher.c **** extern  rclc_support_t support;
   6:cooneo_Drivers/microros_scheduler/publisher.c **** extern  rcl_allocator_t allocator;
   7:cooneo_Drivers/microros_scheduler/publisher.c **** extern  rcl_node_t node;
   8:cooneo_Drivers/microros_scheduler/publisher.c **** extern  rclc_executor_t executor;
   9:cooneo_Drivers/microros_scheduler/publisher.c **** 
  10:cooneo_Drivers/microros_scheduler/publisher.c **** // 全局变量
  11:cooneo_Drivers/microros_scheduler/publisher.c **** rcl_publisher_t current_state_publisher;
  12:cooneo_Drivers/microros_scheduler/publisher.c **** std_msgs__msg__Int32 current_state_msg;
  13:cooneo_Drivers/microros_scheduler/publisher.c **** 
  14:cooneo_Drivers/microros_scheduler/publisher.c **** // 发布状态的函数
  15:cooneo_Drivers/microros_scheduler/publisher.c **** void publish_current_state(int32_t current_state) 
  16:cooneo_Drivers/microros_scheduler/publisher.c **** {    // 设置消息数据
  34              		.loc 1 16 1 view -0
  35              		.cfi_startproc
  36              		@ args = 0, pretend = 0, frame = 0
  37              		@ frame_needed = 0, uses_anonymous_args = 0
  38              		.loc 1 16 1 is_stmt 0 view .LVU1
ARM GAS  /tmp/cchTtEJb.s 			page 2


  39 0000 08B5     		push	{r3, lr}
  40              	.LCFI0:
  41              		.cfi_def_cfa_offset 8
  42              		.cfi_offset 3, -8
  43              		.cfi_offset 14, -4
  17:cooneo_Drivers/microros_scheduler/publisher.c ****     // int32_t current_state = 99;
  18:cooneo_Drivers/microros_scheduler/publisher.c ****     current_state_msg.data = current_state;
  44              		.loc 1 18 5 is_stmt 1 view .LVU2
  45              		.loc 1 18 28 is_stmt 0 view .LVU3
  46 0002 0649     		ldr	r1, .L5
  47 0004 0860     		str	r0, [r1]
  19:cooneo_Drivers/microros_scheduler/publisher.c **** 
  20:cooneo_Drivers/microros_scheduler/publisher.c ****     // 发布消息
  21:cooneo_Drivers/microros_scheduler/publisher.c ****     rcl_ret_t rc = rcl_publish(&current_state_publisher, &current_state_msg, NULL);
  48              		.loc 1 21 5 is_stmt 1 view .LVU4
  49              		.loc 1 21 20 is_stmt 0 view .LVU5
  50 0006 0022     		movs	r2, #0
  51 0008 0548     		ldr	r0, .L5+4
  52              	.LVL1:
  53              		.loc 1 21 20 view .LVU6
  54 000a FFF7FEFF 		bl	rcl_publish
  55              	.LVL2:
  22:cooneo_Drivers/microros_scheduler/publisher.c ****     if (rc != RCL_RET_OK) {
  56              		.loc 1 22 5 is_stmt 1 view .LVU7
  57              		.loc 1 22 8 is_stmt 0 view .LVU8
  58 000e 00B9     		cbnz	r0, .L4
  59              	.LVL3:
  60              	.L1:
  23:cooneo_Drivers/microros_scheduler/publisher.c ****         printf("Failed to publish current state.\n");
  24:cooneo_Drivers/microros_scheduler/publisher.c ****     }
  25:cooneo_Drivers/microros_scheduler/publisher.c **** }
  61              		.loc 1 25 1 view .LVU9
  62 0010 08BD     		pop	{r3, pc}
  63              	.LVL4:
  64              	.L4:
  23:cooneo_Drivers/microros_scheduler/publisher.c ****         printf("Failed to publish current state.\n");
  65              		.loc 1 23 9 is_stmt 1 view .LVU10
  66 0012 0448     		ldr	r0, .L5+8
  67              	.LVL5:
  23:cooneo_Drivers/microros_scheduler/publisher.c ****         printf("Failed to publish current state.\n");
  68              		.loc 1 23 9 is_stmt 0 view .LVU11
  69 0014 FFF7FEFF 		bl	puts
  70              	.LVL6:
  71              		.loc 1 25 1 view .LVU12
  72 0018 FAE7     		b	.L1
  73              	.L6:
  74 001a 00BF     		.align	2
  75              	.L5:
  76 001c 00000000 		.word	.LANCHOR0
  77 0020 00000000 		.word	.LANCHOR1
  78 0024 00000000 		.word	.LC0
  79              		.cfi_endproc
  80              	.LFE243:
  82              		.global	current_state_msg
  83              		.global	current_state_publisher
  84              		.section	.bss.current_state_msg,"aw",%nobits
  85              		.align	2
ARM GAS  /tmp/cchTtEJb.s 			page 3


  86              		.set	.LANCHOR0,. + 0
  89              	current_state_msg:
  90 0000 00000000 		.space	4
  91              		.section	.bss.current_state_publisher,"aw",%nobits
  92              		.align	2
  93              		.set	.LANCHOR1,. + 0
  96              	current_state_publisher:
  97 0000 00000000 		.space	4
  98              		.text
  99              	.Letext0:
 100              		.file 2 "/usr/lib/gcc/arm-none-eabi/10.3.1/include/stddef.h"
 101              		.file 3 "/usr/lib/gcc/arm-none-eabi/10.3.1/include/stdint.h"
 102              		.file 4 "micro_ros_stm32cubemx_utils/microros_static_library/libmicroros/microros_include/rmw/ret_
 103              		.file 5 "micro_ros_stm32cubemx_utils/microros_static_library/libmicroros/microros_include/rmw/type
 104              		.file 6 "micro_ros_stm32cubemx_utils/microros_static_library/libmicroros/microros_include/rmw/time
 105              		.file 7 "micro_ros_stm32cubemx_utils/microros_static_library/libmicroros/microros_include/rcl/type
 106              		.file 8 "micro_ros_stm32cubemx_utils/microros_static_library/libmicroros/microros_include/rcl/publ
 107              		.file 9 "micro_ros_stm32cubemx_utils/microros_static_library/libmicroros/microros_include/rmw/qos_
 108              		.file 10 "micro_ros_stm32cubemx_utils/microros_static_library/libmicroros/microros_include/rcl_act
 109              		.file 11 "micro_ros_stm32cubemx_utils/microros_static_library/libmicroros/microros_include/std_msg
 110              		.file 12 "<built-in>"
ARM GAS  /tmp/cchTtEJb.s 			page 4


DEFINED SYMBOLS
                            *ABS*:0000000000000000 publisher.c
     /tmp/cchTtEJb.s:18     .rodata.publish_current_state.str1.4:0000000000000000 $d
     /tmp/cchTtEJb.s:22     .text.publish_current_state:0000000000000000 $t
     /tmp/cchTtEJb.s:30     .text.publish_current_state:0000000000000000 publish_current_state
     /tmp/cchTtEJb.s:76     .text.publish_current_state:000000000000001c $d
     /tmp/cchTtEJb.s:89     .bss.current_state_msg:0000000000000000 current_state_msg
     /tmp/cchTtEJb.s:96     .bss.current_state_publisher:0000000000000000 current_state_publisher
     /tmp/cchTtEJb.s:85     .bss.current_state_msg:0000000000000000 $d
     /tmp/cchTtEJb.s:92     .bss.current_state_publisher:0000000000000000 $d

UNDEFINED SYMBOLS
rcl_publish
puts
