ARM GAS  /tmp/ccqir6ho.s 			page 1


   1              		.cpu cortex-m4
   2              		.arch armv7e-m
   3              		.fpu fpv4-sp-d16
   4              		.eabi_attribute 27, 1
   5              		.eabi_attribute 28, 1
   6              		.eabi_attribute 20, 1
   7              		.eabi_attribute 21, 1
   8              		.eabi_attribute 23, 3
   9              		.eabi_attribute 24, 1
  10              		.eabi_attribute 25, 1
  11              		.eabi_attribute 26, 1
  12              		.eabi_attribute 30, 1
  13              		.eabi_attribute 34, 1
  14              		.eabi_attribute 18, 4
  15              		.file	"servo.c"
  16              		.text
  17              	.Ltext0:
  18              		.cfi_sections	.debug_frame
  19              		.file 1 "cooneo_Drivers/servo/servo.c"
  20              		.section	.text.Servos_Init,"ax",%progbits
  21              		.align	1
  22              		.global	Servos_Init
  23              		.syntax unified
  24              		.thumb
  25              		.thumb_func
  27              	Servos_Init:
  28              	.LFB243:
   1:cooneo_Drivers/servo/servo.c **** #include "include.h"
   2:cooneo_Drivers/servo/servo.c **** 
   3:cooneo_Drivers/servo/servo.c **** #define TIM_PERIOD 1000
   4:cooneo_Drivers/servo/servo.c **** #define MIN_PULSE_WIDTH 50/2  // 1ms pulse width at 50Hz
   5:cooneo_Drivers/servo/servo.c **** #define MAX_PULSE_WIDTH 250/2  // 2ms pulse width at 50Hz
   6:cooneo_Drivers/servo/servo.c **** #define SERVO_COUNT 3        // 总舵机数量
   7:cooneo_Drivers/servo/servo.c **** 
   8:cooneo_Drivers/servo/servo.c **** typedef struct
   9:cooneo_Drivers/servo/servo.c **** {
  10:cooneo_Drivers/servo/servo.c ****     TIM_HandleTypeDef *htim; // 定时器句柄
  11:cooneo_Drivers/servo/servo.c ****     uint32_t channel;        // PWM通道
  12:cooneo_Drivers/servo/servo.c ****     float angle;             // 当前角度
  13:cooneo_Drivers/servo/servo.c **** } Servo_se;
  14:cooneo_Drivers/servo/servo.c **** 
  15:cooneo_Drivers/servo/servo.c **** Servo_se servos[SERVO_COUNT] = {
  16:cooneo_Drivers/servo/servo.c ****     {&htim4, TIM_CHANNEL_3, 0.0f}, //PD12   //cooneo f4 servo1 PB8
  17:cooneo_Drivers/servo/servo.c ****     {&htim4, TIM_CHANNEL_4, 0.0f}, //PD13    //cooneo f4 servo1 PB9
  18:cooneo_Drivers/servo/servo.c ****     {&htim5, TIM_CHANNEL_3, 0.0f},                                         //A2
  19:cooneo_Drivers/servo/servo.c ****     // {&htim5, TIM_CHANNEL_4, 0.0f},                                         //A3
  20:cooneo_Drivers/servo/servo.c ****     // {&htim4, TIM_CHANNEL_3, 0.0f}  //PD14
  21:cooneo_Drivers/servo/servo.c **** };
  22:cooneo_Drivers/servo/servo.c **** 
  23:cooneo_Drivers/servo/servo.c **** void Servos_Init(void) {
  29              		.loc 1 23 24 view -0
  30              		.cfi_startproc
  31              		@ args = 0, pretend = 0, frame = 0
  32              		@ frame_needed = 0, uses_anonymous_args = 0
  33 0000 10B5     		push	{r4, lr}
  34              	.LCFI0:
  35              		.cfi_def_cfa_offset 8
ARM GAS  /tmp/ccqir6ho.s 			page 2


  36              		.cfi_offset 4, -8
  37              		.cfi_offset 14, -4
  24:cooneo_Drivers/servo/servo.c ****     // 针对每个舵机的初始化...
  25:cooneo_Drivers/servo/servo.c ****     //HAL_TIM_PWM_Start(&htim14,TIM_CHANNEL_1);
  26:cooneo_Drivers/servo/servo.c ****     //HAL_TIM_PWM_Start(&htim14,TIM_CHANNEL_2);
  27:cooneo_Drivers/servo/servo.c ****     HAL_TIM_PWM_Start(&htim4,TIM_CHANNEL_3);
  38              		.loc 1 27 5 view .LVU1
  39 0002 074C     		ldr	r4, .L3
  40 0004 0821     		movs	r1, #8
  41 0006 2046     		mov	r0, r4
  42 0008 FFF7FEFF 		bl	HAL_TIM_PWM_Start
  43              	.LVL0:
  28:cooneo_Drivers/servo/servo.c ****     HAL_TIM_PWM_Start(&htim4,TIM_CHANNEL_4);
  44              		.loc 1 28 5 view .LVU2
  45 000c 0C21     		movs	r1, #12
  46 000e 2046     		mov	r0, r4
  47 0010 FFF7FEFF 		bl	HAL_TIM_PWM_Start
  48              	.LVL1:
  29:cooneo_Drivers/servo/servo.c ****     HAL_TIM_PWM_Start(&htim5,TIM_CHANNEL_3);
  49              		.loc 1 29 5 view .LVU3
  50 0014 0821     		movs	r1, #8
  51 0016 0348     		ldr	r0, .L3+4
  52 0018 FFF7FEFF 		bl	HAL_TIM_PWM_Start
  53              	.LVL2:
  30:cooneo_Drivers/servo/servo.c **** }
  54              		.loc 1 30 1 is_stmt 0 view .LVU4
  55 001c 10BD     		pop	{r4, pc}
  56              	.L4:
  57 001e 00BF     		.align	2
  58              	.L3:
  59 0020 00000000 		.word	htim4
  60 0024 00000000 		.word	htim5
  61              		.cfi_endproc
  62              	.LFE243:
  64              		.section	.text.Set_Servo_Angle,"ax",%progbits
  65              		.align	1
  66              		.global	Set_Servo_Angle
  67              		.syntax unified
  68              		.thumb
  69              		.thumb_func
  71              	Set_Servo_Angle:
  72              	.LVL3:
  73              	.LFB244:
  31:cooneo_Drivers/servo/servo.c **** 
  32:cooneo_Drivers/servo/servo.c **** // void Set_Servo_Angle(Servo_se *servo, float angle) {
  33:cooneo_Drivers/servo/servo.c **** //     if (angle < 0.0f) angle = 0.0f;
  34:cooneo_Drivers/servo/servo.c **** //     if (angle > 180.0f) angle = 180.0f;
  35:cooneo_Drivers/servo/servo.c **** //     servo->angle = angle;
  36:cooneo_Drivers/servo/servo.c **** 
  37:cooneo_Drivers/servo/servo.c **** //     uint32_t pulse_width = (uint32_t)(MIN_PULSE_WIDTH + (angle / 180.0f) * (MAX_PULSE_WIDTH - MI
  38:cooneo_Drivers/servo/servo.c **** //     __HAL_TIM_SET_COMPARE(servo->htim, servo->channel, pulse_width);
  39:cooneo_Drivers/servo/servo.c **** // }
  40:cooneo_Drivers/servo/servo.c **** 
  41:cooneo_Drivers/servo/servo.c **** void Set_Servo_Angle(uint8_t servo_id, float angle) {
  74              		.loc 1 41 53 is_stmt 1 view -0
  75              		.cfi_startproc
  76              		@ args = 0, pretend = 0, frame = 0
ARM GAS  /tmp/ccqir6ho.s 			page 3


  77              		@ frame_needed = 0, uses_anonymous_args = 0
  78              		@ link register save eliminated.
  42:cooneo_Drivers/servo/servo.c ****     if (servo_id >= SERVO_COUNT) return; // 无效的ID
  79              		.loc 1 42 5 view .LVU6
  80              		.loc 1 42 8 is_stmt 0 view .LVU7
  81 0000 0228     		cmp	r0, #2
  82 0002 3AD8     		bhi	.L5
  43:cooneo_Drivers/servo/servo.c ****     // if (angle < 0.0f) angle = 0.0f;
  44:cooneo_Drivers/servo/servo.c ****     // if (angle > 180.0f) angle = 180.0f;
  45:cooneo_Drivers/servo/servo.c **** 
  46:cooneo_Drivers/servo/servo.c ****     if (angle < 0.0f) angle = 0.0f;
  83              		.loc 1 46 5 is_stmt 1 view .LVU8
  84              		.loc 1 46 8 is_stmt 0 view .LVU9
  85 0004 B5EEC00A 		vcmpe.f32	s0, #0
  86 0008 F1EE10FA 		vmrs	APSR_nzcv, FPSCR
  87 000c 09D4     		bmi	.L11
  47:cooneo_Drivers/servo/servo.c ****     if (angle > 60.0f) angle = 60.0f;
  88              		.loc 1 47 5 is_stmt 1 view .LVU10
  89              		.loc 1 47 8 is_stmt 0 view .LVU11
  90 000e DFED247A 		vldr.32	s15, .L15
  91 0012 B4EEE70A 		vcmpe.f32	s0, s15
  92 0016 F1EE10FA 		vmrs	APSR_nzcv, FPSCR
  93 001a 04DD     		ble	.L7
  94              		.loc 1 47 30 discriminator 1 view .LVU12
  95 001c 9FED200A 		vldr.32	s0, .L15
  96              	.LVL4:
  97              		.loc 1 47 30 discriminator 1 view .LVU13
  98 0020 01E0     		b	.L7
  99              	.LVL5:
 100              	.L11:
  46:cooneo_Drivers/servo/servo.c ****     if (angle > 60.0f) angle = 60.0f;
 101              		.loc 1 46 29 discriminator 1 view .LVU14
 102 0022 9FED200A 		vldr.32	s0, .L15+4
 103              	.LVL6:
 104              	.L7:
  48:cooneo_Drivers/servo/servo.c ****     
  49:cooneo_Drivers/servo/servo.c ****     Servo_se *servo = &servos[servo_id];
 105              		.loc 1 49 5 is_stmt 1 view .LVU15
  50:cooneo_Drivers/servo/servo.c ****     servo->angle = angle;
 106              		.loc 1 50 5 view .LVU16
 107              		.loc 1 50 18 is_stmt 0 view .LVU17
 108 0026 00EB4002 		add	r2, r0, r0, lsl #1
 109 002a 1F4B     		ldr	r3, .L15+8
 110 002c 03EB8203 		add	r3, r3, r2, lsl #2
 111 0030 83ED020A 		vstr.32	s0, [r3, #8]
  51:cooneo_Drivers/servo/servo.c **** 
  52:cooneo_Drivers/servo/servo.c ****     uint32_t pulse_width = (uint32_t)(MIN_PULSE_WIDTH + (angle / 180.0f) * (MAX_PULSE_WIDTH - MIN_P
 112              		.loc 1 52 5 is_stmt 1 view .LVU18
 113              		.loc 1 52 64 is_stmt 0 view .LVU19
 114 0034 9FED1D7A 		vldr.32	s14, .L15+12
 115 0038 C0EE077A 		vdiv.f32	s15, s0, s14
 116              		.loc 1 52 74 view .LVU20
 117 003c 9FED1C7A 		vldr.32	s14, .L15+16
 118 0040 67EE877A 		vmul.f32	s15, s15, s14
 119              		.loc 1 52 55 view .LVU21
 120 0044 B3EE097A 		vmov.f32	s14, #2.5e+1
 121 0048 77EE877A 		vadd.f32	s15, s15, s14
ARM GAS  /tmp/ccqir6ho.s 			page 4


 122              		.loc 1 52 14 view .LVU22
 123 004c FCEEE77A 		vcvt.u32.f32	s15, s15
 124              	.LVL7:
  53:cooneo_Drivers/servo/servo.c ****     __HAL_TIM_SET_COMPARE(servo->htim, servo->channel, pulse_width);
 125              		.loc 1 53 5 is_stmt 1 view .LVU23
 126 0050 5B68     		ldr	r3, [r3, #4]
 127 0052 33B9     		cbnz	r3, .L8
 128              		.loc 1 53 5 is_stmt 0 discriminator 1 view .LVU24
 129 0054 144B     		ldr	r3, .L15+8
 130 0056 53F82230 		ldr	r3, [r3, r2, lsl #2]
 131 005a 1B68     		ldr	r3, [r3]
 132 005c C3ED0D7A 		vstr.32	s15, [r3, #52]	@ int
 133 0060 7047     		bx	lr
 134              	.L8:
 135              		.loc 1 53 5 discriminator 2 view .LVU25
 136 0062 042B     		cmp	r3, #4
 137 0064 0AD0     		beq	.L13
 138              		.loc 1 53 5 discriminator 4 view .LVU26
 139 0066 082B     		cmp	r3, #8
 140 0068 11D0     		beq	.L14
 141              		.loc 1 53 5 discriminator 7 view .LVU27
 142 006a 00EB4000 		add	r0, r0, r0, lsl #1
 143              	.LVL8:
 144              		.loc 1 53 5 discriminator 7 view .LVU28
 145 006e 0E4B     		ldr	r3, .L15+8
 146 0070 53F82030 		ldr	r3, [r3, r0, lsl #2]
 147 0074 1B68     		ldr	r3, [r3]
 148 0076 C3ED107A 		vstr.32	s15, [r3, #64]	@ int
 149              	.LVL9:
 150              	.L5:
  54:cooneo_Drivers/servo/servo.c **** }
 151              		.loc 1 54 1 view .LVU29
 152 007a 7047     		bx	lr
 153              	.LVL10:
 154              	.L13:
  53:cooneo_Drivers/servo/servo.c ****     __HAL_TIM_SET_COMPARE(servo->htim, servo->channel, pulse_width);
 155              		.loc 1 53 5 discriminator 3 view .LVU30
 156 007c 00EB4000 		add	r0, r0, r0, lsl #1
 157              	.LVL11:
  53:cooneo_Drivers/servo/servo.c ****     __HAL_TIM_SET_COMPARE(servo->htim, servo->channel, pulse_width);
 158              		.loc 1 53 5 discriminator 3 view .LVU31
 159 0080 094B     		ldr	r3, .L15+8
 160 0082 53F82030 		ldr	r3, [r3, r0, lsl #2]
 161 0086 1B68     		ldr	r3, [r3]
 162 0088 C3ED0E7A 		vstr.32	s15, [r3, #56]	@ int
 163 008c 7047     		bx	lr
 164              	.LVL12:
 165              	.L14:
  53:cooneo_Drivers/servo/servo.c ****     __HAL_TIM_SET_COMPARE(servo->htim, servo->channel, pulse_width);
 166              		.loc 1 53 5 discriminator 6 view .LVU32
 167 008e 00EB4000 		add	r0, r0, r0, lsl #1
 168              	.LVL13:
  53:cooneo_Drivers/servo/servo.c ****     __HAL_TIM_SET_COMPARE(servo->htim, servo->channel, pulse_width);
 169              		.loc 1 53 5 discriminator 6 view .LVU33
 170 0092 054B     		ldr	r3, .L15+8
 171 0094 53F82030 		ldr	r3, [r3, r0, lsl #2]
 172 0098 1B68     		ldr	r3, [r3]
ARM GAS  /tmp/ccqir6ho.s 			page 5


 173 009a C3ED0F7A 		vstr.32	s15, [r3, #60]	@ int
 174 009e 7047     		bx	lr
 175              	.L16:
 176              		.align	2
 177              	.L15:
 178 00a0 00007042 		.word	1114636288
 179 00a4 00000000 		.word	0
 180 00a8 00000000 		.word	servos
 181 00ac 00003443 		.word	1127481344
 182 00b0 0000C842 		.word	1120403456
 183              		.cfi_endproc
 184              	.LFE244:
 186              		.global	servos
 187              		.section	.data.servos,"aw"
 188              		.align	2
 191              	servos:
 192 0000 00000000 		.word	htim4
 193 0004 08000000 		.word	8
 194 0008 00000000 		.word	0
 195 000c 00000000 		.word	htim4
 196 0010 0C000000 		.word	12
 197 0014 00000000 		.word	0
 198 0018 00000000 		.word	htim5
 199 001c 08000000 		.word	8
 200 0020 00000000 		.word	0
 201              		.text
 202              	.Letext0:
 203              		.file 2 "/home/w0x7ce/Downloads/arm-gnu-toolchain-13.2.rel1-x86_64-arm-none-eabi/arm-gnu-toolchain
 204              		.file 3 "/home/w0x7ce/Downloads/arm-gnu-toolchain-13.2.rel1-x86_64-arm-none-eabi/arm-gnu-toolchain
 205              		.file 4 "/home/w0x7ce/Downloads/arm-gnu-toolchain-13.2.rel1-x86_64-arm-none-eabi/arm-gnu-toolchain
 206              		.file 5 "Drivers/CMSIS/Device/ST/STM32F4xx/Include/stm32f407xx.h"
 207              		.file 6 "Drivers/STM32F4xx_HAL_Driver/Inc/stm32f4xx_hal_def.h"
 208              		.file 7 "Drivers/STM32F4xx_HAL_Driver/Inc/stm32f4xx_hal_dma.h"
 209              		.file 8 "Drivers/STM32F4xx_HAL_Driver/Inc/stm32f4xx_hal_tim.h"
 210              		.file 9 "Core/Inc/tim.h"
 211              		.file 10 "micro_ros_stm32cubemx_utils/microros_static_library/libmicroros/microros_include/rmw/tim
 212              		.file 11 "micro_ros_stm32cubemx_utils/microros_static_library/libmicroros/microros_include/rmw/typ
 213              		.file 12 "micro_ros_stm32cubemx_utils/microros_static_library/libmicroros/microros_include/rmw/qos
 214              		.file 13 "micro_ros_stm32cubemx_utils/microros_static_library/libmicroros/microros_include/rcl_act
ARM GAS  /tmp/ccqir6ho.s 			page 6


DEFINED SYMBOLS
                            *ABS*:00000000 servo.c
     /tmp/ccqir6ho.s:21     .text.Servos_Init:00000000 $t
     /tmp/ccqir6ho.s:27     .text.Servos_Init:00000000 Servos_Init
     /tmp/ccqir6ho.s:59     .text.Servos_Init:00000020 $d
     /tmp/ccqir6ho.s:65     .text.Set_Servo_Angle:00000000 $t
     /tmp/ccqir6ho.s:71     .text.Set_Servo_Angle:00000000 Set_Servo_Angle
     /tmp/ccqir6ho.s:178    .text.Set_Servo_Angle:000000a0 $d
     /tmp/ccqir6ho.s:191    .data.servos:00000000 servos
     /tmp/ccqir6ho.s:188    .data.servos:00000000 $d

UNDEFINED SYMBOLS
HAL_TIM_PWM_Start
htim4
htim5
