ARM GAS  /tmp/ccjUrh9F.s 			page 1


   1              		.cpu cortex-m4
   2              		.eabi_attribute 27, 1
   3              		.eabi_attribute 28, 1
   4              		.eabi_attribute 20, 1
   5              		.eabi_attribute 21, 1
   6              		.eabi_attribute 23, 3
   7              		.eabi_attribute 24, 1
   8              		.eabi_attribute 25, 1
   9              		.eabi_attribute 26, 1
  10              		.eabi_attribute 30, 1
  11              		.eabi_attribute 34, 1
  12              		.eabi_attribute 18, 4
  13              		.file	"spi.c"
  14              		.text
  15              	.Ltext0:
  16              		.cfi_sections	.debug_frame
  17              		.section	.text.MX_SPI1_Init,"ax",%progbits
  18              		.align	1
  19              		.global	MX_SPI1_Init
  20              		.arch armv7e-m
  21              		.syntax unified
  22              		.thumb
  23              		.thumb_func
  24              		.fpu fpv4-sp-d16
  26              	MX_SPI1_Init:
  27              	.LFB235:
  28              		.file 1 "Core/Src/spi.c"
   1:Core/Src/spi.c **** /* USER CODE BEGIN Header */
   2:Core/Src/spi.c **** /**
   3:Core/Src/spi.c ****   ******************************************************************************
   4:Core/Src/spi.c ****   * @file    spi.c
   5:Core/Src/spi.c ****   * @brief   This file provides code for the configuration
   6:Core/Src/spi.c ****   *          of the SPI instances.
   7:Core/Src/spi.c ****   ******************************************************************************
   8:Core/Src/spi.c ****   * @attention
   9:Core/Src/spi.c ****   *
  10:Core/Src/spi.c ****   * Copyright (c) 2024 STMicroelectronics.
  11:Core/Src/spi.c ****   * All rights reserved.
  12:Core/Src/spi.c ****   *
  13:Core/Src/spi.c ****   * This software is licensed under terms that can be found in the LICENSE file
  14:Core/Src/spi.c ****   * in the root directory of this software component.
  15:Core/Src/spi.c ****   * If no LICENSE file comes with this software, it is provided AS-IS.
  16:Core/Src/spi.c ****   *
  17:Core/Src/spi.c ****   ******************************************************************************
  18:Core/Src/spi.c ****   */
  19:Core/Src/spi.c **** /* USER CODE END Header */
  20:Core/Src/spi.c **** /* Includes ------------------------------------------------------------------*/
  21:Core/Src/spi.c **** #include "spi.h"
  22:Core/Src/spi.c **** 
  23:Core/Src/spi.c **** /* USER CODE BEGIN 0 */
  24:Core/Src/spi.c **** 
  25:Core/Src/spi.c **** /* USER CODE END 0 */
  26:Core/Src/spi.c **** 
  27:Core/Src/spi.c **** SPI_HandleTypeDef hspi1;
  28:Core/Src/spi.c **** SPI_HandleTypeDef hspi2;
  29:Core/Src/spi.c **** 
  30:Core/Src/spi.c **** /* SPI1 init function */
ARM GAS  /tmp/ccjUrh9F.s 			page 2


  31:Core/Src/spi.c **** void MX_SPI1_Init(void)
  32:Core/Src/spi.c **** {
  29              		.loc 1 32 1 view -0
  30              		.cfi_startproc
  31              		@ args = 0, pretend = 0, frame = 0
  32              		@ frame_needed = 0, uses_anonymous_args = 0
  33 0000 08B5     		push	{r3, lr}
  34              	.LCFI0:
  35              		.cfi_def_cfa_offset 8
  36              		.cfi_offset 3, -8
  37              		.cfi_offset 14, -4
  33:Core/Src/spi.c **** 
  34:Core/Src/spi.c ****   /* USER CODE BEGIN SPI1_Init 0 */
  35:Core/Src/spi.c **** 
  36:Core/Src/spi.c ****   /* USER CODE END SPI1_Init 0 */
  37:Core/Src/spi.c **** 
  38:Core/Src/spi.c ****   /* USER CODE BEGIN SPI1_Init 1 */
  39:Core/Src/spi.c **** 
  40:Core/Src/spi.c ****   /* USER CODE END SPI1_Init 1 */
  41:Core/Src/spi.c ****   hspi1.Instance = SPI1;
  38              		.loc 1 41 3 view .LVU1
  39              		.loc 1 41 18 is_stmt 0 view .LVU2
  40 0002 0D48     		ldr	r0, .L5
  41 0004 0D4B     		ldr	r3, .L5+4
  42 0006 0360     		str	r3, [r0]
  42:Core/Src/spi.c ****   hspi1.Init.Mode = SPI_MODE_MASTER;
  43              		.loc 1 42 3 is_stmt 1 view .LVU3
  44              		.loc 1 42 19 is_stmt 0 view .LVU4
  45 0008 4FF48273 		mov	r3, #260
  46 000c 4360     		str	r3, [r0, #4]
  43:Core/Src/spi.c ****   hspi1.Init.Direction = SPI_DIRECTION_2LINES;
  47              		.loc 1 43 3 is_stmt 1 view .LVU5
  48              		.loc 1 43 24 is_stmt 0 view .LVU6
  49 000e 0023     		movs	r3, #0
  50 0010 8360     		str	r3, [r0, #8]
  44:Core/Src/spi.c ****   hspi1.Init.DataSize = SPI_DATASIZE_8BIT;
  51              		.loc 1 44 3 is_stmt 1 view .LVU7
  52              		.loc 1 44 23 is_stmt 0 view .LVU8
  53 0012 C360     		str	r3, [r0, #12]
  45:Core/Src/spi.c ****   hspi1.Init.CLKPolarity = SPI_POLARITY_LOW;
  54              		.loc 1 45 3 is_stmt 1 view .LVU9
  55              		.loc 1 45 26 is_stmt 0 view .LVU10
  56 0014 0361     		str	r3, [r0, #16]
  46:Core/Src/spi.c ****   hspi1.Init.CLKPhase = SPI_PHASE_1EDGE;
  57              		.loc 1 46 3 is_stmt 1 view .LVU11
  58              		.loc 1 46 23 is_stmt 0 view .LVU12
  59 0016 4361     		str	r3, [r0, #20]
  47:Core/Src/spi.c ****   hspi1.Init.NSS = SPI_NSS_SOFT;
  60              		.loc 1 47 3 is_stmt 1 view .LVU13
  61              		.loc 1 47 18 is_stmt 0 view .LVU14
  62 0018 4FF40072 		mov	r2, #512
  63 001c 8261     		str	r2, [r0, #24]
  48:Core/Src/spi.c ****   hspi1.Init.BaudRatePrescaler = SPI_BAUDRATEPRESCALER_2;
  64              		.loc 1 48 3 is_stmt 1 view .LVU15
  65              		.loc 1 48 32 is_stmt 0 view .LVU16
  66 001e C361     		str	r3, [r0, #28]
  49:Core/Src/spi.c ****   hspi1.Init.FirstBit = SPI_FIRSTBIT_MSB;
ARM GAS  /tmp/ccjUrh9F.s 			page 3


  67              		.loc 1 49 3 is_stmt 1 view .LVU17
  68              		.loc 1 49 23 is_stmt 0 view .LVU18
  69 0020 0362     		str	r3, [r0, #32]
  50:Core/Src/spi.c ****   hspi1.Init.TIMode = SPI_TIMODE_DISABLE;
  70              		.loc 1 50 3 is_stmt 1 view .LVU19
  71              		.loc 1 50 21 is_stmt 0 view .LVU20
  72 0022 4362     		str	r3, [r0, #36]
  51:Core/Src/spi.c ****   hspi1.Init.CRCCalculation = SPI_CRCCALCULATION_DISABLE;
  73              		.loc 1 51 3 is_stmt 1 view .LVU21
  74              		.loc 1 51 29 is_stmt 0 view .LVU22
  75 0024 8362     		str	r3, [r0, #40]
  52:Core/Src/spi.c ****   hspi1.Init.CRCPolynomial = 10;
  76              		.loc 1 52 3 is_stmt 1 view .LVU23
  77              		.loc 1 52 28 is_stmt 0 view .LVU24
  78 0026 0A23     		movs	r3, #10
  79 0028 C362     		str	r3, [r0, #44]
  53:Core/Src/spi.c ****   if (HAL_SPI_Init(&hspi1) != HAL_OK)
  80              		.loc 1 53 3 is_stmt 1 view .LVU25
  81              		.loc 1 53 7 is_stmt 0 view .LVU26
  82 002a FFF7FEFF 		bl	HAL_SPI_Init
  83              	.LVL0:
  84              		.loc 1 53 6 view .LVU27
  85 002e 00B9     		cbnz	r0, .L4
  86              	.L1:
  54:Core/Src/spi.c ****   {
  55:Core/Src/spi.c ****     Error_Handler();
  56:Core/Src/spi.c ****   }
  57:Core/Src/spi.c ****   /* USER CODE BEGIN SPI1_Init 2 */
  58:Core/Src/spi.c **** 
  59:Core/Src/spi.c ****   /* USER CODE END SPI1_Init 2 */
  60:Core/Src/spi.c **** 
  61:Core/Src/spi.c **** }
  87              		.loc 1 61 1 view .LVU28
  88 0030 08BD     		pop	{r3, pc}
  89              	.L4:
  55:Core/Src/spi.c ****   }
  90              		.loc 1 55 5 is_stmt 1 view .LVU29
  91 0032 FFF7FEFF 		bl	Error_Handler
  92              	.LVL1:
  93              		.loc 1 61 1 is_stmt 0 view .LVU30
  94 0036 FBE7     		b	.L1
  95              	.L6:
  96              		.align	2
  97              	.L5:
  98 0038 00000000 		.word	.LANCHOR0
  99 003c 00300140 		.word	1073819648
 100              		.cfi_endproc
 101              	.LFE235:
 103              		.section	.text.MX_SPI2_Init,"ax",%progbits
 104              		.align	1
 105              		.global	MX_SPI2_Init
 106              		.syntax unified
 107              		.thumb
 108              		.thumb_func
 109              		.fpu fpv4-sp-d16
 111              	MX_SPI2_Init:
 112              	.LFB236:
ARM GAS  /tmp/ccjUrh9F.s 			page 4


  62:Core/Src/spi.c **** /* SPI2 init function */
  63:Core/Src/spi.c **** void MX_SPI2_Init(void)
  64:Core/Src/spi.c **** {
 113              		.loc 1 64 1 is_stmt 1 view -0
 114              		.cfi_startproc
 115              		@ args = 0, pretend = 0, frame = 0
 116              		@ frame_needed = 0, uses_anonymous_args = 0
 117 0000 08B5     		push	{r3, lr}
 118              	.LCFI1:
 119              		.cfi_def_cfa_offset 8
 120              		.cfi_offset 3, -8
 121              		.cfi_offset 14, -4
  65:Core/Src/spi.c **** 
  66:Core/Src/spi.c ****   /* USER CODE BEGIN SPI2_Init 0 */
  67:Core/Src/spi.c **** 
  68:Core/Src/spi.c ****   /* USER CODE END SPI2_Init 0 */
  69:Core/Src/spi.c **** 
  70:Core/Src/spi.c ****   /* USER CODE BEGIN SPI2_Init 1 */
  71:Core/Src/spi.c **** 
  72:Core/Src/spi.c ****   /* USER CODE END SPI2_Init 1 */
  73:Core/Src/spi.c ****   hspi2.Instance = SPI2;
 122              		.loc 1 73 3 view .LVU32
 123              		.loc 1 73 18 is_stmt 0 view .LVU33
 124 0002 0D48     		ldr	r0, .L11
 125 0004 0D4B     		ldr	r3, .L11+4
 126 0006 0360     		str	r3, [r0]
  74:Core/Src/spi.c ****   hspi2.Init.Mode = SPI_MODE_MASTER;
 127              		.loc 1 74 3 is_stmt 1 view .LVU34
 128              		.loc 1 74 19 is_stmt 0 view .LVU35
 129 0008 4FF48273 		mov	r3, #260
 130 000c 4360     		str	r3, [r0, #4]
  75:Core/Src/spi.c ****   hspi2.Init.Direction = SPI_DIRECTION_2LINES;
 131              		.loc 1 75 3 is_stmt 1 view .LVU36
 132              		.loc 1 75 24 is_stmt 0 view .LVU37
 133 000e 0023     		movs	r3, #0
 134 0010 8360     		str	r3, [r0, #8]
  76:Core/Src/spi.c ****   hspi2.Init.DataSize = SPI_DATASIZE_8BIT;
 135              		.loc 1 76 3 is_stmt 1 view .LVU38
 136              		.loc 1 76 23 is_stmt 0 view .LVU39
 137 0012 C360     		str	r3, [r0, #12]
  77:Core/Src/spi.c ****   hspi2.Init.CLKPolarity = SPI_POLARITY_LOW;
 138              		.loc 1 77 3 is_stmt 1 view .LVU40
 139              		.loc 1 77 26 is_stmt 0 view .LVU41
 140 0014 0361     		str	r3, [r0, #16]
  78:Core/Src/spi.c ****   hspi2.Init.CLKPhase = SPI_PHASE_1EDGE;
 141              		.loc 1 78 3 is_stmt 1 view .LVU42
 142              		.loc 1 78 23 is_stmt 0 view .LVU43
 143 0016 4361     		str	r3, [r0, #20]
  79:Core/Src/spi.c ****   hspi2.Init.NSS = SPI_NSS_SOFT;
 144              		.loc 1 79 3 is_stmt 1 view .LVU44
 145              		.loc 1 79 18 is_stmt 0 view .LVU45
 146 0018 4FF40072 		mov	r2, #512
 147 001c 8261     		str	r2, [r0, #24]
  80:Core/Src/spi.c ****   hspi2.Init.BaudRatePrescaler = SPI_BAUDRATEPRESCALER_2;
 148              		.loc 1 80 3 is_stmt 1 view .LVU46
 149              		.loc 1 80 32 is_stmt 0 view .LVU47
 150 001e C361     		str	r3, [r0, #28]
ARM GAS  /tmp/ccjUrh9F.s 			page 5


  81:Core/Src/spi.c ****   hspi2.Init.FirstBit = SPI_FIRSTBIT_MSB;
 151              		.loc 1 81 3 is_stmt 1 view .LVU48
 152              		.loc 1 81 23 is_stmt 0 view .LVU49
 153 0020 0362     		str	r3, [r0, #32]
  82:Core/Src/spi.c ****   hspi2.Init.TIMode = SPI_TIMODE_DISABLE;
 154              		.loc 1 82 3 is_stmt 1 view .LVU50
 155              		.loc 1 82 21 is_stmt 0 view .LVU51
 156 0022 4362     		str	r3, [r0, #36]
  83:Core/Src/spi.c ****   hspi2.Init.CRCCalculation = SPI_CRCCALCULATION_DISABLE;
 157              		.loc 1 83 3 is_stmt 1 view .LVU52
 158              		.loc 1 83 29 is_stmt 0 view .LVU53
 159 0024 8362     		str	r3, [r0, #40]
  84:Core/Src/spi.c ****   hspi2.Init.CRCPolynomial = 10;
 160              		.loc 1 84 3 is_stmt 1 view .LVU54
 161              		.loc 1 84 28 is_stmt 0 view .LVU55
 162 0026 0A23     		movs	r3, #10
 163 0028 C362     		str	r3, [r0, #44]
  85:Core/Src/spi.c ****   if (HAL_SPI_Init(&hspi2) != HAL_OK)
 164              		.loc 1 85 3 is_stmt 1 view .LVU56
 165              		.loc 1 85 7 is_stmt 0 view .LVU57
 166 002a FFF7FEFF 		bl	HAL_SPI_Init
 167              	.LVL2:
 168              		.loc 1 85 6 view .LVU58
 169 002e 00B9     		cbnz	r0, .L10
 170              	.L7:
  86:Core/Src/spi.c ****   {
  87:Core/Src/spi.c ****     Error_Handler();
  88:Core/Src/spi.c ****   }
  89:Core/Src/spi.c ****   /* USER CODE BEGIN SPI2_Init 2 */
  90:Core/Src/spi.c **** 
  91:Core/Src/spi.c ****   /* USER CODE END SPI2_Init 2 */
  92:Core/Src/spi.c **** 
  93:Core/Src/spi.c **** }
 171              		.loc 1 93 1 view .LVU59
 172 0030 08BD     		pop	{r3, pc}
 173              	.L10:
  87:Core/Src/spi.c ****   }
 174              		.loc 1 87 5 is_stmt 1 view .LVU60
 175 0032 FFF7FEFF 		bl	Error_Handler
 176              	.LVL3:
 177              		.loc 1 93 1 is_stmt 0 view .LVU61
 178 0036 FBE7     		b	.L7
 179              	.L12:
 180              		.align	2
 181              	.L11:
 182 0038 00000000 		.word	.LANCHOR1
 183 003c 00380040 		.word	1073756160
 184              		.cfi_endproc
 185              	.LFE236:
 187              		.section	.text.HAL_SPI_MspInit,"ax",%progbits
 188              		.align	1
 189              		.global	HAL_SPI_MspInit
 190              		.syntax unified
 191              		.thumb
 192              		.thumb_func
 193              		.fpu fpv4-sp-d16
 195              	HAL_SPI_MspInit:
ARM GAS  /tmp/ccjUrh9F.s 			page 6


 196              	.LVL4:
 197              	.LFB237:
  94:Core/Src/spi.c **** 
  95:Core/Src/spi.c **** void HAL_SPI_MspInit(SPI_HandleTypeDef* spiHandle)
  96:Core/Src/spi.c **** {
 198              		.loc 1 96 1 is_stmt 1 view -0
 199              		.cfi_startproc
 200              		@ args = 0, pretend = 0, frame = 40
 201              		@ frame_needed = 0, uses_anonymous_args = 0
 202              		.loc 1 96 1 is_stmt 0 view .LVU63
 203 0000 00B5     		push	{lr}
 204              	.LCFI2:
 205              		.cfi_def_cfa_offset 4
 206              		.cfi_offset 14, -4
 207 0002 8BB0     		sub	sp, sp, #44
 208              	.LCFI3:
 209              		.cfi_def_cfa_offset 48
  97:Core/Src/spi.c **** 
  98:Core/Src/spi.c ****   GPIO_InitTypeDef GPIO_InitStruct = {0};
 210              		.loc 1 98 3 is_stmt 1 view .LVU64
 211              		.loc 1 98 20 is_stmt 0 view .LVU65
 212 0004 0023     		movs	r3, #0
 213 0006 0593     		str	r3, [sp, #20]
 214 0008 0693     		str	r3, [sp, #24]
 215 000a 0793     		str	r3, [sp, #28]
 216 000c 0893     		str	r3, [sp, #32]
 217 000e 0993     		str	r3, [sp, #36]
  99:Core/Src/spi.c ****   if(spiHandle->Instance==SPI1)
 218              		.loc 1 99 3 is_stmt 1 view .LVU66
 219              		.loc 1 99 15 is_stmt 0 view .LVU67
 220 0010 0368     		ldr	r3, [r0]
 221              		.loc 1 99 5 view .LVU68
 222 0012 284A     		ldr	r2, .L19
 223 0014 9342     		cmp	r3, r2
 224 0016 05D0     		beq	.L17
 100:Core/Src/spi.c ****   {
 101:Core/Src/spi.c ****   /* USER CODE BEGIN SPI1_MspInit 0 */
 102:Core/Src/spi.c **** 
 103:Core/Src/spi.c ****   /* USER CODE END SPI1_MspInit 0 */
 104:Core/Src/spi.c ****     /* SPI1 clock enable */
 105:Core/Src/spi.c ****     __HAL_RCC_SPI1_CLK_ENABLE();
 106:Core/Src/spi.c **** 
 107:Core/Src/spi.c ****     __HAL_RCC_GPIOA_CLK_ENABLE();
 108:Core/Src/spi.c ****     /**SPI1 GPIO Configuration
 109:Core/Src/spi.c ****     PA5     ------> SPI1_SCK
 110:Core/Src/spi.c ****     PA6     ------> SPI1_MISO
 111:Core/Src/spi.c ****     PA7     ------> SPI1_MOSI
 112:Core/Src/spi.c ****     */
 113:Core/Src/spi.c ****     GPIO_InitStruct.Pin = GPIO_PIN_5|GPIO_PIN_6|GPIO_PIN_7;
 114:Core/Src/spi.c ****     GPIO_InitStruct.Mode = GPIO_MODE_AF_PP;
 115:Core/Src/spi.c ****     GPIO_InitStruct.Pull = GPIO_NOPULL;
 116:Core/Src/spi.c ****     GPIO_InitStruct.Speed = GPIO_SPEED_FREQ_VERY_HIGH;
 117:Core/Src/spi.c ****     GPIO_InitStruct.Alternate = GPIO_AF5_SPI1;
 118:Core/Src/spi.c ****     HAL_GPIO_Init(GPIOA, &GPIO_InitStruct);
 119:Core/Src/spi.c **** 
 120:Core/Src/spi.c ****   /* USER CODE BEGIN SPI1_MspInit 1 */
 121:Core/Src/spi.c **** 
ARM GAS  /tmp/ccjUrh9F.s 			page 7


 122:Core/Src/spi.c ****   /* USER CODE END SPI1_MspInit 1 */
 123:Core/Src/spi.c ****   }
 124:Core/Src/spi.c ****   else if(spiHandle->Instance==SPI2)
 225              		.loc 1 124 8 is_stmt 1 view .LVU69
 226              		.loc 1 124 10 is_stmt 0 view .LVU70
 227 0018 274A     		ldr	r2, .L19+4
 228 001a 9342     		cmp	r3, r2
 229 001c 25D0     		beq	.L18
 230              	.LVL5:
 231              	.L13:
 125:Core/Src/spi.c ****   {
 126:Core/Src/spi.c ****   /* USER CODE BEGIN SPI2_MspInit 0 */
 127:Core/Src/spi.c **** 
 128:Core/Src/spi.c ****   /* USER CODE END SPI2_MspInit 0 */
 129:Core/Src/spi.c ****     /* SPI2 clock enable */
 130:Core/Src/spi.c ****     __HAL_RCC_SPI2_CLK_ENABLE();
 131:Core/Src/spi.c **** 
 132:Core/Src/spi.c ****     __HAL_RCC_GPIOB_CLK_ENABLE();
 133:Core/Src/spi.c ****     /**SPI2 GPIO Configuration
 134:Core/Src/spi.c ****     PB13     ------> SPI2_SCK
 135:Core/Src/spi.c ****     PB14     ------> SPI2_MISO
 136:Core/Src/spi.c ****     PB15     ------> SPI2_MOSI
 137:Core/Src/spi.c ****     */
 138:Core/Src/spi.c ****     GPIO_InitStruct.Pin = GPIO_PIN_13|GPIO_PIN_14|GPIO_PIN_15;
 139:Core/Src/spi.c ****     GPIO_InitStruct.Mode = GPIO_MODE_AF_PP;
 140:Core/Src/spi.c ****     GPIO_InitStruct.Pull = GPIO_NOPULL;
 141:Core/Src/spi.c ****     GPIO_InitStruct.Speed = GPIO_SPEED_FREQ_VERY_HIGH;
 142:Core/Src/spi.c ****     GPIO_InitStruct.Alternate = GPIO_AF5_SPI2;
 143:Core/Src/spi.c ****     HAL_GPIO_Init(GPIOB, &GPIO_InitStruct);
 144:Core/Src/spi.c **** 
 145:Core/Src/spi.c ****   /* USER CODE BEGIN SPI2_MspInit 1 */
 146:Core/Src/spi.c **** 
 147:Core/Src/spi.c ****   /* USER CODE END SPI2_MspInit 1 */
 148:Core/Src/spi.c ****   }
 149:Core/Src/spi.c **** }
 232              		.loc 1 149 1 view .LVU71
 233 001e 0BB0     		add	sp, sp, #44
 234              	.LCFI4:
 235              		.cfi_remember_state
 236              		.cfi_def_cfa_offset 4
 237              		@ sp needed
 238 0020 5DF804FB 		ldr	pc, [sp], #4
 239              	.LVL6:
 240              	.L17:
 241              	.LCFI5:
 242              		.cfi_restore_state
 105:Core/Src/spi.c **** 
 243              		.loc 1 105 5 is_stmt 1 view .LVU72
 244              	.LBB2:
 105:Core/Src/spi.c **** 
 245              		.loc 1 105 5 view .LVU73
 246 0024 0021     		movs	r1, #0
 247 0026 0191     		str	r1, [sp, #4]
 105:Core/Src/spi.c **** 
 248              		.loc 1 105 5 view .LVU74
 249 0028 244B     		ldr	r3, .L19+8
 250 002a 5A6C     		ldr	r2, [r3, #68]
ARM GAS  /tmp/ccjUrh9F.s 			page 8


 251 002c 42F48052 		orr	r2, r2, #4096
 252 0030 5A64     		str	r2, [r3, #68]
 105:Core/Src/spi.c **** 
 253              		.loc 1 105 5 view .LVU75
 254 0032 5A6C     		ldr	r2, [r3, #68]
 255 0034 02F48052 		and	r2, r2, #4096
 256 0038 0192     		str	r2, [sp, #4]
 105:Core/Src/spi.c **** 
 257              		.loc 1 105 5 view .LVU76
 258 003a 019A     		ldr	r2, [sp, #4]
 259              	.LBE2:
 105:Core/Src/spi.c **** 
 260              		.loc 1 105 5 view .LVU77
 107:Core/Src/spi.c ****     /**SPI1 GPIO Configuration
 261              		.loc 1 107 5 view .LVU78
 262              	.LBB3:
 107:Core/Src/spi.c ****     /**SPI1 GPIO Configuration
 263              		.loc 1 107 5 view .LVU79
 264 003c 0291     		str	r1, [sp, #8]
 107:Core/Src/spi.c ****     /**SPI1 GPIO Configuration
 265              		.loc 1 107 5 view .LVU80
 266 003e 1A6B     		ldr	r2, [r3, #48]
 267 0040 42F00102 		orr	r2, r2, #1
 268 0044 1A63     		str	r2, [r3, #48]
 107:Core/Src/spi.c ****     /**SPI1 GPIO Configuration
 269              		.loc 1 107 5 view .LVU81
 270 0046 1B6B     		ldr	r3, [r3, #48]
 271 0048 03F00103 		and	r3, r3, #1
 272 004c 0293     		str	r3, [sp, #8]
 107:Core/Src/spi.c ****     /**SPI1 GPIO Configuration
 273              		.loc 1 107 5 view .LVU82
 274 004e 029B     		ldr	r3, [sp, #8]
 275              	.LBE3:
 107:Core/Src/spi.c ****     /**SPI1 GPIO Configuration
 276              		.loc 1 107 5 view .LVU83
 113:Core/Src/spi.c ****     GPIO_InitStruct.Mode = GPIO_MODE_AF_PP;
 277              		.loc 1 113 5 view .LVU84
 113:Core/Src/spi.c ****     GPIO_InitStruct.Mode = GPIO_MODE_AF_PP;
 278              		.loc 1 113 25 is_stmt 0 view .LVU85
 279 0050 E023     		movs	r3, #224
 280 0052 0593     		str	r3, [sp, #20]
 114:Core/Src/spi.c ****     GPIO_InitStruct.Pull = GPIO_NOPULL;
 281              		.loc 1 114 5 is_stmt 1 view .LVU86
 114:Core/Src/spi.c ****     GPIO_InitStruct.Pull = GPIO_NOPULL;
 282              		.loc 1 114 26 is_stmt 0 view .LVU87
 283 0054 0223     		movs	r3, #2
 284 0056 0693     		str	r3, [sp, #24]
 115:Core/Src/spi.c ****     GPIO_InitStruct.Speed = GPIO_SPEED_FREQ_VERY_HIGH;
 285              		.loc 1 115 5 is_stmt 1 view .LVU88
 116:Core/Src/spi.c ****     GPIO_InitStruct.Alternate = GPIO_AF5_SPI1;
 286              		.loc 1 116 5 view .LVU89
 116:Core/Src/spi.c ****     GPIO_InitStruct.Alternate = GPIO_AF5_SPI1;
 287              		.loc 1 116 27 is_stmt 0 view .LVU90
 288 0058 0323     		movs	r3, #3
 289 005a 0893     		str	r3, [sp, #32]
 117:Core/Src/spi.c ****     HAL_GPIO_Init(GPIOA, &GPIO_InitStruct);
 290              		.loc 1 117 5 is_stmt 1 view .LVU91
ARM GAS  /tmp/ccjUrh9F.s 			page 9


 117:Core/Src/spi.c ****     HAL_GPIO_Init(GPIOA, &GPIO_InitStruct);
 291              		.loc 1 117 31 is_stmt 0 view .LVU92
 292 005c 0523     		movs	r3, #5
 293 005e 0993     		str	r3, [sp, #36]
 118:Core/Src/spi.c **** 
 294              		.loc 1 118 5 is_stmt 1 view .LVU93
 295 0060 05A9     		add	r1, sp, #20
 296 0062 1748     		ldr	r0, .L19+12
 297              	.LVL7:
 118:Core/Src/spi.c **** 
 298              		.loc 1 118 5 is_stmt 0 view .LVU94
 299 0064 FFF7FEFF 		bl	HAL_GPIO_Init
 300              	.LVL8:
 301 0068 D9E7     		b	.L13
 302              	.LVL9:
 303              	.L18:
 130:Core/Src/spi.c **** 
 304              		.loc 1 130 5 is_stmt 1 view .LVU95
 305              	.LBB4:
 130:Core/Src/spi.c **** 
 306              		.loc 1 130 5 view .LVU96
 307 006a 0021     		movs	r1, #0
 308 006c 0391     		str	r1, [sp, #12]
 130:Core/Src/spi.c **** 
 309              		.loc 1 130 5 view .LVU97
 310 006e 134B     		ldr	r3, .L19+8
 311 0070 1A6C     		ldr	r2, [r3, #64]
 312 0072 42F48042 		orr	r2, r2, #16384
 313 0076 1A64     		str	r2, [r3, #64]
 130:Core/Src/spi.c **** 
 314              		.loc 1 130 5 view .LVU98
 315 0078 1A6C     		ldr	r2, [r3, #64]
 316 007a 02F48042 		and	r2, r2, #16384
 317 007e 0392     		str	r2, [sp, #12]
 130:Core/Src/spi.c **** 
 318              		.loc 1 130 5 view .LVU99
 319 0080 039A     		ldr	r2, [sp, #12]
 320              	.LBE4:
 130:Core/Src/spi.c **** 
 321              		.loc 1 130 5 view .LVU100
 132:Core/Src/spi.c ****     /**SPI2 GPIO Configuration
 322              		.loc 1 132 5 view .LVU101
 323              	.LBB5:
 132:Core/Src/spi.c ****     /**SPI2 GPIO Configuration
 324              		.loc 1 132 5 view .LVU102
 325 0082 0491     		str	r1, [sp, #16]
 132:Core/Src/spi.c ****     /**SPI2 GPIO Configuration
 326              		.loc 1 132 5 view .LVU103
 327 0084 1A6B     		ldr	r2, [r3, #48]
 328 0086 42F00202 		orr	r2, r2, #2
 329 008a 1A63     		str	r2, [r3, #48]
 132:Core/Src/spi.c ****     /**SPI2 GPIO Configuration
 330              		.loc 1 132 5 view .LVU104
 331 008c 1B6B     		ldr	r3, [r3, #48]
 332 008e 03F00203 		and	r3, r3, #2
 333 0092 0493     		str	r3, [sp, #16]
 132:Core/Src/spi.c ****     /**SPI2 GPIO Configuration
ARM GAS  /tmp/ccjUrh9F.s 			page 10


 334              		.loc 1 132 5 view .LVU105
 335 0094 049B     		ldr	r3, [sp, #16]
 336              	.LBE5:
 132:Core/Src/spi.c ****     /**SPI2 GPIO Configuration
 337              		.loc 1 132 5 view .LVU106
 138:Core/Src/spi.c ****     GPIO_InitStruct.Mode = GPIO_MODE_AF_PP;
 338              		.loc 1 138 5 view .LVU107
 138:Core/Src/spi.c ****     GPIO_InitStruct.Mode = GPIO_MODE_AF_PP;
 339              		.loc 1 138 25 is_stmt 0 view .LVU108
 340 0096 4FF46043 		mov	r3, #57344
 341 009a 0593     		str	r3, [sp, #20]
 139:Core/Src/spi.c ****     GPIO_InitStruct.Pull = GPIO_NOPULL;
 342              		.loc 1 139 5 is_stmt 1 view .LVU109
 139:Core/Src/spi.c ****     GPIO_InitStruct.Pull = GPIO_NOPULL;
 343              		.loc 1 139 26 is_stmt 0 view .LVU110
 344 009c 0223     		movs	r3, #2
 345 009e 0693     		str	r3, [sp, #24]
 140:Core/Src/spi.c ****     GPIO_InitStruct.Speed = GPIO_SPEED_FREQ_VERY_HIGH;
 346              		.loc 1 140 5 is_stmt 1 view .LVU111
 141:Core/Src/spi.c ****     GPIO_InitStruct.Alternate = GPIO_AF5_SPI2;
 347              		.loc 1 141 5 view .LVU112
 141:Core/Src/spi.c ****     GPIO_InitStruct.Alternate = GPIO_AF5_SPI2;
 348              		.loc 1 141 27 is_stmt 0 view .LVU113
 349 00a0 0323     		movs	r3, #3
 350 00a2 0893     		str	r3, [sp, #32]
 142:Core/Src/spi.c ****     HAL_GPIO_Init(GPIOB, &GPIO_InitStruct);
 351              		.loc 1 142 5 is_stmt 1 view .LVU114
 142:Core/Src/spi.c ****     HAL_GPIO_Init(GPIOB, &GPIO_InitStruct);
 352              		.loc 1 142 31 is_stmt 0 view .LVU115
 353 00a4 0523     		movs	r3, #5
 354 00a6 0993     		str	r3, [sp, #36]
 143:Core/Src/spi.c **** 
 355              		.loc 1 143 5 is_stmt 1 view .LVU116
 356 00a8 05A9     		add	r1, sp, #20
 357 00aa 0648     		ldr	r0, .L19+16
 358              	.LVL10:
 143:Core/Src/spi.c **** 
 359              		.loc 1 143 5 is_stmt 0 view .LVU117
 360 00ac FFF7FEFF 		bl	HAL_GPIO_Init
 361              	.LVL11:
 362              		.loc 1 149 1 view .LVU118
 363 00b0 B5E7     		b	.L13
 364              	.L20:
 365 00b2 00BF     		.align	2
 366              	.L19:
 367 00b4 00300140 		.word	1073819648
 368 00b8 00380040 		.word	1073756160
 369 00bc 00380240 		.word	1073887232
 370 00c0 00000240 		.word	1073872896
 371 00c4 00040240 		.word	1073873920
 372              		.cfi_endproc
 373              	.LFE237:
 375              		.section	.text.HAL_SPI_MspDeInit,"ax",%progbits
 376              		.align	1
 377              		.global	HAL_SPI_MspDeInit
 378              		.syntax unified
 379              		.thumb
ARM GAS  /tmp/ccjUrh9F.s 			page 11


 380              		.thumb_func
 381              		.fpu fpv4-sp-d16
 383              	HAL_SPI_MspDeInit:
 384              	.LVL12:
 385              	.LFB238:
 150:Core/Src/spi.c **** 
 151:Core/Src/spi.c **** void HAL_SPI_MspDeInit(SPI_HandleTypeDef* spiHandle)
 152:Core/Src/spi.c **** {
 386              		.loc 1 152 1 is_stmt 1 view -0
 387              		.cfi_startproc
 388              		@ args = 0, pretend = 0, frame = 0
 389              		@ frame_needed = 0, uses_anonymous_args = 0
 390              		.loc 1 152 1 is_stmt 0 view .LVU120
 391 0000 08B5     		push	{r3, lr}
 392              	.LCFI6:
 393              		.cfi_def_cfa_offset 8
 394              		.cfi_offset 3, -8
 395              		.cfi_offset 14, -4
 153:Core/Src/spi.c **** 
 154:Core/Src/spi.c ****   if(spiHandle->Instance==SPI1)
 396              		.loc 1 154 3 is_stmt 1 view .LVU121
 397              		.loc 1 154 15 is_stmt 0 view .LVU122
 398 0002 0368     		ldr	r3, [r0]
 399              		.loc 1 154 5 view .LVU123
 400 0004 0E4A     		ldr	r2, .L27
 401 0006 9342     		cmp	r3, r2
 402 0008 03D0     		beq	.L25
 155:Core/Src/spi.c ****   {
 156:Core/Src/spi.c ****   /* USER CODE BEGIN SPI1_MspDeInit 0 */
 157:Core/Src/spi.c **** 
 158:Core/Src/spi.c ****   /* USER CODE END SPI1_MspDeInit 0 */
 159:Core/Src/spi.c ****     /* Peripheral clock disable */
 160:Core/Src/spi.c ****     __HAL_RCC_SPI1_CLK_DISABLE();
 161:Core/Src/spi.c **** 
 162:Core/Src/spi.c ****     /**SPI1 GPIO Configuration
 163:Core/Src/spi.c ****     PA5     ------> SPI1_SCK
 164:Core/Src/spi.c ****     PA6     ------> SPI1_MISO
 165:Core/Src/spi.c ****     PA7     ------> SPI1_MOSI
 166:Core/Src/spi.c ****     */
 167:Core/Src/spi.c ****     HAL_GPIO_DeInit(GPIOA, GPIO_PIN_5|GPIO_PIN_6|GPIO_PIN_7);
 168:Core/Src/spi.c **** 
 169:Core/Src/spi.c ****   /* USER CODE BEGIN SPI1_MspDeInit 1 */
 170:Core/Src/spi.c **** 
 171:Core/Src/spi.c ****   /* USER CODE END SPI1_MspDeInit 1 */
 172:Core/Src/spi.c ****   }
 173:Core/Src/spi.c ****   else if(spiHandle->Instance==SPI2)
 403              		.loc 1 173 8 is_stmt 1 view .LVU124
 404              		.loc 1 173 10 is_stmt 0 view .LVU125
 405 000a 0E4A     		ldr	r2, .L27+4
 406 000c 9342     		cmp	r3, r2
 407 000e 0BD0     		beq	.L26
 408              	.LVL13:
 409              	.L21:
 174:Core/Src/spi.c ****   {
 175:Core/Src/spi.c ****   /* USER CODE BEGIN SPI2_MspDeInit 0 */
 176:Core/Src/spi.c **** 
 177:Core/Src/spi.c ****   /* USER CODE END SPI2_MspDeInit 0 */
ARM GAS  /tmp/ccjUrh9F.s 			page 12


 178:Core/Src/spi.c ****     /* Peripheral clock disable */
 179:Core/Src/spi.c ****     __HAL_RCC_SPI2_CLK_DISABLE();
 180:Core/Src/spi.c **** 
 181:Core/Src/spi.c ****     /**SPI2 GPIO Configuration
 182:Core/Src/spi.c ****     PB13     ------> SPI2_SCK
 183:Core/Src/spi.c ****     PB14     ------> SPI2_MISO
 184:Core/Src/spi.c ****     PB15     ------> SPI2_MOSI
 185:Core/Src/spi.c ****     */
 186:Core/Src/spi.c ****     HAL_GPIO_DeInit(GPIOB, GPIO_PIN_13|GPIO_PIN_14|GPIO_PIN_15);
 187:Core/Src/spi.c **** 
 188:Core/Src/spi.c ****   /* USER CODE BEGIN SPI2_MspDeInit 1 */
 189:Core/Src/spi.c **** 
 190:Core/Src/spi.c ****   /* USER CODE END SPI2_MspDeInit 1 */
 191:Core/Src/spi.c ****   }
 192:Core/Src/spi.c **** }
 410              		.loc 1 192 1 view .LVU126
 411 0010 08BD     		pop	{r3, pc}
 412              	.LVL14:
 413              	.L25:
 160:Core/Src/spi.c **** 
 414              		.loc 1 160 5 is_stmt 1 view .LVU127
 415 0012 02F58432 		add	r2, r2, #67584
 416 0016 536C     		ldr	r3, [r2, #68]
 417 0018 23F48053 		bic	r3, r3, #4096
 418 001c 5364     		str	r3, [r2, #68]
 167:Core/Src/spi.c **** 
 419              		.loc 1 167 5 view .LVU128
 420 001e E021     		movs	r1, #224
 421 0020 0948     		ldr	r0, .L27+8
 422              	.LVL15:
 167:Core/Src/spi.c **** 
 423              		.loc 1 167 5 is_stmt 0 view .LVU129
 424 0022 FFF7FEFF 		bl	HAL_GPIO_DeInit
 425              	.LVL16:
 426 0026 F3E7     		b	.L21
 427              	.LVL17:
 428              	.L26:
 179:Core/Src/spi.c **** 
 429              		.loc 1 179 5 is_stmt 1 view .LVU130
 430 0028 02F50032 		add	r2, r2, #131072
 431 002c 136C     		ldr	r3, [r2, #64]
 432 002e 23F48043 		bic	r3, r3, #16384
 433 0032 1364     		str	r3, [r2, #64]
 186:Core/Src/spi.c **** 
 434              		.loc 1 186 5 view .LVU131
 435 0034 4FF46041 		mov	r1, #57344
 436 0038 0448     		ldr	r0, .L27+12
 437              	.LVL18:
 186:Core/Src/spi.c **** 
 438              		.loc 1 186 5 is_stmt 0 view .LVU132
 439 003a FFF7FEFF 		bl	HAL_GPIO_DeInit
 440              	.LVL19:
 441              		.loc 1 192 1 view .LVU133
 442 003e E7E7     		b	.L21
 443              	.L28:
 444              		.align	2
 445              	.L27:
ARM GAS  /tmp/ccjUrh9F.s 			page 13


 446 0040 00300140 		.word	1073819648
 447 0044 00380040 		.word	1073756160
 448 0048 00000240 		.word	1073872896
 449 004c 00040240 		.word	1073873920
 450              		.cfi_endproc
 451              	.LFE238:
 453              		.global	hspi2
 454              		.global	hspi1
 455              		.section	.bss.hspi1,"aw",%nobits
 456              		.align	2
 457              		.set	.LANCHOR0,. + 0
 460              	hspi1:
 461 0000 00000000 		.space	88
 461      00000000 
 461      00000000 
 461      00000000 
 461      00000000 
 462              		.section	.bss.hspi2,"aw",%nobits
 463              		.align	2
 464              		.set	.LANCHOR1,. + 0
 467              	hspi2:
 468 0000 00000000 		.space	88
 468      00000000 
 468      00000000 
 468      00000000 
 468      00000000 
 469              		.text
 470              	.Letext0:
 471              		.file 2 "/usr/lib/gcc/arm-none-eabi/10.3.1/include/stdint.h"
 472              		.file 3 "Drivers/CMSIS/Device/ST/STM32F4xx/Include/stm32f407xx.h"
 473              		.file 4 "Drivers/STM32F4xx_HAL_Driver/Inc/stm32f4xx_hal_def.h"
 474              		.file 5 "Drivers/STM32F4xx_HAL_Driver/Inc/stm32f4xx_hal_gpio.h"
 475              		.file 6 "Drivers/STM32F4xx_HAL_Driver/Inc/stm32f4xx_hal_dma.h"
 476              		.file 7 "Drivers/STM32F4xx_HAL_Driver/Inc/stm32f4xx_hal_spi.h"
 477              		.file 8 "Core/Inc/spi.h"
 478              		.file 9 "Core/Inc/main.h"
ARM GAS  /tmp/ccjUrh9F.s 			page 14


DEFINED SYMBOLS
                            *ABS*:0000000000000000 spi.c
     /tmp/ccjUrh9F.s:18     .text.MX_SPI1_Init:0000000000000000 $t
     /tmp/ccjUrh9F.s:26     .text.MX_SPI1_Init:0000000000000000 MX_SPI1_Init
     /tmp/ccjUrh9F.s:98     .text.MX_SPI1_Init:0000000000000038 $d
     /tmp/ccjUrh9F.s:104    .text.MX_SPI2_Init:0000000000000000 $t
     /tmp/ccjUrh9F.s:111    .text.MX_SPI2_Init:0000000000000000 MX_SPI2_Init
     /tmp/ccjUrh9F.s:182    .text.MX_SPI2_Init:0000000000000038 $d
     /tmp/ccjUrh9F.s:188    .text.HAL_SPI_MspInit:0000000000000000 $t
     /tmp/ccjUrh9F.s:195    .text.HAL_SPI_MspInit:0000000000000000 HAL_SPI_MspInit
     /tmp/ccjUrh9F.s:367    .text.HAL_SPI_MspInit:00000000000000b4 $d
     /tmp/ccjUrh9F.s:376    .text.HAL_SPI_MspDeInit:0000000000000000 $t
     /tmp/ccjUrh9F.s:383    .text.HAL_SPI_MspDeInit:0000000000000000 HAL_SPI_MspDeInit
     /tmp/ccjUrh9F.s:446    .text.HAL_SPI_MspDeInit:0000000000000040 $d
     /tmp/ccjUrh9F.s:467    .bss.hspi2:0000000000000000 hspi2
     /tmp/ccjUrh9F.s:460    .bss.hspi1:0000000000000000 hspi1
     /tmp/ccjUrh9F.s:456    .bss.hspi1:0000000000000000 $d
     /tmp/ccjUrh9F.s:463    .bss.hspi2:0000000000000000 $d

UNDEFINED SYMBOLS
HAL_SPI_Init
Error_Handler
HAL_GPIO_Init
HAL_GPIO_DeInit
