ARM GAS  /tmp/cc0soaZb.s 			page 1


   1              		.cpu cortex-m4
   2              		.arch armv7e-m
   3              		.fpu fpv4-sp-d16
   4              		.eabi_attribute 27, 1
   5              		.eabi_attribute 28, 1
   6              		.eabi_attribute 20, 1
   7              		.eabi_attribute 21, 1
   8              		.eabi_attribute 23, 3
   9              		.eabi_attribute 24, 1
  10              		.eabi_attribute 25, 1
  11              		.eabi_attribute 26, 1
  12              		.eabi_attribute 30, 1
  13              		.eabi_attribute 34, 1
  14              		.eabi_attribute 18, 4
  15              		.file	"stm32f4xx_it.c"
  16              		.text
  17              	.Ltext0:
  18              		.cfi_sections	.debug_frame
  19              		.file 1 "Core/Src/stm32f4xx_it.c"
  20              		.section	.text.NMI_Handler,"ax",%progbits
  21              		.align	1
  22              		.global	NMI_Handler
  23              		.syntax unified
  24              		.thumb
  25              		.thumb_func
  27              	NMI_Handler:
  28              	.LFB235:
   1:Core/Src/stm32f4xx_it.c **** /* USER CODE BEGIN Header */
   2:Core/Src/stm32f4xx_it.c **** /**
   3:Core/Src/stm32f4xx_it.c ****   ******************************************************************************
   4:Core/Src/stm32f4xx_it.c ****   * @file    stm32f4xx_it.c
   5:Core/Src/stm32f4xx_it.c ****   * @brief   Interrupt Service Routines.
   6:Core/Src/stm32f4xx_it.c ****   ******************************************************************************
   7:Core/Src/stm32f4xx_it.c ****   * @attention
   8:Core/Src/stm32f4xx_it.c ****   *
   9:Core/Src/stm32f4xx_it.c ****   * Copyright (c) 2023 STMicroelectronics.
  10:Core/Src/stm32f4xx_it.c ****   * All rights reserved.
  11:Core/Src/stm32f4xx_it.c ****   *
  12:Core/Src/stm32f4xx_it.c ****   * This software is licensed under terms that can be found in the LICENSE file
  13:Core/Src/stm32f4xx_it.c ****   * in the root directory of this software component.
  14:Core/Src/stm32f4xx_it.c ****   * If no LICENSE file comes with this software, it is provided AS-IS.
  15:Core/Src/stm32f4xx_it.c ****   *
  16:Core/Src/stm32f4xx_it.c ****   ******************************************************************************
  17:Core/Src/stm32f4xx_it.c ****   */
  18:Core/Src/stm32f4xx_it.c **** /* USER CODE END Header */
  19:Core/Src/stm32f4xx_it.c **** 
  20:Core/Src/stm32f4xx_it.c **** /* Includes ------------------------------------------------------------------*/
  21:Core/Src/stm32f4xx_it.c **** #include "main.h"
  22:Core/Src/stm32f4xx_it.c **** #include "stm32f4xx_it.h"
  23:Core/Src/stm32f4xx_it.c **** /* Private includes ----------------------------------------------------------*/
  24:Core/Src/stm32f4xx_it.c **** /* USER CODE BEGIN Includes */
  25:Core/Src/stm32f4xx_it.c **** /* USER CODE END Includes */
  26:Core/Src/stm32f4xx_it.c **** 
  27:Core/Src/stm32f4xx_it.c **** /* Private typedef -----------------------------------------------------------*/
  28:Core/Src/stm32f4xx_it.c **** /* USER CODE BEGIN TD */
  29:Core/Src/stm32f4xx_it.c **** 
  30:Core/Src/stm32f4xx_it.c **** /* USER CODE END TD */
ARM GAS  /tmp/cc0soaZb.s 			page 2


  31:Core/Src/stm32f4xx_it.c **** 
  32:Core/Src/stm32f4xx_it.c **** /* Private define ------------------------------------------------------------*/
  33:Core/Src/stm32f4xx_it.c **** /* USER CODE BEGIN PD */
  34:Core/Src/stm32f4xx_it.c **** 
  35:Core/Src/stm32f4xx_it.c **** /* USER CODE END PD */
  36:Core/Src/stm32f4xx_it.c **** 
  37:Core/Src/stm32f4xx_it.c **** /* Private macro -------------------------------------------------------------*/
  38:Core/Src/stm32f4xx_it.c **** /* USER CODE BEGIN PM */
  39:Core/Src/stm32f4xx_it.c **** 
  40:Core/Src/stm32f4xx_it.c **** /* USER CODE END PM */
  41:Core/Src/stm32f4xx_it.c **** 
  42:Core/Src/stm32f4xx_it.c **** /* Private variables ---------------------------------------------------------*/
  43:Core/Src/stm32f4xx_it.c **** /* USER CODE BEGIN PV */
  44:Core/Src/stm32f4xx_it.c **** volatile char receivedChar; // 用于存储接收到的字符
  45:Core/Src/stm32f4xx_it.c **** const char MODE_SWITCH_CHAR = '$'; // 切换模式的特殊字符
  46:Core/Src/stm32f4xx_it.c **** 
  47:Core/Src/stm32f4xx_it.c **** typedef enum {
  48:Core/Src/stm32f4xx_it.c ****     MODE_NORMAL,       // 普通通信模式
  49:Core/Src/stm32f4xx_it.c ****     MODE_MICRO_ROS     // micro-ROS通信模式
  50:Core/Src/stm32f4xx_it.c **** } CommunicationMode;
  51:Core/Src/stm32f4xx_it.c **** 
  52:Core/Src/stm32f4xx_it.c **** volatile CommunicationMode currentMode = MODE_NORMAL; // 当前通信模式
  53:Core/Src/stm32f4xx_it.c **** 
  54:Core/Src/stm32f4xx_it.c **** /* USER CODE END PV */
  55:Core/Src/stm32f4xx_it.c **** 
  56:Core/Src/stm32f4xx_it.c **** /* Private function prototypes -----------------------------------------------*/
  57:Core/Src/stm32f4xx_it.c **** /* USER CODE BEGIN PFP */
  58:Core/Src/stm32f4xx_it.c **** 
  59:Core/Src/stm32f4xx_it.c **** /* USER CODE END PFP */
  60:Core/Src/stm32f4xx_it.c **** 
  61:Core/Src/stm32f4xx_it.c **** /* Private user code ---------------------------------------------------------*/
  62:Core/Src/stm32f4xx_it.c **** /* USER CODE BEGIN 0 */
  63:Core/Src/stm32f4xx_it.c **** 
  64:Core/Src/stm32f4xx_it.c **** /* USER CODE END 0 */
  65:Core/Src/stm32f4xx_it.c **** 
  66:Core/Src/stm32f4xx_it.c **** /* External variables --------------------------------------------------------*/
  67:Core/Src/stm32f4xx_it.c **** extern TIM_HandleTypeDef htim9;
  68:Core/Src/stm32f4xx_it.c **** extern TIM_HandleTypeDef htim14;
  69:Core/Src/stm32f4xx_it.c **** extern DMA_HandleTypeDef hdma_usart1_rx;
  70:Core/Src/stm32f4xx_it.c **** extern DMA_HandleTypeDef hdma_usart1_tx;
  71:Core/Src/stm32f4xx_it.c **** extern DMA_HandleTypeDef hdma_usart2_rx;
  72:Core/Src/stm32f4xx_it.c **** extern DMA_HandleTypeDef hdma_usart2_tx;
  73:Core/Src/stm32f4xx_it.c **** extern UART_HandleTypeDef huart1;
  74:Core/Src/stm32f4xx_it.c **** extern UART_HandleTypeDef huart2;
  75:Core/Src/stm32f4xx_it.c **** extern TIM_HandleTypeDef htim1;
  76:Core/Src/stm32f4xx_it.c **** 
  77:Core/Src/stm32f4xx_it.c **** /* USER CODE BEGIN EV */
  78:Core/Src/stm32f4xx_it.c **** 
  79:Core/Src/stm32f4xx_it.c **** /* USER CODE END EV */
  80:Core/Src/stm32f4xx_it.c **** 
  81:Core/Src/stm32f4xx_it.c **** /******************************************************************************/
  82:Core/Src/stm32f4xx_it.c **** /*           Cortex-M4 Processor Interruption and Exception Handlers          */
  83:Core/Src/stm32f4xx_it.c **** /******************************************************************************/
  84:Core/Src/stm32f4xx_it.c **** /**
  85:Core/Src/stm32f4xx_it.c ****   * @brief This function handles Non maskable interrupt.
  86:Core/Src/stm32f4xx_it.c ****   */
  87:Core/Src/stm32f4xx_it.c **** void NMI_Handler(void)
ARM GAS  /tmp/cc0soaZb.s 			page 3


  88:Core/Src/stm32f4xx_it.c **** {
  29              		.loc 1 88 1 view -0
  30              		.cfi_startproc
  31              		@ Volatile: function does not return.
  32              		@ args = 0, pretend = 0, frame = 0
  33              		@ frame_needed = 0, uses_anonymous_args = 0
  34              		@ link register save eliminated.
  35              	.L2:
  89:Core/Src/stm32f4xx_it.c ****   /* USER CODE BEGIN NonMaskableInt_IRQn 0 */
  90:Core/Src/stm32f4xx_it.c **** 
  91:Core/Src/stm32f4xx_it.c ****   /* USER CODE END NonMaskableInt_IRQn 0 */
  92:Core/Src/stm32f4xx_it.c ****   /* USER CODE BEGIN NonMaskableInt_IRQn 1 */
  93:Core/Src/stm32f4xx_it.c ****   while (1)
  36              		.loc 1 93 3 view .LVU1
  94:Core/Src/stm32f4xx_it.c ****   {
  95:Core/Src/stm32f4xx_it.c ****   }
  37              		.loc 1 95 3 view .LVU2
  93:Core/Src/stm32f4xx_it.c ****   {
  38              		.loc 1 93 9 view .LVU3
  39 0000 FEE7     		b	.L2
  40              		.cfi_endproc
  41              	.LFE235:
  43              		.section	.text.HardFault_Handler,"ax",%progbits
  44              		.align	1
  45              		.global	HardFault_Handler
  46              		.syntax unified
  47              		.thumb
  48              		.thumb_func
  50              	HardFault_Handler:
  51              	.LFB236:
  96:Core/Src/stm32f4xx_it.c ****   /* USER CODE END NonMaskableInt_IRQn 1 */
  97:Core/Src/stm32f4xx_it.c **** }
  98:Core/Src/stm32f4xx_it.c **** 
  99:Core/Src/stm32f4xx_it.c **** /**
 100:Core/Src/stm32f4xx_it.c ****   * @brief This function handles Hard fault interrupt.
 101:Core/Src/stm32f4xx_it.c ****   */
 102:Core/Src/stm32f4xx_it.c **** void HardFault_Handler(void)
 103:Core/Src/stm32f4xx_it.c **** {
  52              		.loc 1 103 1 view -0
  53              		.cfi_startproc
  54              		@ Volatile: function does not return.
  55              		@ args = 0, pretend = 0, frame = 0
  56              		@ frame_needed = 0, uses_anonymous_args = 0
  57              		@ link register save eliminated.
  58              	.L4:
 104:Core/Src/stm32f4xx_it.c ****   /* USER CODE BEGIN HardFault_IRQn 0 */
 105:Core/Src/stm32f4xx_it.c **** 
 106:Core/Src/stm32f4xx_it.c ****   /* USER CODE END HardFault_IRQn 0 */
 107:Core/Src/stm32f4xx_it.c ****   while (1)
  59              		.loc 1 107 3 view .LVU5
 108:Core/Src/stm32f4xx_it.c ****   {
 109:Core/Src/stm32f4xx_it.c ****     /* USER CODE BEGIN W1_HardFault_IRQn 0 */
 110:Core/Src/stm32f4xx_it.c ****     /* USER CODE END W1_HardFault_IRQn 0 */
 111:Core/Src/stm32f4xx_it.c ****   }
  60              		.loc 1 111 3 view .LVU6
 107:Core/Src/stm32f4xx_it.c ****   {
  61              		.loc 1 107 9 view .LVU7
ARM GAS  /tmp/cc0soaZb.s 			page 4


  62 0000 FEE7     		b	.L4
  63              		.cfi_endproc
  64              	.LFE236:
  66              		.section	.text.MemManage_Handler,"ax",%progbits
  67              		.align	1
  68              		.global	MemManage_Handler
  69              		.syntax unified
  70              		.thumb
  71              		.thumb_func
  73              	MemManage_Handler:
  74              	.LFB237:
 112:Core/Src/stm32f4xx_it.c **** }
 113:Core/Src/stm32f4xx_it.c **** 
 114:Core/Src/stm32f4xx_it.c **** /**
 115:Core/Src/stm32f4xx_it.c ****   * @brief This function handles Memory management fault.
 116:Core/Src/stm32f4xx_it.c ****   */
 117:Core/Src/stm32f4xx_it.c **** void MemManage_Handler(void)
 118:Core/Src/stm32f4xx_it.c **** {
  75              		.loc 1 118 1 view -0
  76              		.cfi_startproc
  77              		@ Volatile: function does not return.
  78              		@ args = 0, pretend = 0, frame = 0
  79              		@ frame_needed = 0, uses_anonymous_args = 0
  80              		@ link register save eliminated.
  81              	.L6:
 119:Core/Src/stm32f4xx_it.c ****   /* USER CODE BEGIN MemoryManagement_IRQn 0 */
 120:Core/Src/stm32f4xx_it.c **** 
 121:Core/Src/stm32f4xx_it.c ****   /* USER CODE END MemoryManagement_IRQn 0 */
 122:Core/Src/stm32f4xx_it.c ****   while (1)
  82              		.loc 1 122 3 view .LVU9
 123:Core/Src/stm32f4xx_it.c ****   {
 124:Core/Src/stm32f4xx_it.c ****     /* USER CODE BEGIN W1_MemoryManagement_IRQn 0 */
 125:Core/Src/stm32f4xx_it.c ****     /* USER CODE END W1_MemoryManagement_IRQn 0 */
 126:Core/Src/stm32f4xx_it.c ****   }
  83              		.loc 1 126 3 view .LVU10
 122:Core/Src/stm32f4xx_it.c ****   {
  84              		.loc 1 122 9 view .LVU11
  85 0000 FEE7     		b	.L6
  86              		.cfi_endproc
  87              	.LFE237:
  89              		.section	.text.BusFault_Handler,"ax",%progbits
  90              		.align	1
  91              		.global	BusFault_Handler
  92              		.syntax unified
  93              		.thumb
  94              		.thumb_func
  96              	BusFault_Handler:
  97              	.LFB238:
 127:Core/Src/stm32f4xx_it.c **** }
 128:Core/Src/stm32f4xx_it.c **** 
 129:Core/Src/stm32f4xx_it.c **** /**
 130:Core/Src/stm32f4xx_it.c ****   * @brief This function handles Pre-fetch fault, memory access fault.
 131:Core/Src/stm32f4xx_it.c ****   */
 132:Core/Src/stm32f4xx_it.c **** void BusFault_Handler(void)
 133:Core/Src/stm32f4xx_it.c **** {
  98              		.loc 1 133 1 view -0
  99              		.cfi_startproc
ARM GAS  /tmp/cc0soaZb.s 			page 5


 100              		@ Volatile: function does not return.
 101              		@ args = 0, pretend = 0, frame = 0
 102              		@ frame_needed = 0, uses_anonymous_args = 0
 103              		@ link register save eliminated.
 104              	.L8:
 134:Core/Src/stm32f4xx_it.c ****   /* USER CODE BEGIN BusFault_IRQn 0 */
 135:Core/Src/stm32f4xx_it.c **** 
 136:Core/Src/stm32f4xx_it.c ****   /* USER CODE END BusFault_IRQn 0 */
 137:Core/Src/stm32f4xx_it.c ****   while (1)
 105              		.loc 1 137 3 view .LVU13
 138:Core/Src/stm32f4xx_it.c ****   {
 139:Core/Src/stm32f4xx_it.c ****     /* USER CODE BEGIN W1_BusFault_IRQn 0 */
 140:Core/Src/stm32f4xx_it.c ****     /* USER CODE END W1_BusFault_IRQn 0 */
 141:Core/Src/stm32f4xx_it.c ****   }
 106              		.loc 1 141 3 view .LVU14
 137:Core/Src/stm32f4xx_it.c ****   {
 107              		.loc 1 137 9 view .LVU15
 108 0000 FEE7     		b	.L8
 109              		.cfi_endproc
 110              	.LFE238:
 112              		.section	.text.UsageFault_Handler,"ax",%progbits
 113              		.align	1
 114              		.global	UsageFault_Handler
 115              		.syntax unified
 116              		.thumb
 117              		.thumb_func
 119              	UsageFault_Handler:
 120              	.LFB239:
 142:Core/Src/stm32f4xx_it.c **** }
 143:Core/Src/stm32f4xx_it.c **** 
 144:Core/Src/stm32f4xx_it.c **** /**
 145:Core/Src/stm32f4xx_it.c ****   * @brief This function handles Undefined instruction or illegal state.
 146:Core/Src/stm32f4xx_it.c ****   */
 147:Core/Src/stm32f4xx_it.c **** void UsageFault_Handler(void)
 148:Core/Src/stm32f4xx_it.c **** {
 121              		.loc 1 148 1 view -0
 122              		.cfi_startproc
 123              		@ Volatile: function does not return.
 124              		@ args = 0, pretend = 0, frame = 0
 125              		@ frame_needed = 0, uses_anonymous_args = 0
 126              		@ link register save eliminated.
 127              	.L10:
 149:Core/Src/stm32f4xx_it.c ****   /* USER CODE BEGIN UsageFault_IRQn 0 */
 150:Core/Src/stm32f4xx_it.c **** 
 151:Core/Src/stm32f4xx_it.c ****   /* USER CODE END UsageFault_IRQn 0 */
 152:Core/Src/stm32f4xx_it.c ****   while (1)
 128              		.loc 1 152 3 view .LVU17
 153:Core/Src/stm32f4xx_it.c ****   {
 154:Core/Src/stm32f4xx_it.c ****     /* USER CODE BEGIN W1_UsageFault_IRQn 0 */
 155:Core/Src/stm32f4xx_it.c ****     /* USER CODE END W1_UsageFault_IRQn 0 */
 156:Core/Src/stm32f4xx_it.c ****   }
 129              		.loc 1 156 3 view .LVU18
 152:Core/Src/stm32f4xx_it.c ****   {
 130              		.loc 1 152 9 view .LVU19
 131 0000 FEE7     		b	.L10
 132              		.cfi_endproc
 133              	.LFE239:
ARM GAS  /tmp/cc0soaZb.s 			page 6


 135              		.section	.text.DebugMon_Handler,"ax",%progbits
 136              		.align	1
 137              		.global	DebugMon_Handler
 138              		.syntax unified
 139              		.thumb
 140              		.thumb_func
 142              	DebugMon_Handler:
 143              	.LFB240:
 157:Core/Src/stm32f4xx_it.c **** }
 158:Core/Src/stm32f4xx_it.c **** 
 159:Core/Src/stm32f4xx_it.c **** /**
 160:Core/Src/stm32f4xx_it.c ****   * @brief This function handles Debug monitor.
 161:Core/Src/stm32f4xx_it.c ****   */
 162:Core/Src/stm32f4xx_it.c **** void DebugMon_Handler(void)
 163:Core/Src/stm32f4xx_it.c **** {
 144              		.loc 1 163 1 view -0
 145              		.cfi_startproc
 146              		@ args = 0, pretend = 0, frame = 0
 147              		@ frame_needed = 0, uses_anonymous_args = 0
 148              		@ link register save eliminated.
 164:Core/Src/stm32f4xx_it.c ****   /* USER CODE BEGIN DebugMonitor_IRQn 0 */
 165:Core/Src/stm32f4xx_it.c **** 
 166:Core/Src/stm32f4xx_it.c ****   /* USER CODE END DebugMonitor_IRQn 0 */
 167:Core/Src/stm32f4xx_it.c ****   /* USER CODE BEGIN DebugMonitor_IRQn 1 */
 168:Core/Src/stm32f4xx_it.c **** 
 169:Core/Src/stm32f4xx_it.c ****   /* USER CODE END DebugMonitor_IRQn 1 */
 170:Core/Src/stm32f4xx_it.c **** }
 149              		.loc 1 170 1 view .LVU21
 150 0000 7047     		bx	lr
 151              		.cfi_endproc
 152              	.LFE240:
 154              		.section	.text.DMA1_Stream5_IRQHandler,"ax",%progbits
 155              		.align	1
 156              		.global	DMA1_Stream5_IRQHandler
 157              		.syntax unified
 158              		.thumb
 159              		.thumb_func
 161              	DMA1_Stream5_IRQHandler:
 162              	.LFB241:
 171:Core/Src/stm32f4xx_it.c **** 
 172:Core/Src/stm32f4xx_it.c **** /******************************************************************************/
 173:Core/Src/stm32f4xx_it.c **** /* STM32F4xx Peripheral Interrupt Handlers                                    */
 174:Core/Src/stm32f4xx_it.c **** /* Add here the Interrupt Handlers for the used peripherals.                  */
 175:Core/Src/stm32f4xx_it.c **** /* For the available peripheral interrupt handler names,                      */
 176:Core/Src/stm32f4xx_it.c **** /* please refer to the startup file (startup_stm32f4xx.s).                    */
 177:Core/Src/stm32f4xx_it.c **** /******************************************************************************/
 178:Core/Src/stm32f4xx_it.c **** 
 179:Core/Src/stm32f4xx_it.c **** /**
 180:Core/Src/stm32f4xx_it.c ****   * @brief This function handles DMA1 stream5 global interrupt.
 181:Core/Src/stm32f4xx_it.c ****   */
 182:Core/Src/stm32f4xx_it.c **** void DMA1_Stream5_IRQHandler(void)
 183:Core/Src/stm32f4xx_it.c **** {
 163              		.loc 1 183 1 view -0
 164              		.cfi_startproc
 165              		@ args = 0, pretend = 0, frame = 0
 166              		@ frame_needed = 0, uses_anonymous_args = 0
 167 0000 08B5     		push	{r3, lr}
ARM GAS  /tmp/cc0soaZb.s 			page 7


 168              	.LCFI0:
 169              		.cfi_def_cfa_offset 8
 170              		.cfi_offset 3, -8
 171              		.cfi_offset 14, -4
 184:Core/Src/stm32f4xx_it.c ****   /* USER CODE BEGIN DMA1_Stream5_IRQn 0 */
 185:Core/Src/stm32f4xx_it.c **** 
 186:Core/Src/stm32f4xx_it.c ****   /* USER CODE END DMA1_Stream5_IRQn 0 */
 187:Core/Src/stm32f4xx_it.c ****   HAL_DMA_IRQHandler(&hdma_usart2_rx);
 172              		.loc 1 187 3 view .LVU23
 173 0002 0248     		ldr	r0, .L14
 174 0004 FFF7FEFF 		bl	HAL_DMA_IRQHandler
 175              	.LVL0:
 188:Core/Src/stm32f4xx_it.c ****   /* USER CODE BEGIN DMA1_Stream5_IRQn 1 */
 189:Core/Src/stm32f4xx_it.c **** 
 190:Core/Src/stm32f4xx_it.c ****   /* USER CODE END DMA1_Stream5_IRQn 1 */
 191:Core/Src/stm32f4xx_it.c **** }
 176              		.loc 1 191 1 is_stmt 0 view .LVU24
 177 0008 08BD     		pop	{r3, pc}
 178              	.L15:
 179 000a 00BF     		.align	2
 180              	.L14:
 181 000c 00000000 		.word	hdma_usart2_rx
 182              		.cfi_endproc
 183              	.LFE241:
 185              		.section	.text.DMA1_Stream6_IRQHandler,"ax",%progbits
 186              		.align	1
 187              		.global	DMA1_Stream6_IRQHandler
 188              		.syntax unified
 189              		.thumb
 190              		.thumb_func
 192              	DMA1_Stream6_IRQHandler:
 193              	.LFB242:
 192:Core/Src/stm32f4xx_it.c **** 
 193:Core/Src/stm32f4xx_it.c **** /**
 194:Core/Src/stm32f4xx_it.c ****   * @brief This function handles DMA1 stream6 global interrupt.
 195:Core/Src/stm32f4xx_it.c ****   */
 196:Core/Src/stm32f4xx_it.c **** void DMA1_Stream6_IRQHandler(void)
 197:Core/Src/stm32f4xx_it.c **** {
 194              		.loc 1 197 1 is_stmt 1 view -0
 195              		.cfi_startproc
 196              		@ args = 0, pretend = 0, frame = 0
 197              		@ frame_needed = 0, uses_anonymous_args = 0
 198 0000 08B5     		push	{r3, lr}
 199              	.LCFI1:
 200              		.cfi_def_cfa_offset 8
 201              		.cfi_offset 3, -8
 202              		.cfi_offset 14, -4
 198:Core/Src/stm32f4xx_it.c ****   /* USER CODE BEGIN DMA1_Stream6_IRQn 0 */
 199:Core/Src/stm32f4xx_it.c **** 
 200:Core/Src/stm32f4xx_it.c ****   /* USER CODE END DMA1_Stream6_IRQn 0 */
 201:Core/Src/stm32f4xx_it.c ****   HAL_DMA_IRQHandler(&hdma_usart2_tx);
 203              		.loc 1 201 3 view .LVU26
 204 0002 0248     		ldr	r0, .L18
 205 0004 FFF7FEFF 		bl	HAL_DMA_IRQHandler
 206              	.LVL1:
 202:Core/Src/stm32f4xx_it.c ****   /* USER CODE BEGIN DMA1_Stream6_IRQn 1 */
 203:Core/Src/stm32f4xx_it.c **** 
ARM GAS  /tmp/cc0soaZb.s 			page 8


 204:Core/Src/stm32f4xx_it.c ****   /* USER CODE END DMA1_Stream6_IRQn 1 */
 205:Core/Src/stm32f4xx_it.c **** }
 207              		.loc 1 205 1 is_stmt 0 view .LVU27
 208 0008 08BD     		pop	{r3, pc}
 209              	.L19:
 210 000a 00BF     		.align	2
 211              	.L18:
 212 000c 00000000 		.word	hdma_usart2_tx
 213              		.cfi_endproc
 214              	.LFE242:
 216              		.section	.text.TIM1_BRK_TIM9_IRQHandler,"ax",%progbits
 217              		.align	1
 218              		.global	TIM1_BRK_TIM9_IRQHandler
 219              		.syntax unified
 220              		.thumb
 221              		.thumb_func
 223              	TIM1_BRK_TIM9_IRQHandler:
 224              	.LFB243:
 206:Core/Src/stm32f4xx_it.c **** 
 207:Core/Src/stm32f4xx_it.c **** /**
 208:Core/Src/stm32f4xx_it.c ****   * @brief This function handles TIM1 break interrupt and TIM9 global interrupt.
 209:Core/Src/stm32f4xx_it.c ****   */
 210:Core/Src/stm32f4xx_it.c **** void TIM1_BRK_TIM9_IRQHandler(void)
 211:Core/Src/stm32f4xx_it.c **** {
 225              		.loc 1 211 1 is_stmt 1 view -0
 226              		.cfi_startproc
 227              		@ args = 0, pretend = 0, frame = 0
 228              		@ frame_needed = 0, uses_anonymous_args = 0
 229 0000 08B5     		push	{r3, lr}
 230              	.LCFI2:
 231              		.cfi_def_cfa_offset 8
 232              		.cfi_offset 3, -8
 233              		.cfi_offset 14, -4
 212:Core/Src/stm32f4xx_it.c ****   /* USER CODE BEGIN TIM1_BRK_TIM9_IRQn 0 */
 213:Core/Src/stm32f4xx_it.c **** 
 214:Core/Src/stm32f4xx_it.c ****   /* USER CODE END TIM1_BRK_TIM9_IRQn 0 */
 215:Core/Src/stm32f4xx_it.c ****   HAL_TIM_IRQHandler(&htim9);
 234              		.loc 1 215 3 view .LVU29
 235 0002 0248     		ldr	r0, .L22
 236 0004 FFF7FEFF 		bl	HAL_TIM_IRQHandler
 237              	.LVL2:
 216:Core/Src/stm32f4xx_it.c ****   /* USER CODE BEGIN TIM1_BRK_TIM9_IRQn 1 */
 217:Core/Src/stm32f4xx_it.c **** 
 218:Core/Src/stm32f4xx_it.c ****   /* USER CODE END TIM1_BRK_TIM9_IRQn 1 */
 219:Core/Src/stm32f4xx_it.c **** }
 238              		.loc 1 219 1 is_stmt 0 view .LVU30
 239 0008 08BD     		pop	{r3, pc}
 240              	.L23:
 241 000a 00BF     		.align	2
 242              	.L22:
 243 000c 00000000 		.word	htim9
 244              		.cfi_endproc
 245              	.LFE243:
 247              		.section	.text.TIM1_UP_TIM10_IRQHandler,"ax",%progbits
 248              		.align	1
 249              		.global	TIM1_UP_TIM10_IRQHandler
 250              		.syntax unified
ARM GAS  /tmp/cc0soaZb.s 			page 9


 251              		.thumb
 252              		.thumb_func
 254              	TIM1_UP_TIM10_IRQHandler:
 255              	.LFB244:
 220:Core/Src/stm32f4xx_it.c **** 
 221:Core/Src/stm32f4xx_it.c **** /**
 222:Core/Src/stm32f4xx_it.c ****   * @brief This function handles TIM1 update interrupt and TIM10 global interrupt.
 223:Core/Src/stm32f4xx_it.c ****   */
 224:Core/Src/stm32f4xx_it.c **** void TIM1_UP_TIM10_IRQHandler(void)
 225:Core/Src/stm32f4xx_it.c **** {
 256              		.loc 1 225 1 is_stmt 1 view -0
 257              		.cfi_startproc
 258              		@ args = 0, pretend = 0, frame = 0
 259              		@ frame_needed = 0, uses_anonymous_args = 0
 260 0000 08B5     		push	{r3, lr}
 261              	.LCFI3:
 262              		.cfi_def_cfa_offset 8
 263              		.cfi_offset 3, -8
 264              		.cfi_offset 14, -4
 226:Core/Src/stm32f4xx_it.c ****   /* USER CODE BEGIN TIM1_UP_TIM10_IRQn 0 */
 227:Core/Src/stm32f4xx_it.c **** 
 228:Core/Src/stm32f4xx_it.c ****   /* USER CODE END TIM1_UP_TIM10_IRQn 0 */
 229:Core/Src/stm32f4xx_it.c ****   HAL_TIM_IRQHandler(&htim1);
 265              		.loc 1 229 3 view .LVU32
 266 0002 0248     		ldr	r0, .L26
 267 0004 FFF7FEFF 		bl	HAL_TIM_IRQHandler
 268              	.LVL3:
 230:Core/Src/stm32f4xx_it.c ****   /* USER CODE BEGIN TIM1_UP_TIM10_IRQn 1 */
 231:Core/Src/stm32f4xx_it.c **** 
 232:Core/Src/stm32f4xx_it.c ****   /* USER CODE END TIM1_UP_TIM10_IRQn 1 */
 233:Core/Src/stm32f4xx_it.c **** }
 269              		.loc 1 233 1 is_stmt 0 view .LVU33
 270 0008 08BD     		pop	{r3, pc}
 271              	.L27:
 272 000a 00BF     		.align	2
 273              	.L26:
 274 000c 00000000 		.word	htim1
 275              		.cfi_endproc
 276              	.LFE244:
 278              		.section	.text.USART1_IRQHandler,"ax",%progbits
 279              		.align	1
 280              		.global	USART1_IRQHandler
 281              		.syntax unified
 282              		.thumb
 283              		.thumb_func
 285              	USART1_IRQHandler:
 286              	.LFB245:
 234:Core/Src/stm32f4xx_it.c **** 
 235:Core/Src/stm32f4xx_it.c **** /**
 236:Core/Src/stm32f4xx_it.c ****   * @brief This function handles USART1 global interrupt.
 237:Core/Src/stm32f4xx_it.c ****   */
 238:Core/Src/stm32f4xx_it.c **** void USART1_IRQHandler(void)
 239:Core/Src/stm32f4xx_it.c **** {
 287              		.loc 1 239 1 is_stmt 1 view -0
 288              		.cfi_startproc
 289              		@ args = 0, pretend = 0, frame = 0
 290              		@ frame_needed = 0, uses_anonymous_args = 0
ARM GAS  /tmp/cc0soaZb.s 			page 10


 291 0000 08B5     		push	{r3, lr}
 292              	.LCFI4:
 293              		.cfi_def_cfa_offset 8
 294              		.cfi_offset 3, -8
 295              		.cfi_offset 14, -4
 240:Core/Src/stm32f4xx_it.c ****   /* USER CODE BEGIN USART1_IRQn 0 */
 241:Core/Src/stm32f4xx_it.c **** 
 242:Core/Src/stm32f4xx_it.c ****   /* USER CODE END USART1_IRQn 0 */
 243:Core/Src/stm32f4xx_it.c ****   HAL_UART_IRQHandler(&huart1);
 296              		.loc 1 243 3 view .LVU35
 297 0002 0248     		ldr	r0, .L30
 298 0004 FFF7FEFF 		bl	HAL_UART_IRQHandler
 299              	.LVL4:
 244:Core/Src/stm32f4xx_it.c ****   /* USER CODE BEGIN USART1_IRQn 1 */
 245:Core/Src/stm32f4xx_it.c **** 
 246:Core/Src/stm32f4xx_it.c ****   /* USER CODE END USART1_IRQn 1 */
 247:Core/Src/stm32f4xx_it.c **** }
 300              		.loc 1 247 1 is_stmt 0 view .LVU36
 301 0008 08BD     		pop	{r3, pc}
 302              	.L31:
 303 000a 00BF     		.align	2
 304              	.L30:
 305 000c 00000000 		.word	huart1
 306              		.cfi_endproc
 307              	.LFE245:
 309              		.section	.text.USART2_IRQHandler,"ax",%progbits
 310              		.align	1
 311              		.global	USART2_IRQHandler
 312              		.syntax unified
 313              		.thumb
 314              		.thumb_func
 316              	USART2_IRQHandler:
 317              	.LFB246:
 248:Core/Src/stm32f4xx_it.c **** 
 249:Core/Src/stm32f4xx_it.c **** /**
 250:Core/Src/stm32f4xx_it.c ****   * @brief This function handles USART2 global interrupt.
 251:Core/Src/stm32f4xx_it.c ****   */
 252:Core/Src/stm32f4xx_it.c **** void USART2_IRQHandler(void)
 253:Core/Src/stm32f4xx_it.c **** {
 318              		.loc 1 253 1 is_stmt 1 view -0
 319              		.cfi_startproc
 320              		@ args = 0, pretend = 0, frame = 0
 321              		@ frame_needed = 0, uses_anonymous_args = 0
 322 0000 08B5     		push	{r3, lr}
 323              	.LCFI5:
 324              		.cfi_def_cfa_offset 8
 325              		.cfi_offset 3, -8
 326              		.cfi_offset 14, -4
 254:Core/Src/stm32f4xx_it.c ****   /* USER CODE BEGIN USART2_IRQn 0 */
 255:Core/Src/stm32f4xx_it.c ****     // 检查是否收到了数据
 256:Core/Src/stm32f4xx_it.c ****   // if (__HAL_UART_GET_FLAG(&huart2, UART_FLAG_RXNE)) {
 257:Core/Src/stm32f4xx_it.c ****   //     // 读取接收到的数据
 258:Core/Src/stm32f4xx_it.c ****   //     uint8_t receivedChar = (uint8_t)(huart2.Instance->DR & 0xFF);
 259:Core/Src/stm32f4xx_it.c **** 
 260:Core/Src/stm32f4xx_it.c ****   //     // 根据当前模式处理数据
 261:Core/Src/stm32f4xx_it.c ****   //     if (currentMode == MODE_NORMAL) {
 262:Core/Src/stm32f4xx_it.c ****   //         // 如果收到特殊字符，则切换模式
ARM GAS  /tmp/cc0soaZb.s 			page 11


 263:Core/Src/stm32f4xx_it.c ****   //         if (receivedChar == MODE_SWITCH_CHAR) {
 264:Core/Src/stm32f4xx_it.c ****   //             currentMode = MODE_MICRO_ROS;
 265:Core/Src/stm32f4xx_it.c ****   //             // 进行micro-ROS模式相关初始化
 266:Core/Src/stm32f4xx_it.c ****   //             // ...
 267:Core/Src/stm32f4xx_it.c ****   //         } else {
 268:Core/Src/stm32f4xx_it.c ****   //             // 处理普通通信数据
 269:Core/Src/stm32f4xx_it.c ****   //             // ...
 270:Core/Src/stm32f4xx_it.c ****   //         }
 271:Core/Src/stm32f4xx_it.c ****   //     } else if (currentMode == MODE_MICRO_ROS) {
 272:Core/Src/stm32f4xx_it.c ****   //         // 如果收到特殊字符，则切换模式
 273:Core/Src/stm32f4xx_it.c ****   //         if (receivedChar == MODE_SWITCH_CHAR) {
 274:Core/Src/stm32f4xx_it.c ****   //             currentMode = MODE_NORMAL;
 275:Core/Src/stm32f4xx_it.c ****   //             // 清理micro-ROS模式相关资源
 276:Core/Src/stm32f4xx_it.c ****   //             // ...
 277:Core/Src/stm32f4xx_it.c ****   //         } else {
 278:Core/Src/stm32f4xx_it.c ****   //             // 将数据传递给micro-ROS处理
 279:Core/Src/stm32f4xx_it.c ****   //             // ...
 280:Core/Src/stm32f4xx_it.c ****   //         }
 281:Core/Src/stm32f4xx_it.c ****   //     }
 282:Core/Src/stm32f4xx_it.c ****   // }
 283:Core/Src/stm32f4xx_it.c ****   /* USER CODE END USART2_IRQn 0 */
 284:Core/Src/stm32f4xx_it.c ****   HAL_UART_IRQHandler(&huart2);
 327              		.loc 1 284 3 view .LVU38
 328 0002 0248     		ldr	r0, .L34
 329 0004 FFF7FEFF 		bl	HAL_UART_IRQHandler
 330              	.LVL5:
 285:Core/Src/stm32f4xx_it.c ****   /* USER CODE BEGIN USART2_IRQn 1 */
 286:Core/Src/stm32f4xx_it.c **** 
 287:Core/Src/stm32f4xx_it.c ****   /* USER CODE END USART2_IRQn 1 */
 288:Core/Src/stm32f4xx_it.c **** }
 331              		.loc 1 288 1 is_stmt 0 view .LVU39
 332 0008 08BD     		pop	{r3, pc}
 333              	.L35:
 334 000a 00BF     		.align	2
 335              	.L34:
 336 000c 00000000 		.word	huart2
 337              		.cfi_endproc
 338              	.LFE246:
 340              		.section	.text.TIM8_TRG_COM_TIM14_IRQHandler,"ax",%progbits
 341              		.align	1
 342              		.global	TIM8_TRG_COM_TIM14_IRQHandler
 343              		.syntax unified
 344              		.thumb
 345              		.thumb_func
 347              	TIM8_TRG_COM_TIM14_IRQHandler:
 348              	.LFB247:
 289:Core/Src/stm32f4xx_it.c **** 
 290:Core/Src/stm32f4xx_it.c **** /**
 291:Core/Src/stm32f4xx_it.c ****   * @brief This function handles TIM8 trigger and commutation interrupts and TIM14 global interrupt
 292:Core/Src/stm32f4xx_it.c ****   */
 293:Core/Src/stm32f4xx_it.c **** void TIM8_TRG_COM_TIM14_IRQHandler(void)
 294:Core/Src/stm32f4xx_it.c **** {
 349              		.loc 1 294 1 is_stmt 1 view -0
 350              		.cfi_startproc
 351              		@ args = 0, pretend = 0, frame = 0
 352              		@ frame_needed = 0, uses_anonymous_args = 0
 353 0000 08B5     		push	{r3, lr}
ARM GAS  /tmp/cc0soaZb.s 			page 12


 354              	.LCFI6:
 355              		.cfi_def_cfa_offset 8
 356              		.cfi_offset 3, -8
 357              		.cfi_offset 14, -4
 295:Core/Src/stm32f4xx_it.c ****   /* USER CODE BEGIN TIM8_TRG_COM_TIM14_IRQn 0 */
 296:Core/Src/stm32f4xx_it.c **** 
 297:Core/Src/stm32f4xx_it.c ****   /* USER CODE END TIM8_TRG_COM_TIM14_IRQn 0 */
 298:Core/Src/stm32f4xx_it.c ****   HAL_TIM_IRQHandler(&htim14);
 358              		.loc 1 298 3 view .LVU41
 359 0002 0248     		ldr	r0, .L38
 360 0004 FFF7FEFF 		bl	HAL_TIM_IRQHandler
 361              	.LVL6:
 299:Core/Src/stm32f4xx_it.c ****   /* USER CODE BEGIN TIM8_TRG_COM_TIM14_IRQn 1 */
 300:Core/Src/stm32f4xx_it.c **** 
 301:Core/Src/stm32f4xx_it.c ****   /* USER CODE END TIM8_TRG_COM_TIM14_IRQn 1 */
 302:Core/Src/stm32f4xx_it.c **** }
 362              		.loc 1 302 1 is_stmt 0 view .LVU42
 363 0008 08BD     		pop	{r3, pc}
 364              	.L39:
 365 000a 00BF     		.align	2
 366              	.L38:
 367 000c 00000000 		.word	htim14
 368              		.cfi_endproc
 369              	.LFE247:
 371              		.section	.text.DMA2_Stream2_IRQHandler,"ax",%progbits
 372              		.align	1
 373              		.global	DMA2_Stream2_IRQHandler
 374              		.syntax unified
 375              		.thumb
 376              		.thumb_func
 378              	DMA2_Stream2_IRQHandler:
 379              	.LFB248:
 303:Core/Src/stm32f4xx_it.c **** 
 304:Core/Src/stm32f4xx_it.c **** /**
 305:Core/Src/stm32f4xx_it.c ****   * @brief This function handles DMA2 stream2 global interrupt.
 306:Core/Src/stm32f4xx_it.c ****   */
 307:Core/Src/stm32f4xx_it.c **** void DMA2_Stream2_IRQHandler(void)
 308:Core/Src/stm32f4xx_it.c **** {
 380              		.loc 1 308 1 is_stmt 1 view -0
 381              		.cfi_startproc
 382              		@ args = 0, pretend = 0, frame = 0
 383              		@ frame_needed = 0, uses_anonymous_args = 0
 384 0000 08B5     		push	{r3, lr}
 385              	.LCFI7:
 386              		.cfi_def_cfa_offset 8
 387              		.cfi_offset 3, -8
 388              		.cfi_offset 14, -4
 309:Core/Src/stm32f4xx_it.c ****   /* USER CODE BEGIN DMA2_Stream2_IRQn 0 */
 310:Core/Src/stm32f4xx_it.c **** 
 311:Core/Src/stm32f4xx_it.c ****   /* USER CODE END DMA2_Stream2_IRQn 0 */
 312:Core/Src/stm32f4xx_it.c ****   HAL_DMA_IRQHandler(&hdma_usart1_rx);
 389              		.loc 1 312 3 view .LVU44
 390 0002 0248     		ldr	r0, .L42
 391 0004 FFF7FEFF 		bl	HAL_DMA_IRQHandler
 392              	.LVL7:
 313:Core/Src/stm32f4xx_it.c ****   /* USER CODE BEGIN DMA2_Stream2_IRQn 1 */
 314:Core/Src/stm32f4xx_it.c **** 
ARM GAS  /tmp/cc0soaZb.s 			page 13


 315:Core/Src/stm32f4xx_it.c ****   /* USER CODE END DMA2_Stream2_IRQn 1 */
 316:Core/Src/stm32f4xx_it.c **** }
 393              		.loc 1 316 1 is_stmt 0 view .LVU45
 394 0008 08BD     		pop	{r3, pc}
 395              	.L43:
 396 000a 00BF     		.align	2
 397              	.L42:
 398 000c 00000000 		.word	hdma_usart1_rx
 399              		.cfi_endproc
 400              	.LFE248:
 402              		.section	.text.DMA2_Stream7_IRQHandler,"ax",%progbits
 403              		.align	1
 404              		.global	DMA2_Stream7_IRQHandler
 405              		.syntax unified
 406              		.thumb
 407              		.thumb_func
 409              	DMA2_Stream7_IRQHandler:
 410              	.LFB249:
 317:Core/Src/stm32f4xx_it.c **** 
 318:Core/Src/stm32f4xx_it.c **** /**
 319:Core/Src/stm32f4xx_it.c ****   * @brief This function handles DMA2 stream7 global interrupt.
 320:Core/Src/stm32f4xx_it.c ****   */
 321:Core/Src/stm32f4xx_it.c **** void DMA2_Stream7_IRQHandler(void)
 322:Core/Src/stm32f4xx_it.c **** {
 411              		.loc 1 322 1 is_stmt 1 view -0
 412              		.cfi_startproc
 413              		@ args = 0, pretend = 0, frame = 0
 414              		@ frame_needed = 0, uses_anonymous_args = 0
 415 0000 08B5     		push	{r3, lr}
 416              	.LCFI8:
 417              		.cfi_def_cfa_offset 8
 418              		.cfi_offset 3, -8
 419              		.cfi_offset 14, -4
 323:Core/Src/stm32f4xx_it.c ****   /* USER CODE BEGIN DMA2_Stream7_IRQn 0 */
 324:Core/Src/stm32f4xx_it.c **** 
 325:Core/Src/stm32f4xx_it.c ****   /* USER CODE END DMA2_Stream7_IRQn 0 */
 326:Core/Src/stm32f4xx_it.c ****   HAL_DMA_IRQHandler(&hdma_usart1_tx);
 420              		.loc 1 326 3 view .LVU47
 421 0002 0248     		ldr	r0, .L46
 422 0004 FFF7FEFF 		bl	HAL_DMA_IRQHandler
 423              	.LVL8:
 327:Core/Src/stm32f4xx_it.c ****   /* USER CODE BEGIN DMA2_Stream7_IRQn 1 */
 328:Core/Src/stm32f4xx_it.c **** 
 329:Core/Src/stm32f4xx_it.c ****   /* USER CODE END DMA2_Stream7_IRQn 1 */
 330:Core/Src/stm32f4xx_it.c **** }
 424              		.loc 1 330 1 is_stmt 0 view .LVU48
 425 0008 08BD     		pop	{r3, pc}
 426              	.L47:
 427 000a 00BF     		.align	2
 428              	.L46:
 429 000c 00000000 		.word	hdma_usart1_tx
 430              		.cfi_endproc
 431              	.LFE249:
 433              		.global	currentMode
 434              		.section	.bss.currentMode,"aw",%nobits
 437              	currentMode:
 438 0000 00       		.space	1
ARM GAS  /tmp/cc0soaZb.s 			page 14


 439              		.global	MODE_SWITCH_CHAR
 440              		.section	.rodata.MODE_SWITCH_CHAR,"a"
 443              	MODE_SWITCH_CHAR:
 444 0000 24       		.byte	36
 445              		.global	receivedChar
 446              		.section	.bss.receivedChar,"aw",%nobits
 449              	receivedChar:
 450 0000 00       		.space	1
 451              		.text
 452              	.Letext0:
 453              		.file 2 "/home/w0x7ce/Downloads/arm-gnu-toolchain-13.2.rel1-x86_64-arm-none-eabi/arm-gnu-toolchain
 454              		.file 3 "/home/w0x7ce/Downloads/arm-gnu-toolchain-13.2.rel1-x86_64-arm-none-eabi/arm-gnu-toolchain
 455              		.file 4 "Drivers/CMSIS/Device/ST/STM32F4xx/Include/stm32f407xx.h"
 456              		.file 5 "Drivers/STM32F4xx_HAL_Driver/Inc/stm32f4xx_hal_def.h"
 457              		.file 6 "Drivers/STM32F4xx_HAL_Driver/Inc/stm32f4xx_hal_dma.h"
 458              		.file 7 "Drivers/STM32F4xx_HAL_Driver/Inc/stm32f4xx_hal_tim.h"
 459              		.file 8 "Drivers/STM32F4xx_HAL_Driver/Inc/stm32f4xx_hal_uart.h"
ARM GAS  /tmp/cc0soaZb.s 			page 15


DEFINED SYMBOLS
                            *ABS*:00000000 stm32f4xx_it.c
     /tmp/cc0soaZb.s:21     .text.NMI_Handler:00000000 $t
     /tmp/cc0soaZb.s:27     .text.NMI_Handler:00000000 NMI_Handler
     /tmp/cc0soaZb.s:44     .text.HardFault_Handler:00000000 $t
     /tmp/cc0soaZb.s:50     .text.HardFault_Handler:00000000 HardFault_Handler
     /tmp/cc0soaZb.s:67     .text.MemManage_Handler:00000000 $t
     /tmp/cc0soaZb.s:73     .text.MemManage_Handler:00000000 MemManage_Handler
     /tmp/cc0soaZb.s:90     .text.BusFault_Handler:00000000 $t
     /tmp/cc0soaZb.s:96     .text.BusFault_Handler:00000000 BusFault_Handler
     /tmp/cc0soaZb.s:113    .text.UsageFault_Handler:00000000 $t
     /tmp/cc0soaZb.s:119    .text.UsageFault_Handler:00000000 UsageFault_Handler
     /tmp/cc0soaZb.s:136    .text.DebugMon_Handler:00000000 $t
     /tmp/cc0soaZb.s:142    .text.DebugMon_Handler:00000000 DebugMon_Handler
     /tmp/cc0soaZb.s:155    .text.DMA1_Stream5_IRQHandler:00000000 $t
     /tmp/cc0soaZb.s:161    .text.DMA1_Stream5_IRQHandler:00000000 DMA1_Stream5_IRQHandler
     /tmp/cc0soaZb.s:181    .text.DMA1_Stream5_IRQHandler:0000000c $d
     /tmp/cc0soaZb.s:186    .text.DMA1_Stream6_IRQHandler:00000000 $t
     /tmp/cc0soaZb.s:192    .text.DMA1_Stream6_IRQHandler:00000000 DMA1_Stream6_IRQHandler
     /tmp/cc0soaZb.s:212    .text.DMA1_Stream6_IRQHandler:0000000c $d
     /tmp/cc0soaZb.s:217    .text.TIM1_BRK_TIM9_IRQHandler:00000000 $t
     /tmp/cc0soaZb.s:223    .text.TIM1_BRK_TIM9_IRQHandler:00000000 TIM1_BRK_TIM9_IRQHandler
     /tmp/cc0soaZb.s:243    .text.TIM1_BRK_TIM9_IRQHandler:0000000c $d
     /tmp/cc0soaZb.s:248    .text.TIM1_UP_TIM10_IRQHandler:00000000 $t
     /tmp/cc0soaZb.s:254    .text.TIM1_UP_TIM10_IRQHandler:00000000 TIM1_UP_TIM10_IRQHandler
     /tmp/cc0soaZb.s:274    .text.TIM1_UP_TIM10_IRQHandler:0000000c $d
     /tmp/cc0soaZb.s:279    .text.USART1_IRQHandler:00000000 $t
     /tmp/cc0soaZb.s:285    .text.USART1_IRQHandler:00000000 USART1_IRQHandler
     /tmp/cc0soaZb.s:305    .text.USART1_IRQHandler:0000000c $d
     /tmp/cc0soaZb.s:310    .text.USART2_IRQHandler:00000000 $t
     /tmp/cc0soaZb.s:316    .text.USART2_IRQHandler:00000000 USART2_IRQHandler
     /tmp/cc0soaZb.s:336    .text.USART2_IRQHandler:0000000c $d
     /tmp/cc0soaZb.s:341    .text.TIM8_TRG_COM_TIM14_IRQHandler:00000000 $t
     /tmp/cc0soaZb.s:347    .text.TIM8_TRG_COM_TIM14_IRQHandler:00000000 TIM8_TRG_COM_TIM14_IRQHandler
     /tmp/cc0soaZb.s:367    .text.TIM8_TRG_COM_TIM14_IRQHandler:0000000c $d
     /tmp/cc0soaZb.s:372    .text.DMA2_Stream2_IRQHandler:00000000 $t
     /tmp/cc0soaZb.s:378    .text.DMA2_Stream2_IRQHandler:00000000 DMA2_Stream2_IRQHandler
     /tmp/cc0soaZb.s:398    .text.DMA2_Stream2_IRQHandler:0000000c $d
     /tmp/cc0soaZb.s:403    .text.DMA2_Stream7_IRQHandler:00000000 $t
     /tmp/cc0soaZb.s:409    .text.DMA2_Stream7_IRQHandler:00000000 DMA2_Stream7_IRQHandler
     /tmp/cc0soaZb.s:429    .text.DMA2_Stream7_IRQHandler:0000000c $d
     /tmp/cc0soaZb.s:437    .bss.currentMode:00000000 currentMode
     /tmp/cc0soaZb.s:438    .bss.currentMode:00000000 $d
     /tmp/cc0soaZb.s:443    .rodata.MODE_SWITCH_CHAR:00000000 MODE_SWITCH_CHAR
     /tmp/cc0soaZb.s:449    .bss.receivedChar:00000000 receivedChar
     /tmp/cc0soaZb.s:450    .bss.receivedChar:00000000 $d

UNDEFINED SYMBOLS
HAL_DMA_IRQHandler
hdma_usart2_rx
hdma_usart2_tx
HAL_TIM_IRQHandler
htim9
htim1
HAL_UART_IRQHandler
huart1
huart2
ARM GAS  /tmp/cc0soaZb.s 			page 16


htim14
hdma_usart1_rx
hdma_usart1_tx
