ARM GAS  /tmp/cc8NoCvB.s 			page 1


   1              		.cpu cortex-m3
   2              		.eabi_attribute 20, 1
   3              		.eabi_attribute 21, 1
   4              		.eabi_attribute 23, 3
   5              		.eabi_attribute 24, 1
   6              		.eabi_attribute 25, 1
   7              		.eabi_attribute 26, 1
   8              		.eabi_attribute 30, 1
   9              		.eabi_attribute 34, 1
  10              		.eabi_attribute 18, 4
  11              		.file	"stm32f1xx_hal_timebase_tim.c"
  12              		.text
  13              	.Ltext0:
  14              		.cfi_sections	.debug_frame
  15              		.section	.text.HAL_InitTick,"ax",%progbits
  16              		.align	1
  17              		.global	HAL_InitTick
  18              		.arch armv7-m
  19              		.syntax unified
  20              		.thumb
  21              		.thumb_func
  22              		.fpu softvfp
  24              	HAL_InitTick:
  25              	.LVL0:
  26              	.LFB65:
  27              		.file 1 "Core/Src/stm32f1xx_hal_timebase_tim.c"
   1:Core/Src/stm32f1xx_hal_timebase_tim.c **** /* USER CODE BEGIN Header */
   2:Core/Src/stm32f1xx_hal_timebase_tim.c **** /**
   3:Core/Src/stm32f1xx_hal_timebase_tim.c ****   ******************************************************************************
   4:Core/Src/stm32f1xx_hal_timebase_tim.c ****   * @file    stm32f1xx_hal_timebase_tim.c
   5:Core/Src/stm32f1xx_hal_timebase_tim.c ****   * @brief   HAL time base based on the hardware TIM.
   6:Core/Src/stm32f1xx_hal_timebase_tim.c ****   ******************************************************************************
   7:Core/Src/stm32f1xx_hal_timebase_tim.c ****   * @attention
   8:Core/Src/stm32f1xx_hal_timebase_tim.c ****   *
   9:Core/Src/stm32f1xx_hal_timebase_tim.c ****   * Copyright (c) 2024 STMicroelectronics.
  10:Core/Src/stm32f1xx_hal_timebase_tim.c ****   * All rights reserved.
  11:Core/Src/stm32f1xx_hal_timebase_tim.c ****   *
  12:Core/Src/stm32f1xx_hal_timebase_tim.c ****   * This software is licensed under terms that can be found in the LICENSE file
  13:Core/Src/stm32f1xx_hal_timebase_tim.c ****   * in the root directory of this software component.
  14:Core/Src/stm32f1xx_hal_timebase_tim.c ****   * If no LICENSE file comes with this software, it is provided AS-IS.
  15:Core/Src/stm32f1xx_hal_timebase_tim.c ****   *
  16:Core/Src/stm32f1xx_hal_timebase_tim.c ****   ******************************************************************************
  17:Core/Src/stm32f1xx_hal_timebase_tim.c ****   */
  18:Core/Src/stm32f1xx_hal_timebase_tim.c **** /* USER CODE END Header */
  19:Core/Src/stm32f1xx_hal_timebase_tim.c **** 
  20:Core/Src/stm32f1xx_hal_timebase_tim.c **** /* Includes ------------------------------------------------------------------*/
  21:Core/Src/stm32f1xx_hal_timebase_tim.c **** #include "stm32f1xx_hal.h"
  22:Core/Src/stm32f1xx_hal_timebase_tim.c **** #include "stm32f1xx_hal_tim.h"
  23:Core/Src/stm32f1xx_hal_timebase_tim.c **** 
  24:Core/Src/stm32f1xx_hal_timebase_tim.c **** /* Private typedef -----------------------------------------------------------*/
  25:Core/Src/stm32f1xx_hal_timebase_tim.c **** /* Private define ------------------------------------------------------------*/
  26:Core/Src/stm32f1xx_hal_timebase_tim.c **** /* Private macro -------------------------------------------------------------*/
  27:Core/Src/stm32f1xx_hal_timebase_tim.c **** /* Private variables ---------------------------------------------------------*/
  28:Core/Src/stm32f1xx_hal_timebase_tim.c **** TIM_HandleTypeDef        htim8;
  29:Core/Src/stm32f1xx_hal_timebase_tim.c **** /* Private function prototypes -----------------------------------------------*/
  30:Core/Src/stm32f1xx_hal_timebase_tim.c **** void TIM8_IRQHandler(void);
  31:Core/Src/stm32f1xx_hal_timebase_tim.c **** /* Private functions ---------------------------------------------------------*/
ARM GAS  /tmp/cc8NoCvB.s 			page 2


  32:Core/Src/stm32f1xx_hal_timebase_tim.c **** 
  33:Core/Src/stm32f1xx_hal_timebase_tim.c **** /**
  34:Core/Src/stm32f1xx_hal_timebase_tim.c ****   * @brief  This function configures the TIM8 as a time base source.
  35:Core/Src/stm32f1xx_hal_timebase_tim.c ****   *         The time source is configured  to have 1ms time base with a dedicated
  36:Core/Src/stm32f1xx_hal_timebase_tim.c ****   *         Tick interrupt priority.
  37:Core/Src/stm32f1xx_hal_timebase_tim.c ****   * @note   This function is called  automatically at the beginning of program after
  38:Core/Src/stm32f1xx_hal_timebase_tim.c ****   *         reset by HAL_Init() or at any time when clock is configured, by HAL_RCC_ClockConfig().
  39:Core/Src/stm32f1xx_hal_timebase_tim.c ****   * @param  TickPriority: Tick interrupt priority.
  40:Core/Src/stm32f1xx_hal_timebase_tim.c ****   * @retval HAL status
  41:Core/Src/stm32f1xx_hal_timebase_tim.c ****   */
  42:Core/Src/stm32f1xx_hal_timebase_tim.c **** HAL_StatusTypeDef HAL_InitTick(uint32_t TickPriority)
  43:Core/Src/stm32f1xx_hal_timebase_tim.c **** {
  28              		.loc 1 43 1 view -0
  29              		.cfi_startproc
  30              		@ args = 0, pretend = 0, frame = 32
  31              		@ frame_needed = 0, uses_anonymous_args = 0
  32              		.loc 1 43 1 is_stmt 0 view .LVU1
  33 0000 30B5     		push	{r4, r5, lr}
  34              	.LCFI0:
  35              		.cfi_def_cfa_offset 12
  36              		.cfi_offset 4, -12
  37              		.cfi_offset 5, -8
  38              		.cfi_offset 14, -4
  39 0002 89B0     		sub	sp, sp, #36
  40              	.LCFI1:
  41              		.cfi_def_cfa_offset 48
  42 0004 0446     		mov	r4, r0
  44:Core/Src/stm32f1xx_hal_timebase_tim.c ****   RCC_ClkInitTypeDef    clkconfig;
  43              		.loc 1 44 3 is_stmt 1 view .LVU2
  45:Core/Src/stm32f1xx_hal_timebase_tim.c ****   uint32_t              uwTimclock = 0U;
  44              		.loc 1 45 3 view .LVU3
  45              	.LVL1:
  46:Core/Src/stm32f1xx_hal_timebase_tim.c **** 
  47:Core/Src/stm32f1xx_hal_timebase_tim.c ****   uint32_t              uwPrescalerValue = 0U;
  46              		.loc 1 47 3 view .LVU4
  48:Core/Src/stm32f1xx_hal_timebase_tim.c ****   uint32_t              pFLatency;
  47              		.loc 1 48 3 view .LVU5
  49:Core/Src/stm32f1xx_hal_timebase_tim.c ****   HAL_StatusTypeDef     status = HAL_OK;
  48              		.loc 1 49 3 view .LVU6
  50:Core/Src/stm32f1xx_hal_timebase_tim.c **** 
  51:Core/Src/stm32f1xx_hal_timebase_tim.c ****   /* Enable TIM8 clock */
  52:Core/Src/stm32f1xx_hal_timebase_tim.c ****   __HAL_RCC_TIM8_CLK_ENABLE();
  49              		.loc 1 52 3 view .LVU7
  50              	.LBB2:
  51              		.loc 1 52 3 view .LVU8
  52              		.loc 1 52 3 view .LVU9
  53 0006 1E4B     		ldr	r3, .L7
  54 0008 9A69     		ldr	r2, [r3, #24]
  55 000a 42F40052 		orr	r2, r2, #8192
  56 000e 9A61     		str	r2, [r3, #24]
  57              		.loc 1 52 3 view .LVU10
  58 0010 9B69     		ldr	r3, [r3, #24]
  59 0012 03F40053 		and	r3, r3, #8192
  60 0016 0193     		str	r3, [sp, #4]
  61              		.loc 1 52 3 view .LVU11
  62 0018 019B     		ldr	r3, [sp, #4]
  63              	.LBE2:
ARM GAS  /tmp/cc8NoCvB.s 			page 3


  64              		.loc 1 52 3 view .LVU12
  53:Core/Src/stm32f1xx_hal_timebase_tim.c **** 
  54:Core/Src/stm32f1xx_hal_timebase_tim.c ****   /* Get clock configuration */
  55:Core/Src/stm32f1xx_hal_timebase_tim.c ****   HAL_RCC_GetClockConfig(&clkconfig, &pFLatency);
  65              		.loc 1 55 3 view .LVU13
  66 001a 02A9     		add	r1, sp, #8
  67 001c 03A8     		add	r0, sp, #12
  68              	.LVL2:
  69              		.loc 1 55 3 is_stmt 0 view .LVU14
  70 001e FFF7FEFF 		bl	HAL_RCC_GetClockConfig
  71              	.LVL3:
  56:Core/Src/stm32f1xx_hal_timebase_tim.c **** 
  57:Core/Src/stm32f1xx_hal_timebase_tim.c ****   /* Compute TIM8 clock */
  58:Core/Src/stm32f1xx_hal_timebase_tim.c ****       uwTimclock = HAL_RCC_GetPCLK2Freq();
  72              		.loc 1 58 7 is_stmt 1 view .LVU15
  73              		.loc 1 58 20 is_stmt 0 view .LVU16
  74 0022 FFF7FEFF 		bl	HAL_RCC_GetPCLK2Freq
  75              	.LVL4:
  76 0026 0346     		mov	r3, r0
  77              	.LVL5:
  59:Core/Src/stm32f1xx_hal_timebase_tim.c **** 
  60:Core/Src/stm32f1xx_hal_timebase_tim.c ****   /* Compute the prescaler value to have TIM8 counter clock equal to 1MHz */
  61:Core/Src/stm32f1xx_hal_timebase_tim.c ****   uwPrescalerValue = (uint32_t) ((uwTimclock / 1000000U) - 1U);
  78              		.loc 1 61 3 is_stmt 1 view .LVU17
  79              		.loc 1 61 46 is_stmt 0 view .LVU18
  80 0028 1648     		ldr	r0, .L7+4
  81              	.LVL6:
  82              		.loc 1 61 46 view .LVU19
  83 002a A0FB0323 		umull	r2, r3, r0, r3
  84              	.LVL7:
  85              		.loc 1 61 46 view .LVU20
  86 002e 9B0C     		lsrs	r3, r3, #18
  87              		.loc 1 61 20 view .LVU21
  88 0030 013B     		subs	r3, r3, #1
  89              	.LVL8:
  62:Core/Src/stm32f1xx_hal_timebase_tim.c **** 
  63:Core/Src/stm32f1xx_hal_timebase_tim.c ****   /* Initialize TIM8 */
  64:Core/Src/stm32f1xx_hal_timebase_tim.c ****   htim8.Instance = TIM8;
  90              		.loc 1 64 3 is_stmt 1 view .LVU22
  91              		.loc 1 64 18 is_stmt 0 view .LVU23
  92 0032 1548     		ldr	r0, .L7+8
  93 0034 154A     		ldr	r2, .L7+12
  94 0036 0260     		str	r2, [r0]
  65:Core/Src/stm32f1xx_hal_timebase_tim.c **** 
  66:Core/Src/stm32f1xx_hal_timebase_tim.c ****   /* Initialize TIMx peripheral as follow:
  67:Core/Src/stm32f1xx_hal_timebase_tim.c **** 
  68:Core/Src/stm32f1xx_hal_timebase_tim.c ****   + Period = [(TIM8CLK/1000) - 1]. to have a (1/1000) s time base.
  69:Core/Src/stm32f1xx_hal_timebase_tim.c ****   + Prescaler = (uwTimclock/1000000 - 1) to have a 1MHz counter clock.
  70:Core/Src/stm32f1xx_hal_timebase_tim.c ****   + ClockDivision = 0
  71:Core/Src/stm32f1xx_hal_timebase_tim.c ****   + Counter direction = Up
  72:Core/Src/stm32f1xx_hal_timebase_tim.c ****   */
  73:Core/Src/stm32f1xx_hal_timebase_tim.c ****   htim8.Init.Period = (1000000U / 1000U) - 1U;
  95              		.loc 1 73 3 is_stmt 1 view .LVU24
  96              		.loc 1 73 21 is_stmt 0 view .LVU25
  97 0038 40F2E732 		movw	r2, #999
  98 003c C260     		str	r2, [r0, #12]
  74:Core/Src/stm32f1xx_hal_timebase_tim.c ****   htim8.Init.Prescaler = uwPrescalerValue;
ARM GAS  /tmp/cc8NoCvB.s 			page 4


  99              		.loc 1 74 3 is_stmt 1 view .LVU26
 100              		.loc 1 74 24 is_stmt 0 view .LVU27
 101 003e 4360     		str	r3, [r0, #4]
  75:Core/Src/stm32f1xx_hal_timebase_tim.c ****   htim8.Init.ClockDivision = 0;
 102              		.loc 1 75 3 is_stmt 1 view .LVU28
 103              		.loc 1 75 28 is_stmt 0 view .LVU29
 104 0040 0023     		movs	r3, #0
 105              	.LVL9:
 106              		.loc 1 75 28 view .LVU30
 107 0042 0361     		str	r3, [r0, #16]
  76:Core/Src/stm32f1xx_hal_timebase_tim.c ****   htim8.Init.CounterMode = TIM_COUNTERMODE_UP;
 108              		.loc 1 76 3 is_stmt 1 view .LVU31
 109              		.loc 1 76 26 is_stmt 0 view .LVU32
 110 0044 8360     		str	r3, [r0, #8]
  77:Core/Src/stm32f1xx_hal_timebase_tim.c ****   htim8.Init.AutoReloadPreload = TIM_AUTORELOAD_PRELOAD_DISABLE;
 111              		.loc 1 77 3 is_stmt 1 view .LVU33
 112              		.loc 1 77 32 is_stmt 0 view .LVU34
 113 0046 8361     		str	r3, [r0, #24]
  78:Core/Src/stm32f1xx_hal_timebase_tim.c **** 
  79:Core/Src/stm32f1xx_hal_timebase_tim.c ****   status = HAL_TIM_Base_Init(&htim8);
 114              		.loc 1 79 3 is_stmt 1 view .LVU35
 115              		.loc 1 79 12 is_stmt 0 view .LVU36
 116 0048 FFF7FEFF 		bl	HAL_TIM_Base_Init
 117              	.LVL10:
  80:Core/Src/stm32f1xx_hal_timebase_tim.c ****   if (status == HAL_OK)
 118              		.loc 1 80 3 is_stmt 1 view .LVU37
 119              		.loc 1 80 6 is_stmt 0 view .LVU38
 120 004c 0546     		mov	r5, r0
 121 004e 10B1     		cbz	r0, .L5
 122              	.LVL11:
 123              	.L2:
  81:Core/Src/stm32f1xx_hal_timebase_tim.c ****   {
  82:Core/Src/stm32f1xx_hal_timebase_tim.c ****     /* Start the TIM time Base generation in interrupt mode */
  83:Core/Src/stm32f1xx_hal_timebase_tim.c ****     status = HAL_TIM_Base_Start_IT(&htim8);
  84:Core/Src/stm32f1xx_hal_timebase_tim.c ****     if (status == HAL_OK)
  85:Core/Src/stm32f1xx_hal_timebase_tim.c ****     {
  86:Core/Src/stm32f1xx_hal_timebase_tim.c ****     /* Enable the TIM8 global Interrupt */
  87:Core/Src/stm32f1xx_hal_timebase_tim.c ****         HAL_NVIC_EnableIRQ(TIM8_UP_IRQn);
  88:Core/Src/stm32f1xx_hal_timebase_tim.c ****       /* Configure the SysTick IRQ priority */
  89:Core/Src/stm32f1xx_hal_timebase_tim.c ****       if (TickPriority < (1UL << __NVIC_PRIO_BITS))
  90:Core/Src/stm32f1xx_hal_timebase_tim.c ****       {
  91:Core/Src/stm32f1xx_hal_timebase_tim.c ****         /* Configure the TIM IRQ priority */
  92:Core/Src/stm32f1xx_hal_timebase_tim.c ****         HAL_NVIC_SetPriority(TIM8_UP_IRQn, TickPriority, 0U);
  93:Core/Src/stm32f1xx_hal_timebase_tim.c ****         uwTickPrio = TickPriority;
  94:Core/Src/stm32f1xx_hal_timebase_tim.c ****       }
  95:Core/Src/stm32f1xx_hal_timebase_tim.c ****       else
  96:Core/Src/stm32f1xx_hal_timebase_tim.c ****       {
  97:Core/Src/stm32f1xx_hal_timebase_tim.c ****         status = HAL_ERROR;
  98:Core/Src/stm32f1xx_hal_timebase_tim.c ****       }
  99:Core/Src/stm32f1xx_hal_timebase_tim.c ****     }
 100:Core/Src/stm32f1xx_hal_timebase_tim.c ****   }
 101:Core/Src/stm32f1xx_hal_timebase_tim.c **** 
 102:Core/Src/stm32f1xx_hal_timebase_tim.c ****  /* Return function status */
 103:Core/Src/stm32f1xx_hal_timebase_tim.c ****   return status;
 124              		.loc 1 103 3 is_stmt 1 view .LVU39
 104:Core/Src/stm32f1xx_hal_timebase_tim.c **** }
 125              		.loc 1 104 1 is_stmt 0 view .LVU40
ARM GAS  /tmp/cc8NoCvB.s 			page 5


 126 0050 2846     		mov	r0, r5
 127 0052 09B0     		add	sp, sp, #36
 128              	.LCFI2:
 129              		.cfi_remember_state
 130              		.cfi_def_cfa_offset 12
 131              		@ sp needed
 132 0054 30BD     		pop	{r4, r5, pc}
 133              	.LVL12:
 134              	.L5:
 135              	.LCFI3:
 136              		.cfi_restore_state
  83:Core/Src/stm32f1xx_hal_timebase_tim.c ****     if (status == HAL_OK)
 137              		.loc 1 83 5 is_stmt 1 view .LVU41
  83:Core/Src/stm32f1xx_hal_timebase_tim.c ****     if (status == HAL_OK)
 138              		.loc 1 83 14 is_stmt 0 view .LVU42
 139 0056 0C48     		ldr	r0, .L7+8
 140              	.LVL13:
  83:Core/Src/stm32f1xx_hal_timebase_tim.c ****     if (status == HAL_OK)
 141              		.loc 1 83 14 view .LVU43
 142 0058 FFF7FEFF 		bl	HAL_TIM_Base_Start_IT
 143              	.LVL14:
  84:Core/Src/stm32f1xx_hal_timebase_tim.c ****     {
 144              		.loc 1 84 5 is_stmt 1 view .LVU44
  84:Core/Src/stm32f1xx_hal_timebase_tim.c ****     {
 145              		.loc 1 84 8 is_stmt 0 view .LVU45
 146 005c 0546     		mov	r5, r0
 147 005e 0028     		cmp	r0, #0
 148 0060 F6D1     		bne	.L2
  87:Core/Src/stm32f1xx_hal_timebase_tim.c ****       /* Configure the SysTick IRQ priority */
 149              		.loc 1 87 9 is_stmt 1 view .LVU46
 150 0062 2C20     		movs	r0, #44
 151              	.LVL15:
  87:Core/Src/stm32f1xx_hal_timebase_tim.c ****       /* Configure the SysTick IRQ priority */
 152              		.loc 1 87 9 is_stmt 0 view .LVU47
 153 0064 FFF7FEFF 		bl	HAL_NVIC_EnableIRQ
 154              	.LVL16:
  89:Core/Src/stm32f1xx_hal_timebase_tim.c ****       {
 155              		.loc 1 89 7 is_stmt 1 view .LVU48
  89:Core/Src/stm32f1xx_hal_timebase_tim.c ****       {
 156              		.loc 1 89 10 is_stmt 0 view .LVU49
 157 0068 0F2C     		cmp	r4, #15
 158 006a 01D9     		bls	.L6
  97:Core/Src/stm32f1xx_hal_timebase_tim.c ****       }
 159              		.loc 1 97 16 view .LVU50
 160 006c 0125     		movs	r5, #1
 161 006e EFE7     		b	.L2
 162              	.L6:
  92:Core/Src/stm32f1xx_hal_timebase_tim.c ****         uwTickPrio = TickPriority;
 163              		.loc 1 92 9 is_stmt 1 view .LVU51
 164 0070 0022     		movs	r2, #0
 165 0072 2146     		mov	r1, r4
 166 0074 2C20     		movs	r0, #44
 167 0076 FFF7FEFF 		bl	HAL_NVIC_SetPriority
 168              	.LVL17:
  93:Core/Src/stm32f1xx_hal_timebase_tim.c ****       }
 169              		.loc 1 93 9 view .LVU52
  93:Core/Src/stm32f1xx_hal_timebase_tim.c ****       }
ARM GAS  /tmp/cc8NoCvB.s 			page 6


 170              		.loc 1 93 20 is_stmt 0 view .LVU53
 171 007a 054B     		ldr	r3, .L7+16
 172 007c 1C60     		str	r4, [r3]
 173 007e E7E7     		b	.L2
 174              	.L8:
 175              		.align	2
 176              	.L7:
 177 0080 00100240 		.word	1073876992
 178 0084 83DE1B43 		.word	1125899907
 179 0088 00000000 		.word	.LANCHOR0
 180 008c 00340140 		.word	1073820672
 181 0090 00000000 		.word	uwTickPrio
 182              		.cfi_endproc
 183              	.LFE65:
 185              		.section	.text.HAL_SuspendTick,"ax",%progbits
 186              		.align	1
 187              		.global	HAL_SuspendTick
 188              		.syntax unified
 189              		.thumb
 190              		.thumb_func
 191              		.fpu softvfp
 193              	HAL_SuspendTick:
 194              	.LFB66:
 105:Core/Src/stm32f1xx_hal_timebase_tim.c **** 
 106:Core/Src/stm32f1xx_hal_timebase_tim.c **** /**
 107:Core/Src/stm32f1xx_hal_timebase_tim.c ****   * @brief  Suspend Tick increment.
 108:Core/Src/stm32f1xx_hal_timebase_tim.c ****   * @note   Disable the tick increment by disabling TIM8 update interrupt.
 109:Core/Src/stm32f1xx_hal_timebase_tim.c ****   * @param  None
 110:Core/Src/stm32f1xx_hal_timebase_tim.c ****   * @retval None
 111:Core/Src/stm32f1xx_hal_timebase_tim.c ****   */
 112:Core/Src/stm32f1xx_hal_timebase_tim.c **** void HAL_SuspendTick(void)
 113:Core/Src/stm32f1xx_hal_timebase_tim.c **** {
 195              		.loc 1 113 1 is_stmt 1 view -0
 196              		.cfi_startproc
 197              		@ args = 0, pretend = 0, frame = 0
 198              		@ frame_needed = 0, uses_anonymous_args = 0
 199              		@ link register save eliminated.
 114:Core/Src/stm32f1xx_hal_timebase_tim.c ****   /* Disable TIM8 update Interrupt */
 115:Core/Src/stm32f1xx_hal_timebase_tim.c ****   __HAL_TIM_DISABLE_IT(&htim8, TIM_IT_UPDATE);
 200              		.loc 1 115 3 view .LVU55
 201 0000 034B     		ldr	r3, .L10
 202 0002 1A68     		ldr	r2, [r3]
 203 0004 D368     		ldr	r3, [r2, #12]
 204 0006 23F00103 		bic	r3, r3, #1
 205 000a D360     		str	r3, [r2, #12]
 116:Core/Src/stm32f1xx_hal_timebase_tim.c **** }
 206              		.loc 1 116 1 is_stmt 0 view .LVU56
 207 000c 7047     		bx	lr
 208              	.L11:
 209 000e 00BF     		.align	2
 210              	.L10:
 211 0010 00000000 		.word	.LANCHOR0
 212              		.cfi_endproc
 213              	.LFE66:
 215              		.section	.text.HAL_ResumeTick,"ax",%progbits
 216              		.align	1
 217              		.global	HAL_ResumeTick
ARM GAS  /tmp/cc8NoCvB.s 			page 7


 218              		.syntax unified
 219              		.thumb
 220              		.thumb_func
 221              		.fpu softvfp
 223              	HAL_ResumeTick:
 224              	.LFB67:
 117:Core/Src/stm32f1xx_hal_timebase_tim.c **** 
 118:Core/Src/stm32f1xx_hal_timebase_tim.c **** /**
 119:Core/Src/stm32f1xx_hal_timebase_tim.c ****   * @brief  Resume Tick increment.
 120:Core/Src/stm32f1xx_hal_timebase_tim.c ****   * @note   Enable the tick increment by Enabling TIM8 update interrupt.
 121:Core/Src/stm32f1xx_hal_timebase_tim.c ****   * @param  None
 122:Core/Src/stm32f1xx_hal_timebase_tim.c ****   * @retval None
 123:Core/Src/stm32f1xx_hal_timebase_tim.c ****   */
 124:Core/Src/stm32f1xx_hal_timebase_tim.c **** void HAL_ResumeTick(void)
 125:Core/Src/stm32f1xx_hal_timebase_tim.c **** {
 225              		.loc 1 125 1 is_stmt 1 view -0
 226              		.cfi_startproc
 227              		@ args = 0, pretend = 0, frame = 0
 228              		@ frame_needed = 0, uses_anonymous_args = 0
 229              		@ link register save eliminated.
 126:Core/Src/stm32f1xx_hal_timebase_tim.c ****   /* Enable TIM8 Update interrupt */
 127:Core/Src/stm32f1xx_hal_timebase_tim.c ****   __HAL_TIM_ENABLE_IT(&htim8, TIM_IT_UPDATE);
 230              		.loc 1 127 3 view .LVU58
 231 0000 034B     		ldr	r3, .L13
 232 0002 1A68     		ldr	r2, [r3]
 233 0004 D368     		ldr	r3, [r2, #12]
 234 0006 43F00103 		orr	r3, r3, #1
 235 000a D360     		str	r3, [r2, #12]
 128:Core/Src/stm32f1xx_hal_timebase_tim.c **** }
 236              		.loc 1 128 1 is_stmt 0 view .LVU59
 237 000c 7047     		bx	lr
 238              	.L14:
 239 000e 00BF     		.align	2
 240              	.L13:
 241 0010 00000000 		.word	.LANCHOR0
 242              		.cfi_endproc
 243              	.LFE67:
 245              		.global	htim8
 246              		.section	.bss.htim8,"aw",%nobits
 247              		.align	2
 248              		.set	.LANCHOR0,. + 0
 251              	htim8:
 252 0000 00000000 		.space	72
 252      00000000 
 252      00000000 
 252      00000000 
 252      00000000 
 253              		.text
 254              	.Letext0:
 255              		.file 2 "Drivers/CMSIS/Device/ST/STM32F1xx/Include/stm32f103xe.h"
 256              		.file 3 "/usr/lib/gcc/arm-none-eabi/10.3.1/include/stdint.h"
 257              		.file 4 "Drivers/STM32F1xx_HAL_Driver/Inc/stm32f1xx_hal_def.h"
 258              		.file 5 "Drivers/STM32F1xx_HAL_Driver/Inc/stm32f1xx_hal_rcc.h"
 259              		.file 6 "Drivers/STM32F1xx_HAL_Driver/Inc/stm32f1xx_hal_dma.h"
 260              		.file 7 "Drivers/STM32F1xx_HAL_Driver/Inc/stm32f1xx_hal_tim.h"
 261              		.file 8 "Drivers/STM32F1xx_HAL_Driver/Inc/stm32f1xx_hal.h"
 262              		.file 9 "Drivers/STM32F1xx_HAL_Driver/Inc/stm32f1xx_hal_cortex.h"
ARM GAS  /tmp/cc8NoCvB.s 			page 8


ARM GAS  /tmp/cc8NoCvB.s 			page 9


DEFINED SYMBOLS
                            *ABS*:0000000000000000 stm32f1xx_hal_timebase_tim.c
     /tmp/cc8NoCvB.s:16     .text.HAL_InitTick:0000000000000000 $t
     /tmp/cc8NoCvB.s:24     .text.HAL_InitTick:0000000000000000 HAL_InitTick
     /tmp/cc8NoCvB.s:177    .text.HAL_InitTick:0000000000000080 $d
     /tmp/cc8NoCvB.s:186    .text.HAL_SuspendTick:0000000000000000 $t
     /tmp/cc8NoCvB.s:193    .text.HAL_SuspendTick:0000000000000000 HAL_SuspendTick
     /tmp/cc8NoCvB.s:211    .text.HAL_SuspendTick:0000000000000010 $d
     /tmp/cc8NoCvB.s:216    .text.HAL_ResumeTick:0000000000000000 $t
     /tmp/cc8NoCvB.s:223    .text.HAL_ResumeTick:0000000000000000 HAL_ResumeTick
     /tmp/cc8NoCvB.s:241    .text.HAL_ResumeTick:0000000000000010 $d
     /tmp/cc8NoCvB.s:251    .bss.htim8:0000000000000000 htim8
     /tmp/cc8NoCvB.s:247    .bss.htim8:0000000000000000 $d

UNDEFINED SYMBOLS
HAL_RCC_GetClockConfig
HAL_RCC_GetPCLK2Freq
HAL_TIM_Base_Init
HAL_TIM_Base_Start_IT
HAL_NVIC_EnableIRQ
HAL_NVIC_SetPriority
uwTickPrio
